
> seance@0.1.0 test
> node --test

[PIPELINE] /ritual: Extracted 0 evidence items for Springfield, 1987 (confidence: low)
[PIPELINE] /ritual: Extracted 3 evidence items for Hyderabad, 1987 (confidence: high)
[TURBOPUFFER] Querying for: hyderabad:1987
✔ extractEvidence returns high confidence for hardcoded cities (4.9453ms)
✔ extractEvidence returns evidence items with description and tags (0.4949ms)
✔ extractEvidence resolves aliases (Mumbai -> Bombay) (0.5735ms)
✔ extractEvidence returns low confidence for unknown places (0.7572ms)
✔ extractEvidence blocks generic conflict zones in sensitive periods (0.5367ms)
✔ needsReinterpretation returns true for anachronistic queries (0.5116ms)
✔ needsReinterpretation returns false for valid place-year (0.4552ms)
✔ ambiguous places redirect to disambiguation page (26.979198ms)
✔ disambiguation page shows candidates (1.467ms)
[TURBOPUFFER] No artifact found: hyderabad:1987
[PIPELINE] /ritual: Checking for existing artifact: not found
[PIPELINE] /ritual: No artifact found, redirecting to /generating (FRESH GENERATION)
[PIPELINE] /ritual: Extracted 0 evidence items for Springfield, 1950 (confidence: low)
✔ non-ambiguous places do not redirect to disambiguation (1062.153626ms)
✔ disambiguation check happens before Gemini evidence fetch (1.1612ms)
[TURBOPUFFER] Querying for: hyderabad:1987
[TURBOPUFFER] No artifact found: hyderabad:1987
[TURBOPUFFER] Querying for: old city, hyderabad:1962
✖ archived artifact shows Recovered from prior reconstruction badge (2098.766355ms)
[TURBOPUFFER] No artifact found: old city, hyderabad:1962
[TURBOPUFFER] Querying for: tokyo:1965
✖ archived artifact avoids cache/hit terminology (958.336634ms)
[TURBOPUFFER] No artifact found: tokyo:1965
[TURBOPUFFER] Querying for: tokyo:1965
[TURBOPUFFER] No artifact found: tokyo:1965
[TURBOPUFFER] Querying for: kyoto:1912
✔ same archived artifact produces identical output (1254.447011ms)
[TURBOPUFFER] No artifact found: kyoto:1912
✖ non-archived artifact shows Your seance badge (424.850065ms)
[PIPELINE] /ritual: Extracted 0 evidence items for Oslo, 1950 (confidence: low)
[PIPELINE] /ritual: Running consolidated Gemini pipeline...
[gemini-pipeline] Calling Gemini mega-pipeline for Oslo:1950...
✔ storeArtifact persists artifact with provenance (300.889696ms)
✔ storeArtifact distinguishes mock from real provenance (1.0996ms)
✔ isArchived returns true only for real provenance (1.0305ms)
[gemini-pipeline] Pipeline complete for Oslo:1950 (3 evidence items, confidence: 0.82)
[PIPELINE] /ritual: Gemini pipeline returned 3 evidence items
[TURBOPUFFER] Querying for: oslo:1950
[TURBOPUFFER] No artifact found: oslo:1950
[PIPELINE] /ritual: Checking for existing artifact: not found
[PIPELINE] /ritual: No artifact found, redirecting to /generating (FRESH GENERATION)
[PIPELINE] /ritual: Extracted 3 evidence items for Hyderabad, 1987 (confidence: high)
[TURBOPUFFER] Querying for: hyderabad:1987
✔ ritual route redirects to /generating for fresh generation (20751.901477ms)
[TURBOPUFFER] No artifact found: hyderabad:1987
[PIPELINE] /ritual: Checking for existing artifact: not found
[PIPELINE] /ritual: No artifact found, redirecting to /generating (FRESH GENERATION)
[TURBOPUFFER] Querying for: devplace:1980
✔ ritual route with turbopuffer-cached artifact redirects to /artifact (1019.650408ms)
[TURBOPUFFER] No artifact found: devplace:1980
[TURBOPUFFER] Querying for: tokyo:1965
✔ mock artifacts are not shown with archive badge (480.514304ms)
[TURBOPUFFER] No artifact found: tokyo:1965
✖ artifact page with archived=true shows recovery badge (276.110202ms)
✔ createJob returns job with pending state (5.8301ms)
✔ createJob sets initial stage to Gathering historical evidence (0.9664ms)
✔ updateJobState advances state and updates stage label (0.918ms)
✔ getJob retrieves existing job by id (5.088ms)
✔ job state transitions to COMPLETED (1.2623ms)
✔ job state transitions to FAILED (5.7198ms)
✔ single-flight: getInFlightJob returns existing job for same place-year (0.815ms)
✔ single-flight: clearing in-flight returns null for same place-year (2.4223ms)
✔ job includes preExtractedEvidence when provided (7.1924ms)
✔ completed job clears in-flight automatically (5.8756ms)
✔ homepage returns 200 with html content (7.2834ms)
✔ homepage has ritual form with place and year inputs (1.5399ms)
✖ homepage shows Begin séance CTA button (37.623297ms)
✖ homepage shows example queries as clickable links (4.8418ms)
✖ homepage supports responsive layout with media queries (5.828599ms)
✖ homepage includes link to how-it-works page (3.8842ms)
✖ homepage includes recent queries section for localStorage history (14.056699ms)
✔ homepage has no accounts or login UI (2.0909ms)
✔ how-it-works returns 200 with correct title (9.262999ms)
✔ how-it-works mentions ElevenLabs as part of the tech stack (0.613ms)
✔ how-it-works mentions evidence, soundscape, and audio concepts (0.7644ms)
✔ how-it-works includes link back to homepage (0.4688ms)
✖ homepage includes link to how-it-works (6.213299ms)
[PIPELINE] /ritual: Extracted 0 evidence items for UnknownConflict, 1939 (confidence: blocked)
[PIPELINE] /ritual: Extracted 6 evidence items for London, 1940 (confidence: high)
[TURBOPUFFER] Querying for: london:1940
✔ moderation blocks place without evidence in sensitive period 1914-1945 (9.5573ms)
[TURBOPUFFER] No artifact found: london:1940
[PIPELINE] /ritual: Checking for existing artifact: not found
[PIPELINE] /ritual: No artifact found, redirecting to /generating (FRESH GENERATION)
[PIPELINE] /ritual: Extracted 3 evidence items for Hyderabad, 1987 (confidence: high)
[TURBOPUFFER] Querying for: hyderabad:1987
✔ moderation allows places with historical evidence in sensitive periods (1059.213226ms)
[TURBOPUFFER] No artifact found: hyderabad:1987
[PIPELINE] /ritual: Checking for existing artifact: not found
[PIPELINE] /ritual: No artifact found, redirecting to /generating (FRESH GENERATION)
✔ moderation allows places with evidence outside sensitive periods (1450.231899ms)
✖ renderArtifact shows Partial reconstruction note when partial=true (16.1816ms)
✔ renderArtifact does not show partial note when partial=false (1.126799ms)
✔ renderArtifact includes place and year in output (0.8714ms)
✖ renderArtifact shows Recovered badge for archived artifacts (2.5071ms)
✖ renderArtifact shows Freshly summoned for generated artifacts (3.3443ms)
✖ renderArtifact shows Audio layers not available when no audio (5.7681ms)
✖ renderArtifact shows player section with mixer when audio exists (2.3186ms)
✖ artifact with audio layers shows player section (12.818899ms)
✖ artifact without audio shows empty state (2.7879ms)
✔ artifact player section includes volume mixer for bed, event, texture (1.2508ms)
✖ artifact player section includes listening modes (31.429398ms)
✔ normalizeEvidence returns structured result for hardcoded evidence (127.454391ms)
✔ normalizeEvidence returns minimal for empty evidence (0.7382ms)
✔ coerceNormalizedEvidence handles missing/malformed input (0.5077ms)
✔ planSoundscape returns bed, texture, human layers and events (1.7115ms)
✔ coerceSoundscapePlan handles missing/malformed input (0.7094ms)
✔ prompt builder returns bed, event, and texture prompts (1.1838ms)
✔ prompt builder includes place and year context (0.5796ms)
✔ prompt builder includes negative constraints for sensitive periods (0.7625ms)
✔ prompt builder handles low confidence with degraded specificity (0.9622ms)
✔ fresh-generation requests are rate limited after threshold (5.2349ms)
✔ archive-hit retrieval is not rate limited (0.607999ms)
✔ rate limit provides retry timing (0.8457ms)
✔ separate limits for generation vs archive (0.4279ms)
✖ homepage includes recent queries section (8.454099ms)
✖ homepage includes localStorage JavaScript for query history (2.0985ms)
✖ recent queries section uses subtle styling (0.707ms)
✖ homepage contains Begin séance button and How it works link (2.2897ms)
[PIPELINE] /ritual: Extracted 3 evidence items for Hyderabad, 1987 (confidence: high)
[TURBOPUFFER] Querying for: hyderabad:1987
[TURBOPUFFER] No artifact found: hyderabad:1987
[PIPELINE] /ritual: Checking for existing artifact: not found
[PIPELINE] /ritual: No artifact found, redirecting to /generating (FRESH GENERATION)
[PIPELINE] /ritual: Extracted 3 evidence items for Hyderabad, 1987 (confidence: high)
[TURBOPUFFER] Querying for: hyderabad:1987
✔ ritual route returns 302 redirect for valid query (3512.248616ms)
[TURBOPUFFER] No artifact found: hyderabad:1987
[PIPELINE] /ritual: Checking for existing artifact: not found
[PIPELINE] /ritual: No artifact found, redirecting to /generating (FRESH GENERATION)
[PIPELINE] /ritual: Extracted 0 evidence items for TestUncachedVillage1776315912801, 1850 (confidence: low)
[PIPELINE] /ritual: Running consolidated Gemini pipeline...
[gemini-pipeline] Calling Gemini mega-pipeline for TestUncachedVillage1776315912801:1850...
✔ ritual route includes place and year in redirect URL (892.713626ms)
[gemini-pipeline] Pipeline complete for TestUncachedVillage1776315912801:1850 (3 evidence items, confidence: 0.75)
[PIPELINE] /ritual: Gemini pipeline returned 3 evidence items
[TURBOPUFFER] Querying for: testuncachedvillage1776315912801:1850
[TURBOPUFFER] No artifact found: testuncachedvillage1776315912801:1850
[PIPELINE] /ritual: Checking for existing artifact: not found
[PIPELINE] /ritual: No artifact found, redirecting to /generating (FRESH GENERATION)
[PIPELINE] Job job_1776315926117_sjhy5qdpf started for Oslo, 1987
[PIPELINE] Job job_1776315926117_sjhy5qdpf — EVIDENCE: Generating reconstruction metadata...
[PIPELINE] reconstruction-metadata: Local extraction: 0 items (confidence: low)
[PIPELINE] Job job_1776315926117_sjhy5qdpf — EVIDENCE: 0 items, confidence: low
[PIPELINE] Job job_1776315926117_sjhy5qdpf — NORMALIZE: Normalizing evidence...
[PIPELINE] Job job_1776315926117_sjhy5qdpf — NORMALIZE: Done (confidence: 0.1)
[PIPELINE] Job job_1776315926117_sjhy5qdpf — PLAN: Planning soundscape...
[gemini-pipeline] Calling Gemini mega-pipeline for Oslo:1987...
[TURBOPUFFER] Querying for: venice:1500
✔ ritual route for uncached place redirects to /generating (13314.159499ms)
✖ generating page returns 200 with reconstruction stages (20.9635ms)
✔ generating page includes back home link (2.3251ms)
[TURBOPUFFER] No artifact found: venice:1500
[TURBOPUFFER] Querying for: venice:1500
✔ artifact page returns 200 for known place-year (897.018498ms)
[TURBOPUFFER] No artifact found: venice:1500
[TURBOPUFFER] Querying for: unknownplace:1800
✖ artifact page shows Recovered from for turbopuffer-cached artifacts (416.768799ms)
[TURBOPUFFER] No artifact found: unknownplace:1800
[TURBOPUFFER] Querying for: venice:1500
✖ artifact page shows Your seance for non-cached artifacts (318.2641ms)
[TURBOPUFFER] No artifact found: venice:1500
[TURBOPUFFER] Querying for: venice:1500
✖ artifact page shows confidence badge (285.277699ms)
[TURBOPUFFER] No artifact found: venice:1500
[TURBOPUFFER] Querying for: venice:1500
✖ artifact page shows Explore nearby timelines (316.704199ms)
[TURBOPUFFER] No artifact found: venice:1500
[TURBOPUFFER] Querying for: venice:1500
✖ artifact page includes Hear again and New reconstruction actions (305.2229ms)
[TURBOPUFFER] No artifact found: venice:1500
[TURBOPUFFER] Querying for: hyderabad:1987
✖ artifact page shows Reconstructed from archival descriptions (264.392899ms)
[TURBOPUFFER] No artifact found: hyderabad:1987
[TURBOPUFFER] Querying for: bombay:1920
✖ artifact page works with opaque ID parameter (331.8663ms)
[TURBOPUFFER] No artifact found: bombay:1920
[PIPELINE] /ritual: Extracted 3 evidence items for Hyderabad, 1987 (confidence: high)
[TURBOPUFFER] Querying for: hyderabad:1987
✔ artifact page handles historical place names (256.877699ms)
✔ E2E: homepage form action points to /ritual (1.7322ms)
[TURBOPUFFER] No artifact found: hyderabad:1987
[PIPELINE] /ritual: Checking for existing artifact: not found
[PIPELINE] /ritual: No artifact found, redirecting to /generating (FRESH GENERATION)
✔ E2E: ritual route for valid query returns 302 (343.3016ms)
[gemini-pipeline] Pipeline complete for Oslo:1987 (3 evidence items, confidence: 0.85)
[plan-soundscape] Using pre-computed plan from Gemini pipeline
[PIPELINE] Job job_1776315926117_sjhy5qdpf — PLAN: Done (bed: Binaural recording of distant city hum, ...)
[PIPELINE] Job job_1776315926117_sjhy5qdpf — PROMPTS: Building generation prompts...
[PIPELINE] Job job_1776315926117_sjhy5qdpf — PROMPTS: Done
[PIPELINE] Job job_1776315926117_sjhy5qdpf — GENERATING: Calling ElevenLabs (parallel)...
[generate-layers] Starting PARALLEL generation of 3 core layers for Oslo 1987
[generate-layers] human attempt 1 failed: ElevenLabs API error: 401 - {"detail":{"status":"quota_exceeded","message":"This request exceeds your quota of 10000. You have 0 credits remaining, while 300 credits are required for this request."}}. Retrying...
[generate-layers] texture attempt 1 failed: ElevenLabs API error: 401 - {"detail":{"status":"quota_exceeded","message":"This request exceeds your quota of 10000. You have 0 credits remaining, while 400 credits are required for this request."}}. Retrying...
[generate-layers] bed attempt 1 failed: ElevenLabs API error: 401 - {"detail":{"status":"quota_exceeded","message":"This request exceeds your quota of 10000. You have 0 credits remaining, while 400 credits are required for this request."}}. Retrying...
[generate-layers] Core layers completed in 2037ms (parallel)
[generate-layers] event attempt 1 failed: ElevenLabs API error: 401 - {"detail":{"status":"quota_exceeded","message":"This request exceeds your quota of 10000. You have 0 credits remaining, while 40 credits are required for this request."}}. Retrying...
[generate-layers] event attempt 1 failed: ElevenLabs API error: 401 - {"detail":{"status":"quota_exceeded","message":"This request exceeds your quota of 10000. You have 0 credits remaining, while 30 credits are required for this request."}}. Retrying...
[generate-layers] event attempt 1 failed: ElevenLabs API error: 401 - {"detail":{"status":"quota_exceeded","message":"This request exceeds your quota of 10000. You have 0 credits remaining, while 120 credits are required for this request."}}. Retrying...
[PIPELINE] Job job_1776315926117_sjhy5qdpf FAILED: Insufficient audio generation: 0/3 layers + 0 events succeeded
[PIPELINE] /ritual: Extracted 0 evidence items for Oslo, 1950 (confidence: low)
[PIPELINE] /ritual: Running consolidated Gemini pipeline...
[gemini-pipeline] Calling Gemini mega-pipeline for Oslo:1950...
[gemini-pipeline] Pipeline complete for Oslo:1950 (3 evidence items, confidence: 0.8)
[PIPELINE] /ritual: Gemini pipeline returned 3 evidence items
[TURBOPUFFER] Querying for: oslo:1950
[TURBOPUFFER] No artifact found: oslo:1950
[PIPELINE] /ritual: Checking for existing artifact: not found
[PIPELINE] /ritual: No artifact found, redirecting to /generating (FRESH GENERATION)
[PIPELINE] /ritual: Extracted 0 evidence items for TestRLUncached1776315923555, 1850 (confidence: low)
[PIPELINE] /ritual: Running consolidated Gemini pipeline...
[gemini-pipeline] Calling Gemini mega-pipeline for TestRLUncached1776315923555:1850...
✔ ritual route returns 302 for valid query (15510.035103ms)
[gemini-pipeline] Pipeline complete for TestRLUncached1776315923555:1850 (3 evidence items, confidence: 0.5)
[PIPELINE] /ritual: Gemini pipeline returned 3 evidence items
[TURBOPUFFER] Querying for: testrluncached1776315923555:1850
[TURBOPUFFER] No artifact found: testrluncached1776315923555:1850
[PIPELINE] /ritual: Checking for existing artifact: not found
[PIPELINE] /ritual: No artifact found, redirecting to /generating (FRESH GENERATION)
[TURBOPUFFER] Querying for: oslo:1950
✔ ritual route for uncached place goes to /generating (20528.995982ms)
[TURBOPUFFER] No artifact found: oslo:1950
[TURBOPUFFER] Querying for: old city, hyderabad:1987
✔ artifact route shows place and year in title (778.046888ms)
[TURBOPUFFER] No artifact found: old city, hyderabad:1987
[TURBOPUFFER] Querying for: oslo:1987
✖ artifact page supports direct navigation without homepage (307.889896ms)
[TURBOPUFFER] Found artifact: oslo:1987, version: 2, schema: v2
[TURBOPUFFER] Querying for: oslo:1987
✖ artifact page with archived=true shows Recovered badge (304.827895ms)
[TURBOPUFFER] Found artifact: oslo:1987, version: 2, schema: v2
[TURBOPUFFER] Querying for: oslo:1987
✖ artifact page shows confidence badge (273.126696ms)
[TURBOPUFFER] Found artifact: oslo:1987, version: 2, schema: v2
[TURBOPUFFER] Querying for: oslo:1987
✖ artifact page shows nearby timelines section (271.814596ms)
[TURBOPUFFER] Found artifact: oslo:1987, version: 2, schema: v2
[TURBOPUFFER] Querying for: oslo:1987
✖ artifact page has Hear again action (274.475195ms)
[TURBOPUFFER] Found artifact: oslo:1987, version: 2, schema: v2
[TURBOPUFFER] Querying for: hyderabad:1987
✖ artifact page has New reconstruction action (298.183196ms)
[TURBOPUFFER] No artifact found: hyderabad:1987
[PIPELINE] /ritual: Extracted 0 evidence items for Venice, 1500 (confidence: low)
[PIPELINE] /ritual: Running consolidated Gemini pipeline...
[gemini-pipeline] Calling Gemini mega-pipeline for Venice:1500...
✖ artifact route accepts opaque ID parameter (308.867595ms)
[gemini-pipeline] Pipeline complete for Venice:1500 (3 evidence items, confidence: 0.85)
[PIPELINE] /ritual: Gemini pipeline returned 3 evidence items
[TURBOPUFFER] Querying for: venice:1500
[TURBOPUFFER] No artifact found: venice:1500
[PIPELINE] /ritual: Checking for existing artifact: not found
[PIPELINE] /ritual: No artifact found, redirecting to /generating (FRESH GENERATION)
[TURBOPUFFER] Querying for: old city, hyderabad:1987
✔ ritual route completes with redirect for Venice (11566.855684ms)
[TURBOPUFFER] No artifact found: old city, hyderabad:1987
[TURBOPUFFER] Querying for: bombay, british india:1920
✔ artifact displays resolved place metadata (1021.345294ms)
✔ ambiguous place triggers disambiguation (0.9438ms)
[TURBOPUFFER] No artifact found: bombay, british india:1920
✔ historical place names are preserved in artifact display (258.555098ms)
✔ validation rejects empty place (2.7843ms)
✔ validation rejects whitespace-only place (0.428ms)
✔ validation rejects non-numeric year (0.3831ms)
✔ validation rejects decimal year (0.302ms)
✔ validation rejects future year (1.093ms)
✔ validation accepts valid place and year (0.8218ms)
✔ validation accepts current year (0.6684ms)
✔ ritual route returns 422 for future year (4.215099ms)
✔ ritual route returns 422 for non-numeric year (0.7993ms)
✔ ritual route returns 422 for empty place (0.9001ms)
ℹ tests 116
ℹ suites 0
ℹ pass 79
ℹ fail 37
ℹ cancelled 0
ℹ skipped 0
ℹ todo 0
ℹ duration_ms 66994.934285

✖ failing tests:

test at test/archive-hit-e2e.test.js:11:1
✖ archived artifact shows Recovered from prior reconstruction badge (2098.766355ms)
  AssertionError [ERR_ASSERTION]: The input did not match the regular expression /Recovered from prior reconstruction/. Input:
  
  '<!doctype html>\n' +
    '<html lang="en" class="dark">\n' +
    '  <head>\n' +
    '    <meta charset="utf-8" />\n' +
    '    <meta name="viewport" content="width=device-width, initial-scale=1.0" />\n' +
    '    <title>Séance - Vox Aeterna</title>\n' +
    '    \n' +
    '    <script src="https://cdn.tailwindcss.com?plugins=forms,container-queries"></script>\n' +
    '    <link href="https://fonts.googleapis.com/css2?family=Noto+Serif:ital,wght@0,300;0,400;0,700;1,300;1,400;1,700&family=Space+Grotesk:wght@300;400;500;700&display=swap" rel="stylesheet" />\n' +
    '    <link href="https://fonts.googleapis.com/css2?family=Material+Symbols+Outlined:wght,FILL@100..700,0..1&display=swap" rel="stylesheet" />\n' +
    '    <script id="tailwind-config">\n' +
    '      tailwind.config = {\n' +
    '        darkMode: "class",\n' +
    '        theme: {\n' +
    '          extend: {\n' +
    '            "colors": {\n' +
    '              "primary-fixed": "#735a39",\n' +
    '              "on-primary-container": "#000000",\n' +
    '              "outline": "#919191",\n' +
    '              "on-background": "#e5e2e1",\n' +
    '              "inverse-surface": "#e5e2e1",\n' +
    '              "error": "#ffb4ab",\n' +
    '              "surface-dim": "#131313",\n' +
    '              "on-secondary-fixed-variant": "#3c3b3b",\n' +
    '              "secondary-fixed-dim": "#adabaa",\n' +
    '              "surface-container-highest": "#353534",\n' +
    '              "on-tertiary-container": "#000000",\n' +
    '              "surface-container-low": "#1c1b1b",\n' +
    '              "primary-container": "#f0cfa5",\n' +
    '              "tertiary-fixed-dim": "#004b70",\n' +
    '              "primary-fixed-dim": "#594323",\n' +
    '              "on-primary-fixed-variant": "#ffddb2",\n' +
    '              "outline-variant": "#474747",\n' +
    '              "on-surface-variant": "#c6c6c6",\n' +
    '              "inverse-on-surface": "#313030",\n' +
    '              "tertiary-container": "#5997c4",\n' +
    '              "surface-container-lowest": "#0e0e0e",\n' +
    '              "on-tertiary": "#001e30",\n' +
    '              "secondary-fixed": "#c9c6c5",\n' +
    '              "surface-variant": "#353534",\n' +
    '              "on-surface": "#e5e2e1",\n' +
    '              "primary": "#ffffff",\n' +
    '              "on-primary": "#291800",\n' +
    '              "tertiary": "#cae6ff",\n' +
    '              "surface-container": "#201f1f",\n' +
    '              "on-secondary-container": "#e5e2e1",\n' +
    '              "on-error-container": "#ffdad6",\n' +
    '              "on-error": "#690005",\n' +
    '              "tertiary-fixed": "#1c648e",\n' +
    '              "surface-tint": "#e1c198",\n' +
    '              "on-secondary-fixed": "#1c1b1b",\n' +
    '              "on-tertiary-fixed": "#ffffff",\n' +
    '              "on-secondary": "#1c1b1b",\n' +
    '              "inverse-primary": "#735a39",\n' +
    '              "on-primary-fixed": "#ffffff",\n' +
    '              "secondary-container": "#474646",\n' +
    '              "background": "#050505",\n' +
    '              "surface-bright": "#3a3939",\n' +
    '              "surface": "#131313",\n' +
    '              "error-container": "#93000a",\n' +
    '              "surface-container-high": "#2a2a2a",\n' +
    '              "secondary": "#c9c6c5",\n' +
    '              "on-tertiary-fixed-variant": "#cae6ff"\n' +
    '            },\n' +
    '            "fontFamily": {\n' +
    '              "headline": ["Noto Serif", "serif"],\n' +
    '              "body": ["Space Grotesk", "sans-serif"],\n' +
    '              "label": ["Space Grotesk", "sans-serif"]\n' +
    '            }\n' +
    '          }\n' +
    '        }\n' +
    '      }\n' +
    '    </script>\n' +
    '    <style>\n' +
    '      body {\n' +
    '        min-height: max(884px, 100dvh);\n' +
    '        overflow: hidden;\n' +
    '      }\n' +
    '      .material-symbols-outlined {\n' +
    "        font-variation-settings: 'FILL' 0, 'wght' 200, 'GRAD' 0, 'opsz' 24;\n" +
    '      }\n' +
    '      .obsidian-void {\n' +
    '        background: radial-gradient(circle at center, #1a1a1a 0%, #050505 100%);\n' +
    '      }\n' +
    '      .needle-line {\n' +
    '        height: 0.5px;\n' +
    '        background: linear-gradient(90deg, transparent 0%, rgba(255,255,255,0.2) 50%, transparent 100%);\n' +
    '      }\n' +
    '      .spectral-glow {\n' +
    '        text-shadow: 0 0 15px rgba(255, 255, 255, 0.4);\n' +
    '      }\n' +
    '      .vertical-text {\n' +
    '        writing-mode: vertical-rl;\n' +
    '        text-orientation: mixed;\n' +
    '      }\n' +
    '      .smoke-blur {\n' +
    '        filter: blur(40px);\n' +
    '        background: radial-gradient(circle, rgba(202, 230, 255, 0.08) 0%, transparent 70%);\n' +
    '      }\n' +
    '      .grain-overlay {\n' +
    '        background-image: url("https://lh3.googleusercontent.com/aida-public/AB6AXuDj3jyhb5qrY9ftxHnrNvrsFKao8TM0oQEN-ok12uccMAR-UKuMiR_cRE9gSPXoUXKQxFKd525138SuXUi4FNfPS3PFBUYRVSr2q10wsPN_lZRhicd6Nap5a6TZeIUApMMx5XJRJ6F2bUNeAvhXPhqtb04obGn3XcKxdVDiqWPgSAGT0gHeahJFX-o0Uw55m0dk_Xn0-rnFEVA7Oqys3EmmQ1QCXmqUG5UDo_x3jTRCJLYWbjn-UjdXofuwFD9Jx_83dpV0WB6GZWrq");\n' +
    '        opacity: 0.03;\n' +
    '        pointer-events: none;\n' +
    '      }\n' +
    '      .mote-blur {\n' +
    '        filter: blur(80px);\n' +
    '      }\n' +
    '      .glow-pulse {\n' +
    '        filter: drop-shadow(0 0 20px rgba(255, 255, 255, 0.1));\n' +
    '      }\n' +
    '      .light-rill {\n' +
    '        background: linear-gradient(to bottom, transparent, rgba(202, 230, 255, 0.2), transparent);\n' +
    '      }\n' +
    '      .shard-blur {\n' +
    '        backdrop-filter: blur(40px);\n' +
    '        -webkit-backdrop-filter: blur(40px);\n' +
    '      }\n' +
    '    </style>\n' +
    '  \n' +
    '  </head>\n' +
    '  <body class="bg-[#050505] text-on-background font-body selection:bg-tertiary/30 min-h-screen overflow-x-hidden relative">\n' +
    '    \n' +
    '    <!-- Fog and Grain Layers -->\n' +
    '    <div class="fixed inset-0 grain-overlay z-10 pointer-events-none"></div>\n' +
    '    <div class="fixed inset-0 bg-[radial-gradient(ellipse_at_center,_var(--tw-gradient-stops))] from-[#0a0a0a] via-[#050505] to-black z-0 pointer-events-none"></div>\n' +
    '    \n' +
    '    <!-- Navigation -->\n' +
    '    <header class="fixed top-0 left-0 w-full z-50 flex justify-between items-center px-10 py-8 mix-blend-difference">\n' +
    '        <div class="flex items-center gap-4">\n' +
    '            <a href="/" class="text-white/60 hover:text-white transition-all duration-700 ease-in-out font-label text-xs uppercase tracking-[0.3em] truncate">\n' +
    '                Sever Connection\n' +
    '            </a>\n' +
    '        </div>\n' +
    '    </header>\n' +
    '\n' +
    '    \n' +
    '\n' +
    '    <main class="relative z-20 pt-24 pb-24 px-6 md:px-12 lg:px-24 max-w-7xl mx-auto flex flex-col min-h-[90vh] justify-center">\n' +
    '        \n' +
    '        <!-- Header Information -->\n' +
    '        <div class="grid grid-cols-1 md:grid-cols-12 gap-8 mb-16 md:mb-24">\n' +
    '            <div class="md:col-span-8 flex flex-col justify-end">\n' +
    '                <p class="font-label uppercase text-[10px] tracking-[0.4em] text-on-surface-variant/60 mb-6">Echo Recovered</p>\n' +
    '                <h1 class="font-headline italic text-4xl sm:text-5xl md:text-7xl lg:text-8xl text-primary tracking-tight leading-none mb-4 break-words">\n' +
    '                    Hyderabad\n' +
    '                </h1>\n' +
    '                <div class="flex items-center gap-4 sm:gap-6 flex-wrap">\n' +
    '                    <span class="font-h1 text-2xl sm:text-3xl text-on-surface-variant/50">1987</span>\n' +
    '                    <div class="h-px w-12 sm:w-24 bg-white/10 hidden sm:block"></div>\n' +
    '                    <span class="font-label text-[10px] uppercase tracking-widest text-accent/70">High Confidence — Archival Convergence</span>\n' +
    '                </div>\n' +
    '            </div>\n' +
    '            \n' +
    '            <div class="md:col-span-4 flex flex-col justify-end">\n' +
    '                <p class="font-body text-sm text-on-surface-variant/70 leading-relaxed sm:text-right">\n' +
    '                    Audio projection constructed from fragmentary archival evidence.\n' +
    '                    \n' +
    '                </p>\n' +
    '            </div>\n' +
    '        </div>\n' +
    '\n' +
    '        \n' +
    '        <div class="mb-32 flex flex-col items-center justify-center opacity-30">\n' +
    '            <div class="w-24 h-24 rounded-full border border-white/10 border-dashed flex items-center justify-center mb-6">\n' +
    '                <span class="material-symbols-outlined text-4xl font-light">mic_off</span>\n' +
    '            </div>\n' +
    '            <p class="font-label uppercase tracking-widest text-xs text-center">Acoustic Shadow<br/><span class="text-[9px] opacity-70 normal-case mt-2 block">No audio layers reconstructed</span></p>\n' +
    '        </div>\n' +
    '        \n' +
    '\n' +
    '        <!-- Floating Evidence Shards -->\n' +
    '        \n' +
    '    </main>\n' +
    '    \n' +
    '  </body>\n' +
    '</html>'
  
      at TestContext.<anonymous> (file:///home/srinivas/workspace/github.com/sivaratrisrinivas/seance/test/archive-hit-e2e.test.js:23:10)
      at process.processTicksAndRejections (node:internal/process/task_queues:104:5)
      at async Test.run (node:internal/test_runner/test:1208:7)
      at async startSubtestAfterBootstrap (node:internal/test_runner/harness:385:3) {
    generatedMessage: true,
    code: 'ERR_ASSERTION',
    actual: `<!doctype html>\n<html lang="en" class="dark">\n  <head>\n    <meta charset="utf-8" />\n    <meta name="viewport" content="width=device-width, initial-scale=1.0" />\n    <title>Séance - Vox Aeterna</title>\n    \n    <script src="https://cdn.tailwindcss.com?plugins=forms,container-queries"></script>\n    <link href="https://fonts.googleapis.com/css2?family=Noto+Serif:ital,wght@0,300;0,400;0,700;1,300;1,400;1,700&family=Space+Grotesk:wght@300;400;500;700&display=swap" rel="stylesheet" />\n    <link href="https://fonts.googleapis.com/css2?family=Material+Symbols+Outlined:wght,FILL@100..700,0..1&display=swap" rel="stylesheet" />\n    <script id="tailwind-config">\n      tailwind.config = {\n        darkMode: "class",\n        theme: {\n          extend: {\n            "colors": {\n              "primary-fixed": "#735a39",\n              "on-primary-container": "#000000",\n              "outline": "#919191",\n              "on-background": "#e5e2e1",\n              "inverse-surface": "#e5e2e1",\n              "error": "#ffb4ab",\n              "surface-dim": "#131313",\n              "on-secondary-fixed-variant": "#3c3b3b",\n              "secondary-fixed-dim": "#adabaa",\n              "surface-container-highest": "#353534",\n              "on-tertiary-container": "#000000",\n              "surface-container-low": "#1c1b1b",\n              "primary-container": "#f0cfa5",\n              "tertiary-fixed-dim": "#004b70",\n              "primary-fixed-dim": "#594323",\n              "on-primary-fixed-variant": "#ffddb2",\n              "outline-variant": "#474747",\n              "on-surface-variant": "#c6c6c6",\n              "inverse-on-surface": "#313030",\n              "tertiary-container": "#5997c4",\n              "surface-container-lowest": "#0e0e0e",\n              "on-tertiary": "#001e30",\n              "secondary-fixed": "#c9c6c5",\n              "surface-variant": "#353534",\n              "on-surface": "#e5e2e1",\n              "primary": "#ffffff",\n              "on-primary": "#291800",\n              "tertiary": "#cae6ff",\n              "surface-container": "#201f1f",\n              "on-secondary-container": "#e5e2e1",\n              "on-error-container": "#ffdad6",\n              "on-error": "#690005",\n              "tertiary-fixed": "#1c648e",\n              "surface-tint": "#e1c198",\n              "on-secondary-fixed": "#1c1b1b",\n              "on-tertiary-fixed": "#ffffff",\n              "on-secondary": "#1c1b1b",\n              "inverse-primary": "#735a39",\n              "on-primary-fixed": "#ffffff",\n              "secondary-container": "#474646",\n              "background": "#050505",\n              "surface-bright": "#3a3939",\n              "surface": "#131313",\n              "error-container": "#93000a",\n              "surface-container-high": "#2a2a2a",\n              "secondary": "#c9c6c5",\n              "on-tertiary-fixed-variant": "#cae6ff"\n            },\n            "fontFamily": {\n              "headline": ["Noto Serif", "serif"],\n              "body": ["Space Grotesk", "sans-serif"],\n              "label": ["Space Grotesk", "sans-serif"]\n            }\n          }\n        }\n      }\n    </script>\n    <style>\n      body {\n        min-height: max(884px, 100dvh);\n        overflow: hidden;\n      }\n      .material-symbols-outlined {\n        font-variation-settings: 'FILL' 0, 'wght' 200, 'GRAD' 0, 'opsz' 24;\n      }\n      .obsidian-void {\n        background: radial-gradient(circle at center, #1a1a1a 0%, #050505 100%);\n      }\n      .needle-line {\n        height: 0.5px;\n        background: linear-gradient(90deg, transparent 0%, rgba(255,255,255,0.2) 50%, transparent 100%);\n      }\n      .spectral-glow {\n        text-shadow: 0 0 15px rgba(255, 255, 255, 0.4);\n      }\n      .vertical-text {\n        writing-mode: vertical-rl;\n        text-orientation: mixed;\n      }\n      .smoke-blur {\n        filter: blur(40px);\n        background: radial-gradient(circle, rgba(202, 230, 255, 0.08) 0%, transparent 70%);\n      }\n      .grain-overlay {\n        background-image: url("https://lh3.googleusercontent.com/aida-public/AB6AXuDj3jyhb5qrY9ftxHnrNvrsFKao8TM0oQEN-ok12uccMAR-UKuMiR_cRE9gSPXoUXKQxFKd525138SuXUi4FNfPS3PFBUYRVSr2q10wsPN_lZRhicd6Nap5a6TZeIUApMMx5XJRJ6F2bUNeAvhXPhqtb04obGn3XcKxdVDiqWPgSAGT0gHeahJFX-o0Uw55m0dk_Xn0-rnFEVA7Oqys3EmmQ1QCXmqUG5UDo_x3jTRCJLYWbjn-UjdXofuwFD9Jx_83dpV0WB6GZWrq");\n        opacity: 0.03;\n        pointer-events: none;\n      }\n      .mote-blur {\n        filter: blur(80px);\n      }\n      .glow-pulse {\n        filter: drop-shadow(0 0 20px rgba(255, 255, 255, 0.1));\n      }\n      .light-rill {\n        background: linear-gradient(to bottom, transparent, rgba(202, 230, 255, 0.2), transparent);\n      }\n      .shard-blur {\n        backdrop-filter: blur(40px);\n        -webkit-backdrop-filter: blur(40px);\n      }\n    </style>\n  \n  </head>\n  <body class="bg-[#050505] text-on-background font-body selection:bg-tertiary/30 min-h-screen overflow-x-hidden relative">\n    \n    <!-- Fog and Grain Layers -->\n    <div class="fixed inset-0 grain-overlay z-10 pointer-events-none"></div>\n    <div class="fixed inset-0 bg-[radial-gradient(ellipse_at_center,_var(--tw-gradient-stops))] from-[#0a0a0a] via-[#050505] to-black z-0 pointer-events-none"></div>\n    \n    <!-- Navigation -->\n    <header class="fixed top-0 left-0 w-full z-50 flex justify-between items-center px-10 py-8 mix-blend-difference">\n        <div class="flex items-center gap-4">\n            <a href="/" class="text-white/60 hover:text-white transition-all duration-700 ease-in-out font-label text-xs uppercase tracking-[0.3em] truncate">\n                Sever Connection\n            </a>\n        </div>\n    </header>\n\n    \n\n    <main class="relative z-20 pt-24 pb-24 px-6 md:px-12 lg:px-24 max-w-7xl mx-auto flex flex-col min-h-[90vh] justify-center">\n        \n        <!-- Header Information -->\n        <div class="grid grid-cols-1 md:grid-cols-12 gap-8 mb-16 md:mb-24">\n            <div class="md:col-span-8 flex flex-col justify-end">\n                <p class="font-label uppercase text-[10px] tracking-[0.4em] text-on-surface-variant/60 mb-6">Echo Recovered</p>\n                <h1 class="font-headline italic text-4xl sm:text-5xl md:text-7xl lg:text-8xl text-primary tracking-tight leading-none mb-4 break-words">\n                    Hyderabad\n                </h1>\n                <div class="flex items-center gap-4 sm:gap-6 flex-wrap">\n                    <span class="font-h1 text-2xl sm:text-3xl text-on-surface-variant/50">1987</span>\n                    <div class="h-px w-12 sm:w-24 bg-white/10 hidden sm:block"></div>\n                    <span class="font-label text-[10px] uppercase tracking-widest text-accent/70">High Confidence — Archival Convergence</span>\n                </div>\n            </div>\n            \n            <div class="md:col-span-4 flex flex-col justify-end">\n                <p class="font-body text-sm text-on-surface-variant/70 leading-relaxed sm:text-right">\n                    Audio projection constructed from fragmentary archival evidence.\n                    \n                </p>\n            </div>\n        </div>\n\n        \n        <div class="mb-32 flex flex-col items-center justify-center opacity-30">\n            <div class="w-24 h-24 rounded-full border border-white/10 border-dashed flex items-center justify-center mb-6">\n                <span class="material-symbols-outlined text-4xl font-light">mic_off</span>\n            </div>\n            <p class="font-label uppercase tracking-widest text-xs text-center">Acoustic Shadow<br/><span class="text-[9px] opacity-70 normal-case mt-2 block">No audio layers reconstructed</span></p>\n        </div>\n        \n\n        <!-- Floating Evidence Shards -->\n        \n    </main>\n    \n  </body>\n</html>`,
    expected: /Recovered from prior reconstruction/,
    operator: 'match',
    diff: 'simple'
  }

test at test/archive-hit-e2e.test.js:27:1
✖ archived artifact avoids cache/hit terminology (958.336634ms)
  AssertionError [ERR_ASSERTION]: The input did not match the regular expression /Recovered from prior reconstruction/. Input:
  
  '<!doctype html>\n' +
    '<html lang="en" class="dark">\n' +
    '  <head>\n' +
    '    <meta charset="utf-8" />\n' +
    '    <meta name="viewport" content="width=device-width, initial-scale=1.0" />\n' +
    '    <title>Séance - Vox Aeterna</title>\n' +
    '    \n' +
    '    <script src="https://cdn.tailwindcss.com?plugins=forms,container-queries"></script>\n' +
    '    <link href="https://fonts.googleapis.com/css2?family=Noto+Serif:ital,wght@0,300;0,400;0,700;1,300;1,400;1,700&family=Space+Grotesk:wght@300;400;500;700&display=swap" rel="stylesheet" />\n' +
    '    <link href="https://fonts.googleapis.com/css2?family=Material+Symbols+Outlined:wght,FILL@100..700,0..1&display=swap" rel="stylesheet" />\n' +
    '    <script id="tailwind-config">\n' +
    '      tailwind.config = {\n' +
    '        darkMode: "class",\n' +
    '        theme: {\n' +
    '          extend: {\n' +
    '            "colors": {\n' +
    '              "primary-fixed": "#735a39",\n' +
    '              "on-primary-container": "#000000",\n' +
    '              "outline": "#919191",\n' +
    '              "on-background": "#e5e2e1",\n' +
    '              "inverse-surface": "#e5e2e1",\n' +
    '              "error": "#ffb4ab",\n' +
    '              "surface-dim": "#131313",\n' +
    '              "on-secondary-fixed-variant": "#3c3b3b",\n' +
    '              "secondary-fixed-dim": "#adabaa",\n' +
    '              "surface-container-highest": "#353534",\n' +
    '              "on-tertiary-container": "#000000",\n' +
    '              "surface-container-low": "#1c1b1b",\n' +
    '              "primary-container": "#f0cfa5",\n' +
    '              "tertiary-fixed-dim": "#004b70",\n' +
    '              "primary-fixed-dim": "#594323",\n' +
    '              "on-primary-fixed-variant": "#ffddb2",\n' +
    '              "outline-variant": "#474747",\n' +
    '              "on-surface-variant": "#c6c6c6",\n' +
    '              "inverse-on-surface": "#313030",\n' +
    '              "tertiary-container": "#5997c4",\n' +
    '              "surface-container-lowest": "#0e0e0e",\n' +
    '              "on-tertiary": "#001e30",\n' +
    '              "secondary-fixed": "#c9c6c5",\n' +
    '              "surface-variant": "#353534",\n' +
    '              "on-surface": "#e5e2e1",\n' +
    '              "primary": "#ffffff",\n' +
    '              "on-primary": "#291800",\n' +
    '              "tertiary": "#cae6ff",\n' +
    '              "surface-container": "#201f1f",\n' +
    '              "on-secondary-container": "#e5e2e1",\n' +
    '              "on-error-container": "#ffdad6",\n' +
    '              "on-error": "#690005",\n' +
    '              "tertiary-fixed": "#1c648e",\n' +
    '              "surface-tint": "#e1c198",\n' +
    '              "on-secondary-fixed": "#1c1b1b",\n' +
    '              "on-tertiary-fixed": "#ffffff",\n' +
    '              "on-secondary": "#1c1b1b",\n' +
    '              "inverse-primary": "#735a39",\n' +
    '              "on-primary-fixed": "#ffffff",\n' +
    '              "secondary-container": "#474646",\n' +
    '              "background": "#050505",\n' +
    '              "surface-bright": "#3a3939",\n' +
    '              "surface": "#131313",\n' +
    '              "error-container": "#93000a",\n' +
    '              "surface-container-high": "#2a2a2a",\n' +
    '              "secondary": "#c9c6c5",\n' +
    '              "on-tertiary-fixed-variant": "#cae6ff"\n' +
    '            },\n' +
    '            "fontFamily": {\n' +
    '              "headline": ["Noto Serif", "serif"],\n' +
    '              "body": ["Space Grotesk", "sans-serif"],\n' +
    '              "label": ["Space Grotesk", "sans-serif"]\n' +
    '            }\n' +
    '          }\n' +
    '        }\n' +
    '      }\n' +
    '    </script>\n' +
    '    <style>\n' +
    '      body {\n' +
    '        min-height: max(884px, 100dvh);\n' +
    '        overflow: hidden;\n' +
    '      }\n' +
    '      .material-symbols-outlined {\n' +
    "        font-variation-settings: 'FILL' 0, 'wght' 200, 'GRAD' 0, 'opsz' 24;\n" +
    '      }\n' +
    '      .obsidian-void {\n' +
    '        background: radial-gradient(circle at center, #1a1a1a 0%, #050505 100%);\n' +
    '      }\n' +
    '      .needle-line {\n' +
    '        height: 0.5px;\n' +
    '        background: linear-gradient(90deg, transparent 0%, rgba(255,255,255,0.2) 50%, transparent 100%);\n' +
    '      }\n' +
    '      .spectral-glow {\n' +
    '        text-shadow: 0 0 15px rgba(255, 255, 255, 0.4);\n' +
    '      }\n' +
    '      .vertical-text {\n' +
    '        writing-mode: vertical-rl;\n' +
    '        text-orientation: mixed;\n' +
    '      }\n' +
    '      .smoke-blur {\n' +
    '        filter: blur(40px);\n' +
    '        background: radial-gradient(circle, rgba(202, 230, 255, 0.08) 0%, transparent 70%);\n' +
    '      }\n' +
    '      .grain-overlay {\n' +
    '        background-image: url("https://lh3.googleusercontent.com/aida-public/AB6AXuDj3jyhb5qrY9ftxHnrNvrsFKao8TM0oQEN-ok12uccMAR-UKuMiR_cRE9gSPXoUXKQxFKd525138SuXUi4FNfPS3PFBUYRVSr2q10wsPN_lZRhicd6Nap5a6TZeIUApMMx5XJRJ6F2bUNeAvhXPhqtb04obGn3XcKxdVDiqWPgSAGT0gHeahJFX-o0Uw55m0dk_Xn0-rnFEVA7Oqys3EmmQ1QCXmqUG5UDo_x3jTRCJLYWbjn-UjdXofuwFD9Jx_83dpV0WB6GZWrq");\n' +
    '        opacity: 0.03;\n' +
    '        pointer-events: none;\n' +
    '      }\n' +
    '      .mote-blur {\n' +
    '        filter: blur(80px);\n' +
    '      }\n' +
    '      .glow-pulse {\n' +
    '        filter: drop-shadow(0 0 20px rgba(255, 255, 255, 0.1));\n' +
    '      }\n' +
    '      .light-rill {\n' +
    '        background: linear-gradient(to bottom, transparent, rgba(202, 230, 255, 0.2), transparent);\n' +
    '      }\n' +
    '      .shard-blur {\n' +
    '        backdrop-filter: blur(40px);\n' +
    '        -webkit-backdrop-filter: blur(40px);\n' +
    '      }\n' +
    '    </style>\n' +
    '  \n' +
    '  </head>\n' +
    '  <body class="bg-[#050505] text-on-background font-body selection:bg-tertiary/30 min-h-screen overflow-x-hidden relative">\n' +
    '    \n' +
    '    <!-- Fog and Grain Layers -->\n' +
    '    <div class="fixed inset-0 grain-overlay z-10 pointer-events-none"></div>\n' +
    '    <div class="fixed inset-0 bg-[radial-gradient(ellipse_at_center,_var(--tw-gradient-stops))] from-[#0a0a0a] via-[#050505] to-black z-0 pointer-events-none"></div>\n' +
    '    \n' +
    '    <!-- Navigation -->\n' +
    '    <header class="fixed top-0 left-0 w-full z-50 flex justify-between items-center px-10 py-8 mix-blend-difference">\n' +
    '        <div class="flex items-center gap-4">\n' +
    '            <a href="/" class="text-white/60 hover:text-white transition-all duration-700 ease-in-out font-label text-xs uppercase tracking-[0.3em] truncate">\n' +
    '                Sever Connection\n' +
    '            </a>\n' +
    '        </div>\n' +
    '    </header>\n' +
    '\n' +
    '    \n' +
    '\n' +
    '    <main class="relative z-20 pt-24 pb-24 px-6 md:px-12 lg:px-24 max-w-7xl mx-auto flex flex-col min-h-[90vh] justify-center">\n' +
    '        \n' +
    '        <!-- Header Information -->\n' +
    '        <div class="grid grid-cols-1 md:grid-cols-12 gap-8 mb-16 md:mb-24">\n' +
    '            <div class="md:col-span-8 flex flex-col justify-end">\n' +
    '                <p class="font-label uppercase text-[10px] tracking-[0.4em] text-on-surface-variant/60 mb-6">Echo Recovered</p>\n' +
    '                <h1 class="font-headline italic text-4xl sm:text-5xl md:text-7xl lg:text-8xl text-primary tracking-tight leading-none mb-4 break-words">\n' +
    '                    Old City, Hyderabad\n' +
    '                </h1>\n' +
    '                <div class="flex items-center gap-4 sm:gap-6 flex-wrap">\n' +
    '                    <span class="font-h1 text-2xl sm:text-3xl text-on-surface-variant/50">1962</span>\n' +
    '                    <div class="h-px w-12 sm:w-24 bg-white/10 hidden sm:block"></div>\n' +
    '                    <span class="font-label text-[10px] uppercase tracking-widest text-accent/70">High Confidence — Archival Convergence</span>\n' +
    '                </div>\n' +
    '            </div>\n' +
    '            \n' +
    '            <div class="md:col-span-4 flex flex-col justify-end">\n' +
    '                <p class="font-body text-sm text-on-surface-variant/70 leading-relaxed sm:text-right">\n' +
    '                    Audio projection constructed from fragmentary archival evidence.\n' +
    '                    \n' +
    '                </p>\n' +
    '            </div>\n' +
    '        </div>\n' +
    '\n' +
    '        \n' +
    '        <div class="mb-32 flex flex-col items-center justify-center opacity-30">\n' +
    '            <div class="w-24 h-24 rounded-full border border-white/10 border-dashed flex items-center justify-center mb-6">\n' +
    '                <span class="material-symbols-outlined text-4xl font-light">mic_off</span>\n' +
    '            </div>\n' +
    '            <p class="font-label uppercase tracking-widest text-xs text-center">Acoustic Shadow<br/><span class="text-[9px] opacity-70 normal-case mt-2 block">No audio layers reconstructed</span></p>\n' +
    '        </div>\n' +
    '        \n' +
    '\n' +
    '        <!-- Floating Evidence Shards -->\n' +
    '        \n' +
    '    </main>\n' +
    '    \n' +
    '  </body>\n' +
    '</html>'
  
      at TestContext.<anonymous> (file:///home/srinivas/workspace/github.com/sivaratrisrinivas/seance/test/archive-hit-e2e.test.js:39:10)
      at process.processTicksAndRejections (node:internal/process/task_queues:104:5)
      at async Test.run (node:internal/test_runner/test:1208:7)
      at async Test.processPendingSubtests (node:internal/test_runner/test:831:7) {
    generatedMessage: true,
    code: 'ERR_ASSERTION',
    actual: `<!doctype html>\n<html lang="en" class="dark">\n  <head>\n    <meta charset="utf-8" />\n    <meta name="viewport" content="width=device-width, initial-scale=1.0" />\n    <title>Séance - Vox Aeterna</title>\n    \n    <script src="https://cdn.tailwindcss.com?plugins=forms,container-queries"></script>\n    <link href="https://fonts.googleapis.com/css2?family=Noto+Serif:ital,wght@0,300;0,400;0,700;1,300;1,400;1,700&family=Space+Grotesk:wght@300;400;500;700&display=swap" rel="stylesheet" />\n    <link href="https://fonts.googleapis.com/css2?family=Material+Symbols+Outlined:wght,FILL@100..700,0..1&display=swap" rel="stylesheet" />\n    <script id="tailwind-config">\n      tailwind.config = {\n        darkMode: "class",\n        theme: {\n          extend: {\n            "colors": {\n              "primary-fixed": "#735a39",\n              "on-primary-container": "#000000",\n              "outline": "#919191",\n              "on-background": "#e5e2e1",\n              "inverse-surface": "#e5e2e1",\n              "error": "#ffb4ab",\n              "surface-dim": "#131313",\n              "on-secondary-fixed-variant": "#3c3b3b",\n              "secondary-fixed-dim": "#adabaa",\n              "surface-container-highest": "#353534",\n              "on-tertiary-container": "#000000",\n              "surface-container-low": "#1c1b1b",\n              "primary-container": "#f0cfa5",\n              "tertiary-fixed-dim": "#004b70",\n              "primary-fixed-dim": "#594323",\n              "on-primary-fixed-variant": "#ffddb2",\n              "outline-variant": "#474747",\n              "on-surface-variant": "#c6c6c6",\n              "inverse-on-surface": "#313030",\n              "tertiary-container": "#5997c4",\n              "surface-container-lowest": "#0e0e0e",\n              "on-tertiary": "#001e30",\n              "secondary-fixed": "#c9c6c5",\n              "surface-variant": "#353534",\n              "on-surface": "#e5e2e1",\n              "primary": "#ffffff",\n              "on-primary": "#291800",\n              "tertiary": "#cae6ff",\n              "surface-container": "#201f1f",\n              "on-secondary-container": "#e5e2e1",\n              "on-error-container": "#ffdad6",\n              "on-error": "#690005",\n              "tertiary-fixed": "#1c648e",\n              "surface-tint": "#e1c198",\n              "on-secondary-fixed": "#1c1b1b",\n              "on-tertiary-fixed": "#ffffff",\n              "on-secondary": "#1c1b1b",\n              "inverse-primary": "#735a39",\n              "on-primary-fixed": "#ffffff",\n              "secondary-container": "#474646",\n              "background": "#050505",\n              "surface-bright": "#3a3939",\n              "surface": "#131313",\n              "error-container": "#93000a",\n              "surface-container-high": "#2a2a2a",\n              "secondary": "#c9c6c5",\n              "on-tertiary-fixed-variant": "#cae6ff"\n            },\n            "fontFamily": {\n              "headline": ["Noto Serif", "serif"],\n              "body": ["Space Grotesk", "sans-serif"],\n              "label": ["Space Grotesk", "sans-serif"]\n            }\n          }\n        }\n      }\n    </script>\n    <style>\n      body {\n        min-height: max(884px, 100dvh);\n        overflow: hidden;\n      }\n      .material-symbols-outlined {\n        font-variation-settings: 'FILL' 0, 'wght' 200, 'GRAD' 0, 'opsz' 24;\n      }\n      .obsidian-void {\n        background: radial-gradient(circle at center, #1a1a1a 0%, #050505 100%);\n      }\n      .needle-line {\n        height: 0.5px;\n        background: linear-gradient(90deg, transparent 0%, rgba(255,255,255,0.2) 50%, transparent 100%);\n      }\n      .spectral-glow {\n        text-shadow: 0 0 15px rgba(255, 255, 255, 0.4);\n      }\n      .vertical-text {\n        writing-mode: vertical-rl;\n        text-orientation: mixed;\n      }\n      .smoke-blur {\n        filter: blur(40px);\n        background: radial-gradient(circle, rgba(202, 230, 255, 0.08) 0%, transparent 70%);\n      }\n      .grain-overlay {\n        background-image: url("https://lh3.googleusercontent.com/aida-public/AB6AXuDj3jyhb5qrY9ftxHnrNvrsFKao8TM0oQEN-ok12uccMAR-UKuMiR_cRE9gSPXoUXKQxFKd525138SuXUi4FNfPS3PFBUYRVSr2q10wsPN_lZRhicd6Nap5a6TZeIUApMMx5XJRJ6F2bUNeAvhXPhqtb04obGn3XcKxdVDiqWPgSAGT0gHeahJFX-o0Uw55m0dk_Xn0-rnFEVA7Oqys3EmmQ1QCXmqUG5UDo_x3jTRCJLYWbjn-UjdXofuwFD9Jx_83dpV0WB6GZWrq");\n        opacity: 0.03;\n        pointer-events: none;\n      }\n      .mote-blur {\n        filter: blur(80px);\n      }\n      .glow-pulse {\n        filter: drop-shadow(0 0 20px rgba(255, 255, 255, 0.1));\n      }\n      .light-rill {\n        background: linear-gradient(to bottom, transparent, rgba(202, 230, 255, 0.2), transparent);\n      }\n      .shard-blur {\n        backdrop-filter: blur(40px);\n        -webkit-backdrop-filter: blur(40px);\n      }\n    </style>\n  \n  </head>\n  <body class="bg-[#050505] text-on-background font-body selection:bg-tertiary/30 min-h-screen overflow-x-hidden relative">\n    \n    <!-- Fog and Grain Layers -->\n    <div class="fixed inset-0 grain-overlay z-10 pointer-events-none"></div>\n    <div class="fixed inset-0 bg-[radial-gradient(ellipse_at_center,_var(--tw-gradient-stops))] from-[#0a0a0a] via-[#050505] to-black z-0 pointer-events-none"></div>\n    \n    <!-- Navigation -->\n    <header class="fixed top-0 left-0 w-full z-50 flex justify-between items-center px-10 py-8 mix-blend-difference">\n        <div class="flex items-center gap-4">\n            <a href="/" class="text-white/60 hover:text-white transition-all duration-700 ease-in-out font-label text-xs uppercase tracking-[0.3em] truncate">\n                Sever Connection\n            </a>\n        </div>\n    </header>\n\n    \n\n    <main class="relative z-20 pt-24 pb-24 px-6 md:px-12 lg:px-24 max-w-7xl mx-auto flex flex-col min-h-[90vh] justify-center">\n        \n        <!-- Header Information -->\n        <div class="grid grid-cols-1 md:grid-cols-12 gap-8 mb-16 md:mb-24">\n            <div class="md:col-span-8 flex flex-col justify-end">\n                <p class="font-label uppercase text-[10px] tracking-[0.4em] text-on-surface-variant/60 mb-6">Echo Recovered</p>\n                <h1 class="font-headline italic text-4xl sm:text-5xl md:text-7xl lg:text-8xl text-primary tracking-tight leading-none mb-4 break-words">\n                    Old City, Hyderabad\n                </h1>\n                <div class="flex items-center gap-4 sm:gap-6 flex-wrap">\n                    <span class="font-h1 text-2xl sm:text-3xl text-on-surface-variant/50">1962</span>\n                    <div class="h-px w-12 sm:w-24 bg-white/10 hidden sm:block"></div>\n                    <span class="font-label text-[10px] uppercase tracking-widest text-accent/70">High Confidence — Archival Convergence</span>\n                </div>\n            </div>\n            \n            <div class="md:col-span-4 flex flex-col justify-end">\n                <p class="font-body text-sm text-on-surface-variant/70 leading-relaxed sm:text-right">\n                    Audio projection constructed from fragmentary archival evidence.\n                    \n                </p>\n            </div>\n        </div>\n\n        \n        <div class="mb-32 flex flex-col items-center justify-center opacity-30">\n            <div class="w-24 h-24 rounded-full border border-white/10 border-dashed flex items-center justify-center mb-6">\n                <span class="material-symbols-outlined text-4xl font-light">mic_off</span>\n            </div>\n            <p class="font-label uppercase tracking-widest text-xs text-center">Acoustic Shadow<br/><span class="text-[9px] opacity-70 normal-case mt-2 block">No audio layers reconstructed</span></p>\n        </div>\n        \n\n        <!-- Floating Evidence Shards -->\n        \n    </main>\n    \n  </body>\n</html>`,
    expected: /Recovered from prior reconstruction/,
    operator: 'match',
    diff: 'simple'
  }

test at test/archive-hit-e2e.test.js:52:1
✖ non-archived artifact shows Your seance badge (424.850065ms)
  AssertionError [ERR_ASSERTION]: The input did not match the regular expression /Your seance/. Input:
  
  '<!doctype html>\n' +
    '<html lang="en" class="dark">\n' +
    '  <head>\n' +
    '    <meta charset="utf-8" />\n' +
    '    <meta name="viewport" content="width=device-width, initial-scale=1.0" />\n' +
    '    <title>Séance - Vox Aeterna</title>\n' +
    '    \n' +
    '    <script src="https://cdn.tailwindcss.com?plugins=forms,container-queries"></script>\n' +
    '    <link href="https://fonts.googleapis.com/css2?family=Noto+Serif:ital,wght@0,300;0,400;0,700;1,300;1,400;1,700&family=Space+Grotesk:wght@300;400;500;700&display=swap" rel="stylesheet" />\n' +
    '    <link href="https://fonts.googleapis.com/css2?family=Material+Symbols+Outlined:wght,FILL@100..700,0..1&display=swap" rel="stylesheet" />\n' +
    '    <script id="tailwind-config">\n' +
    '      tailwind.config = {\n' +
    '        darkMode: "class",\n' +
    '        theme: {\n' +
    '          extend: {\n' +
    '            "colors": {\n' +
    '              "primary-fixed": "#735a39",\n' +
    '              "on-primary-container": "#000000",\n' +
    '              "outline": "#919191",\n' +
    '              "on-background": "#e5e2e1",\n' +
    '              "inverse-surface": "#e5e2e1",\n' +
    '              "error": "#ffb4ab",\n' +
    '              "surface-dim": "#131313",\n' +
    '              "on-secondary-fixed-variant": "#3c3b3b",\n' +
    '              "secondary-fixed-dim": "#adabaa",\n' +
    '              "surface-container-highest": "#353534",\n' +
    '              "on-tertiary-container": "#000000",\n' +
    '              "surface-container-low": "#1c1b1b",\n' +
    '              "primary-container": "#f0cfa5",\n' +
    '              "tertiary-fixed-dim": "#004b70",\n' +
    '              "primary-fixed-dim": "#594323",\n' +
    '              "on-primary-fixed-variant": "#ffddb2",\n' +
    '              "outline-variant": "#474747",\n' +
    '              "on-surface-variant": "#c6c6c6",\n' +
    '              "inverse-on-surface": "#313030",\n' +
    '              "tertiary-container": "#5997c4",\n' +
    '              "surface-container-lowest": "#0e0e0e",\n' +
    '              "on-tertiary": "#001e30",\n' +
    '              "secondary-fixed": "#c9c6c5",\n' +
    '              "surface-variant": "#353534",\n' +
    '              "on-surface": "#e5e2e1",\n' +
    '              "primary": "#ffffff",\n' +
    '              "on-primary": "#291800",\n' +
    '              "tertiary": "#cae6ff",\n' +
    '              "surface-container": "#201f1f",\n' +
    '              "on-secondary-container": "#e5e2e1",\n' +
    '              "on-error-container": "#ffdad6",\n' +
    '              "on-error": "#690005",\n' +
    '              "tertiary-fixed": "#1c648e",\n' +
    '              "surface-tint": "#e1c198",\n' +
    '              "on-secondary-fixed": "#1c1b1b",\n' +
    '              "on-tertiary-fixed": "#ffffff",\n' +
    '              "on-secondary": "#1c1b1b",\n' +
    '              "inverse-primary": "#735a39",\n' +
    '              "on-primary-fixed": "#ffffff",\n' +
    '              "secondary-container": "#474646",\n' +
    '              "background": "#050505",\n' +
    '              "surface-bright": "#3a3939",\n' +
    '              "surface": "#131313",\n' +
    '              "error-container": "#93000a",\n' +
    '              "surface-container-high": "#2a2a2a",\n' +
    '              "secondary": "#c9c6c5",\n' +
    '              "on-tertiary-fixed-variant": "#cae6ff"\n' +
    '            },\n' +
    '            "fontFamily": {\n' +
    '              "headline": ["Noto Serif", "serif"],\n' +
    '              "body": ["Space Grotesk", "sans-serif"],\n' +
    '              "label": ["Space Grotesk", "sans-serif"]\n' +
    '            }\n' +
    '          }\n' +
    '        }\n' +
    '      }\n' +
    '    </script>\n' +
    '    <style>\n' +
    '      body {\n' +
    '        min-height: max(884px, 100dvh);\n' +
    '        overflow: hidden;\n' +
    '      }\n' +
    '      .material-symbols-outlined {\n' +
    "        font-variation-settings: 'FILL' 0, 'wght' 200, 'GRAD' 0, 'opsz' 24;\n" +
    '      }\n' +
    '      .obsidian-void {\n' +
    '        background: radial-gradient(circle at center, #1a1a1a 0%, #050505 100%);\n' +
    '      }\n' +
    '      .needle-line {\n' +
    '        height: 0.5px;\n' +
    '        background: linear-gradient(90deg, transparent 0%, rgba(255,255,255,0.2) 50%, transparent 100%);\n' +
    '      }\n' +
    '      .spectral-glow {\n' +
    '        text-shadow: 0 0 15px rgba(255, 255, 255, 0.4);\n' +
    '      }\n' +
    '      .vertical-text {\n' +
    '        writing-mode: vertical-rl;\n' +
    '        text-orientation: mixed;\n' +
    '      }\n' +
    '      .smoke-blur {\n' +
    '        filter: blur(40px);\n' +
    '        background: radial-gradient(circle, rgba(202, 230, 255, 0.08) 0%, transparent 70%);\n' +
    '      }\n' +
    '      .grain-overlay {\n' +
    '        background-image: url("https://lh3.googleusercontent.com/aida-public/AB6AXuDj3jyhb5qrY9ftxHnrNvrsFKao8TM0oQEN-ok12uccMAR-UKuMiR_cRE9gSPXoUXKQxFKd525138SuXUi4FNfPS3PFBUYRVSr2q10wsPN_lZRhicd6Nap5a6TZeIUApMMx5XJRJ6F2bUNeAvhXPhqtb04obGn3XcKxdVDiqWPgSAGT0gHeahJFX-o0Uw55m0dk_Xn0-rnFEVA7Oqys3EmmQ1QCXmqUG5UDo_x3jTRCJLYWbjn-UjdXofuwFD9Jx_83dpV0WB6GZWrq");\n' +
    '        opacity: 0.03;\n' +
    '        pointer-events: none;\n' +
    '      }\n' +
    '      .mote-blur {\n' +
    '        filter: blur(80px);\n' +
    '      }\n' +
    '      .glow-pulse {\n' +
    '        filter: drop-shadow(0 0 20px rgba(255, 255, 255, 0.1));\n' +
    '      }\n' +
    '      .light-rill {\n' +
    '        background: linear-gradient(to bottom, transparent, rgba(202, 230, 255, 0.2), transparent);\n' +
    '      }\n' +
    '      .shard-blur {\n' +
    '        backdrop-filter: blur(40px);\n' +
    '        -webkit-backdrop-filter: blur(40px);\n' +
    '      }\n' +
    '    </style>\n' +
    '  \n' +
    '  </head>\n' +
    '  <body class="bg-[#050505] text-on-background font-body selection:bg-tertiary/30 min-h-screen overflow-x-hidden relative">\n' +
    '    \n' +
    '    <!-- Fog and Grain Layers -->\n' +
    '    <div class="fixed inset-0 grain-overlay z-10 pointer-events-none"></div>\n' +
    '    <div class="fixed inset-0 bg-[radial-gradient(ellipse_at_center,_var(--tw-gradient-stops))] from-[#0a0a0a] via-[#050505] to-black z-0 pointer-events-none"></div>\n' +
    '    \n' +
    '    <!-- Navigation -->\n' +
    '    <header class="fixed top-0 left-0 w-full z-50 flex justify-between items-center px-10 py-8 mix-blend-difference">\n' +
    '        <div class="flex items-center gap-4">\n' +
    '            <a href="/" class="text-white/60 hover:text-white transition-all duration-700 ease-in-out font-label text-xs uppercase tracking-[0.3em] truncate">\n' +
    '                Sever Connection\n' +
    '            </a>\n' +
    '        </div>\n' +
    '    </header>\n' +
    '\n' +
    '    \n' +
    '\n' +
    '    <main class="relative z-20 pt-24 pb-24 px-6 md:px-12 lg:px-24 max-w-7xl mx-auto flex flex-col min-h-[90vh] justify-center">\n' +
    '        \n' +
    '        <!-- Header Information -->\n' +
    '        <div class="grid grid-cols-1 md:grid-cols-12 gap-8 mb-16 md:mb-24">\n' +
    '            <div class="md:col-span-8 flex flex-col justify-end">\n' +
    '                <p class="font-label uppercase text-[10px] tracking-[0.4em] text-on-surface-variant/60 mb-6">Séance Active</p>\n' +
    '                <h1 class="font-headline italic text-4xl sm:text-5xl md:text-7xl lg:text-8xl text-primary tracking-tight leading-none mb-4 break-words">\n' +
    '                    Kyoto\n' +
    '                </h1>\n' +
    '                <div class="flex items-center gap-4 sm:gap-6 flex-wrap">\n' +
    '                    <span class="font-h1 text-2xl sm:text-3xl text-on-surface-variant/50">1912</span>\n' +
    '                    <div class="h-px w-12 sm:w-24 bg-white/10 hidden sm:block"></div>\n' +
    '                    <span class="font-label text-[10px] uppercase tracking-widest text-accent/70">High Confidence — Archival Convergence</span>\n' +
    '                </div>\n' +
    '            </div>\n' +
    '            \n' +
    '            <div class="md:col-span-4 flex flex-col justify-end">\n' +
    '                <p class="font-body text-sm text-on-surface-variant/70 leading-relaxed sm:text-right">\n' +
    '                    Audio projection constructed from fragmentary archival evidence.\n' +
    '                    \n' +
    '                </p>\n' +
    '            </div>\n' +
    '        </div>\n' +
    '\n' +
    '        \n' +
    '        <div class="mb-32 flex flex-col items-center justify-center opacity-30">\n' +
    '            <div class="w-24 h-24 rounded-full border border-white/10 border-dashed flex items-center justify-center mb-6">\n' +
    '                <span class="material-symbols-outlined text-4xl font-light">mic_off</span>\n' +
    '            </div>\n' +
    '            <p class="font-label uppercase tracking-widest text-xs text-center">Acoustic Shadow<br/><span class="text-[9px] opacity-70 normal-case mt-2 block">No audio layers reconstructed</span></p>\n' +
    '        </div>\n' +
    '        \n' +
    '\n' +
    '        <!-- Floating Evidence Shards -->\n' +
    '        \n' +
    '    </main>\n' +
    '    \n' +
    '  </body>\n' +
    '</html>'
  
      at TestContext.<anonymous> (file:///home/srinivas/workspace/github.com/sivaratrisrinivas/seance/test/archive-hit-e2e.test.js:60:10)
      at process.processTicksAndRejections (node:internal/process/task_queues:104:5)
      at async Test.run (node:internal/test_runner/test:1208:7)
      at async Test.processPendingSubtests (node:internal/test_runner/test:831:7) {
    generatedMessage: true,
    code: 'ERR_ASSERTION',
    actual: `<!doctype html>\n<html lang="en" class="dark">\n  <head>\n    <meta charset="utf-8" />\n    <meta name="viewport" content="width=device-width, initial-scale=1.0" />\n    <title>Séance - Vox Aeterna</title>\n    \n    <script src="https://cdn.tailwindcss.com?plugins=forms,container-queries"></script>\n    <link href="https://fonts.googleapis.com/css2?family=Noto+Serif:ital,wght@0,300;0,400;0,700;1,300;1,400;1,700&family=Space+Grotesk:wght@300;400;500;700&display=swap" rel="stylesheet" />\n    <link href="https://fonts.googleapis.com/css2?family=Material+Symbols+Outlined:wght,FILL@100..700,0..1&display=swap" rel="stylesheet" />\n    <script id="tailwind-config">\n      tailwind.config = {\n        darkMode: "class",\n        theme: {\n          extend: {\n            "colors": {\n              "primary-fixed": "#735a39",\n              "on-primary-container": "#000000",\n              "outline": "#919191",\n              "on-background": "#e5e2e1",\n              "inverse-surface": "#e5e2e1",\n              "error": "#ffb4ab",\n              "surface-dim": "#131313",\n              "on-secondary-fixed-variant": "#3c3b3b",\n              "secondary-fixed-dim": "#adabaa",\n              "surface-container-highest": "#353534",\n              "on-tertiary-container": "#000000",\n              "surface-container-low": "#1c1b1b",\n              "primary-container": "#f0cfa5",\n              "tertiary-fixed-dim": "#004b70",\n              "primary-fixed-dim": "#594323",\n              "on-primary-fixed-variant": "#ffddb2",\n              "outline-variant": "#474747",\n              "on-surface-variant": "#c6c6c6",\n              "inverse-on-surface": "#313030",\n              "tertiary-container": "#5997c4",\n              "surface-container-lowest": "#0e0e0e",\n              "on-tertiary": "#001e30",\n              "secondary-fixed": "#c9c6c5",\n              "surface-variant": "#353534",\n              "on-surface": "#e5e2e1",\n              "primary": "#ffffff",\n              "on-primary": "#291800",\n              "tertiary": "#cae6ff",\n              "surface-container": "#201f1f",\n              "on-secondary-container": "#e5e2e1",\n              "on-error-container": "#ffdad6",\n              "on-error": "#690005",\n              "tertiary-fixed": "#1c648e",\n              "surface-tint": "#e1c198",\n              "on-secondary-fixed": "#1c1b1b",\n              "on-tertiary-fixed": "#ffffff",\n              "on-secondary": "#1c1b1b",\n              "inverse-primary": "#735a39",\n              "on-primary-fixed": "#ffffff",\n              "secondary-container": "#474646",\n              "background": "#050505",\n              "surface-bright": "#3a3939",\n              "surface": "#131313",\n              "error-container": "#93000a",\n              "surface-container-high": "#2a2a2a",\n              "secondary": "#c9c6c5",\n              "on-tertiary-fixed-variant": "#cae6ff"\n            },\n            "fontFamily": {\n              "headline": ["Noto Serif", "serif"],\n              "body": ["Space Grotesk", "sans-serif"],\n              "label": ["Space Grotesk", "sans-serif"]\n            }\n          }\n        }\n      }\n    </script>\n    <style>\n      body {\n        min-height: max(884px, 100dvh);\n        overflow: hidden;\n      }\n      .material-symbols-outlined {\n        font-variation-settings: 'FILL' 0, 'wght' 200, 'GRAD' 0, 'opsz' 24;\n      }\n      .obsidian-void {\n        background: radial-gradient(circle at center, #1a1a1a 0%, #050505 100%);\n      }\n      .needle-line {\n        height: 0.5px;\n        background: linear-gradient(90deg, transparent 0%, rgba(255,255,255,0.2) 50%, transparent 100%);\n      }\n      .spectral-glow {\n        text-shadow: 0 0 15px rgba(255, 255, 255, 0.4);\n      }\n      .vertical-text {\n        writing-mode: vertical-rl;\n        text-orientation: mixed;\n      }\n      .smoke-blur {\n        filter: blur(40px);\n        background: radial-gradient(circle, rgba(202, 230, 255, 0.08) 0%, transparent 70%);\n      }\n      .grain-overlay {\n        background-image: url("https://lh3.googleusercontent.com/aida-public/AB6AXuDj3jyhb5qrY9ftxHnrNvrsFKao8TM0oQEN-ok12uccMAR-UKuMiR_cRE9gSPXoUXKQxFKd525138SuXUi4FNfPS3PFBUYRVSr2q10wsPN_lZRhicd6Nap5a6TZeIUApMMx5XJRJ6F2bUNeAvhXPhqtb04obGn3XcKxdVDiqWPgSAGT0gHeahJFX-o0Uw55m0dk_Xn0-rnFEVA7Oqys3EmmQ1QCXmqUG5UDo_x3jTRCJLYWbjn-UjdXofuwFD9Jx_83dpV0WB6GZWrq");\n        opacity: 0.03;\n        pointer-events: none;\n      }\n      .mote-blur {\n        filter: blur(80px);\n      }\n      .glow-pulse {\n        filter: drop-shadow(0 0 20px rgba(255, 255, 255, 0.1));\n      }\n      .light-rill {\n        background: linear-gradient(to bottom, transparent, rgba(202, 230, 255, 0.2), transparent);\n      }\n      .shard-blur {\n        backdrop-filter: blur(40px);\n        -webkit-backdrop-filter: blur(40px);\n      }\n    </style>\n  \n  </head>\n  <body class="bg-[#050505] text-on-background font-body selection:bg-tertiary/30 min-h-screen overflow-x-hidden relative">\n    \n    <!-- Fog and Grain Layers -->\n    <div class="fixed inset-0 grain-overlay z-10 pointer-events-none"></div>\n    <div class="fixed inset-0 bg-[radial-gradient(ellipse_at_center,_var(--tw-gradient-stops))] from-[#0a0a0a] via-[#050505] to-black z-0 pointer-events-none"></div>\n    \n    <!-- Navigation -->\n    <header class="fixed top-0 left-0 w-full z-50 flex justify-between items-center px-10 py-8 mix-blend-difference">\n        <div class="flex items-center gap-4">\n            <a href="/" class="text-white/60 hover:text-white transition-all duration-700 ease-in-out font-label text-xs uppercase tracking-[0.3em] truncate">\n                Sever Connection\n            </a>\n        </div>\n    </header>\n\n    \n\n    <main class="relative z-20 pt-24 pb-24 px-6 md:px-12 lg:px-24 max-w-7xl mx-auto flex flex-col min-h-[90vh] justify-center">\n        \n        <!-- Header Information -->\n        <div class="grid grid-cols-1 md:grid-cols-12 gap-8 mb-16 md:mb-24">\n            <div class="md:col-span-8 flex flex-col justify-end">\n                <p class="font-label uppercase text-[10px] tracking-[0.4em] text-on-surface-variant/60 mb-6">Séance Active</p>\n                <h1 class="font-headline italic text-4xl sm:text-5xl md:text-7xl lg:text-8xl text-primary tracking-tight leading-none mb-4 break-words">\n                    Kyoto\n                </h1>\n                <div class="flex items-center gap-4 sm:gap-6 flex-wrap">\n                    <span class="font-h1 text-2xl sm:text-3xl text-on-surface-variant/50">1912</span>\n                    <div class="h-px w-12 sm:w-24 bg-white/10 hidden sm:block"></div>\n                    <span class="font-label text-[10px] uppercase tracking-widest text-accent/70">High Confidence — Archival Convergence</span>\n                </div>\n            </div>\n            \n            <div class="md:col-span-4 flex flex-col justify-end">\n                <p class="font-body text-sm text-on-surface-variant/70 leading-relaxed sm:text-right">\n                    Audio projection constructed from fragmentary archival evidence.\n                    \n                </p>\n            </div>\n        </div>\n\n        \n        <div class="mb-32 flex flex-col items-center justify-center opacity-30">\n            <div class="w-24 h-24 rounded-full border border-white/10 border-dashed flex items-center justify-center mb-6">\n                <span class="material-symbols-outlined text-4xl font-light">mic_off</span>\n            </div>\n            <p class="font-label uppercase tracking-widest text-xs text-center">Acoustic Shadow<br/><span class="text-[9px] opacity-70 normal-case mt-2 block">No audio layers reconstructed</span></p>\n        </div>\n        \n\n        <!-- Floating Evidence Shards -->\n        \n    </main>\n    \n  </body>\n</html>`,
    expected: /Your seance/,
    operator: 'match',
    diff: 'simple'
  }

test at test/archive-write.test.js:87:1
✖ artifact page with archived=true shows recovery badge (276.110202ms)
  AssertionError [ERR_ASSERTION]: The input did not match the regular expression /Recovered from prior reconstruction/. Input:
  
  '<!doctype html>\n' +
    '<html lang="en" class="dark">\n' +
    '  <head>\n' +
    '    <meta charset="utf-8" />\n' +
    '    <meta name="viewport" content="width=device-width, initial-scale=1.0" />\n' +
    '    <title>Séance - Vox Aeterna</title>\n' +
    '    \n' +
    '    <script src="https://cdn.tailwindcss.com?plugins=forms,container-queries"></script>\n' +
    '    <link href="https://fonts.googleapis.com/css2?family=Noto+Serif:ital,wght@0,300;0,400;0,700;1,300;1,400;1,700&family=Space+Grotesk:wght@300;400;500;700&display=swap" rel="stylesheet" />\n' +
    '    <link href="https://fonts.googleapis.com/css2?family=Material+Symbols+Outlined:wght,FILL@100..700,0..1&display=swap" rel="stylesheet" />\n' +
    '    <script id="tailwind-config">\n' +
    '      tailwind.config = {\n' +
    '        darkMode: "class",\n' +
    '        theme: {\n' +
    '          extend: {\n' +
    '            "colors": {\n' +
    '              "primary-fixed": "#735a39",\n' +
    '              "on-primary-container": "#000000",\n' +
    '              "outline": "#919191",\n' +
    '              "on-background": "#e5e2e1",\n' +
    '              "inverse-surface": "#e5e2e1",\n' +
    '              "error": "#ffb4ab",\n' +
    '              "surface-dim": "#131313",\n' +
    '              "on-secondary-fixed-variant": "#3c3b3b",\n' +
    '              "secondary-fixed-dim": "#adabaa",\n' +
    '              "surface-container-highest": "#353534",\n' +
    '              "on-tertiary-container": "#000000",\n' +
    '              "surface-container-low": "#1c1b1b",\n' +
    '              "primary-container": "#f0cfa5",\n' +
    '              "tertiary-fixed-dim": "#004b70",\n' +
    '              "primary-fixed-dim": "#594323",\n' +
    '              "on-primary-fixed-variant": "#ffddb2",\n' +
    '              "outline-variant": "#474747",\n' +
    '              "on-surface-variant": "#c6c6c6",\n' +
    '              "inverse-on-surface": "#313030",\n' +
    '              "tertiary-container": "#5997c4",\n' +
    '              "surface-container-lowest": "#0e0e0e",\n' +
    '              "on-tertiary": "#001e30",\n' +
    '              "secondary-fixed": "#c9c6c5",\n' +
    '              "surface-variant": "#353534",\n' +
    '              "on-surface": "#e5e2e1",\n' +
    '              "primary": "#ffffff",\n' +
    '              "on-primary": "#291800",\n' +
    '              "tertiary": "#cae6ff",\n' +
    '              "surface-container": "#201f1f",\n' +
    '              "on-secondary-container": "#e5e2e1",\n' +
    '              "on-error-container": "#ffdad6",\n' +
    '              "on-error": "#690005",\n' +
    '              "tertiary-fixed": "#1c648e",\n' +
    '              "surface-tint": "#e1c198",\n' +
    '              "on-secondary-fixed": "#1c1b1b",\n' +
    '              "on-tertiary-fixed": "#ffffff",\n' +
    '              "on-secondary": "#1c1b1b",\n' +
    '              "inverse-primary": "#735a39",\n' +
    '              "on-primary-fixed": "#ffffff",\n' +
    '              "secondary-container": "#474646",\n' +
    '              "background": "#050505",\n' +
    '              "surface-bright": "#3a3939",\n' +
    '              "surface": "#131313",\n' +
    '              "error-container": "#93000a",\n' +
    '              "surface-container-high": "#2a2a2a",\n' +
    '              "secondary": "#c9c6c5",\n' +
    '              "on-tertiary-fixed-variant": "#cae6ff"\n' +
    '            },\n' +
    '            "fontFamily": {\n' +
    '              "headline": ["Noto Serif", "serif"],\n' +
    '              "body": ["Space Grotesk", "sans-serif"],\n' +
    '              "label": ["Space Grotesk", "sans-serif"]\n' +
    '            }\n' +
    '          }\n' +
    '        }\n' +
    '      }\n' +
    '    </script>\n' +
    '    <style>\n' +
    '      body {\n' +
    '        min-height: max(884px, 100dvh);\n' +
    '        overflow: hidden;\n' +
    '      }\n' +
    '      .material-symbols-outlined {\n' +
    "        font-variation-settings: 'FILL' 0, 'wght' 200, 'GRAD' 0, 'opsz' 24;\n" +
    '      }\n' +
    '      .obsidian-void {\n' +
    '        background: radial-gradient(circle at center, #1a1a1a 0%, #050505 100%);\n' +
    '      }\n' +
    '      .needle-line {\n' +
    '        height: 0.5px;\n' +
    '        background: linear-gradient(90deg, transparent 0%, rgba(255,255,255,0.2) 50%, transparent 100%);\n' +
    '      }\n' +
    '      .spectral-glow {\n' +
    '        text-shadow: 0 0 15px rgba(255, 255, 255, 0.4);\n' +
    '      }\n' +
    '      .vertical-text {\n' +
    '        writing-mode: vertical-rl;\n' +
    '        text-orientation: mixed;\n' +
    '      }\n' +
    '      .smoke-blur {\n' +
    '        filter: blur(40px);\n' +
    '        background: radial-gradient(circle, rgba(202, 230, 255, 0.08) 0%, transparent 70%);\n' +
    '      }\n' +
    '      .grain-overlay {\n' +
    '        background-image: url("https://lh3.googleusercontent.com/aida-public/AB6AXuDj3jyhb5qrY9ftxHnrNvrsFKao8TM0oQEN-ok12uccMAR-UKuMiR_cRE9gSPXoUXKQxFKd525138SuXUi4FNfPS3PFBUYRVSr2q10wsPN_lZRhicd6Nap5a6TZeIUApMMx5XJRJ6F2bUNeAvhXPhqtb04obGn3XcKxdVDiqWPgSAGT0gHeahJFX-o0Uw55m0dk_Xn0-rnFEVA7Oqys3EmmQ1QCXmqUG5UDo_x3jTRCJLYWbjn-UjdXofuwFD9Jx_83dpV0WB6GZWrq");\n' +
    '        opacity: 0.03;\n' +
    '        pointer-events: none;\n' +
    '      }\n' +
    '      .mote-blur {\n' +
    '        filter: blur(80px);\n' +
    '      }\n' +
    '      .glow-pulse {\n' +
    '        filter: drop-shadow(0 0 20px rgba(255, 255, 255, 0.1));\n' +
    '      }\n' +
    '      .light-rill {\n' +
    '        background: linear-gradient(to bottom, transparent, rgba(202, 230, 255, 0.2), transparent);\n' +
    '      }\n' +
    '      .shard-blur {\n' +
    '        backdrop-filter: blur(40px);\n' +
    '        -webkit-backdrop-filter: blur(40px);\n' +
    '      }\n' +
    '    </style>\n' +
    '  \n' +
    '  </head>\n' +
    '  <body class="bg-[#050505] text-on-background font-body selection:bg-tertiary/30 min-h-screen overflow-x-hidden relative">\n' +
    '    \n' +
    '    <!-- Fog and Grain Layers -->\n' +
    '    <div class="fixed inset-0 grain-overlay z-10 pointer-events-none"></div>\n' +
    '    <div class="fixed inset-0 bg-[radial-gradient(ellipse_at_center,_var(--tw-gradient-stops))] from-[#0a0a0a] via-[#050505] to-black z-0 pointer-events-none"></div>\n' +
    '    \n' +
    '    <!-- Navigation -->\n' +
    '    <header class="fixed top-0 left-0 w-full z-50 flex justify-between items-center px-10 py-8 mix-blend-difference">\n' +
    '        <div class="flex items-center gap-4">\n' +
    '            <a href="/" class="text-white/60 hover:text-white transition-all duration-700 ease-in-out font-label text-xs uppercase tracking-[0.3em] truncate">\n' +
    '                Sever Connection\n' +
    '            </a>\n' +
    '        </div>\n' +
    '    </header>\n' +
    '\n' +
    '    \n' +
    '\n' +
    '    <main class="relative z-20 pt-24 pb-24 px-6 md:px-12 lg:px-24 max-w-7xl mx-auto flex flex-col min-h-[90vh] justify-center">\n' +
    '        \n' +
    '        <!-- Header Information -->\n' +
    '        <div class="grid grid-cols-1 md:grid-cols-12 gap-8 mb-16 md:mb-24">\n' +
    '            <div class="md:col-span-8 flex flex-col justify-end">\n' +
    '                <p class="font-label uppercase text-[10px] tracking-[0.4em] text-on-surface-variant/60 mb-6">Echo Recovered</p>\n' +
    '                <h1 class="font-headline italic text-4xl sm:text-5xl md:text-7xl lg:text-8xl text-primary tracking-tight leading-none mb-4 break-words">\n' +
    '                    Tokyo\n' +
    '                </h1>\n' +
    '                <div class="flex items-center gap-4 sm:gap-6 flex-wrap">\n' +
    '                    <span class="font-h1 text-2xl sm:text-3xl text-on-surface-variant/50">1965</span>\n' +
    '                    <div class="h-px w-12 sm:w-24 bg-white/10 hidden sm:block"></div>\n' +
    '                    <span class="font-label text-[10px] uppercase tracking-widest text-accent/70">High Confidence — Archival Convergence</span>\n' +
    '                </div>\n' +
    '            </div>\n' +
    '            \n' +
    '            <div class="md:col-span-4 flex flex-col justify-end">\n' +
    '                <p class="font-body text-sm text-on-surface-variant/70 leading-relaxed sm:text-right">\n' +
    '                    Audio projection constructed from fragmentary archival evidence.\n' +
    '                    \n' +
    '                </p>\n' +
    '            </div>\n' +
    '        </div>\n' +
    '\n' +
    '        \n' +
    '        <div class="mb-32 flex flex-col items-center justify-center opacity-30">\n' +
    '            <div class="w-24 h-24 rounded-full border border-white/10 border-dashed flex items-center justify-center mb-6">\n' +
    '                <span class="material-symbols-outlined text-4xl font-light">mic_off</span>\n' +
    '            </div>\n' +
    '            <p class="font-label uppercase tracking-widest text-xs text-center">Acoustic Shadow<br/><span class="text-[9px] opacity-70 normal-case mt-2 block">No audio layers reconstructed</span></p>\n' +
    '        </div>\n' +
    '        \n' +
    '\n' +
    '        <!-- Floating Evidence Shards -->\n' +
    '        \n' +
    '    </main>\n' +
    '    \n' +
    '  </body>\n' +
    '</html>'
  
      at TestContext.<anonymous> (file:///home/srinivas/workspace/github.com/sivaratrisrinivas/seance/test/archive-write.test.js:95:10)
      at process.processTicksAndRejections (node:internal/process/task_queues:104:5)
      at async Test.run (node:internal/test_runner/test:1208:7)
      at async Test.processPendingSubtests (node:internal/test_runner/test:831:7) {
    generatedMessage: true,
    code: 'ERR_ASSERTION',
    actual: `<!doctype html>\n<html lang="en" class="dark">\n  <head>\n    <meta charset="utf-8" />\n    <meta name="viewport" content="width=device-width, initial-scale=1.0" />\n    <title>Séance - Vox Aeterna</title>\n    \n    <script src="https://cdn.tailwindcss.com?plugins=forms,container-queries"></script>\n    <link href="https://fonts.googleapis.com/css2?family=Noto+Serif:ital,wght@0,300;0,400;0,700;1,300;1,400;1,700&family=Space+Grotesk:wght@300;400;500;700&display=swap" rel="stylesheet" />\n    <link href="https://fonts.googleapis.com/css2?family=Material+Symbols+Outlined:wght,FILL@100..700,0..1&display=swap" rel="stylesheet" />\n    <script id="tailwind-config">\n      tailwind.config = {\n        darkMode: "class",\n        theme: {\n          extend: {\n            "colors": {\n              "primary-fixed": "#735a39",\n              "on-primary-container": "#000000",\n              "outline": "#919191",\n              "on-background": "#e5e2e1",\n              "inverse-surface": "#e5e2e1",\n              "error": "#ffb4ab",\n              "surface-dim": "#131313",\n              "on-secondary-fixed-variant": "#3c3b3b",\n              "secondary-fixed-dim": "#adabaa",\n              "surface-container-highest": "#353534",\n              "on-tertiary-container": "#000000",\n              "surface-container-low": "#1c1b1b",\n              "primary-container": "#f0cfa5",\n              "tertiary-fixed-dim": "#004b70",\n              "primary-fixed-dim": "#594323",\n              "on-primary-fixed-variant": "#ffddb2",\n              "outline-variant": "#474747",\n              "on-surface-variant": "#c6c6c6",\n              "inverse-on-surface": "#313030",\n              "tertiary-container": "#5997c4",\n              "surface-container-lowest": "#0e0e0e",\n              "on-tertiary": "#001e30",\n              "secondary-fixed": "#c9c6c5",\n              "surface-variant": "#353534",\n              "on-surface": "#e5e2e1",\n              "primary": "#ffffff",\n              "on-primary": "#291800",\n              "tertiary": "#cae6ff",\n              "surface-container": "#201f1f",\n              "on-secondary-container": "#e5e2e1",\n              "on-error-container": "#ffdad6",\n              "on-error": "#690005",\n              "tertiary-fixed": "#1c648e",\n              "surface-tint": "#e1c198",\n              "on-secondary-fixed": "#1c1b1b",\n              "on-tertiary-fixed": "#ffffff",\n              "on-secondary": "#1c1b1b",\n              "inverse-primary": "#735a39",\n              "on-primary-fixed": "#ffffff",\n              "secondary-container": "#474646",\n              "background": "#050505",\n              "surface-bright": "#3a3939",\n              "surface": "#131313",\n              "error-container": "#93000a",\n              "surface-container-high": "#2a2a2a",\n              "secondary": "#c9c6c5",\n              "on-tertiary-fixed-variant": "#cae6ff"\n            },\n            "fontFamily": {\n              "headline": ["Noto Serif", "serif"],\n              "body": ["Space Grotesk", "sans-serif"],\n              "label": ["Space Grotesk", "sans-serif"]\n            }\n          }\n        }\n      }\n    </script>\n    <style>\n      body {\n        min-height: max(884px, 100dvh);\n        overflow: hidden;\n      }\n      .material-symbols-outlined {\n        font-variation-settings: 'FILL' 0, 'wght' 200, 'GRAD' 0, 'opsz' 24;\n      }\n      .obsidian-void {\n        background: radial-gradient(circle at center, #1a1a1a 0%, #050505 100%);\n      }\n      .needle-line {\n        height: 0.5px;\n        background: linear-gradient(90deg, transparent 0%, rgba(255,255,255,0.2) 50%, transparent 100%);\n      }\n      .spectral-glow {\n        text-shadow: 0 0 15px rgba(255, 255, 255, 0.4);\n      }\n      .vertical-text {\n        writing-mode: vertical-rl;\n        text-orientation: mixed;\n      }\n      .smoke-blur {\n        filter: blur(40px);\n        background: radial-gradient(circle, rgba(202, 230, 255, 0.08) 0%, transparent 70%);\n      }\n      .grain-overlay {\n        background-image: url("https://lh3.googleusercontent.com/aida-public/AB6AXuDj3jyhb5qrY9ftxHnrNvrsFKao8TM0oQEN-ok12uccMAR-UKuMiR_cRE9gSPXoUXKQxFKd525138SuXUi4FNfPS3PFBUYRVSr2q10wsPN_lZRhicd6Nap5a6TZeIUApMMx5XJRJ6F2bUNeAvhXPhqtb04obGn3XcKxdVDiqWPgSAGT0gHeahJFX-o0Uw55m0dk_Xn0-rnFEVA7Oqys3EmmQ1QCXmqUG5UDo_x3jTRCJLYWbjn-UjdXofuwFD9Jx_83dpV0WB6GZWrq");\n        opacity: 0.03;\n        pointer-events: none;\n      }\n      .mote-blur {\n        filter: blur(80px);\n      }\n      .glow-pulse {\n        filter: drop-shadow(0 0 20px rgba(255, 255, 255, 0.1));\n      }\n      .light-rill {\n        background: linear-gradient(to bottom, transparent, rgba(202, 230, 255, 0.2), transparent);\n      }\n      .shard-blur {\n        backdrop-filter: blur(40px);\n        -webkit-backdrop-filter: blur(40px);\n      }\n    </style>\n  \n  </head>\n  <body class="bg-[#050505] text-on-background font-body selection:bg-tertiary/30 min-h-screen overflow-x-hidden relative">\n    \n    <!-- Fog and Grain Layers -->\n    <div class="fixed inset-0 grain-overlay z-10 pointer-events-none"></div>\n    <div class="fixed inset-0 bg-[radial-gradient(ellipse_at_center,_var(--tw-gradient-stops))] from-[#0a0a0a] via-[#050505] to-black z-0 pointer-events-none"></div>\n    \n    <!-- Navigation -->\n    <header class="fixed top-0 left-0 w-full z-50 flex justify-between items-center px-10 py-8 mix-blend-difference">\n        <div class="flex items-center gap-4">\n            <a href="/" class="text-white/60 hover:text-white transition-all duration-700 ease-in-out font-label text-xs uppercase tracking-[0.3em] truncate">\n                Sever Connection\n            </a>\n        </div>\n    </header>\n\n    \n\n    <main class="relative z-20 pt-24 pb-24 px-6 md:px-12 lg:px-24 max-w-7xl mx-auto flex flex-col min-h-[90vh] justify-center">\n        \n        <!-- Header Information -->\n        <div class="grid grid-cols-1 md:grid-cols-12 gap-8 mb-16 md:mb-24">\n            <div class="md:col-span-8 flex flex-col justify-end">\n                <p class="font-label uppercase text-[10px] tracking-[0.4em] text-on-surface-variant/60 mb-6">Echo Recovered</p>\n                <h1 class="font-headline italic text-4xl sm:text-5xl md:text-7xl lg:text-8xl text-primary tracking-tight leading-none mb-4 break-words">\n                    Tokyo\n                </h1>\n                <div class="flex items-center gap-4 sm:gap-6 flex-wrap">\n                    <span class="font-h1 text-2xl sm:text-3xl text-on-surface-variant/50">1965</span>\n                    <div class="h-px w-12 sm:w-24 bg-white/10 hidden sm:block"></div>\n                    <span class="font-label text-[10px] uppercase tracking-widest text-accent/70">High Confidence — Archival Convergence</span>\n                </div>\n            </div>\n            \n            <div class="md:col-span-4 flex flex-col justify-end">\n                <p class="font-body text-sm text-on-surface-variant/70 leading-relaxed sm:text-right">\n                    Audio projection constructed from fragmentary archival evidence.\n                    \n                </p>\n            </div>\n        </div>\n\n        \n        <div class="mb-32 flex flex-col items-center justify-center opacity-30">\n            <div class="w-24 h-24 rounded-full border border-white/10 border-dashed flex items-center justify-center mb-6">\n                <span class="material-symbols-outlined text-4xl font-light">mic_off</span>\n            </div>\n            <p class="font-label uppercase tracking-widest text-xs text-center">Acoustic Shadow<br/><span class="text-[9px] opacity-70 normal-case mt-2 block">No audio layers reconstructed</span></p>\n        </div>\n        \n\n        <!-- Floating Evidence Shards -->\n        \n    </main>\n    \n  </body>\n</html>`,
    expected: /Recovered from prior reconstruction/,
    operator: 'match',
    diff: 'simple'
  }

test at test/homepage.test.js:24:1
✖ homepage shows Begin séance CTA button (37.623297ms)
  AssertionError [ERR_ASSERTION]: The input did not match the regular expression /Begin s/. Input:
  
  '<!doctype html>\n' +
    '<html lang="en" class="dark">\n' +
    '  <head>\n' +
    '    <meta charset="utf-8" />\n' +
    '    <meta name="viewport" content="width=device-width, initial-scale=1.0" />\n' +
    '    <title>Séance - Invocation</title>\n' +
    '    \n' +
    '    <script src="https://cdn.tailwindcss.com?plugins=forms,container-queries"></script>\n' +
    '    <link href="https://fonts.googleapis.com/css2?family=Noto+Serif:ital,wght@0,300;0,400;0,700;1,300;1,400;1,700&family=Space+Grotesk:wght@300;400;500;700&display=swap" rel="stylesheet" />\n' +
    '    <link href="https://fonts.googleapis.com/css2?family=Material+Symbols+Outlined:wght,FILL@100..700,0..1&display=swap" rel="stylesheet" />\n' +
    '    <script id="tailwind-config">\n' +
    '      tailwind.config = {\n' +
    '        darkMode: "class",\n' +
    '        theme: {\n' +
    '          extend: {\n' +
    '            "colors": {\n' +
    '              "primary-fixed": "#735a39",\n' +
    '              "on-primary-container": "#000000",\n' +
    '              "outline": "#919191",\n' +
    '              "on-background": "#e5e2e1",\n' +
    '              "inverse-surface": "#e5e2e1",\n' +
    '              "error": "#ffb4ab",\n' +
    '              "surface-dim": "#131313",\n' +
    '              "on-secondary-fixed-variant": "#3c3b3b",\n' +
    '              "secondary-fixed-dim": "#adabaa",\n' +
    '              "surface-container-highest": "#353534",\n' +
    '              "on-tertiary-container": "#000000",\n' +
    '              "surface-container-low": "#1c1b1b",\n' +
    '              "primary-container": "#f0cfa5",\n' +
    '              "tertiary-fixed-dim": "#004b70",\n' +
    '              "primary-fixed-dim": "#594323",\n' +
    '              "on-primary-fixed-variant": "#ffddb2",\n' +
    '              "outline-variant": "#474747",\n' +
    '              "on-surface-variant": "#c6c6c6",\n' +
    '              "inverse-on-surface": "#313030",\n' +
    '              "tertiary-container": "#5997c4",\n' +
    '              "surface-container-lowest": "#0e0e0e",\n' +
    '              "on-tertiary": "#001e30",\n' +
    '              "secondary-fixed": "#c9c6c5",\n' +
    '              "surface-variant": "#353534",\n' +
    '              "on-surface": "#e5e2e1",\n' +
    '              "primary": "#ffffff",\n' +
    '              "on-primary": "#291800",\n' +
    '              "tertiary": "#cae6ff",\n' +
    '              "surface-container": "#201f1f",\n' +
    '              "on-secondary-container": "#e5e2e1",\n' +
    '              "on-error-container": "#ffdad6",\n' +
    '              "on-error": "#690005",\n' +
    '              "tertiary-fixed": "#1c648e",\n' +
    '              "surface-tint": "#e1c198",\n' +
    '              "on-secondary-fixed": "#1c1b1b",\n' +
    '              "on-tertiary-fixed": "#ffffff",\n' +
    '              "on-secondary": "#1c1b1b",\n' +
    '              "inverse-primary": "#735a39",\n' +
    '              "on-primary-fixed": "#ffffff",\n' +
    '              "secondary-container": "#474646",\n' +
    '              "background": "#050505",\n' +
    '              "surface-bright": "#3a3939",\n' +
    '              "surface": "#131313",\n' +
    '              "error-container": "#93000a",\n' +
    '              "surface-container-high": "#2a2a2a",\n' +
    '              "secondary": "#c9c6c5",\n' +
    '              "on-tertiary-fixed-variant": "#cae6ff"\n' +
    '            },\n' +
    '            "fontFamily": {\n' +
    '              "headline": ["Noto Serif", "serif"],\n' +
    '              "body": ["Space Grotesk", "sans-serif"],\n' +
    '              "label": ["Space Grotesk", "sans-serif"]\n' +
    '            }\n' +
    '          }\n' +
    '        }\n' +
    '      }\n' +
    '    </script>\n' +
    '    <style>\n' +
    '      body {\n' +
    '        min-height: max(884px, 100dvh);\n' +
    '        overflow: hidden;\n' +
    '      }\n' +
    '      .material-symbols-outlined {\n' +
    "        font-variation-settings: 'FILL' 0, 'wght' 200, 'GRAD' 0, 'opsz' 24;\n" +
    '      }\n' +
    '      .obsidian-void {\n' +
    '        background: radial-gradient(circle at center, #1a1a1a 0%, #050505 100%);\n' +
    '      }\n' +
    '      .needle-line {\n' +
    '        height: 0.5px;\n' +
    '        background: linear-gradient(90deg, transparent 0%, rgba(255,255,255,0.2) 50%, transparent 100%);\n' +
    '      }\n' +
    '      .spectral-glow {\n' +
    '        text-shadow: 0 0 15px rgba(255, 255, 255, 0.4);\n' +
    '      }\n' +
    '      .vertical-text {\n' +
    '        writing-mode: vertical-rl;\n' +
    '        text-orientation: mixed;\n' +
    '      }\n' +
    '      .smoke-blur {\n' +
    '        filter: blur(40px);\n' +
    '        background: radial-gradient(circle, rgba(202, 230, 255, 0.08) 0%, transparent 70%);\n' +
    '      }\n' +
    '      .grain-overlay {\n' +
    '        background-image: url("https://lh3.googleusercontent.com/aida-public/AB6AXuDj3jyhb5qrY9ftxHnrNvrsFKao8TM0oQEN-ok12uccMAR-UKuMiR_cRE9gSPXoUXKQxFKd525138SuXUi4FNfPS3PFBUYRVSr2q10wsPN_lZRhicd6Nap5a6TZeIUApMMx5XJRJ6F2bUNeAvhXPhqtb04obGn3XcKxdVDiqWPgSAGT0gHeahJFX-o0Uw55m0dk_Xn0-rnFEVA7Oqys3EmmQ1QCXmqUG5UDo_x3jTRCJLYWbjn-UjdXofuwFD9Jx_83dpV0WB6GZWrq");\n' +
    '        opacity: 0.03;\n' +
    '        pointer-events: none;\n' +
    '      }\n' +
    '      .mote-blur {\n' +
    '        filter: blur(80px);\n' +
    '      }\n' +
    '      .glow-pulse {\n' +
    '        filter: drop-shadow(0 0 20px rgba(255, 255, 255, 0.1));\n' +
    '      }\n' +
    '      .light-rill {\n' +
    '        background: linear-gradient(to bottom, transparent, rgba(202, 230, 255, 0.2), transparent);\n' +
    '      }\n' +
    '      .shard-blur {\n' +
    '        backdrop-filter: blur(40px);\n' +
    '        -webkit-backdrop-filter: blur(40px);\n' +
    '      }\n' +
    '    </style>\n' +
    '  \n' +
    '  </head>\n' +
    '  <body class="bg-background text-on-surface font-body overflow-hidden">\n' +
    '    <!-- The Obsidian Void Canvas -->\n' +
    '    <main class="relative h-screen w-full obsidian-void flex flex-col items-center justify-between py-12 px-8">\n' +
    '      \n' +
    '      <!-- Spectral Smoke Layer (Atmospheric) -->\n' +
    '      <div class="absolute inset-0 pointer-events-none overflow-hidden">\n' +
    '          <div class="smoke-blur absolute top-1/2 left-1/2 -translate-x-1/2 -translate-y-1/2 w-[800px] h-[800px] opacity-40"></div>\n' +
    '      </div>\n' +
    '\n' +
    '      <!-- Header / Identity -->\n' +
    '      <header class="z-10 text-center">\n' +
    '          <h1 class="font-headline font-light italic text-[10px] tracking-[1em] text-on-surface-variant opacity-80">\n' +
    '              SÉANCE\n' +
    '          </h1>\n' +
    '      </header>\n' +
    '\n' +
    '      <!-- Invocation Portal (Main Input Section) -->\n' +
    '      <div class="relative w-full max-w-4xl z-20 flex flex-col items-center group">\n' +
    '          <!-- Label Above: WHERE -->\n' +
    '          <div class="absolute -top-16 left-1/2 -translate-x-1/2">\n' +
    '              <span class="vertical-text font-label uppercase text-[8px] tracking-[0.4em] text-on-surface-variant/40">\n' +
    '                  WHERE\n' +
    '              </span>\n' +
    '          </div>\n' +
    '\n' +
    '          <!-- The Input Element -->\n' +
    '          <form id="summon-form" action="/ritual" method="get" class="relative w-full text-center space-y-4">\n' +
    '              <input type="hidden" name="place" id="hidden-place" />\n' +
    '              <input type="hidden" name="year" id="hidden-year" />\n' +
    '              \n' +
    '              <input \n' +
    '                  id="portal-input"\n' +
    '                  type="text" \n' +
    '                  class="w-full bg-transparent border-none focus:ring-0 text-center font-headline italic text-4xl md:text-6xl text-primary spectral-glow placeholder:text-on-surface-variant/20 transition-all duration-1000 outline-none" \n' +
    '                  placeholder="KYOTO, 1600" \n' +
    '                  spellcheck="false"\n' +
    '                  autocomplete="off"\n' +
    '              />\n' +
    '              \n' +
    '              <!-- The Needle Line -->\n' +
    '              <div class="needle-line w-full opacity-60"></div>\n' +
    '          </form>\n' +
    '\n' +
    '          <!-- Label Below: WHEN -->\n' +
    '          <div class="mt-8">\n' +
    '              <span class="font-label uppercase text-[8px] tracking-[0.4em] text-on-surface-variant/40">\n' +
    '                  WHEN\n' +
    '              </span>\n' +
    '          </div>\n' +
    '      </div>\n' +
    '\n' +
    '      <!-- Footer / Call to Action -->\n' +
    '      <footer class="z-10 flex flex-col items-center gap-6">\n' +
    '          <div class="h-16 w-[1px] bg-gradient-to-b from-transparent via-outline-variant/30 to-transparent"></div>\n' +
    '          <button id="summon-btn" class="font-label bg-transparent uppercase text-[9px] tracking-[0.3em] text-on-surface-variant/60 cursor-pointer hover:text-primary transition-colors duration-700">\n' +
    '              Tap the void to summon\n' +
    '          </button>\n' +
    '      </footer>\n' +
    '    </main>\n' +
    '\n' +
    '    <!-- Decorative Corner Accents (The Needle-Lines) -->\n' +
    '    <div class="fixed top-6 left-6 pointer-events-none opacity-20">\n' +
    '        <div class="w-12 h-[0.5px] bg-white"></div>\n' +
    '        <div class="w-[0.5px] h-12 bg-white"></div>\n' +
    '    </div>\n' +
    '    <div class="fixed bottom-6 right-6 pointer-events-none opacity-20 transform rotate-180">\n' +
    '        <div class="w-12 h-[0.5px] bg-white"></div>\n' +
    '        <div class="w-[0.5px] h-12 bg-white"></div>\n' +
    '    </div>\n' +
    '\n' +
    '    <script>\n' +
    "      document.addEventListener('DOMContentLoaded', () => {\n" +
    "        const form = document.getElementById('summon-form');\n" +
    "        const input = document.getElementById('portal-input');\n" +
    "        const hiddenPlace = document.getElementById('hidden-place');\n" +
    "        const hiddenYear = document.getElementById('hidden-year');\n" +
    "        const summonBtn = document.getElementById('summon-btn');\n" +
    '\n' +
    '        function parseAndSubmit(e) {\n' +
    '          e.preventDefault();\n' +
    '          \n' +
    '          const raw = input.value.trim();\n' +
    '          if (!raw) return;\n' +
    '\n' +
    '          // Simple heuristic: look for trailing digits for the year\n' +
    '          // "Paris 1920", "Paris, 1920", "New York, 2024"\n' +
    '          const match = raw.match(/^(.*?)[,\\s]+(\\d{1,4})$/);\n' +
    '          \n' +
    '          if (match) {\n' +
    '             hiddenPlace.value = match[1].trim();\n' +
    '             hiddenYear.value = match[2];\n' +
    '          } else {\n' +
    '             // Fallback: If they just type "Rome", default to a random historical year\n' +
    '             // or just let it pass to validation.\n' +
    '             hiddenPlace.value = raw;\n' +
    '             hiddenYear.value = new Date().getFullYear();\n' +
    '          }\n' +
    '\n' +
    '          form.submit();\n' +
    '        }\n' +
    '\n' +
    "        form.addEventListener('submit', parseAndSubmit);\n" +
    "        summonBtn.addEventListener('click', parseAndSubmit);\n" +
    '      });\n' +
    '    </script>\n' +
    '  </body>\n' +
    '</html>'
  
      at TestContext.<anonymous> (file:///home/srinivas/workspace/github.com/sivaratrisrinivas/seance/test/homepage.test.js:26:10)
      at async Test.run (node:internal/test_runner/test:1208:7)
      at async Test.processPendingSubtests (node:internal/test_runner/test:831:7) {
    generatedMessage: true,
    code: 'ERR_ASSERTION',
    actual: `<!doctype html>\n<html lang="en" class="dark">\n  <head>\n    <meta charset="utf-8" />\n    <meta name="viewport" content="width=device-width, initial-scale=1.0" />\n    <title>Séance - Invocation</title>\n    \n    <script src="https://cdn.tailwindcss.com?plugins=forms,container-queries"></script>\n    <link href="https://fonts.googleapis.com/css2?family=Noto+Serif:ital,wght@0,300;0,400;0,700;1,300;1,400;1,700&family=Space+Grotesk:wght@300;400;500;700&display=swap" rel="stylesheet" />\n    <link href="https://fonts.googleapis.com/css2?family=Material+Symbols+Outlined:wght,FILL@100..700,0..1&display=swap" rel="stylesheet" />\n    <script id="tailwind-config">\n      tailwind.config = {\n        darkMode: "class",\n        theme: {\n          extend: {\n            "colors": {\n              "primary-fixed": "#735a39",\n              "on-primary-container": "#000000",\n              "outline": "#919191",\n              "on-background": "#e5e2e1",\n              "inverse-surface": "#e5e2e1",\n              "error": "#ffb4ab",\n              "surface-dim": "#131313",\n              "on-secondary-fixed-variant": "#3c3b3b",\n              "secondary-fixed-dim": "#adabaa",\n              "surface-container-highest": "#353534",\n              "on-tertiary-container": "#000000",\n              "surface-container-low": "#1c1b1b",\n              "primary-container": "#f0cfa5",\n              "tertiary-fixed-dim": "#004b70",\n              "primary-fixed-dim": "#594323",\n              "on-primary-fixed-variant": "#ffddb2",\n              "outline-variant": "#474747",\n              "on-surface-variant": "#c6c6c6",\n              "inverse-on-surface": "#313030",\n              "tertiary-container": "#5997c4",\n              "surface-container-lowest": "#0e0e0e",\n              "on-tertiary": "#001e30",\n              "secondary-fixed": "#c9c6c5",\n              "surface-variant": "#353534",\n              "on-surface": "#e5e2e1",\n              "primary": "#ffffff",\n              "on-primary": "#291800",\n              "tertiary": "#cae6ff",\n              "surface-container": "#201f1f",\n              "on-secondary-container": "#e5e2e1",\n              "on-error-container": "#ffdad6",\n              "on-error": "#690005",\n              "tertiary-fixed": "#1c648e",\n              "surface-tint": "#e1c198",\n              "on-secondary-fixed": "#1c1b1b",\n              "on-tertiary-fixed": "#ffffff",\n              "on-secondary": "#1c1b1b",\n              "inverse-primary": "#735a39",\n              "on-primary-fixed": "#ffffff",\n              "secondary-container": "#474646",\n              "background": "#050505",\n              "surface-bright": "#3a3939",\n              "surface": "#131313",\n              "error-container": "#93000a",\n              "surface-container-high": "#2a2a2a",\n              "secondary": "#c9c6c5",\n              "on-tertiary-fixed-variant": "#cae6ff"\n            },\n            "fontFamily": {\n              "headline": ["Noto Serif", "serif"],\n              "body": ["Space Grotesk", "sans-serif"],\n              "label": ["Space Grotesk", "sans-serif"]\n            }\n          }\n        }\n      }\n    </script>\n    <style>\n      body {\n        min-height: max(884px, 100dvh);\n        overflow: hidden;\n      }\n      .material-symbols-outlined {\n        font-variation-settings: 'FILL' 0, 'wght' 200, 'GRAD' 0, 'opsz' 24;\n      }\n      .obsidian-void {\n        background: radial-gradient(circle at center, #1a1a1a 0%, #050505 100%);\n      }\n      .needle-line {\n        height: 0.5px;\n        background: linear-gradient(90deg, transparent 0%, rgba(255,255,255,0.2) 50%, transparent 100%);\n      }\n      .spectral-glow {\n        text-shadow: 0 0 15px rgba(255, 255, 255, 0.4);\n      }\n      .vertical-text {\n        writing-mode: vertical-rl;\n        text-orientation: mixed;\n      }\n      .smoke-blur {\n        filter: blur(40px);\n        background: radial-gradient(circle, rgba(202, 230, 255, 0.08) 0%, transparent 70%);\n      }\n      .grain-overlay {\n        background-image: url("https://lh3.googleusercontent.com/aida-public/AB6AXuDj3jyhb5qrY9ftxHnrNvrsFKao8TM0oQEN-ok12uccMAR-UKuMiR_cRE9gSPXoUXKQxFKd525138SuXUi4FNfPS3PFBUYRVSr2q10wsPN_lZRhicd6Nap5a6TZeIUApMMx5XJRJ6F2bUNeAvhXPhqtb04obGn3XcKxdVDiqWPgSAGT0gHeahJFX-o0Uw55m0dk_Xn0-rnFEVA7Oqys3EmmQ1QCXmqUG5UDo_x3jTRCJLYWbjn-UjdXofuwFD9Jx_83dpV0WB6GZWrq");\n        opacity: 0.03;\n        pointer-events: none;\n      }\n      .mote-blur {\n        filter: blur(80px);\n      }\n      .glow-pulse {\n        filter: drop-shadow(0 0 20px rgba(255, 255, 255, 0.1));\n      }\n      .light-rill {\n        background: linear-gradient(to bottom, transparent, rgba(202, 230, 255, 0.2), transparent);\n      }\n      .shard-blur {\n        backdrop-filter: blur(40px);\n        -webkit-backdrop-filter: blur(40px);\n      }\n    </style>\n  \n  </head>\n  <body class="bg-background text-on-surface font-body overflow-hidden">\n    <!-- The Obsidian Void Canvas -->\n    <main class="relative h-screen w-full obsidian-void flex flex-col items-center justify-between py-12 px-8">\n      \n      <!-- Spectral Smoke Layer (Atmospheric) -->\n      <div class="absolute inset-0 pointer-events-none overflow-hidden">\n          <div class="smoke-blur absolute top-1/2 left-1/2 -translate-x-1/2 -translate-y-1/2 w-[800px] h-[800px] opacity-40"></div>\n      </div>\n\n      <!-- Header / Identity -->\n      <header class="z-10 text-center">\n          <h1 class="font-headline font-light italic text-[10px] tracking-[1em] text-on-surface-variant opacity-80">\n              SÉANCE\n          </h1>\n      </header>\n\n      <!-- Invocation Portal (Main Input Section) -->\n      <div class="relative w-full max-w-4xl z-20 flex flex-col items-center group">\n          <!-- Label Above: WHERE -->\n          <div class="absolute -top-16 left-1/2 -translate-x-1/2">\n              <span class="vertical-text font-label uppercase text-[8px] tracking-[0.4em] text-on-surface-variant/40">\n                  WHERE\n              </span>\n          </div>\n\n          <!-- The Input Element -->\n          <form id="summon-form" action="/ritual" method="get" class="relative w-full text-center space-y-4">\n              <input type="hidden" name="place" id="hidden-place" />\n              <input type="hidden" name="year" id="hidden-year" />\n              \n              <input \n                  id="portal-input"\n                  type="text" \n                  class="w-full bg-transparent border-none focus:ring-0 text-center font-headline italic text-4xl md:text-6xl text-primary spectral-glow placeholder:text-on-surface-variant/20 transition-all duration-1000 outline-none" \n                  placeholder="KYOTO, 1600" \n                  spellcheck="false"\n                  autocomplete="off"\n              />\n              \n              <!-- The Needle Line -->\n              <div class="needle-line w-full opacity-60"></div>\n          </form>\n\n          <!-- Label Below: WHEN -->\n          <div class="mt-8">\n              <span class="font-label uppercase text-[8px] tracking-[0.4em] text-on-surface-variant/40">\n                  WHEN\n              </span>\n          </div>\n      </div>\n\n      <!-- Footer / Call to Action -->\n      <footer class="z-10 flex flex-col items-center gap-6">\n          <div class="h-16 w-[1px] bg-gradient-to-b from-transparent via-outline-variant/30 to-transparent"></div>\n          <button id="summon-btn" class="font-label bg-transparent uppercase text-[9px] tracking-[0.3em] text-on-surface-variant/60 cursor-pointer hover:text-primary transition-colors duration-700">\n              Tap the void to summon\n          </button>\n      </footer>\n    </main>\n\n    <!-- Decorative Corner Accents (The Needle-Lines) -->\n    <div class="fixed top-6 left-6 pointer-events-none opacity-20">\n        <div class="w-12 h-[0.5px] bg-white"></div>\n        <div class="w-[0.5px] h-12 bg-white"></div>\n    </div>\n    <div class="fixed bottom-6 right-6 pointer-events-none opacity-20 transform rotate-180">\n        <div class="w-12 h-[0.5px] bg-white"></div>\n        <div class="w-[0.5px] h-12 bg-white"></div>\n    </div>\n\n    <script>\n      document.addEventListener('DOMContentLoaded', () => {\n        const form = document.getElementById('summon-form');\n        const input = document.getElementById('portal-input');\n        const hiddenPlace = document.getElementById('hidden-place');\n        const hiddenYear = document.getElementById('hidden-year');\n        const summonBtn = document.getElementById('summon-btn');\n\n        function parseAndSubmit(e) {\n          e.preventDefault();\n          \n          const raw = input.value.trim();\n          if (!raw) return;\n\n          // Simple heuristic: look for trailing digits for the year\n          // "Paris 1920", "Paris, 1920", "New York, 2024"\n          const match = raw.match(/^(.*?)[,\\s]+(\\d{1,4})$/);\n          \n          if (match) {\n             hiddenPlace.value = match[1].trim();\n             hiddenYear.value = match[2];\n          } else {\n             // Fallback: If they just type "Rome", default to a random historical year\n             // or just let it pass to validation.\n             hiddenPlace.value = raw;\n             hiddenYear.value = new Date().getFullYear();\n          }\n\n          form.submit();\n        }\n\n        form.addEventListener('submit', parseAndSubmit);\n        summonBtn.addEventListener('click', parseAndSubmit);\n      });\n    </script>\n  </body>\n</html>`,
    expected: /Begin s/,
    operator: 'match',
    diff: 'simple'
  }

test at test/homepage.test.js:30:1
✖ homepage shows example queries as clickable links (4.8418ms)
  AssertionError [ERR_ASSERTION]: The input did not match the regular expression /Hyderabad/. Input:
  
  '<!doctype html>\n' +
    '<html lang="en" class="dark">\n' +
    '  <head>\n' +
    '    <meta charset="utf-8" />\n' +
    '    <meta name="viewport" content="width=device-width, initial-scale=1.0" />\n' +
    '    <title>Séance - Invocation</title>\n' +
    '    \n' +
    '    <script src="https://cdn.tailwindcss.com?plugins=forms,container-queries"></script>\n' +
    '    <link href="https://fonts.googleapis.com/css2?family=Noto+Serif:ital,wght@0,300;0,400;0,700;1,300;1,400;1,700&family=Space+Grotesk:wght@300;400;500;700&display=swap" rel="stylesheet" />\n' +
    '    <link href="https://fonts.googleapis.com/css2?family=Material+Symbols+Outlined:wght,FILL@100..700,0..1&display=swap" rel="stylesheet" />\n' +
    '    <script id="tailwind-config">\n' +
    '      tailwind.config = {\n' +
    '        darkMode: "class",\n' +
    '        theme: {\n' +
    '          extend: {\n' +
    '            "colors": {\n' +
    '              "primary-fixed": "#735a39",\n' +
    '              "on-primary-container": "#000000",\n' +
    '              "outline": "#919191",\n' +
    '              "on-background": "#e5e2e1",\n' +
    '              "inverse-surface": "#e5e2e1",\n' +
    '              "error": "#ffb4ab",\n' +
    '              "surface-dim": "#131313",\n' +
    '              "on-secondary-fixed-variant": "#3c3b3b",\n' +
    '              "secondary-fixed-dim": "#adabaa",\n' +
    '              "surface-container-highest": "#353534",\n' +
    '              "on-tertiary-container": "#000000",\n' +
    '              "surface-container-low": "#1c1b1b",\n' +
    '              "primary-container": "#f0cfa5",\n' +
    '              "tertiary-fixed-dim": "#004b70",\n' +
    '              "primary-fixed-dim": "#594323",\n' +
    '              "on-primary-fixed-variant": "#ffddb2",\n' +
    '              "outline-variant": "#474747",\n' +
    '              "on-surface-variant": "#c6c6c6",\n' +
    '              "inverse-on-surface": "#313030",\n' +
    '              "tertiary-container": "#5997c4",\n' +
    '              "surface-container-lowest": "#0e0e0e",\n' +
    '              "on-tertiary": "#001e30",\n' +
    '              "secondary-fixed": "#c9c6c5",\n' +
    '              "surface-variant": "#353534",\n' +
    '              "on-surface": "#e5e2e1",\n' +
    '              "primary": "#ffffff",\n' +
    '              "on-primary": "#291800",\n' +
    '              "tertiary": "#cae6ff",\n' +
    '              "surface-container": "#201f1f",\n' +
    '              "on-secondary-container": "#e5e2e1",\n' +
    '              "on-error-container": "#ffdad6",\n' +
    '              "on-error": "#690005",\n' +
    '              "tertiary-fixed": "#1c648e",\n' +
    '              "surface-tint": "#e1c198",\n' +
    '              "on-secondary-fixed": "#1c1b1b",\n' +
    '              "on-tertiary-fixed": "#ffffff",\n' +
    '              "on-secondary": "#1c1b1b",\n' +
    '              "inverse-primary": "#735a39",\n' +
    '              "on-primary-fixed": "#ffffff",\n' +
    '              "secondary-container": "#474646",\n' +
    '              "background": "#050505",\n' +
    '              "surface-bright": "#3a3939",\n' +
    '              "surface": "#131313",\n' +
    '              "error-container": "#93000a",\n' +
    '              "surface-container-high": "#2a2a2a",\n' +
    '              "secondary": "#c9c6c5",\n' +
    '              "on-tertiary-fixed-variant": "#cae6ff"\n' +
    '            },\n' +
    '            "fontFamily": {\n' +
    '              "headline": ["Noto Serif", "serif"],\n' +
    '              "body": ["Space Grotesk", "sans-serif"],\n' +
    '              "label": ["Space Grotesk", "sans-serif"]\n' +
    '            }\n' +
    '          }\n' +
    '        }\n' +
    '      }\n' +
    '    </script>\n' +
    '    <style>\n' +
    '      body {\n' +
    '        min-height: max(884px, 100dvh);\n' +
    '        overflow: hidden;\n' +
    '      }\n' +
    '      .material-symbols-outlined {\n' +
    "        font-variation-settings: 'FILL' 0, 'wght' 200, 'GRAD' 0, 'opsz' 24;\n" +
    '      }\n' +
    '      .obsidian-void {\n' +
    '        background: radial-gradient(circle at center, #1a1a1a 0%, #050505 100%);\n' +
    '      }\n' +
    '      .needle-line {\n' +
    '        height: 0.5px;\n' +
    '        background: linear-gradient(90deg, transparent 0%, rgba(255,255,255,0.2) 50%, transparent 100%);\n' +
    '      }\n' +
    '      .spectral-glow {\n' +
    '        text-shadow: 0 0 15px rgba(255, 255, 255, 0.4);\n' +
    '      }\n' +
    '      .vertical-text {\n' +
    '        writing-mode: vertical-rl;\n' +
    '        text-orientation: mixed;\n' +
    '      }\n' +
    '      .smoke-blur {\n' +
    '        filter: blur(40px);\n' +
    '        background: radial-gradient(circle, rgba(202, 230, 255, 0.08) 0%, transparent 70%);\n' +
    '      }\n' +
    '      .grain-overlay {\n' +
    '        background-image: url("https://lh3.googleusercontent.com/aida-public/AB6AXuDj3jyhb5qrY9ftxHnrNvrsFKao8TM0oQEN-ok12uccMAR-UKuMiR_cRE9gSPXoUXKQxFKd525138SuXUi4FNfPS3PFBUYRVSr2q10wsPN_lZRhicd6Nap5a6TZeIUApMMx5XJRJ6F2bUNeAvhXPhqtb04obGn3XcKxdVDiqWPgSAGT0gHeahJFX-o0Uw55m0dk_Xn0-rnFEVA7Oqys3EmmQ1QCXmqUG5UDo_x3jTRCJLYWbjn-UjdXofuwFD9Jx_83dpV0WB6GZWrq");\n' +
    '        opacity: 0.03;\n' +
    '        pointer-events: none;\n' +
    '      }\n' +
    '      .mote-blur {\n' +
    '        filter: blur(80px);\n' +
    '      }\n' +
    '      .glow-pulse {\n' +
    '        filter: drop-shadow(0 0 20px rgba(255, 255, 255, 0.1));\n' +
    '      }\n' +
    '      .light-rill {\n' +
    '        background: linear-gradient(to bottom, transparent, rgba(202, 230, 255, 0.2), transparent);\n' +
    '      }\n' +
    '      .shard-blur {\n' +
    '        backdrop-filter: blur(40px);\n' +
    '        -webkit-backdrop-filter: blur(40px);\n' +
    '      }\n' +
    '    </style>\n' +
    '  \n' +
    '  </head>\n' +
    '  <body class="bg-background text-on-surface font-body overflow-hidden">\n' +
    '    <!-- The Obsidian Void Canvas -->\n' +
    '    <main class="relative h-screen w-full obsidian-void flex flex-col items-center justify-between py-12 px-8">\n' +
    '      \n' +
    '      <!-- Spectral Smoke Layer (Atmospheric) -->\n' +
    '      <div class="absolute inset-0 pointer-events-none overflow-hidden">\n' +
    '          <div class="smoke-blur absolute top-1/2 left-1/2 -translate-x-1/2 -translate-y-1/2 w-[800px] h-[800px] opacity-40"></div>\n' +
    '      </div>\n' +
    '\n' +
    '      <!-- Header / Identity -->\n' +
    '      <header class="z-10 text-center">\n' +
    '          <h1 class="font-headline font-light italic text-[10px] tracking-[1em] text-on-surface-variant opacity-80">\n' +
    '              SÉANCE\n' +
    '          </h1>\n' +
    '      </header>\n' +
    '\n' +
    '      <!-- Invocation Portal (Main Input Section) -->\n' +
    '      <div class="relative w-full max-w-4xl z-20 flex flex-col items-center group">\n' +
    '          <!-- Label Above: WHERE -->\n' +
    '          <div class="absolute -top-16 left-1/2 -translate-x-1/2">\n' +
    '              <span class="vertical-text font-label uppercase text-[8px] tracking-[0.4em] text-on-surface-variant/40">\n' +
    '                  WHERE\n' +
    '              </span>\n' +
    '          </div>\n' +
    '\n' +
    '          <!-- The Input Element -->\n' +
    '          <form id="summon-form" action="/ritual" method="get" class="relative w-full text-center space-y-4">\n' +
    '              <input type="hidden" name="place" id="hidden-place" />\n' +
    '              <input type="hidden" name="year" id="hidden-year" />\n' +
    '              \n' +
    '              <input \n' +
    '                  id="portal-input"\n' +
    '                  type="text" \n' +
    '                  class="w-full bg-transparent border-none focus:ring-0 text-center font-headline italic text-4xl md:text-6xl text-primary spectral-glow placeholder:text-on-surface-variant/20 transition-all duration-1000 outline-none" \n' +
    '                  placeholder="KYOTO, 1600" \n' +
    '                  spellcheck="false"\n' +
    '                  autocomplete="off"\n' +
    '              />\n' +
    '              \n' +
    '              <!-- The Needle Line -->\n' +
    '              <div class="needle-line w-full opacity-60"></div>\n' +
    '          </form>\n' +
    '\n' +
    '          <!-- Label Below: WHEN -->\n' +
    '          <div class="mt-8">\n' +
    '              <span class="font-label uppercase text-[8px] tracking-[0.4em] text-on-surface-variant/40">\n' +
    '                  WHEN\n' +
    '              </span>\n' +
    '          </div>\n' +
    '      </div>\n' +
    '\n' +
    '      <!-- Footer / Call to Action -->\n' +
    '      <footer class="z-10 flex flex-col items-center gap-6">\n' +
    '          <div class="h-16 w-[1px] bg-gradient-to-b from-transparent via-outline-variant/30 to-transparent"></div>\n' +
    '          <button id="summon-btn" class="font-label bg-transparent uppercase text-[9px] tracking-[0.3em] text-on-surface-variant/60 cursor-pointer hover:text-primary transition-colors duration-700">\n' +
    '              Tap the void to summon\n' +
    '          </button>\n' +
    '      </footer>\n' +
    '    </main>\n' +
    '\n' +
    '    <!-- Decorative Corner Accents (The Needle-Lines) -->\n' +
    '    <div class="fixed top-6 left-6 pointer-events-none opacity-20">\n' +
    '        <div class="w-12 h-[0.5px] bg-white"></div>\n' +
    '        <div class="w-[0.5px] h-12 bg-white"></div>\n' +
    '    </div>\n' +
    '    <div class="fixed bottom-6 right-6 pointer-events-none opacity-20 transform rotate-180">\n' +
    '        <div class="w-12 h-[0.5px] bg-white"></div>\n' +
    '        <div class="w-[0.5px] h-12 bg-white"></div>\n' +
    '    </div>\n' +
    '\n' +
    '    <script>\n' +
    "      document.addEventListener('DOMContentLoaded', () => {\n" +
    "        const form = document.getElementById('summon-form');\n" +
    "        const input = document.getElementById('portal-input');\n" +
    "        const hiddenPlace = document.getElementById('hidden-place');\n" +
    "        const hiddenYear = document.getElementById('hidden-year');\n" +
    "        const summonBtn = document.getElementById('summon-btn');\n" +
    '\n' +
    '        function parseAndSubmit(e) {\n' +
    '          e.preventDefault();\n' +
    '          \n' +
    '          const raw = input.value.trim();\n' +
    '          if (!raw) return;\n' +
    '\n' +
    '          // Simple heuristic: look for trailing digits for the year\n' +
    '          // "Paris 1920", "Paris, 1920", "New York, 2024"\n' +
    '          const match = raw.match(/^(.*?)[,\\s]+(\\d{1,4})$/);\n' +
    '          \n' +
    '          if (match) {\n' +
    '             hiddenPlace.value = match[1].trim();\n' +
    '             hiddenYear.value = match[2];\n' +
    '          } else {\n' +
    '             // Fallback: If they just type "Rome", default to a random historical year\n' +
    '             // or just let it pass to validation.\n' +
    '             hiddenPlace.value = raw;\n' +
    '             hiddenYear.value = new Date().getFullYear();\n' +
    '          }\n' +
    '\n' +
    '          form.submit();\n' +
    '        }\n' +
    '\n' +
    "        form.addEventListener('submit', parseAndSubmit);\n" +
    "        summonBtn.addEventListener('click', parseAndSubmit);\n" +
    '      });\n' +
    '    </script>\n' +
    '  </body>\n' +
    '</html>'
  
      at TestContext.<anonymous> (file:///home/srinivas/workspace/github.com/sivaratrisrinivas/seance/test/homepage.test.js:32:10)
      at async Test.run (node:internal/test_runner/test:1208:7)
      at async Test.processPendingSubtests (node:internal/test_runner/test:831:7) {
    generatedMessage: true,
    code: 'ERR_ASSERTION',
    actual: `<!doctype html>\n<html lang="en" class="dark">\n  <head>\n    <meta charset="utf-8" />\n    <meta name="viewport" content="width=device-width, initial-scale=1.0" />\n    <title>Séance - Invocation</title>\n    \n    <script src="https://cdn.tailwindcss.com?plugins=forms,container-queries"></script>\n    <link href="https://fonts.googleapis.com/css2?family=Noto+Serif:ital,wght@0,300;0,400;0,700;1,300;1,400;1,700&family=Space+Grotesk:wght@300;400;500;700&display=swap" rel="stylesheet" />\n    <link href="https://fonts.googleapis.com/css2?family=Material+Symbols+Outlined:wght,FILL@100..700,0..1&display=swap" rel="stylesheet" />\n    <script id="tailwind-config">\n      tailwind.config = {\n        darkMode: "class",\n        theme: {\n          extend: {\n            "colors": {\n              "primary-fixed": "#735a39",\n              "on-primary-container": "#000000",\n              "outline": "#919191",\n              "on-background": "#e5e2e1",\n              "inverse-surface": "#e5e2e1",\n              "error": "#ffb4ab",\n              "surface-dim": "#131313",\n              "on-secondary-fixed-variant": "#3c3b3b",\n              "secondary-fixed-dim": "#adabaa",\n              "surface-container-highest": "#353534",\n              "on-tertiary-container": "#000000",\n              "surface-container-low": "#1c1b1b",\n              "primary-container": "#f0cfa5",\n              "tertiary-fixed-dim": "#004b70",\n              "primary-fixed-dim": "#594323",\n              "on-primary-fixed-variant": "#ffddb2",\n              "outline-variant": "#474747",\n              "on-surface-variant": "#c6c6c6",\n              "inverse-on-surface": "#313030",\n              "tertiary-container": "#5997c4",\n              "surface-container-lowest": "#0e0e0e",\n              "on-tertiary": "#001e30",\n              "secondary-fixed": "#c9c6c5",\n              "surface-variant": "#353534",\n              "on-surface": "#e5e2e1",\n              "primary": "#ffffff",\n              "on-primary": "#291800",\n              "tertiary": "#cae6ff",\n              "surface-container": "#201f1f",\n              "on-secondary-container": "#e5e2e1",\n              "on-error-container": "#ffdad6",\n              "on-error": "#690005",\n              "tertiary-fixed": "#1c648e",\n              "surface-tint": "#e1c198",\n              "on-secondary-fixed": "#1c1b1b",\n              "on-tertiary-fixed": "#ffffff",\n              "on-secondary": "#1c1b1b",\n              "inverse-primary": "#735a39",\n              "on-primary-fixed": "#ffffff",\n              "secondary-container": "#474646",\n              "background": "#050505",\n              "surface-bright": "#3a3939",\n              "surface": "#131313",\n              "error-container": "#93000a",\n              "surface-container-high": "#2a2a2a",\n              "secondary": "#c9c6c5",\n              "on-tertiary-fixed-variant": "#cae6ff"\n            },\n            "fontFamily": {\n              "headline": ["Noto Serif", "serif"],\n              "body": ["Space Grotesk", "sans-serif"],\n              "label": ["Space Grotesk", "sans-serif"]\n            }\n          }\n        }\n      }\n    </script>\n    <style>\n      body {\n        min-height: max(884px, 100dvh);\n        overflow: hidden;\n      }\n      .material-symbols-outlined {\n        font-variation-settings: 'FILL' 0, 'wght' 200, 'GRAD' 0, 'opsz' 24;\n      }\n      .obsidian-void {\n        background: radial-gradient(circle at center, #1a1a1a 0%, #050505 100%);\n      }\n      .needle-line {\n        height: 0.5px;\n        background: linear-gradient(90deg, transparent 0%, rgba(255,255,255,0.2) 50%, transparent 100%);\n      }\n      .spectral-glow {\n        text-shadow: 0 0 15px rgba(255, 255, 255, 0.4);\n      }\n      .vertical-text {\n        writing-mode: vertical-rl;\n        text-orientation: mixed;\n      }\n      .smoke-blur {\n        filter: blur(40px);\n        background: radial-gradient(circle, rgba(202, 230, 255, 0.08) 0%, transparent 70%);\n      }\n      .grain-overlay {\n        background-image: url("https://lh3.googleusercontent.com/aida-public/AB6AXuDj3jyhb5qrY9ftxHnrNvrsFKao8TM0oQEN-ok12uccMAR-UKuMiR_cRE9gSPXoUXKQxFKd525138SuXUi4FNfPS3PFBUYRVSr2q10wsPN_lZRhicd6Nap5a6TZeIUApMMx5XJRJ6F2bUNeAvhXPhqtb04obGn3XcKxdVDiqWPgSAGT0gHeahJFX-o0Uw55m0dk_Xn0-rnFEVA7Oqys3EmmQ1QCXmqUG5UDo_x3jTRCJLYWbjn-UjdXofuwFD9Jx_83dpV0WB6GZWrq");\n        opacity: 0.03;\n        pointer-events: none;\n      }\n      .mote-blur {\n        filter: blur(80px);\n      }\n      .glow-pulse {\n        filter: drop-shadow(0 0 20px rgba(255, 255, 255, 0.1));\n      }\n      .light-rill {\n        background: linear-gradient(to bottom, transparent, rgba(202, 230, 255, 0.2), transparent);\n      }\n      .shard-blur {\n        backdrop-filter: blur(40px);\n        -webkit-backdrop-filter: blur(40px);\n      }\n    </style>\n  \n  </head>\n  <body class="bg-background text-on-surface font-body overflow-hidden">\n    <!-- The Obsidian Void Canvas -->\n    <main class="relative h-screen w-full obsidian-void flex flex-col items-center justify-between py-12 px-8">\n      \n      <!-- Spectral Smoke Layer (Atmospheric) -->\n      <div class="absolute inset-0 pointer-events-none overflow-hidden">\n          <div class="smoke-blur absolute top-1/2 left-1/2 -translate-x-1/2 -translate-y-1/2 w-[800px] h-[800px] opacity-40"></div>\n      </div>\n\n      <!-- Header / Identity -->\n      <header class="z-10 text-center">\n          <h1 class="font-headline font-light italic text-[10px] tracking-[1em] text-on-surface-variant opacity-80">\n              SÉANCE\n          </h1>\n      </header>\n\n      <!-- Invocation Portal (Main Input Section) -->\n      <div class="relative w-full max-w-4xl z-20 flex flex-col items-center group">\n          <!-- Label Above: WHERE -->\n          <div class="absolute -top-16 left-1/2 -translate-x-1/2">\n              <span class="vertical-text font-label uppercase text-[8px] tracking-[0.4em] text-on-surface-variant/40">\n                  WHERE\n              </span>\n          </div>\n\n          <!-- The Input Element -->\n          <form id="summon-form" action="/ritual" method="get" class="relative w-full text-center space-y-4">\n              <input type="hidden" name="place" id="hidden-place" />\n              <input type="hidden" name="year" id="hidden-year" />\n              \n              <input \n                  id="portal-input"\n                  type="text" \n                  class="w-full bg-transparent border-none focus:ring-0 text-center font-headline italic text-4xl md:text-6xl text-primary spectral-glow placeholder:text-on-surface-variant/20 transition-all duration-1000 outline-none" \n                  placeholder="KYOTO, 1600" \n                  spellcheck="false"\n                  autocomplete="off"\n              />\n              \n              <!-- The Needle Line -->\n              <div class="needle-line w-full opacity-60"></div>\n          </form>\n\n          <!-- Label Below: WHEN -->\n          <div class="mt-8">\n              <span class="font-label uppercase text-[8px] tracking-[0.4em] text-on-surface-variant/40">\n                  WHEN\n              </span>\n          </div>\n      </div>\n\n      <!-- Footer / Call to Action -->\n      <footer class="z-10 flex flex-col items-center gap-6">\n          <div class="h-16 w-[1px] bg-gradient-to-b from-transparent via-outline-variant/30 to-transparent"></div>\n          <button id="summon-btn" class="font-label bg-transparent uppercase text-[9px] tracking-[0.3em] text-on-surface-variant/60 cursor-pointer hover:text-primary transition-colors duration-700">\n              Tap the void to summon\n          </button>\n      </footer>\n    </main>\n\n    <!-- Decorative Corner Accents (The Needle-Lines) -->\n    <div class="fixed top-6 left-6 pointer-events-none opacity-20">\n        <div class="w-12 h-[0.5px] bg-white"></div>\n        <div class="w-[0.5px] h-12 bg-white"></div>\n    </div>\n    <div class="fixed bottom-6 right-6 pointer-events-none opacity-20 transform rotate-180">\n        <div class="w-12 h-[0.5px] bg-white"></div>\n        <div class="w-[0.5px] h-12 bg-white"></div>\n    </div>\n\n    <script>\n      document.addEventListener('DOMContentLoaded', () => {\n        const form = document.getElementById('summon-form');\n        const input = document.getElementById('portal-input');\n        const hiddenPlace = document.getElementById('hidden-place');\n        const hiddenYear = document.getElementById('hidden-year');\n        const summonBtn = document.getElementById('summon-btn');\n\n        function parseAndSubmit(e) {\n          e.preventDefault();\n          \n          const raw = input.value.trim();\n          if (!raw) return;\n\n          // Simple heuristic: look for trailing digits for the year\n          // "Paris 1920", "Paris, 1920", "New York, 2024"\n          const match = raw.match(/^(.*?)[,\\s]+(\\d{1,4})$/);\n          \n          if (match) {\n             hiddenPlace.value = match[1].trim();\n             hiddenYear.value = match[2];\n          } else {\n             // Fallback: If they just type "Rome", default to a random historical year\n             // or just let it pass to validation.\n             hiddenPlace.value = raw;\n             hiddenYear.value = new Date().getFullYear();\n          }\n\n          form.submit();\n        }\n\n        form.addEventListener('submit', parseAndSubmit);\n        summonBtn.addEventListener('click', parseAndSubmit);\n      });\n    </script>\n  </body>\n</html>`,
    expected: /Hyderabad/,
    operator: 'match',
    diff: 'simple'
  }

test at test/homepage.test.js:36:1
✖ homepage supports responsive layout with media queries (5.828599ms)
  AssertionError [ERR_ASSERTION]: The input did not match the regular expression /@media/. Input:
  
  '<!doctype html>\n' +
    '<html lang="en" class="dark">\n' +
    '  <head>\n' +
    '    <meta charset="utf-8" />\n' +
    '    <meta name="viewport" content="width=device-width, initial-scale=1.0" />\n' +
    '    <title>Séance - Invocation</title>\n' +
    '    \n' +
    '    <script src="https://cdn.tailwindcss.com?plugins=forms,container-queries"></script>\n' +
    '    <link href="https://fonts.googleapis.com/css2?family=Noto+Serif:ital,wght@0,300;0,400;0,700;1,300;1,400;1,700&family=Space+Grotesk:wght@300;400;500;700&display=swap" rel="stylesheet" />\n' +
    '    <link href="https://fonts.googleapis.com/css2?family=Material+Symbols+Outlined:wght,FILL@100..700,0..1&display=swap" rel="stylesheet" />\n' +
    '    <script id="tailwind-config">\n' +
    '      tailwind.config = {\n' +
    '        darkMode: "class",\n' +
    '        theme: {\n' +
    '          extend: {\n' +
    '            "colors": {\n' +
    '              "primary-fixed": "#735a39",\n' +
    '              "on-primary-container": "#000000",\n' +
    '              "outline": "#919191",\n' +
    '              "on-background": "#e5e2e1",\n' +
    '              "inverse-surface": "#e5e2e1",\n' +
    '              "error": "#ffb4ab",\n' +
    '              "surface-dim": "#131313",\n' +
    '              "on-secondary-fixed-variant": "#3c3b3b",\n' +
    '              "secondary-fixed-dim": "#adabaa",\n' +
    '              "surface-container-highest": "#353534",\n' +
    '              "on-tertiary-container": "#000000",\n' +
    '              "surface-container-low": "#1c1b1b",\n' +
    '              "primary-container": "#f0cfa5",\n' +
    '              "tertiary-fixed-dim": "#004b70",\n' +
    '              "primary-fixed-dim": "#594323",\n' +
    '              "on-primary-fixed-variant": "#ffddb2",\n' +
    '              "outline-variant": "#474747",\n' +
    '              "on-surface-variant": "#c6c6c6",\n' +
    '              "inverse-on-surface": "#313030",\n' +
    '              "tertiary-container": "#5997c4",\n' +
    '              "surface-container-lowest": "#0e0e0e",\n' +
    '              "on-tertiary": "#001e30",\n' +
    '              "secondary-fixed": "#c9c6c5",\n' +
    '              "surface-variant": "#353534",\n' +
    '              "on-surface": "#e5e2e1",\n' +
    '              "primary": "#ffffff",\n' +
    '              "on-primary": "#291800",\n' +
    '              "tertiary": "#cae6ff",\n' +
    '              "surface-container": "#201f1f",\n' +
    '              "on-secondary-container": "#e5e2e1",\n' +
    '              "on-error-container": "#ffdad6",\n' +
    '              "on-error": "#690005",\n' +
    '              "tertiary-fixed": "#1c648e",\n' +
    '              "surface-tint": "#e1c198",\n' +
    '              "on-secondary-fixed": "#1c1b1b",\n' +
    '              "on-tertiary-fixed": "#ffffff",\n' +
    '              "on-secondary": "#1c1b1b",\n' +
    '              "inverse-primary": "#735a39",\n' +
    '              "on-primary-fixed": "#ffffff",\n' +
    '              "secondary-container": "#474646",\n' +
    '              "background": "#050505",\n' +
    '              "surface-bright": "#3a3939",\n' +
    '              "surface": "#131313",\n' +
    '              "error-container": "#93000a",\n' +
    '              "surface-container-high": "#2a2a2a",\n' +
    '              "secondary": "#c9c6c5",\n' +
    '              "on-tertiary-fixed-variant": "#cae6ff"\n' +
    '            },\n' +
    '            "fontFamily": {\n' +
    '              "headline": ["Noto Serif", "serif"],\n' +
    '              "body": ["Space Grotesk", "sans-serif"],\n' +
    '              "label": ["Space Grotesk", "sans-serif"]\n' +
    '            }\n' +
    '          }\n' +
    '        }\n' +
    '      }\n' +
    '    </script>\n' +
    '    <style>\n' +
    '      body {\n' +
    '        min-height: max(884px, 100dvh);\n' +
    '        overflow: hidden;\n' +
    '      }\n' +
    '      .material-symbols-outlined {\n' +
    "        font-variation-settings: 'FILL' 0, 'wght' 200, 'GRAD' 0, 'opsz' 24;\n" +
    '      }\n' +
    '      .obsidian-void {\n' +
    '        background: radial-gradient(circle at center, #1a1a1a 0%, #050505 100%);\n' +
    '      }\n' +
    '      .needle-line {\n' +
    '        height: 0.5px;\n' +
    '        background: linear-gradient(90deg, transparent 0%, rgba(255,255,255,0.2) 50%, transparent 100%);\n' +
    '      }\n' +
    '      .spectral-glow {\n' +
    '        text-shadow: 0 0 15px rgba(255, 255, 255, 0.4);\n' +
    '      }\n' +
    '      .vertical-text {\n' +
    '        writing-mode: vertical-rl;\n' +
    '        text-orientation: mixed;\n' +
    '      }\n' +
    '      .smoke-blur {\n' +
    '        filter: blur(40px);\n' +
    '        background: radial-gradient(circle, rgba(202, 230, 255, 0.08) 0%, transparent 70%);\n' +
    '      }\n' +
    '      .grain-overlay {\n' +
    '        background-image: url("https://lh3.googleusercontent.com/aida-public/AB6AXuDj3jyhb5qrY9ftxHnrNvrsFKao8TM0oQEN-ok12uccMAR-UKuMiR_cRE9gSPXoUXKQxFKd525138SuXUi4FNfPS3PFBUYRVSr2q10wsPN_lZRhicd6Nap5a6TZeIUApMMx5XJRJ6F2bUNeAvhXPhqtb04obGn3XcKxdVDiqWPgSAGT0gHeahJFX-o0Uw55m0dk_Xn0-rnFEVA7Oqys3EmmQ1QCXmqUG5UDo_x3jTRCJLYWbjn-UjdXofuwFD9Jx_83dpV0WB6GZWrq");\n' +
    '        opacity: 0.03;\n' +
    '        pointer-events: none;\n' +
    '      }\n' +
    '      .mote-blur {\n' +
    '        filter: blur(80px);\n' +
    '      }\n' +
    '      .glow-pulse {\n' +
    '        filter: drop-shadow(0 0 20px rgba(255, 255, 255, 0.1));\n' +
    '      }\n' +
    '      .light-rill {\n' +
    '        background: linear-gradient(to bottom, transparent, rgba(202, 230, 255, 0.2), transparent);\n' +
    '      }\n' +
    '      .shard-blur {\n' +
    '        backdrop-filter: blur(40px);\n' +
    '        -webkit-backdrop-filter: blur(40px);\n' +
    '      }\n' +
    '    </style>\n' +
    '  \n' +
    '  </head>\n' +
    '  <body class="bg-background text-on-surface font-body overflow-hidden">\n' +
    '    <!-- The Obsidian Void Canvas -->\n' +
    '    <main class="relative h-screen w-full obsidian-void flex flex-col items-center justify-between py-12 px-8">\n' +
    '      \n' +
    '      <!-- Spectral Smoke Layer (Atmospheric) -->\n' +
    '      <div class="absolute inset-0 pointer-events-none overflow-hidden">\n' +
    '          <div class="smoke-blur absolute top-1/2 left-1/2 -translate-x-1/2 -translate-y-1/2 w-[800px] h-[800px] opacity-40"></div>\n' +
    '      </div>\n' +
    '\n' +
    '      <!-- Header / Identity -->\n' +
    '      <header class="z-10 text-center">\n' +
    '          <h1 class="font-headline font-light italic text-[10px] tracking-[1em] text-on-surface-variant opacity-80">\n' +
    '              SÉANCE\n' +
    '          </h1>\n' +
    '      </header>\n' +
    '\n' +
    '      <!-- Invocation Portal (Main Input Section) -->\n' +
    '      <div class="relative w-full max-w-4xl z-20 flex flex-col items-center group">\n' +
    '          <!-- Label Above: WHERE -->\n' +
    '          <div class="absolute -top-16 left-1/2 -translate-x-1/2">\n' +
    '              <span class="vertical-text font-label uppercase text-[8px] tracking-[0.4em] text-on-surface-variant/40">\n' +
    '                  WHERE\n' +
    '              </span>\n' +
    '          </div>\n' +
    '\n' +
    '          <!-- The Input Element -->\n' +
    '          <form id="summon-form" action="/ritual" method="get" class="relative w-full text-center space-y-4">\n' +
    '              <input type="hidden" name="place" id="hidden-place" />\n' +
    '              <input type="hidden" name="year" id="hidden-year" />\n' +
    '              \n' +
    '              <input \n' +
    '                  id="portal-input"\n' +
    '                  type="text" \n' +
    '                  class="w-full bg-transparent border-none focus:ring-0 text-center font-headline italic text-4xl md:text-6xl text-primary spectral-glow placeholder:text-on-surface-variant/20 transition-all duration-1000 outline-none" \n' +
    '                  placeholder="KYOTO, 1600" \n' +
    '                  spellcheck="false"\n' +
    '                  autocomplete="off"\n' +
    '              />\n' +
    '              \n' +
    '              <!-- The Needle Line -->\n' +
    '              <div class="needle-line w-full opacity-60"></div>\n' +
    '          </form>\n' +
    '\n' +
    '          <!-- Label Below: WHEN -->\n' +
    '          <div class="mt-8">\n' +
    '              <span class="font-label uppercase text-[8px] tracking-[0.4em] text-on-surface-variant/40">\n' +
    '                  WHEN\n' +
    '              </span>\n' +
    '          </div>\n' +
    '      </div>\n' +
    '\n' +
    '      <!-- Footer / Call to Action -->\n' +
    '      <footer class="z-10 flex flex-col items-center gap-6">\n' +
    '          <div class="h-16 w-[1px] bg-gradient-to-b from-transparent via-outline-variant/30 to-transparent"></div>\n' +
    '          <button id="summon-btn" class="font-label bg-transparent uppercase text-[9px] tracking-[0.3em] text-on-surface-variant/60 cursor-pointer hover:text-primary transition-colors duration-700">\n' +
    '              Tap the void to summon\n' +
    '          </button>\n' +
    '      </footer>\n' +
    '    </main>\n' +
    '\n' +
    '    <!-- Decorative Corner Accents (The Needle-Lines) -->\n' +
    '    <div class="fixed top-6 left-6 pointer-events-none opacity-20">\n' +
    '        <div class="w-12 h-[0.5px] bg-white"></div>\n' +
    '        <div class="w-[0.5px] h-12 bg-white"></div>\n' +
    '    </div>\n' +
    '    <div class="fixed bottom-6 right-6 pointer-events-none opacity-20 transform rotate-180">\n' +
    '        <div class="w-12 h-[0.5px] bg-white"></div>\n' +
    '        <div class="w-[0.5px] h-12 bg-white"></div>\n' +
    '    </div>\n' +
    '\n' +
    '    <script>\n' +
    "      document.addEventListener('DOMContentLoaded', () => {\n" +
    "        const form = document.getElementById('summon-form');\n" +
    "        const input = document.getElementById('portal-input');\n" +
    "        const hiddenPlace = document.getElementById('hidden-place');\n" +
    "        const hiddenYear = document.getElementById('hidden-year');\n" +
    "        const summonBtn = document.getElementById('summon-btn');\n" +
    '\n' +
    '        function parseAndSubmit(e) {\n' +
    '          e.preventDefault();\n' +
    '          \n' +
    '          const raw = input.value.trim();\n' +
    '          if (!raw) return;\n' +
    '\n' +
    '          // Simple heuristic: look for trailing digits for the year\n' +
    '          // "Paris 1920", "Paris, 1920", "New York, 2024"\n' +
    '          const match = raw.match(/^(.*?)[,\\s]+(\\d{1,4})$/);\n' +
    '          \n' +
    '          if (match) {\n' +
    '             hiddenPlace.value = match[1].trim();\n' +
    '             hiddenYear.value = match[2];\n' +
    '          } else {\n' +
    '             // Fallback: If they just type "Rome", default to a random historical year\n' +
    '             // or just let it pass to validation.\n' +
    '             hiddenPlace.value = raw;\n' +
    '             hiddenYear.value = new Date().getFullYear();\n' +
    '          }\n' +
    '\n' +
    '          form.submit();\n' +
    '        }\n' +
    '\n' +
    "        form.addEventListener('submit', parseAndSubmit);\n" +
    "        summonBtn.addEventListener('click', parseAndSubmit);\n" +
    '      });\n' +
    '    </script>\n' +
    '  </body>\n' +
    '</html>'
  
      at TestContext.<anonymous> (file:///home/srinivas/workspace/github.com/sivaratrisrinivas/seance/test/homepage.test.js:38:10)
      at async Test.run (node:internal/test_runner/test:1208:7)
      at async Test.processPendingSubtests (node:internal/test_runner/test:831:7) {
    generatedMessage: true,
    code: 'ERR_ASSERTION',
    actual: `<!doctype html>\n<html lang="en" class="dark">\n  <head>\n    <meta charset="utf-8" />\n    <meta name="viewport" content="width=device-width, initial-scale=1.0" />\n    <title>Séance - Invocation</title>\n    \n    <script src="https://cdn.tailwindcss.com?plugins=forms,container-queries"></script>\n    <link href="https://fonts.googleapis.com/css2?family=Noto+Serif:ital,wght@0,300;0,400;0,700;1,300;1,400;1,700&family=Space+Grotesk:wght@300;400;500;700&display=swap" rel="stylesheet" />\n    <link href="https://fonts.googleapis.com/css2?family=Material+Symbols+Outlined:wght,FILL@100..700,0..1&display=swap" rel="stylesheet" />\n    <script id="tailwind-config">\n      tailwind.config = {\n        darkMode: "class",\n        theme: {\n          extend: {\n            "colors": {\n              "primary-fixed": "#735a39",\n              "on-primary-container": "#000000",\n              "outline": "#919191",\n              "on-background": "#e5e2e1",\n              "inverse-surface": "#e5e2e1",\n              "error": "#ffb4ab",\n              "surface-dim": "#131313",\n              "on-secondary-fixed-variant": "#3c3b3b",\n              "secondary-fixed-dim": "#adabaa",\n              "surface-container-highest": "#353534",\n              "on-tertiary-container": "#000000",\n              "surface-container-low": "#1c1b1b",\n              "primary-container": "#f0cfa5",\n              "tertiary-fixed-dim": "#004b70",\n              "primary-fixed-dim": "#594323",\n              "on-primary-fixed-variant": "#ffddb2",\n              "outline-variant": "#474747",\n              "on-surface-variant": "#c6c6c6",\n              "inverse-on-surface": "#313030",\n              "tertiary-container": "#5997c4",\n              "surface-container-lowest": "#0e0e0e",\n              "on-tertiary": "#001e30",\n              "secondary-fixed": "#c9c6c5",\n              "surface-variant": "#353534",\n              "on-surface": "#e5e2e1",\n              "primary": "#ffffff",\n              "on-primary": "#291800",\n              "tertiary": "#cae6ff",\n              "surface-container": "#201f1f",\n              "on-secondary-container": "#e5e2e1",\n              "on-error-container": "#ffdad6",\n              "on-error": "#690005",\n              "tertiary-fixed": "#1c648e",\n              "surface-tint": "#e1c198",\n              "on-secondary-fixed": "#1c1b1b",\n              "on-tertiary-fixed": "#ffffff",\n              "on-secondary": "#1c1b1b",\n              "inverse-primary": "#735a39",\n              "on-primary-fixed": "#ffffff",\n              "secondary-container": "#474646",\n              "background": "#050505",\n              "surface-bright": "#3a3939",\n              "surface": "#131313",\n              "error-container": "#93000a",\n              "surface-container-high": "#2a2a2a",\n              "secondary": "#c9c6c5",\n              "on-tertiary-fixed-variant": "#cae6ff"\n            },\n            "fontFamily": {\n              "headline": ["Noto Serif", "serif"],\n              "body": ["Space Grotesk", "sans-serif"],\n              "label": ["Space Grotesk", "sans-serif"]\n            }\n          }\n        }\n      }\n    </script>\n    <style>\n      body {\n        min-height: max(884px, 100dvh);\n        overflow: hidden;\n      }\n      .material-symbols-outlined {\n        font-variation-settings: 'FILL' 0, 'wght' 200, 'GRAD' 0, 'opsz' 24;\n      }\n      .obsidian-void {\n        background: radial-gradient(circle at center, #1a1a1a 0%, #050505 100%);\n      }\n      .needle-line {\n        height: 0.5px;\n        background: linear-gradient(90deg, transparent 0%, rgba(255,255,255,0.2) 50%, transparent 100%);\n      }\n      .spectral-glow {\n        text-shadow: 0 0 15px rgba(255, 255, 255, 0.4);\n      }\n      .vertical-text {\n        writing-mode: vertical-rl;\n        text-orientation: mixed;\n      }\n      .smoke-blur {\n        filter: blur(40px);\n        background: radial-gradient(circle, rgba(202, 230, 255, 0.08) 0%, transparent 70%);\n      }\n      .grain-overlay {\n        background-image: url("https://lh3.googleusercontent.com/aida-public/AB6AXuDj3jyhb5qrY9ftxHnrNvrsFKao8TM0oQEN-ok12uccMAR-UKuMiR_cRE9gSPXoUXKQxFKd525138SuXUi4FNfPS3PFBUYRVSr2q10wsPN_lZRhicd6Nap5a6TZeIUApMMx5XJRJ6F2bUNeAvhXPhqtb04obGn3XcKxdVDiqWPgSAGT0gHeahJFX-o0Uw55m0dk_Xn0-rnFEVA7Oqys3EmmQ1QCXmqUG5UDo_x3jTRCJLYWbjn-UjdXofuwFD9Jx_83dpV0WB6GZWrq");\n        opacity: 0.03;\n        pointer-events: none;\n      }\n      .mote-blur {\n        filter: blur(80px);\n      }\n      .glow-pulse {\n        filter: drop-shadow(0 0 20px rgba(255, 255, 255, 0.1));\n      }\n      .light-rill {\n        background: linear-gradient(to bottom, transparent, rgba(202, 230, 255, 0.2), transparent);\n      }\n      .shard-blur {\n        backdrop-filter: blur(40px);\n        -webkit-backdrop-filter: blur(40px);\n      }\n    </style>\n  \n  </head>\n  <body class="bg-background text-on-surface font-body overflow-hidden">\n    <!-- The Obsidian Void Canvas -->\n    <main class="relative h-screen w-full obsidian-void flex flex-col items-center justify-between py-12 px-8">\n      \n      <!-- Spectral Smoke Layer (Atmospheric) -->\n      <div class="absolute inset-0 pointer-events-none overflow-hidden">\n          <div class="smoke-blur absolute top-1/2 left-1/2 -translate-x-1/2 -translate-y-1/2 w-[800px] h-[800px] opacity-40"></div>\n      </div>\n\n      <!-- Header / Identity -->\n      <header class="z-10 text-center">\n          <h1 class="font-headline font-light italic text-[10px] tracking-[1em] text-on-surface-variant opacity-80">\n              SÉANCE\n          </h1>\n      </header>\n\n      <!-- Invocation Portal (Main Input Section) -->\n      <div class="relative w-full max-w-4xl z-20 flex flex-col items-center group">\n          <!-- Label Above: WHERE -->\n          <div class="absolute -top-16 left-1/2 -translate-x-1/2">\n              <span class="vertical-text font-label uppercase text-[8px] tracking-[0.4em] text-on-surface-variant/40">\n                  WHERE\n              </span>\n          </div>\n\n          <!-- The Input Element -->\n          <form id="summon-form" action="/ritual" method="get" class="relative w-full text-center space-y-4">\n              <input type="hidden" name="place" id="hidden-place" />\n              <input type="hidden" name="year" id="hidden-year" />\n              \n              <input \n                  id="portal-input"\n                  type="text" \n                  class="w-full bg-transparent border-none focus:ring-0 text-center font-headline italic text-4xl md:text-6xl text-primary spectral-glow placeholder:text-on-surface-variant/20 transition-all duration-1000 outline-none" \n                  placeholder="KYOTO, 1600" \n                  spellcheck="false"\n                  autocomplete="off"\n              />\n              \n              <!-- The Needle Line -->\n              <div class="needle-line w-full opacity-60"></div>\n          </form>\n\n          <!-- Label Below: WHEN -->\n          <div class="mt-8">\n              <span class="font-label uppercase text-[8px] tracking-[0.4em] text-on-surface-variant/40">\n                  WHEN\n              </span>\n          </div>\n      </div>\n\n      <!-- Footer / Call to Action -->\n      <footer class="z-10 flex flex-col items-center gap-6">\n          <div class="h-16 w-[1px] bg-gradient-to-b from-transparent via-outline-variant/30 to-transparent"></div>\n          <button id="summon-btn" class="font-label bg-transparent uppercase text-[9px] tracking-[0.3em] text-on-surface-variant/60 cursor-pointer hover:text-primary transition-colors duration-700">\n              Tap the void to summon\n          </button>\n      </footer>\n    </main>\n\n    <!-- Decorative Corner Accents (The Needle-Lines) -->\n    <div class="fixed top-6 left-6 pointer-events-none opacity-20">\n        <div class="w-12 h-[0.5px] bg-white"></div>\n        <div class="w-[0.5px] h-12 bg-white"></div>\n    </div>\n    <div class="fixed bottom-6 right-6 pointer-events-none opacity-20 transform rotate-180">\n        <div class="w-12 h-[0.5px] bg-white"></div>\n        <div class="w-[0.5px] h-12 bg-white"></div>\n    </div>\n\n    <script>\n      document.addEventListener('DOMContentLoaded', () => {\n        const form = document.getElementById('summon-form');\n        const input = document.getElementById('portal-input');\n        const hiddenPlace = document.getElementById('hidden-place');\n        const hiddenYear = document.getElementById('hidden-year');\n        const summonBtn = document.getElementById('summon-btn');\n\n        function parseAndSubmit(e) {\n          e.preventDefault();\n          \n          const raw = input.value.trim();\n          if (!raw) return;\n\n          // Simple heuristic: look for trailing digits for the year\n          // "Paris 1920", "Paris, 1920", "New York, 2024"\n          const match = raw.match(/^(.*?)[,\\s]+(\\d{1,4})$/);\n          \n          if (match) {\n             hiddenPlace.value = match[1].trim();\n             hiddenYear.value = match[2];\n          } else {\n             // Fallback: If they just type "Rome", default to a random historical year\n             // or just let it pass to validation.\n             hiddenPlace.value = raw;\n             hiddenYear.value = new Date().getFullYear();\n          }\n\n          form.submit();\n        }\n\n        form.addEventListener('submit', parseAndSubmit);\n        summonBtn.addEventListener('click', parseAndSubmit);\n      });\n    </script>\n  </body>\n</html>`,
    expected: /@media/,
    operator: 'match',
    diff: 'simple'
  }

test at test/homepage.test.js:42:1
✖ homepage includes link to how-it-works page (3.8842ms)
  AssertionError [ERR_ASSERTION]: The input did not match the regular expression /\/how-it-works/. Input:
  
  '<!doctype html>\n' +
    '<html lang="en" class="dark">\n' +
    '  <head>\n' +
    '    <meta charset="utf-8" />\n' +
    '    <meta name="viewport" content="width=device-width, initial-scale=1.0" />\n' +
    '    <title>Séance - Invocation</title>\n' +
    '    \n' +
    '    <script src="https://cdn.tailwindcss.com?plugins=forms,container-queries"></script>\n' +
    '    <link href="https://fonts.googleapis.com/css2?family=Noto+Serif:ital,wght@0,300;0,400;0,700;1,300;1,400;1,700&family=Space+Grotesk:wght@300;400;500;700&display=swap" rel="stylesheet" />\n' +
    '    <link href="https://fonts.googleapis.com/css2?family=Material+Symbols+Outlined:wght,FILL@100..700,0..1&display=swap" rel="stylesheet" />\n' +
    '    <script id="tailwind-config">\n' +
    '      tailwind.config = {\n' +
    '        darkMode: "class",\n' +
    '        theme: {\n' +
    '          extend: {\n' +
    '            "colors": {\n' +
    '              "primary-fixed": "#735a39",\n' +
    '              "on-primary-container": "#000000",\n' +
    '              "outline": "#919191",\n' +
    '              "on-background": "#e5e2e1",\n' +
    '              "inverse-surface": "#e5e2e1",\n' +
    '              "error": "#ffb4ab",\n' +
    '              "surface-dim": "#131313",\n' +
    '              "on-secondary-fixed-variant": "#3c3b3b",\n' +
    '              "secondary-fixed-dim": "#adabaa",\n' +
    '              "surface-container-highest": "#353534",\n' +
    '              "on-tertiary-container": "#000000",\n' +
    '              "surface-container-low": "#1c1b1b",\n' +
    '              "primary-container": "#f0cfa5",\n' +
    '              "tertiary-fixed-dim": "#004b70",\n' +
    '              "primary-fixed-dim": "#594323",\n' +
    '              "on-primary-fixed-variant": "#ffddb2",\n' +
    '              "outline-variant": "#474747",\n' +
    '              "on-surface-variant": "#c6c6c6",\n' +
    '              "inverse-on-surface": "#313030",\n' +
    '              "tertiary-container": "#5997c4",\n' +
    '              "surface-container-lowest": "#0e0e0e",\n' +
    '              "on-tertiary": "#001e30",\n' +
    '              "secondary-fixed": "#c9c6c5",\n' +
    '              "surface-variant": "#353534",\n' +
    '              "on-surface": "#e5e2e1",\n' +
    '              "primary": "#ffffff",\n' +
    '              "on-primary": "#291800",\n' +
    '              "tertiary": "#cae6ff",\n' +
    '              "surface-container": "#201f1f",\n' +
    '              "on-secondary-container": "#e5e2e1",\n' +
    '              "on-error-container": "#ffdad6",\n' +
    '              "on-error": "#690005",\n' +
    '              "tertiary-fixed": "#1c648e",\n' +
    '              "surface-tint": "#e1c198",\n' +
    '              "on-secondary-fixed": "#1c1b1b",\n' +
    '              "on-tertiary-fixed": "#ffffff",\n' +
    '              "on-secondary": "#1c1b1b",\n' +
    '              "inverse-primary": "#735a39",\n' +
    '              "on-primary-fixed": "#ffffff",\n' +
    '              "secondary-container": "#474646",\n' +
    '              "background": "#050505",\n' +
    '              "surface-bright": "#3a3939",\n' +
    '              "surface": "#131313",\n' +
    '              "error-container": "#93000a",\n' +
    '              "surface-container-high": "#2a2a2a",\n' +
    '              "secondary": "#c9c6c5",\n' +
    '              "on-tertiary-fixed-variant": "#cae6ff"\n' +
    '            },\n' +
    '            "fontFamily": {\n' +
    '              "headline": ["Noto Serif", "serif"],\n' +
    '              "body": ["Space Grotesk", "sans-serif"],\n' +
    '              "label": ["Space Grotesk", "sans-serif"]\n' +
    '            }\n' +
    '          }\n' +
    '        }\n' +
    '      }\n' +
    '    </script>\n' +
    '    <style>\n' +
    '      body {\n' +
    '        min-height: max(884px, 100dvh);\n' +
    '        overflow: hidden;\n' +
    '      }\n' +
    '      .material-symbols-outlined {\n' +
    "        font-variation-settings: 'FILL' 0, 'wght' 200, 'GRAD' 0, 'opsz' 24;\n" +
    '      }\n' +
    '      .obsidian-void {\n' +
    '        background: radial-gradient(circle at center, #1a1a1a 0%, #050505 100%);\n' +
    '      }\n' +
    '      .needle-line {\n' +
    '        height: 0.5px;\n' +
    '        background: linear-gradient(90deg, transparent 0%, rgba(255,255,255,0.2) 50%, transparent 100%);\n' +
    '      }\n' +
    '      .spectral-glow {\n' +
    '        text-shadow: 0 0 15px rgba(255, 255, 255, 0.4);\n' +
    '      }\n' +
    '      .vertical-text {\n' +
    '        writing-mode: vertical-rl;\n' +
    '        text-orientation: mixed;\n' +
    '      }\n' +
    '      .smoke-blur {\n' +
    '        filter: blur(40px);\n' +
    '        background: radial-gradient(circle, rgba(202, 230, 255, 0.08) 0%, transparent 70%);\n' +
    '      }\n' +
    '      .grain-overlay {\n' +
    '        background-image: url("https://lh3.googleusercontent.com/aida-public/AB6AXuDj3jyhb5qrY9ftxHnrNvrsFKao8TM0oQEN-ok12uccMAR-UKuMiR_cRE9gSPXoUXKQxFKd525138SuXUi4FNfPS3PFBUYRVSr2q10wsPN_lZRhicd6Nap5a6TZeIUApMMx5XJRJ6F2bUNeAvhXPhqtb04obGn3XcKxdVDiqWPgSAGT0gHeahJFX-o0Uw55m0dk_Xn0-rnFEVA7Oqys3EmmQ1QCXmqUG5UDo_x3jTRCJLYWbjn-UjdXofuwFD9Jx_83dpV0WB6GZWrq");\n' +
    '        opacity: 0.03;\n' +
    '        pointer-events: none;\n' +
    '      }\n' +
    '      .mote-blur {\n' +
    '        filter: blur(80px);\n' +
    '      }\n' +
    '      .glow-pulse {\n' +
    '        filter: drop-shadow(0 0 20px rgba(255, 255, 255, 0.1));\n' +
    '      }\n' +
    '      .light-rill {\n' +
    '        background: linear-gradient(to bottom, transparent, rgba(202, 230, 255, 0.2), transparent);\n' +
    '      }\n' +
    '      .shard-blur {\n' +
    '        backdrop-filter: blur(40px);\n' +
    '        -webkit-backdrop-filter: blur(40px);\n' +
    '      }\n' +
    '    </style>\n' +
    '  \n' +
    '  </head>\n' +
    '  <body class="bg-background text-on-surface font-body overflow-hidden">\n' +
    '    <!-- The Obsidian Void Canvas -->\n' +
    '    <main class="relative h-screen w-full obsidian-void flex flex-col items-center justify-between py-12 px-8">\n' +
    '      \n' +
    '      <!-- Spectral Smoke Layer (Atmospheric) -->\n' +
    '      <div class="absolute inset-0 pointer-events-none overflow-hidden">\n' +
    '          <div class="smoke-blur absolute top-1/2 left-1/2 -translate-x-1/2 -translate-y-1/2 w-[800px] h-[800px] opacity-40"></div>\n' +
    '      </div>\n' +
    '\n' +
    '      <!-- Header / Identity -->\n' +
    '      <header class="z-10 text-center">\n' +
    '          <h1 class="font-headline font-light italic text-[10px] tracking-[1em] text-on-surface-variant opacity-80">\n' +
    '              SÉANCE\n' +
    '          </h1>\n' +
    '      </header>\n' +
    '\n' +
    '      <!-- Invocation Portal (Main Input Section) -->\n' +
    '      <div class="relative w-full max-w-4xl z-20 flex flex-col items-center group">\n' +
    '          <!-- Label Above: WHERE -->\n' +
    '          <div class="absolute -top-16 left-1/2 -translate-x-1/2">\n' +
    '              <span class="vertical-text font-label uppercase text-[8px] tracking-[0.4em] text-on-surface-variant/40">\n' +
    '                  WHERE\n' +
    '              </span>\n' +
    '          </div>\n' +
    '\n' +
    '          <!-- The Input Element -->\n' +
    '          <form id="summon-form" action="/ritual" method="get" class="relative w-full text-center space-y-4">\n' +
    '              <input type="hidden" name="place" id="hidden-place" />\n' +
    '              <input type="hidden" name="year" id="hidden-year" />\n' +
    '              \n' +
    '              <input \n' +
    '                  id="portal-input"\n' +
    '                  type="text" \n' +
    '                  class="w-full bg-transparent border-none focus:ring-0 text-center font-headline italic text-4xl md:text-6xl text-primary spectral-glow placeholder:text-on-surface-variant/20 transition-all duration-1000 outline-none" \n' +
    '                  placeholder="KYOTO, 1600" \n' +
    '                  spellcheck="false"\n' +
    '                  autocomplete="off"\n' +
    '              />\n' +
    '              \n' +
    '              <!-- The Needle Line -->\n' +
    '              <div class="needle-line w-full opacity-60"></div>\n' +
    '          </form>\n' +
    '\n' +
    '          <!-- Label Below: WHEN -->\n' +
    '          <div class="mt-8">\n' +
    '              <span class="font-label uppercase text-[8px] tracking-[0.4em] text-on-surface-variant/40">\n' +
    '                  WHEN\n' +
    '              </span>\n' +
    '          </div>\n' +
    '      </div>\n' +
    '\n' +
    '      <!-- Footer / Call to Action -->\n' +
    '      <footer class="z-10 flex flex-col items-center gap-6">\n' +
    '          <div class="h-16 w-[1px] bg-gradient-to-b from-transparent via-outline-variant/30 to-transparent"></div>\n' +
    '          <button id="summon-btn" class="font-label bg-transparent uppercase text-[9px] tracking-[0.3em] text-on-surface-variant/60 cursor-pointer hover:text-primary transition-colors duration-700">\n' +
    '              Tap the void to summon\n' +
    '          </button>\n' +
    '      </footer>\n' +
    '    </main>\n' +
    '\n' +
    '    <!-- Decorative Corner Accents (The Needle-Lines) -->\n' +
    '    <div class="fixed top-6 left-6 pointer-events-none opacity-20">\n' +
    '        <div class="w-12 h-[0.5px] bg-white"></div>\n' +
    '        <div class="w-[0.5px] h-12 bg-white"></div>\n' +
    '    </div>\n' +
    '    <div class="fixed bottom-6 right-6 pointer-events-none opacity-20 transform rotate-180">\n' +
    '        <div class="w-12 h-[0.5px] bg-white"></div>\n' +
    '        <div class="w-[0.5px] h-12 bg-white"></div>\n' +
    '    </div>\n' +
    '\n' +
    '    <script>\n' +
    "      document.addEventListener('DOMContentLoaded', () => {\n" +
    "        const form = document.getElementById('summon-form');\n" +
    "        const input = document.getElementById('portal-input');\n" +
    "        const hiddenPlace = document.getElementById('hidden-place');\n" +
    "        const hiddenYear = document.getElementById('hidden-year');\n" +
    "        const summonBtn = document.getElementById('summon-btn');\n" +
    '\n' +
    '        function parseAndSubmit(e) {\n' +
    '          e.preventDefault();\n' +
    '          \n' +
    '          const raw = input.value.trim();\n' +
    '          if (!raw) return;\n' +
    '\n' +
    '          // Simple heuristic: look for trailing digits for the year\n' +
    '          // "Paris 1920", "Paris, 1920", "New York, 2024"\n' +
    '          const match = raw.match(/^(.*?)[,\\s]+(\\d{1,4})$/);\n' +
    '          \n' +
    '          if (match) {\n' +
    '             hiddenPlace.value = match[1].trim();\n' +
    '             hiddenYear.value = match[2];\n' +
    '          } else {\n' +
    '             // Fallback: If they just type "Rome", default to a random historical year\n' +
    '             // or just let it pass to validation.\n' +
    '             hiddenPlace.value = raw;\n' +
    '             hiddenYear.value = new Date().getFullYear();\n' +
    '          }\n' +
    '\n' +
    '          form.submit();\n' +
    '        }\n' +
    '\n' +
    "        form.addEventListener('submit', parseAndSubmit);\n" +
    "        summonBtn.addEventListener('click', parseAndSubmit);\n" +
    '      });\n' +
    '    </script>\n' +
    '  </body>\n' +
    '</html>'
  
      at TestContext.<anonymous> (file:///home/srinivas/workspace/github.com/sivaratrisrinivas/seance/test/homepage.test.js:44:10)
      at async Test.run (node:internal/test_runner/test:1208:7)
      at async Test.processPendingSubtests (node:internal/test_runner/test:831:7) {
    generatedMessage: true,
    code: 'ERR_ASSERTION',
    actual: `<!doctype html>\n<html lang="en" class="dark">\n  <head>\n    <meta charset="utf-8" />\n    <meta name="viewport" content="width=device-width, initial-scale=1.0" />\n    <title>Séance - Invocation</title>\n    \n    <script src="https://cdn.tailwindcss.com?plugins=forms,container-queries"></script>\n    <link href="https://fonts.googleapis.com/css2?family=Noto+Serif:ital,wght@0,300;0,400;0,700;1,300;1,400;1,700&family=Space+Grotesk:wght@300;400;500;700&display=swap" rel="stylesheet" />\n    <link href="https://fonts.googleapis.com/css2?family=Material+Symbols+Outlined:wght,FILL@100..700,0..1&display=swap" rel="stylesheet" />\n    <script id="tailwind-config">\n      tailwind.config = {\n        darkMode: "class",\n        theme: {\n          extend: {\n            "colors": {\n              "primary-fixed": "#735a39",\n              "on-primary-container": "#000000",\n              "outline": "#919191",\n              "on-background": "#e5e2e1",\n              "inverse-surface": "#e5e2e1",\n              "error": "#ffb4ab",\n              "surface-dim": "#131313",\n              "on-secondary-fixed-variant": "#3c3b3b",\n              "secondary-fixed-dim": "#adabaa",\n              "surface-container-highest": "#353534",\n              "on-tertiary-container": "#000000",\n              "surface-container-low": "#1c1b1b",\n              "primary-container": "#f0cfa5",\n              "tertiary-fixed-dim": "#004b70",\n              "primary-fixed-dim": "#594323",\n              "on-primary-fixed-variant": "#ffddb2",\n              "outline-variant": "#474747",\n              "on-surface-variant": "#c6c6c6",\n              "inverse-on-surface": "#313030",\n              "tertiary-container": "#5997c4",\n              "surface-container-lowest": "#0e0e0e",\n              "on-tertiary": "#001e30",\n              "secondary-fixed": "#c9c6c5",\n              "surface-variant": "#353534",\n              "on-surface": "#e5e2e1",\n              "primary": "#ffffff",\n              "on-primary": "#291800",\n              "tertiary": "#cae6ff",\n              "surface-container": "#201f1f",\n              "on-secondary-container": "#e5e2e1",\n              "on-error-container": "#ffdad6",\n              "on-error": "#690005",\n              "tertiary-fixed": "#1c648e",\n              "surface-tint": "#e1c198",\n              "on-secondary-fixed": "#1c1b1b",\n              "on-tertiary-fixed": "#ffffff",\n              "on-secondary": "#1c1b1b",\n              "inverse-primary": "#735a39",\n              "on-primary-fixed": "#ffffff",\n              "secondary-container": "#474646",\n              "background": "#050505",\n              "surface-bright": "#3a3939",\n              "surface": "#131313",\n              "error-container": "#93000a",\n              "surface-container-high": "#2a2a2a",\n              "secondary": "#c9c6c5",\n              "on-tertiary-fixed-variant": "#cae6ff"\n            },\n            "fontFamily": {\n              "headline": ["Noto Serif", "serif"],\n              "body": ["Space Grotesk", "sans-serif"],\n              "label": ["Space Grotesk", "sans-serif"]\n            }\n          }\n        }\n      }\n    </script>\n    <style>\n      body {\n        min-height: max(884px, 100dvh);\n        overflow: hidden;\n      }\n      .material-symbols-outlined {\n        font-variation-settings: 'FILL' 0, 'wght' 200, 'GRAD' 0, 'opsz' 24;\n      }\n      .obsidian-void {\n        background: radial-gradient(circle at center, #1a1a1a 0%, #050505 100%);\n      }\n      .needle-line {\n        height: 0.5px;\n        background: linear-gradient(90deg, transparent 0%, rgba(255,255,255,0.2) 50%, transparent 100%);\n      }\n      .spectral-glow {\n        text-shadow: 0 0 15px rgba(255, 255, 255, 0.4);\n      }\n      .vertical-text {\n        writing-mode: vertical-rl;\n        text-orientation: mixed;\n      }\n      .smoke-blur {\n        filter: blur(40px);\n        background: radial-gradient(circle, rgba(202, 230, 255, 0.08) 0%, transparent 70%);\n      }\n      .grain-overlay {\n        background-image: url("https://lh3.googleusercontent.com/aida-public/AB6AXuDj3jyhb5qrY9ftxHnrNvrsFKao8TM0oQEN-ok12uccMAR-UKuMiR_cRE9gSPXoUXKQxFKd525138SuXUi4FNfPS3PFBUYRVSr2q10wsPN_lZRhicd6Nap5a6TZeIUApMMx5XJRJ6F2bUNeAvhXPhqtb04obGn3XcKxdVDiqWPgSAGT0gHeahJFX-o0Uw55m0dk_Xn0-rnFEVA7Oqys3EmmQ1QCXmqUG5UDo_x3jTRCJLYWbjn-UjdXofuwFD9Jx_83dpV0WB6GZWrq");\n        opacity: 0.03;\n        pointer-events: none;\n      }\n      .mote-blur {\n        filter: blur(80px);\n      }\n      .glow-pulse {\n        filter: drop-shadow(0 0 20px rgba(255, 255, 255, 0.1));\n      }\n      .light-rill {\n        background: linear-gradient(to bottom, transparent, rgba(202, 230, 255, 0.2), transparent);\n      }\n      .shard-blur {\n        backdrop-filter: blur(40px);\n        -webkit-backdrop-filter: blur(40px);\n      }\n    </style>\n  \n  </head>\n  <body class="bg-background text-on-surface font-body overflow-hidden">\n    <!-- The Obsidian Void Canvas -->\n    <main class="relative h-screen w-full obsidian-void flex flex-col items-center justify-between py-12 px-8">\n      \n      <!-- Spectral Smoke Layer (Atmospheric) -->\n      <div class="absolute inset-0 pointer-events-none overflow-hidden">\n          <div class="smoke-blur absolute top-1/2 left-1/2 -translate-x-1/2 -translate-y-1/2 w-[800px] h-[800px] opacity-40"></div>\n      </div>\n\n      <!-- Header / Identity -->\n      <header class="z-10 text-center">\n          <h1 class="font-headline font-light italic text-[10px] tracking-[1em] text-on-surface-variant opacity-80">\n              SÉANCE\n          </h1>\n      </header>\n\n      <!-- Invocation Portal (Main Input Section) -->\n      <div class="relative w-full max-w-4xl z-20 flex flex-col items-center group">\n          <!-- Label Above: WHERE -->\n          <div class="absolute -top-16 left-1/2 -translate-x-1/2">\n              <span class="vertical-text font-label uppercase text-[8px] tracking-[0.4em] text-on-surface-variant/40">\n                  WHERE\n              </span>\n          </div>\n\n          <!-- The Input Element -->\n          <form id="summon-form" action="/ritual" method="get" class="relative w-full text-center space-y-4">\n              <input type="hidden" name="place" id="hidden-place" />\n              <input type="hidden" name="year" id="hidden-year" />\n              \n              <input \n                  id="portal-input"\n                  type="text" \n                  class="w-full bg-transparent border-none focus:ring-0 text-center font-headline italic text-4xl md:text-6xl text-primary spectral-glow placeholder:text-on-surface-variant/20 transition-all duration-1000 outline-none" \n                  placeholder="KYOTO, 1600" \n                  spellcheck="false"\n                  autocomplete="off"\n              />\n              \n              <!-- The Needle Line -->\n              <div class="needle-line w-full opacity-60"></div>\n          </form>\n\n          <!-- Label Below: WHEN -->\n          <div class="mt-8">\n              <span class="font-label uppercase text-[8px] tracking-[0.4em] text-on-surface-variant/40">\n                  WHEN\n              </span>\n          </div>\n      </div>\n\n      <!-- Footer / Call to Action -->\n      <footer class="z-10 flex flex-col items-center gap-6">\n          <div class="h-16 w-[1px] bg-gradient-to-b from-transparent via-outline-variant/30 to-transparent"></div>\n          <button id="summon-btn" class="font-label bg-transparent uppercase text-[9px] tracking-[0.3em] text-on-surface-variant/60 cursor-pointer hover:text-primary transition-colors duration-700">\n              Tap the void to summon\n          </button>\n      </footer>\n    </main>\n\n    <!-- Decorative Corner Accents (The Needle-Lines) -->\n    <div class="fixed top-6 left-6 pointer-events-none opacity-20">\n        <div class="w-12 h-[0.5px] bg-white"></div>\n        <div class="w-[0.5px] h-12 bg-white"></div>\n    </div>\n    <div class="fixed bottom-6 right-6 pointer-events-none opacity-20 transform rotate-180">\n        <div class="w-12 h-[0.5px] bg-white"></div>\n        <div class="w-[0.5px] h-12 bg-white"></div>\n    </div>\n\n    <script>\n      document.addEventListener('DOMContentLoaded', () => {\n        const form = document.getElementById('summon-form');\n        const input = document.getElementById('portal-input');\n        const hiddenPlace = document.getElementById('hidden-place');\n        const hiddenYear = document.getElementById('hidden-year');\n        const summonBtn = document.getElementById('summon-btn');\n\n        function parseAndSubmit(e) {\n          e.preventDefault();\n          \n          const raw = input.value.trim();\n          if (!raw) return;\n\n          // Simple heuristic: look for trailing digits for the year\n          // "Paris 1920", "Paris, 1920", "New York, 2024"\n          const match = raw.match(/^(.*?)[,\\s]+(\\d{1,4})$/);\n          \n          if (match) {\n             hiddenPlace.value = match[1].trim();\n             hiddenYear.value = match[2];\n          } else {\n             // Fallback: If they just type "Rome", default to a random historical year\n             // or just let it pass to validation.\n             hiddenPlace.value = raw;\n             hiddenYear.value = new Date().getFullYear();\n          }\n\n          form.submit();\n        }\n\n        form.addEventListener('submit', parseAndSubmit);\n        summonBtn.addEventListener('click', parseAndSubmit);\n      });\n    </script>\n  </body>\n</html>`,
    expected: /\/how-it-works/,
    operator: 'match',
    diff: 'simple'
  }

test at test/homepage.test.js:47:1
✖ homepage includes recent queries section for localStorage history (14.056699ms)
  AssertionError [ERR_ASSERTION]: The input did not match the regular expression /recent-queries/. Input:
  
  '<!doctype html>\n' +
    '<html lang="en" class="dark">\n' +
    '  <head>\n' +
    '    <meta charset="utf-8" />\n' +
    '    <meta name="viewport" content="width=device-width, initial-scale=1.0" />\n' +
    '    <title>Séance - Invocation</title>\n' +
    '    \n' +
    '    <script src="https://cdn.tailwindcss.com?plugins=forms,container-queries"></script>\n' +
    '    <link href="https://fonts.googleapis.com/css2?family=Noto+Serif:ital,wght@0,300;0,400;0,700;1,300;1,400;1,700&family=Space+Grotesk:wght@300;400;500;700&display=swap" rel="stylesheet" />\n' +
    '    <link href="https://fonts.googleapis.com/css2?family=Material+Symbols+Outlined:wght,FILL@100..700,0..1&display=swap" rel="stylesheet" />\n' +
    '    <script id="tailwind-config">\n' +
    '      tailwind.config = {\n' +
    '        darkMode: "class",\n' +
    '        theme: {\n' +
    '          extend: {\n' +
    '            "colors": {\n' +
    '              "primary-fixed": "#735a39",\n' +
    '              "on-primary-container": "#000000",\n' +
    '              "outline": "#919191",\n' +
    '              "on-background": "#e5e2e1",\n' +
    '              "inverse-surface": "#e5e2e1",\n' +
    '              "error": "#ffb4ab",\n' +
    '              "surface-dim": "#131313",\n' +
    '              "on-secondary-fixed-variant": "#3c3b3b",\n' +
    '              "secondary-fixed-dim": "#adabaa",\n' +
    '              "surface-container-highest": "#353534",\n' +
    '              "on-tertiary-container": "#000000",\n' +
    '              "surface-container-low": "#1c1b1b",\n' +
    '              "primary-container": "#f0cfa5",\n' +
    '              "tertiary-fixed-dim": "#004b70",\n' +
    '              "primary-fixed-dim": "#594323",\n' +
    '              "on-primary-fixed-variant": "#ffddb2",\n' +
    '              "outline-variant": "#474747",\n' +
    '              "on-surface-variant": "#c6c6c6",\n' +
    '              "inverse-on-surface": "#313030",\n' +
    '              "tertiary-container": "#5997c4",\n' +
    '              "surface-container-lowest": "#0e0e0e",\n' +
    '              "on-tertiary": "#001e30",\n' +
    '              "secondary-fixed": "#c9c6c5",\n' +
    '              "surface-variant": "#353534",\n' +
    '              "on-surface": "#e5e2e1",\n' +
    '              "primary": "#ffffff",\n' +
    '              "on-primary": "#291800",\n' +
    '              "tertiary": "#cae6ff",\n' +
    '              "surface-container": "#201f1f",\n' +
    '              "on-secondary-container": "#e5e2e1",\n' +
    '              "on-error-container": "#ffdad6",\n' +
    '              "on-error": "#690005",\n' +
    '              "tertiary-fixed": "#1c648e",\n' +
    '              "surface-tint": "#e1c198",\n' +
    '              "on-secondary-fixed": "#1c1b1b",\n' +
    '              "on-tertiary-fixed": "#ffffff",\n' +
    '              "on-secondary": "#1c1b1b",\n' +
    '              "inverse-primary": "#735a39",\n' +
    '              "on-primary-fixed": "#ffffff",\n' +
    '              "secondary-container": "#474646",\n' +
    '              "background": "#050505",\n' +
    '              "surface-bright": "#3a3939",\n' +
    '              "surface": "#131313",\n' +
    '              "error-container": "#93000a",\n' +
    '              "surface-container-high": "#2a2a2a",\n' +
    '              "secondary": "#c9c6c5",\n' +
    '              "on-tertiary-fixed-variant": "#cae6ff"\n' +
    '            },\n' +
    '            "fontFamily": {\n' +
    '              "headline": ["Noto Serif", "serif"],\n' +
    '              "body": ["Space Grotesk", "sans-serif"],\n' +
    '              "label": ["Space Grotesk", "sans-serif"]\n' +
    '            }\n' +
    '          }\n' +
    '        }\n' +
    '      }\n' +
    '    </script>\n' +
    '    <style>\n' +
    '      body {\n' +
    '        min-height: max(884px, 100dvh);\n' +
    '        overflow: hidden;\n' +
    '      }\n' +
    '      .material-symbols-outlined {\n' +
    "        font-variation-settings: 'FILL' 0, 'wght' 200, 'GRAD' 0, 'opsz' 24;\n" +
    '      }\n' +
    '      .obsidian-void {\n' +
    '        background: radial-gradient(circle at center, #1a1a1a 0%, #050505 100%);\n' +
    '      }\n' +
    '      .needle-line {\n' +
    '        height: 0.5px;\n' +
    '        background: linear-gradient(90deg, transparent 0%, rgba(255,255,255,0.2) 50%, transparent 100%);\n' +
    '      }\n' +
    '      .spectral-glow {\n' +
    '        text-shadow: 0 0 15px rgba(255, 255, 255, 0.4);\n' +
    '      }\n' +
    '      .vertical-text {\n' +
    '        writing-mode: vertical-rl;\n' +
    '        text-orientation: mixed;\n' +
    '      }\n' +
    '      .smoke-blur {\n' +
    '        filter: blur(40px);\n' +
    '        background: radial-gradient(circle, rgba(202, 230, 255, 0.08) 0%, transparent 70%);\n' +
    '      }\n' +
    '      .grain-overlay {\n' +
    '        background-image: url("https://lh3.googleusercontent.com/aida-public/AB6AXuDj3jyhb5qrY9ftxHnrNvrsFKao8TM0oQEN-ok12uccMAR-UKuMiR_cRE9gSPXoUXKQxFKd525138SuXUi4FNfPS3PFBUYRVSr2q10wsPN_lZRhicd6Nap5a6TZeIUApMMx5XJRJ6F2bUNeAvhXPhqtb04obGn3XcKxdVDiqWPgSAGT0gHeahJFX-o0Uw55m0dk_Xn0-rnFEVA7Oqys3EmmQ1QCXmqUG5UDo_x3jTRCJLYWbjn-UjdXofuwFD9Jx_83dpV0WB6GZWrq");\n' +
    '        opacity: 0.03;\n' +
    '        pointer-events: none;\n' +
    '      }\n' +
    '      .mote-blur {\n' +
    '        filter: blur(80px);\n' +
    '      }\n' +
    '      .glow-pulse {\n' +
    '        filter: drop-shadow(0 0 20px rgba(255, 255, 255, 0.1));\n' +
    '      }\n' +
    '      .light-rill {\n' +
    '        background: linear-gradient(to bottom, transparent, rgba(202, 230, 255, 0.2), transparent);\n' +
    '      }\n' +
    '      .shard-blur {\n' +
    '        backdrop-filter: blur(40px);\n' +
    '        -webkit-backdrop-filter: blur(40px);\n' +
    '      }\n' +
    '    </style>\n' +
    '  \n' +
    '  </head>\n' +
    '  <body class="bg-background text-on-surface font-body overflow-hidden">\n' +
    '    <!-- The Obsidian Void Canvas -->\n' +
    '    <main class="relative h-screen w-full obsidian-void flex flex-col items-center justify-between py-12 px-8">\n' +
    '      \n' +
    '      <!-- Spectral Smoke Layer (Atmospheric) -->\n' +
    '      <div class="absolute inset-0 pointer-events-none overflow-hidden">\n' +
    '          <div class="smoke-blur absolute top-1/2 left-1/2 -translate-x-1/2 -translate-y-1/2 w-[800px] h-[800px] opacity-40"></div>\n' +
    '      </div>\n' +
    '\n' +
    '      <!-- Header / Identity -->\n' +
    '      <header class="z-10 text-center">\n' +
    '          <h1 class="font-headline font-light italic text-[10px] tracking-[1em] text-on-surface-variant opacity-80">\n' +
    '              SÉANCE\n' +
    '          </h1>\n' +
    '      </header>\n' +
    '\n' +
    '      <!-- Invocation Portal (Main Input Section) -->\n' +
    '      <div class="relative w-full max-w-4xl z-20 flex flex-col items-center group">\n' +
    '          <!-- Label Above: WHERE -->\n' +
    '          <div class="absolute -top-16 left-1/2 -translate-x-1/2">\n' +
    '              <span class="vertical-text font-label uppercase text-[8px] tracking-[0.4em] text-on-surface-variant/40">\n' +
    '                  WHERE\n' +
    '              </span>\n' +
    '          </div>\n' +
    '\n' +
    '          <!-- The Input Element -->\n' +
    '          <form id="summon-form" action="/ritual" method="get" class="relative w-full text-center space-y-4">\n' +
    '              <input type="hidden" name="place" id="hidden-place" />\n' +
    '              <input type="hidden" name="year" id="hidden-year" />\n' +
    '              \n' +
    '              <input \n' +
    '                  id="portal-input"\n' +
    '                  type="text" \n' +
    '                  class="w-full bg-transparent border-none focus:ring-0 text-center font-headline italic text-4xl md:text-6xl text-primary spectral-glow placeholder:text-on-surface-variant/20 transition-all duration-1000 outline-none" \n' +
    '                  placeholder="KYOTO, 1600" \n' +
    '                  spellcheck="false"\n' +
    '                  autocomplete="off"\n' +
    '              />\n' +
    '              \n' +
    '              <!-- The Needle Line -->\n' +
    '              <div class="needle-line w-full opacity-60"></div>\n' +
    '          </form>\n' +
    '\n' +
    '          <!-- Label Below: WHEN -->\n' +
    '          <div class="mt-8">\n' +
    '              <span class="font-label uppercase text-[8px] tracking-[0.4em] text-on-surface-variant/40">\n' +
    '                  WHEN\n' +
    '              </span>\n' +
    '          </div>\n' +
    '      </div>\n' +
    '\n' +
    '      <!-- Footer / Call to Action -->\n' +
    '      <footer class="z-10 flex flex-col items-center gap-6">\n' +
    '          <div class="h-16 w-[1px] bg-gradient-to-b from-transparent via-outline-variant/30 to-transparent"></div>\n' +
    '          <button id="summon-btn" class="font-label bg-transparent uppercase text-[9px] tracking-[0.3em] text-on-surface-variant/60 cursor-pointer hover:text-primary transition-colors duration-700">\n' +
    '              Tap the void to summon\n' +
    '          </button>\n' +
    '      </footer>\n' +
    '    </main>\n' +
    '\n' +
    '    <!-- Decorative Corner Accents (The Needle-Lines) -->\n' +
    '    <div class="fixed top-6 left-6 pointer-events-none opacity-20">\n' +
    '        <div class="w-12 h-[0.5px] bg-white"></div>\n' +
    '        <div class="w-[0.5px] h-12 bg-white"></div>\n' +
    '    </div>\n' +
    '    <div class="fixed bottom-6 right-6 pointer-events-none opacity-20 transform rotate-180">\n' +
    '        <div class="w-12 h-[0.5px] bg-white"></div>\n' +
    '        <div class="w-[0.5px] h-12 bg-white"></div>\n' +
    '    </div>\n' +
    '\n' +
    '    <script>\n' +
    "      document.addEventListener('DOMContentLoaded', () => {\n" +
    "        const form = document.getElementById('summon-form');\n" +
    "        const input = document.getElementById('portal-input');\n" +
    "        const hiddenPlace = document.getElementById('hidden-place');\n" +
    "        const hiddenYear = document.getElementById('hidden-year');\n" +
    "        const summonBtn = document.getElementById('summon-btn');\n" +
    '\n' +
    '        function parseAndSubmit(e) {\n' +
    '          e.preventDefault();\n' +
    '          \n' +
    '          const raw = input.value.trim();\n' +
    '          if (!raw) return;\n' +
    '\n' +
    '          // Simple heuristic: look for trailing digits for the year\n' +
    '          // "Paris 1920", "Paris, 1920", "New York, 2024"\n' +
    '          const match = raw.match(/^(.*?)[,\\s]+(\\d{1,4})$/);\n' +
    '          \n' +
    '          if (match) {\n' +
    '             hiddenPlace.value = match[1].trim();\n' +
    '             hiddenYear.value = match[2];\n' +
    '          } else {\n' +
    '             // Fallback: If they just type "Rome", default to a random historical year\n' +
    '             // or just let it pass to validation.\n' +
    '             hiddenPlace.value = raw;\n' +
    '             hiddenYear.value = new Date().getFullYear();\n' +
    '          }\n' +
    '\n' +
    '          form.submit();\n' +
    '        }\n' +
    '\n' +
    "        form.addEventListener('submit', parseAndSubmit);\n" +
    "        summonBtn.addEventListener('click', parseAndSubmit);\n" +
    '      });\n' +
    '    </script>\n' +
    '  </body>\n' +
    '</html>'
  
      at TestContext.<anonymous> (file:///home/srinivas/workspace/github.com/sivaratrisrinivas/seance/test/homepage.test.js:49:10)
      at async Test.run (node:internal/test_runner/test:1208:7)
      at async Test.processPendingSubtests (node:internal/test_runner/test:831:7) {
    generatedMessage: true,
    code: 'ERR_ASSERTION',
    actual: `<!doctype html>\n<html lang="en" class="dark">\n  <head>\n    <meta charset="utf-8" />\n    <meta name="viewport" content="width=device-width, initial-scale=1.0" />\n    <title>Séance - Invocation</title>\n    \n    <script src="https://cdn.tailwindcss.com?plugins=forms,container-queries"></script>\n    <link href="https://fonts.googleapis.com/css2?family=Noto+Serif:ital,wght@0,300;0,400;0,700;1,300;1,400;1,700&family=Space+Grotesk:wght@300;400;500;700&display=swap" rel="stylesheet" />\n    <link href="https://fonts.googleapis.com/css2?family=Material+Symbols+Outlined:wght,FILL@100..700,0..1&display=swap" rel="stylesheet" />\n    <script id="tailwind-config">\n      tailwind.config = {\n        darkMode: "class",\n        theme: {\n          extend: {\n            "colors": {\n              "primary-fixed": "#735a39",\n              "on-primary-container": "#000000",\n              "outline": "#919191",\n              "on-background": "#e5e2e1",\n              "inverse-surface": "#e5e2e1",\n              "error": "#ffb4ab",\n              "surface-dim": "#131313",\n              "on-secondary-fixed-variant": "#3c3b3b",\n              "secondary-fixed-dim": "#adabaa",\n              "surface-container-highest": "#353534",\n              "on-tertiary-container": "#000000",\n              "surface-container-low": "#1c1b1b",\n              "primary-container": "#f0cfa5",\n              "tertiary-fixed-dim": "#004b70",\n              "primary-fixed-dim": "#594323",\n              "on-primary-fixed-variant": "#ffddb2",\n              "outline-variant": "#474747",\n              "on-surface-variant": "#c6c6c6",\n              "inverse-on-surface": "#313030",\n              "tertiary-container": "#5997c4",\n              "surface-container-lowest": "#0e0e0e",\n              "on-tertiary": "#001e30",\n              "secondary-fixed": "#c9c6c5",\n              "surface-variant": "#353534",\n              "on-surface": "#e5e2e1",\n              "primary": "#ffffff",\n              "on-primary": "#291800",\n              "tertiary": "#cae6ff",\n              "surface-container": "#201f1f",\n              "on-secondary-container": "#e5e2e1",\n              "on-error-container": "#ffdad6",\n              "on-error": "#690005",\n              "tertiary-fixed": "#1c648e",\n              "surface-tint": "#e1c198",\n              "on-secondary-fixed": "#1c1b1b",\n              "on-tertiary-fixed": "#ffffff",\n              "on-secondary": "#1c1b1b",\n              "inverse-primary": "#735a39",\n              "on-primary-fixed": "#ffffff",\n              "secondary-container": "#474646",\n              "background": "#050505",\n              "surface-bright": "#3a3939",\n              "surface": "#131313",\n              "error-container": "#93000a",\n              "surface-container-high": "#2a2a2a",\n              "secondary": "#c9c6c5",\n              "on-tertiary-fixed-variant": "#cae6ff"\n            },\n            "fontFamily": {\n              "headline": ["Noto Serif", "serif"],\n              "body": ["Space Grotesk", "sans-serif"],\n              "label": ["Space Grotesk", "sans-serif"]\n            }\n          }\n        }\n      }\n    </script>\n    <style>\n      body {\n        min-height: max(884px, 100dvh);\n        overflow: hidden;\n      }\n      .material-symbols-outlined {\n        font-variation-settings: 'FILL' 0, 'wght' 200, 'GRAD' 0, 'opsz' 24;\n      }\n      .obsidian-void {\n        background: radial-gradient(circle at center, #1a1a1a 0%, #050505 100%);\n      }\n      .needle-line {\n        height: 0.5px;\n        background: linear-gradient(90deg, transparent 0%, rgba(255,255,255,0.2) 50%, transparent 100%);\n      }\n      .spectral-glow {\n        text-shadow: 0 0 15px rgba(255, 255, 255, 0.4);\n      }\n      .vertical-text {\n        writing-mode: vertical-rl;\n        text-orientation: mixed;\n      }\n      .smoke-blur {\n        filter: blur(40px);\n        background: radial-gradient(circle, rgba(202, 230, 255, 0.08) 0%, transparent 70%);\n      }\n      .grain-overlay {\n        background-image: url("https://lh3.googleusercontent.com/aida-public/AB6AXuDj3jyhb5qrY9ftxHnrNvrsFKao8TM0oQEN-ok12uccMAR-UKuMiR_cRE9gSPXoUXKQxFKd525138SuXUi4FNfPS3PFBUYRVSr2q10wsPN_lZRhicd6Nap5a6TZeIUApMMx5XJRJ6F2bUNeAvhXPhqtb04obGn3XcKxdVDiqWPgSAGT0gHeahJFX-o0Uw55m0dk_Xn0-rnFEVA7Oqys3EmmQ1QCXmqUG5UDo_x3jTRCJLYWbjn-UjdXofuwFD9Jx_83dpV0WB6GZWrq");\n        opacity: 0.03;\n        pointer-events: none;\n      }\n      .mote-blur {\n        filter: blur(80px);\n      }\n      .glow-pulse {\n        filter: drop-shadow(0 0 20px rgba(255, 255, 255, 0.1));\n      }\n      .light-rill {\n        background: linear-gradient(to bottom, transparent, rgba(202, 230, 255, 0.2), transparent);\n      }\n      .shard-blur {\n        backdrop-filter: blur(40px);\n        -webkit-backdrop-filter: blur(40px);\n      }\n    </style>\n  \n  </head>\n  <body class="bg-background text-on-surface font-body overflow-hidden">\n    <!-- The Obsidian Void Canvas -->\n    <main class="relative h-screen w-full obsidian-void flex flex-col items-center justify-between py-12 px-8">\n      \n      <!-- Spectral Smoke Layer (Atmospheric) -->\n      <div class="absolute inset-0 pointer-events-none overflow-hidden">\n          <div class="smoke-blur absolute top-1/2 left-1/2 -translate-x-1/2 -translate-y-1/2 w-[800px] h-[800px] opacity-40"></div>\n      </div>\n\n      <!-- Header / Identity -->\n      <header class="z-10 text-center">\n          <h1 class="font-headline font-light italic text-[10px] tracking-[1em] text-on-surface-variant opacity-80">\n              SÉANCE\n          </h1>\n      </header>\n\n      <!-- Invocation Portal (Main Input Section) -->\n      <div class="relative w-full max-w-4xl z-20 flex flex-col items-center group">\n          <!-- Label Above: WHERE -->\n          <div class="absolute -top-16 left-1/2 -translate-x-1/2">\n              <span class="vertical-text font-label uppercase text-[8px] tracking-[0.4em] text-on-surface-variant/40">\n                  WHERE\n              </span>\n          </div>\n\n          <!-- The Input Element -->\n          <form id="summon-form" action="/ritual" method="get" class="relative w-full text-center space-y-4">\n              <input type="hidden" name="place" id="hidden-place" />\n              <input type="hidden" name="year" id="hidden-year" />\n              \n              <input \n                  id="portal-input"\n                  type="text" \n                  class="w-full bg-transparent border-none focus:ring-0 text-center font-headline italic text-4xl md:text-6xl text-primary spectral-glow placeholder:text-on-surface-variant/20 transition-all duration-1000 outline-none" \n                  placeholder="KYOTO, 1600" \n                  spellcheck="false"\n                  autocomplete="off"\n              />\n              \n              <!-- The Needle Line -->\n              <div class="needle-line w-full opacity-60"></div>\n          </form>\n\n          <!-- Label Below: WHEN -->\n          <div class="mt-8">\n              <span class="font-label uppercase text-[8px] tracking-[0.4em] text-on-surface-variant/40">\n                  WHEN\n              </span>\n          </div>\n      </div>\n\n      <!-- Footer / Call to Action -->\n      <footer class="z-10 flex flex-col items-center gap-6">\n          <div class="h-16 w-[1px] bg-gradient-to-b from-transparent via-outline-variant/30 to-transparent"></div>\n          <button id="summon-btn" class="font-label bg-transparent uppercase text-[9px] tracking-[0.3em] text-on-surface-variant/60 cursor-pointer hover:text-primary transition-colors duration-700">\n              Tap the void to summon\n          </button>\n      </footer>\n    </main>\n\n    <!-- Decorative Corner Accents (The Needle-Lines) -->\n    <div class="fixed top-6 left-6 pointer-events-none opacity-20">\n        <div class="w-12 h-[0.5px] bg-white"></div>\n        <div class="w-[0.5px] h-12 bg-white"></div>\n    </div>\n    <div class="fixed bottom-6 right-6 pointer-events-none opacity-20 transform rotate-180">\n        <div class="w-12 h-[0.5px] bg-white"></div>\n        <div class="w-[0.5px] h-12 bg-white"></div>\n    </div>\n\n    <script>\n      document.addEventListener('DOMContentLoaded', () => {\n        const form = document.getElementById('summon-form');\n        const input = document.getElementById('portal-input');\n        const hiddenPlace = document.getElementById('hidden-place');\n        const hiddenYear = document.getElementById('hidden-year');\n        const summonBtn = document.getElementById('summon-btn');\n\n        function parseAndSubmit(e) {\n          e.preventDefault();\n          \n          const raw = input.value.trim();\n          if (!raw) return;\n\n          // Simple heuristic: look for trailing digits for the year\n          // "Paris 1920", "Paris, 1920", "New York, 2024"\n          const match = raw.match(/^(.*?)[,\\s]+(\\d{1,4})$/);\n          \n          if (match) {\n             hiddenPlace.value = match[1].trim();\n             hiddenYear.value = match[2];\n          } else {\n             // Fallback: If they just type "Rome", default to a random historical year\n             // or just let it pass to validation.\n             hiddenPlace.value = raw;\n             hiddenYear.value = new Date().getFullYear();\n          }\n\n          form.submit();\n        }\n\n        form.addEventListener('submit', parseAndSubmit);\n        summonBtn.addEventListener('click', parseAndSubmit);\n      });\n    </script>\n  </body>\n</html>`,
    expected: /recent-queries/,
    operator: 'match',
    diff: 'simple'
  }

test at test/how-it-works.test.js:34:1
✖ homepage includes link to how-it-works (6.213299ms)
  AssertionError [ERR_ASSERTION]: The input did not match the regular expression /\/how-it-works/. Input:
  
  '<!doctype html>\n' +
    '<html lang="en" class="dark">\n' +
    '  <head>\n' +
    '    <meta charset="utf-8" />\n' +
    '    <meta name="viewport" content="width=device-width, initial-scale=1.0" />\n' +
    '    <title>Séance - Invocation</title>\n' +
    '    \n' +
    '    <script src="https://cdn.tailwindcss.com?plugins=forms,container-queries"></script>\n' +
    '    <link href="https://fonts.googleapis.com/css2?family=Noto+Serif:ital,wght@0,300;0,400;0,700;1,300;1,400;1,700&family=Space+Grotesk:wght@300;400;500;700&display=swap" rel="stylesheet" />\n' +
    '    <link href="https://fonts.googleapis.com/css2?family=Material+Symbols+Outlined:wght,FILL@100..700,0..1&display=swap" rel="stylesheet" />\n' +
    '    <script id="tailwind-config">\n' +
    '      tailwind.config = {\n' +
    '        darkMode: "class",\n' +
    '        theme: {\n' +
    '          extend: {\n' +
    '            "colors": {\n' +
    '              "primary-fixed": "#735a39",\n' +
    '              "on-primary-container": "#000000",\n' +
    '              "outline": "#919191",\n' +
    '              "on-background": "#e5e2e1",\n' +
    '              "inverse-surface": "#e5e2e1",\n' +
    '              "error": "#ffb4ab",\n' +
    '              "surface-dim": "#131313",\n' +
    '              "on-secondary-fixed-variant": "#3c3b3b",\n' +
    '              "secondary-fixed-dim": "#adabaa",\n' +
    '              "surface-container-highest": "#353534",\n' +
    '              "on-tertiary-container": "#000000",\n' +
    '              "surface-container-low": "#1c1b1b",\n' +
    '              "primary-container": "#f0cfa5",\n' +
    '              "tertiary-fixed-dim": "#004b70",\n' +
    '              "primary-fixed-dim": "#594323",\n' +
    '              "on-primary-fixed-variant": "#ffddb2",\n' +
    '              "outline-variant": "#474747",\n' +
    '              "on-surface-variant": "#c6c6c6",\n' +
    '              "inverse-on-surface": "#313030",\n' +
    '              "tertiary-container": "#5997c4",\n' +
    '              "surface-container-lowest": "#0e0e0e",\n' +
    '              "on-tertiary": "#001e30",\n' +
    '              "secondary-fixed": "#c9c6c5",\n' +
    '              "surface-variant": "#353534",\n' +
    '              "on-surface": "#e5e2e1",\n' +
    '              "primary": "#ffffff",\n' +
    '              "on-primary": "#291800",\n' +
    '              "tertiary": "#cae6ff",\n' +
    '              "surface-container": "#201f1f",\n' +
    '              "on-secondary-container": "#e5e2e1",\n' +
    '              "on-error-container": "#ffdad6",\n' +
    '              "on-error": "#690005",\n' +
    '              "tertiary-fixed": "#1c648e",\n' +
    '              "surface-tint": "#e1c198",\n' +
    '              "on-secondary-fixed": "#1c1b1b",\n' +
    '              "on-tertiary-fixed": "#ffffff",\n' +
    '              "on-secondary": "#1c1b1b",\n' +
    '              "inverse-primary": "#735a39",\n' +
    '              "on-primary-fixed": "#ffffff",\n' +
    '              "secondary-container": "#474646",\n' +
    '              "background": "#050505",\n' +
    '              "surface-bright": "#3a3939",\n' +
    '              "surface": "#131313",\n' +
    '              "error-container": "#93000a",\n' +
    '              "surface-container-high": "#2a2a2a",\n' +
    '              "secondary": "#c9c6c5",\n' +
    '              "on-tertiary-fixed-variant": "#cae6ff"\n' +
    '            },\n' +
    '            "fontFamily": {\n' +
    '              "headline": ["Noto Serif", "serif"],\n' +
    '              "body": ["Space Grotesk", "sans-serif"],\n' +
    '              "label": ["Space Grotesk", "sans-serif"]\n' +
    '            }\n' +
    '          }\n' +
    '        }\n' +
    '      }\n' +
    '    </script>\n' +
    '    <style>\n' +
    '      body {\n' +
    '        min-height: max(884px, 100dvh);\n' +
    '        overflow: hidden;\n' +
    '      }\n' +
    '      .material-symbols-outlined {\n' +
    "        font-variation-settings: 'FILL' 0, 'wght' 200, 'GRAD' 0, 'opsz' 24;\n" +
    '      }\n' +
    '      .obsidian-void {\n' +
    '        background: radial-gradient(circle at center, #1a1a1a 0%, #050505 100%);\n' +
    '      }\n' +
    '      .needle-line {\n' +
    '        height: 0.5px;\n' +
    '        background: linear-gradient(90deg, transparent 0%, rgba(255,255,255,0.2) 50%, transparent 100%);\n' +
    '      }\n' +
    '      .spectral-glow {\n' +
    '        text-shadow: 0 0 15px rgba(255, 255, 255, 0.4);\n' +
    '      }\n' +
    '      .vertical-text {\n' +
    '        writing-mode: vertical-rl;\n' +
    '        text-orientation: mixed;\n' +
    '      }\n' +
    '      .smoke-blur {\n' +
    '        filter: blur(40px);\n' +
    '        background: radial-gradient(circle, rgba(202, 230, 255, 0.08) 0%, transparent 70%);\n' +
    '      }\n' +
    '      .grain-overlay {\n' +
    '        background-image: url("https://lh3.googleusercontent.com/aida-public/AB6AXuDj3jyhb5qrY9ftxHnrNvrsFKao8TM0oQEN-ok12uccMAR-UKuMiR_cRE9gSPXoUXKQxFKd525138SuXUi4FNfPS3PFBUYRVSr2q10wsPN_lZRhicd6Nap5a6TZeIUApMMx5XJRJ6F2bUNeAvhXPhqtb04obGn3XcKxdVDiqWPgSAGT0gHeahJFX-o0Uw55m0dk_Xn0-rnFEVA7Oqys3EmmQ1QCXmqUG5UDo_x3jTRCJLYWbjn-UjdXofuwFD9Jx_83dpV0WB6GZWrq");\n' +
    '        opacity: 0.03;\n' +
    '        pointer-events: none;\n' +
    '      }\n' +
    '      .mote-blur {\n' +
    '        filter: blur(80px);\n' +
    '      }\n' +
    '      .glow-pulse {\n' +
    '        filter: drop-shadow(0 0 20px rgba(255, 255, 255, 0.1));\n' +
    '      }\n' +
    '      .light-rill {\n' +
    '        background: linear-gradient(to bottom, transparent, rgba(202, 230, 255, 0.2), transparent);\n' +
    '      }\n' +
    '      .shard-blur {\n' +
    '        backdrop-filter: blur(40px);\n' +
    '        -webkit-backdrop-filter: blur(40px);\n' +
    '      }\n' +
    '    </style>\n' +
    '  \n' +
    '  </head>\n' +
    '  <body class="bg-background text-on-surface font-body overflow-hidden">\n' +
    '    <!-- The Obsidian Void Canvas -->\n' +
    '    <main class="relative h-screen w-full obsidian-void flex flex-col items-center justify-between py-12 px-8">\n' +
    '      \n' +
    '      <!-- Spectral Smoke Layer (Atmospheric) -->\n' +
    '      <div class="absolute inset-0 pointer-events-none overflow-hidden">\n' +
    '          <div class="smoke-blur absolute top-1/2 left-1/2 -translate-x-1/2 -translate-y-1/2 w-[800px] h-[800px] opacity-40"></div>\n' +
    '      </div>\n' +
    '\n' +
    '      <!-- Header / Identity -->\n' +
    '      <header class="z-10 text-center">\n' +
    '          <h1 class="font-headline font-light italic text-[10px] tracking-[1em] text-on-surface-variant opacity-80">\n' +
    '              SÉANCE\n' +
    '          </h1>\n' +
    '      </header>\n' +
    '\n' +
    '      <!-- Invocation Portal (Main Input Section) -->\n' +
    '      <div class="relative w-full max-w-4xl z-20 flex flex-col items-center group">\n' +
    '          <!-- Label Above: WHERE -->\n' +
    '          <div class="absolute -top-16 left-1/2 -translate-x-1/2">\n' +
    '              <span class="vertical-text font-label uppercase text-[8px] tracking-[0.4em] text-on-surface-variant/40">\n' +
    '                  WHERE\n' +
    '              </span>\n' +
    '          </div>\n' +
    '\n' +
    '          <!-- The Input Element -->\n' +
    '          <form id="summon-form" action="/ritual" method="get" class="relative w-full text-center space-y-4">\n' +
    '              <input type="hidden" name="place" id="hidden-place" />\n' +
    '              <input type="hidden" name="year" id="hidden-year" />\n' +
    '              \n' +
    '              <input \n' +
    '                  id="portal-input"\n' +
    '                  type="text" \n' +
    '                  class="w-full bg-transparent border-none focus:ring-0 text-center font-headline italic text-4xl md:text-6xl text-primary spectral-glow placeholder:text-on-surface-variant/20 transition-all duration-1000 outline-none" \n' +
    '                  placeholder="KYOTO, 1600" \n' +
    '                  spellcheck="false"\n' +
    '                  autocomplete="off"\n' +
    '              />\n' +
    '              \n' +
    '              <!-- The Needle Line -->\n' +
    '              <div class="needle-line w-full opacity-60"></div>\n' +
    '          </form>\n' +
    '\n' +
    '          <!-- Label Below: WHEN -->\n' +
    '          <div class="mt-8">\n' +
    '              <span class="font-label uppercase text-[8px] tracking-[0.4em] text-on-surface-variant/40">\n' +
    '                  WHEN\n' +
    '              </span>\n' +
    '          </div>\n' +
    '      </div>\n' +
    '\n' +
    '      <!-- Footer / Call to Action -->\n' +
    '      <footer class="z-10 flex flex-col items-center gap-6">\n' +
    '          <div class="h-16 w-[1px] bg-gradient-to-b from-transparent via-outline-variant/30 to-transparent"></div>\n' +
    '          <button id="summon-btn" class="font-label bg-transparent uppercase text-[9px] tracking-[0.3em] text-on-surface-variant/60 cursor-pointer hover:text-primary transition-colors duration-700">\n' +
    '              Tap the void to summon\n' +
    '          </button>\n' +
    '      </footer>\n' +
    '    </main>\n' +
    '\n' +
    '    <!-- Decorative Corner Accents (The Needle-Lines) -->\n' +
    '    <div class="fixed top-6 left-6 pointer-events-none opacity-20">\n' +
    '        <div class="w-12 h-[0.5px] bg-white"></div>\n' +
    '        <div class="w-[0.5px] h-12 bg-white"></div>\n' +
    '    </div>\n' +
    '    <div class="fixed bottom-6 right-6 pointer-events-none opacity-20 transform rotate-180">\n' +
    '        <div class="w-12 h-[0.5px] bg-white"></div>\n' +
    '        <div class="w-[0.5px] h-12 bg-white"></div>\n' +
    '    </div>\n' +
    '\n' +
    '    <script>\n' +
    "      document.addEventListener('DOMContentLoaded', () => {\n" +
    "        const form = document.getElementById('summon-form');\n" +
    "        const input = document.getElementById('portal-input');\n" +
    "        const hiddenPlace = document.getElementById('hidden-place');\n" +
    "        const hiddenYear = document.getElementById('hidden-year');\n" +
    "        const summonBtn = document.getElementById('summon-btn');\n" +
    '\n' +
    '        function parseAndSubmit(e) {\n' +
    '          e.preventDefault();\n' +
    '          \n' +
    '          const raw = input.value.trim();\n' +
    '          if (!raw) return;\n' +
    '\n' +
    '          // Simple heuristic: look for trailing digits for the year\n' +
    '          // "Paris 1920", "Paris, 1920", "New York, 2024"\n' +
    '          const match = raw.match(/^(.*?)[,\\s]+(\\d{1,4})$/);\n' +
    '          \n' +
    '          if (match) {\n' +
    '             hiddenPlace.value = match[1].trim();\n' +
    '             hiddenYear.value = match[2];\n' +
    '          } else {\n' +
    '             // Fallback: If they just type "Rome", default to a random historical year\n' +
    '             // or just let it pass to validation.\n' +
    '             hiddenPlace.value = raw;\n' +
    '             hiddenYear.value = new Date().getFullYear();\n' +
    '          }\n' +
    '\n' +
    '          form.submit();\n' +
    '        }\n' +
    '\n' +
    "        form.addEventListener('submit', parseAndSubmit);\n" +
    "        summonBtn.addEventListener('click', parseAndSubmit);\n" +
    '      });\n' +
    '    </script>\n' +
    '  </body>\n' +
    '</html>'
  
      at TestContext.<anonymous> (file:///home/srinivas/workspace/github.com/sivaratrisrinivas/seance/test/how-it-works.test.js:36:10)
      at async Test.run (node:internal/test_runner/test:1208:7)
      at async Test.processPendingSubtests (node:internal/test_runner/test:831:7) {
    generatedMessage: true,
    code: 'ERR_ASSERTION',
    actual: `<!doctype html>\n<html lang="en" class="dark">\n  <head>\n    <meta charset="utf-8" />\n    <meta name="viewport" content="width=device-width, initial-scale=1.0" />\n    <title>Séance - Invocation</title>\n    \n    <script src="https://cdn.tailwindcss.com?plugins=forms,container-queries"></script>\n    <link href="https://fonts.googleapis.com/css2?family=Noto+Serif:ital,wght@0,300;0,400;0,700;1,300;1,400;1,700&family=Space+Grotesk:wght@300;400;500;700&display=swap" rel="stylesheet" />\n    <link href="https://fonts.googleapis.com/css2?family=Material+Symbols+Outlined:wght,FILL@100..700,0..1&display=swap" rel="stylesheet" />\n    <script id="tailwind-config">\n      tailwind.config = {\n        darkMode: "class",\n        theme: {\n          extend: {\n            "colors": {\n              "primary-fixed": "#735a39",\n              "on-primary-container": "#000000",\n              "outline": "#919191",\n              "on-background": "#e5e2e1",\n              "inverse-surface": "#e5e2e1",\n              "error": "#ffb4ab",\n              "surface-dim": "#131313",\n              "on-secondary-fixed-variant": "#3c3b3b",\n              "secondary-fixed-dim": "#adabaa",\n              "surface-container-highest": "#353534",\n              "on-tertiary-container": "#000000",\n              "surface-container-low": "#1c1b1b",\n              "primary-container": "#f0cfa5",\n              "tertiary-fixed-dim": "#004b70",\n              "primary-fixed-dim": "#594323",\n              "on-primary-fixed-variant": "#ffddb2",\n              "outline-variant": "#474747",\n              "on-surface-variant": "#c6c6c6",\n              "inverse-on-surface": "#313030",\n              "tertiary-container": "#5997c4",\n              "surface-container-lowest": "#0e0e0e",\n              "on-tertiary": "#001e30",\n              "secondary-fixed": "#c9c6c5",\n              "surface-variant": "#353534",\n              "on-surface": "#e5e2e1",\n              "primary": "#ffffff",\n              "on-primary": "#291800",\n              "tertiary": "#cae6ff",\n              "surface-container": "#201f1f",\n              "on-secondary-container": "#e5e2e1",\n              "on-error-container": "#ffdad6",\n              "on-error": "#690005",\n              "tertiary-fixed": "#1c648e",\n              "surface-tint": "#e1c198",\n              "on-secondary-fixed": "#1c1b1b",\n              "on-tertiary-fixed": "#ffffff",\n              "on-secondary": "#1c1b1b",\n              "inverse-primary": "#735a39",\n              "on-primary-fixed": "#ffffff",\n              "secondary-container": "#474646",\n              "background": "#050505",\n              "surface-bright": "#3a3939",\n              "surface": "#131313",\n              "error-container": "#93000a",\n              "surface-container-high": "#2a2a2a",\n              "secondary": "#c9c6c5",\n              "on-tertiary-fixed-variant": "#cae6ff"\n            },\n            "fontFamily": {\n              "headline": ["Noto Serif", "serif"],\n              "body": ["Space Grotesk", "sans-serif"],\n              "label": ["Space Grotesk", "sans-serif"]\n            }\n          }\n        }\n      }\n    </script>\n    <style>\n      body {\n        min-height: max(884px, 100dvh);\n        overflow: hidden;\n      }\n      .material-symbols-outlined {\n        font-variation-settings: 'FILL' 0, 'wght' 200, 'GRAD' 0, 'opsz' 24;\n      }\n      .obsidian-void {\n        background: radial-gradient(circle at center, #1a1a1a 0%, #050505 100%);\n      }\n      .needle-line {\n        height: 0.5px;\n        background: linear-gradient(90deg, transparent 0%, rgba(255,255,255,0.2) 50%, transparent 100%);\n      }\n      .spectral-glow {\n        text-shadow: 0 0 15px rgba(255, 255, 255, 0.4);\n      }\n      .vertical-text {\n        writing-mode: vertical-rl;\n        text-orientation: mixed;\n      }\n      .smoke-blur {\n        filter: blur(40px);\n        background: radial-gradient(circle, rgba(202, 230, 255, 0.08) 0%, transparent 70%);\n      }\n      .grain-overlay {\n        background-image: url("https://lh3.googleusercontent.com/aida-public/AB6AXuDj3jyhb5qrY9ftxHnrNvrsFKao8TM0oQEN-ok12uccMAR-UKuMiR_cRE9gSPXoUXKQxFKd525138SuXUi4FNfPS3PFBUYRVSr2q10wsPN_lZRhicd6Nap5a6TZeIUApMMx5XJRJ6F2bUNeAvhXPhqtb04obGn3XcKxdVDiqWPgSAGT0gHeahJFX-o0Uw55m0dk_Xn0-rnFEVA7Oqys3EmmQ1QCXmqUG5UDo_x3jTRCJLYWbjn-UjdXofuwFD9Jx_83dpV0WB6GZWrq");\n        opacity: 0.03;\n        pointer-events: none;\n      }\n      .mote-blur {\n        filter: blur(80px);\n      }\n      .glow-pulse {\n        filter: drop-shadow(0 0 20px rgba(255, 255, 255, 0.1));\n      }\n      .light-rill {\n        background: linear-gradient(to bottom, transparent, rgba(202, 230, 255, 0.2), transparent);\n      }\n      .shard-blur {\n        backdrop-filter: blur(40px);\n        -webkit-backdrop-filter: blur(40px);\n      }\n    </style>\n  \n  </head>\n  <body class="bg-background text-on-surface font-body overflow-hidden">\n    <!-- The Obsidian Void Canvas -->\n    <main class="relative h-screen w-full obsidian-void flex flex-col items-center justify-between py-12 px-8">\n      \n      <!-- Spectral Smoke Layer (Atmospheric) -->\n      <div class="absolute inset-0 pointer-events-none overflow-hidden">\n          <div class="smoke-blur absolute top-1/2 left-1/2 -translate-x-1/2 -translate-y-1/2 w-[800px] h-[800px] opacity-40"></div>\n      </div>\n\n      <!-- Header / Identity -->\n      <header class="z-10 text-center">\n          <h1 class="font-headline font-light italic text-[10px] tracking-[1em] text-on-surface-variant opacity-80">\n              SÉANCE\n          </h1>\n      </header>\n\n      <!-- Invocation Portal (Main Input Section) -->\n      <div class="relative w-full max-w-4xl z-20 flex flex-col items-center group">\n          <!-- Label Above: WHERE -->\n          <div class="absolute -top-16 left-1/2 -translate-x-1/2">\n              <span class="vertical-text font-label uppercase text-[8px] tracking-[0.4em] text-on-surface-variant/40">\n                  WHERE\n              </span>\n          </div>\n\n          <!-- The Input Element -->\n          <form id="summon-form" action="/ritual" method="get" class="relative w-full text-center space-y-4">\n              <input type="hidden" name="place" id="hidden-place" />\n              <input type="hidden" name="year" id="hidden-year" />\n              \n              <input \n                  id="portal-input"\n                  type="text" \n                  class="w-full bg-transparent border-none focus:ring-0 text-center font-headline italic text-4xl md:text-6xl text-primary spectral-glow placeholder:text-on-surface-variant/20 transition-all duration-1000 outline-none" \n                  placeholder="KYOTO, 1600" \n                  spellcheck="false"\n                  autocomplete="off"\n              />\n              \n              <!-- The Needle Line -->\n              <div class="needle-line w-full opacity-60"></div>\n          </form>\n\n          <!-- Label Below: WHEN -->\n          <div class="mt-8">\n              <span class="font-label uppercase text-[8px] tracking-[0.4em] text-on-surface-variant/40">\n                  WHEN\n              </span>\n          </div>\n      </div>\n\n      <!-- Footer / Call to Action -->\n      <footer class="z-10 flex flex-col items-center gap-6">\n          <div class="h-16 w-[1px] bg-gradient-to-b from-transparent via-outline-variant/30 to-transparent"></div>\n          <button id="summon-btn" class="font-label bg-transparent uppercase text-[9px] tracking-[0.3em] text-on-surface-variant/60 cursor-pointer hover:text-primary transition-colors duration-700">\n              Tap the void to summon\n          </button>\n      </footer>\n    </main>\n\n    <!-- Decorative Corner Accents (The Needle-Lines) -->\n    <div class="fixed top-6 left-6 pointer-events-none opacity-20">\n        <div class="w-12 h-[0.5px] bg-white"></div>\n        <div class="w-[0.5px] h-12 bg-white"></div>\n    </div>\n    <div class="fixed bottom-6 right-6 pointer-events-none opacity-20 transform rotate-180">\n        <div class="w-12 h-[0.5px] bg-white"></div>\n        <div class="w-[0.5px] h-12 bg-white"></div>\n    </div>\n\n    <script>\n      document.addEventListener('DOMContentLoaded', () => {\n        const form = document.getElementById('summon-form');\n        const input = document.getElementById('portal-input');\n        const hiddenPlace = document.getElementById('hidden-place');\n        const hiddenYear = document.getElementById('hidden-year');\n        const summonBtn = document.getElementById('summon-btn');\n\n        function parseAndSubmit(e) {\n          e.preventDefault();\n          \n          const raw = input.value.trim();\n          if (!raw) return;\n\n          // Simple heuristic: look for trailing digits for the year\n          // "Paris 1920", "Paris, 1920", "New York, 2024"\n          const match = raw.match(/^(.*?)[,\\s]+(\\d{1,4})$/);\n          \n          if (match) {\n             hiddenPlace.value = match[1].trim();\n             hiddenYear.value = match[2];\n          } else {\n             // Fallback: If they just type "Rome", default to a random historical year\n             // or just let it pass to validation.\n             hiddenPlace.value = raw;\n             hiddenYear.value = new Date().getFullYear();\n          }\n\n          form.submit();\n        }\n\n        form.addEventListener('submit', parseAndSubmit);\n        summonBtn.addEventListener('click', parseAndSubmit);\n      });\n    </script>\n  </body>\n</html>`,
    expected: /\/how-it-works/,
    operator: 'match',
    diff: 'simple'
  }

test at test/partial-artifact.test.js:6:1
✖ renderArtifact shows Partial reconstruction note when partial=true (16.1816ms)
  AssertionError [ERR_ASSERTION]: The input did not match the regular expression /Some audio layers unavailable/i. Input:
  
  '<!doctype html>\n' +
    '<html lang="en" class="dark">\n' +
    '  <head>\n' +
    '    <meta charset="utf-8" />\n' +
    '    <meta name="viewport" content="width=device-width, initial-scale=1.0" />\n' +
    '    <title>Séance - Vox Aeterna</title>\n' +
    '    \n' +
    '    <script src="https://cdn.tailwindcss.com?plugins=forms,container-queries"></script>\n' +
    '    <link href="https://fonts.googleapis.com/css2?family=Noto+Serif:ital,wght@0,300;0,400;0,700;1,300;1,400;1,700&family=Space+Grotesk:wght@300;400;500;700&display=swap" rel="stylesheet" />\n' +
    '    <link href="https://fonts.googleapis.com/css2?family=Material+Symbols+Outlined:wght,FILL@100..700,0..1&display=swap" rel="stylesheet" />\n' +
    '    <script id="tailwind-config">\n' +
    '      tailwind.config = {\n' +
    '        darkMode: "class",\n' +
    '        theme: {\n' +
    '          extend: {\n' +
    '            "colors": {\n' +
    '              "primary-fixed": "#735a39",\n' +
    '              "on-primary-container": "#000000",\n' +
    '              "outline": "#919191",\n' +
    '              "on-background": "#e5e2e1",\n' +
    '              "inverse-surface": "#e5e2e1",\n' +
    '              "error": "#ffb4ab",\n' +
    '              "surface-dim": "#131313",\n' +
    '              "on-secondary-fixed-variant": "#3c3b3b",\n' +
    '              "secondary-fixed-dim": "#adabaa",\n' +
    '              "surface-container-highest": "#353534",\n' +
    '              "on-tertiary-container": "#000000",\n' +
    '              "surface-container-low": "#1c1b1b",\n' +
    '              "primary-container": "#f0cfa5",\n' +
    '              "tertiary-fixed-dim": "#004b70",\n' +
    '              "primary-fixed-dim": "#594323",\n' +
    '              "on-primary-fixed-variant": "#ffddb2",\n' +
    '              "outline-variant": "#474747",\n' +
    '              "on-surface-variant": "#c6c6c6",\n' +
    '              "inverse-on-surface": "#313030",\n' +
    '              "tertiary-container": "#5997c4",\n' +
    '              "surface-container-lowest": "#0e0e0e",\n' +
    '              "on-tertiary": "#001e30",\n' +
    '              "secondary-fixed": "#c9c6c5",\n' +
    '              "surface-variant": "#353534",\n' +
    '              "on-surface": "#e5e2e1",\n' +
    '              "primary": "#ffffff",\n' +
    '              "on-primary": "#291800",\n' +
    '              "tertiary": "#cae6ff",\n' +
    '              "surface-container": "#201f1f",\n' +
    '              "on-secondary-container": "#e5e2e1",\n' +
    '              "on-error-container": "#ffdad6",\n' +
    '              "on-error": "#690005",\n' +
    '              "tertiary-fixed": "#1c648e",\n' +
    '              "surface-tint": "#e1c198",\n' +
    '              "on-secondary-fixed": "#1c1b1b",\n' +
    '              "on-tertiary-fixed": "#ffffff",\n' +
    '              "on-secondary": "#1c1b1b",\n' +
    '              "inverse-primary": "#735a39",\n' +
    '              "on-primary-fixed": "#ffffff",\n' +
    '              "secondary-container": "#474646",\n' +
    '              "background": "#050505",\n' +
    '              "surface-bright": "#3a3939",\n' +
    '              "surface": "#131313",\n' +
    '              "error-container": "#93000a",\n' +
    '              "surface-container-high": "#2a2a2a",\n' +
    '              "secondary": "#c9c6c5",\n' +
    '              "on-tertiary-fixed-variant": "#cae6ff"\n' +
    '            },\n' +
    '            "fontFamily": {\n' +
    '              "headline": ["Noto Serif", "serif"],\n' +
    '              "body": ["Space Grotesk", "sans-serif"],\n' +
    '              "label": ["Space Grotesk", "sans-serif"]\n' +
    '            }\n' +
    '          }\n' +
    '        }\n' +
    '      }\n' +
    '    </script>\n' +
    '    <style>\n' +
    '      body {\n' +
    '        min-height: max(884px, 100dvh);\n' +
    '        overflow: hidden;\n' +
    '      }\n' +
    '      .material-symbols-outlined {\n' +
    "        font-variation-settings: 'FILL' 0, 'wght' 200, 'GRAD' 0, 'opsz' 24;\n" +
    '      }\n' +
    '      .obsidian-void {\n' +
    '        background: radial-gradient(circle at center, #1a1a1a 0%, #050505 100%);\n' +
    '      }\n' +
    '      .needle-line {\n' +
    '        height: 0.5px;\n' +
    '        background: linear-gradient(90deg, transparent 0%, rgba(255,255,255,0.2) 50%, transparent 100%);\n' +
    '      }\n' +
    '      .spectral-glow {\n' +
    '        text-shadow: 0 0 15px rgba(255, 255, 255, 0.4);\n' +
    '      }\n' +
    '      .vertical-text {\n' +
    '        writing-mode: vertical-rl;\n' +
    '        text-orientation: mixed;\n' +
    '      }\n' +
    '      .smoke-blur {\n' +
    '        filter: blur(40px);\n' +
    '        background: radial-gradient(circle, rgba(202, 230, 255, 0.08) 0%, transparent 70%);\n' +
    '      }\n' +
    '      .grain-overlay {\n' +
    '        background-image: url("https://lh3.googleusercontent.com/aida-public/AB6AXuDj3jyhb5qrY9ftxHnrNvrsFKao8TM0oQEN-ok12uccMAR-UKuMiR_cRE9gSPXoUXKQxFKd525138SuXUi4FNfPS3PFBUYRVSr2q10wsPN_lZRhicd6Nap5a6TZeIUApMMx5XJRJ6F2bUNeAvhXPhqtb04obGn3XcKxdVDiqWPgSAGT0gHeahJFX-o0Uw55m0dk_Xn0-rnFEVA7Oqys3EmmQ1QCXmqUG5UDo_x3jTRCJLYWbjn-UjdXofuwFD9Jx_83dpV0WB6GZWrq");\n' +
    '        opacity: 0.03;\n' +
    '        pointer-events: none;\n' +
    '      }\n' +
    '      .mote-blur {\n' +
    '        filter: blur(80px);\n' +
    '      }\n' +
    '      .glow-pulse {\n' +
    '        filter: drop-shadow(0 0 20px rgba(255, 255, 255, 0.1));\n' +
    '      }\n' +
    '      .light-rill {\n' +
    '        background: linear-gradient(to bottom, transparent, rgba(202, 230, 255, 0.2), transparent);\n' +
    '      }\n' +
    '      .shard-blur {\n' +
    '        backdrop-filter: blur(40px);\n' +
    '        -webkit-backdrop-filter: blur(40px);\n' +
    '      }\n' +
    '    </style>\n' +
    '  \n' +
    '  </head>\n' +
    '  <body class="bg-[#050505] text-on-background font-body selection:bg-tertiary/30 min-h-screen overflow-x-hidden relative">\n' +
    '    \n' +
    '    <!-- Fog and Grain Layers -->\n' +
    '    <div class="fixed inset-0 grain-overlay z-10 pointer-events-none"></div>\n' +
    '    <div class="fixed inset-0 bg-[radial-gradient(ellipse_at_center,_var(--tw-gradient-stops))] from-[#0a0a0a] via-[#050505] to-black z-0 pointer-events-none"></div>\n' +
    '    \n' +
    '    <!-- Navigation -->\n' +
    '    <header class="fixed top-0 left-0 w-full z-50 flex justify-between items-center px-10 py-8 mix-blend-difference">\n' +
    '        <div class="flex items-center gap-4">\n' +
    '            <a href="/" class="text-white/60 hover:text-white transition-all duration-700 ease-in-out font-label text-xs uppercase tracking-[0.3em] truncate">\n' +
    '                Sever Connection\n' +
    '            </a>\n' +
    '        </div>\n' +
    '    </header>\n' +
    '\n' +
    '    \n' +
    '\n' +
    '    <main class="relative z-20 pt-24 pb-24 px-6 md:px-12 lg:px-24 max-w-7xl mx-auto flex flex-col min-h-[90vh] justify-center">\n' +
    '        \n' +
    '        <!-- Header Information -->\n' +
    '        <div class="grid grid-cols-1 md:grid-cols-12 gap-8 mb-16 md:mb-24">\n' +
    '            <div class="md:col-span-8 flex flex-col justify-end">\n' +
    '                <p class="font-label uppercase text-[10px] tracking-[0.4em] text-on-surface-variant/60 mb-6">Resonance Established</p>\n' +
    '                <h1 class="font-headline italic text-4xl sm:text-5xl md:text-7xl lg:text-8xl text-primary tracking-tight leading-none mb-4 break-words">\n' +
    '                    London\n' +
    '                </h1>\n' +
    '                <div class="flex items-center gap-4 sm:gap-6 flex-wrap">\n' +
    '                    <span class="font-h1 text-2xl sm:text-3xl text-on-surface-variant/50">1940</span>\n' +
    '                    <div class="h-px w-12 sm:w-24 bg-white/10 hidden sm:block"></div>\n' +
    '                    <span class="font-label text-[10px] uppercase tracking-widest text-accent/70">High Confidence — Archival Convergence</span>\n' +
    '                </div>\n' +
    '            </div>\n' +
    '            \n' +
    '            <div class="md:col-span-4 flex flex-col justify-end">\n' +
    '                <p class="font-body text-sm text-on-surface-variant/70 leading-relaxed sm:text-right">\n' +
    '                    Audio projection constructed from fragmentary archival evidence.\n' +
    "                    <br/><span class='text-accent mt-2 block'>Partial reconstruction active.</span>\n" +
    '                </p>\n' +
    '            </div>\n' +
    '        </div>\n' +
    '\n' +
    '        \n' +
    '        <div class="mb-32 flex flex-col items-center justify-center opacity-30">\n' +
    '            <div class="w-24 h-24 rounded-full border border-white/10 border-dashed flex items-center justify-center mb-6">\n' +
    '                <span class="material-symbols-outlined text-4xl font-light">mic_off</span>\n' +
    '            </div>\n' +
    '            <p class="font-label uppercase tracking-widest text-xs text-center">Acoustic Shadow<br/><span class="text-[9px] opacity-70 normal-case mt-2 block">No audio layers reconstructed</span></p>\n' +
    '        </div>\n' +
    '        \n' +
    '\n' +
    '        <!-- Floating Evidence Shards -->\n' +
    '        \n' +
    '    </main>\n' +
    '    \n' +
    '  </body>\n' +
    '</html>'
  
      at TestContext.<anonymous> (file:///home/srinivas/workspace/github.com/sivaratrisrinivas/seance/test/partial-artifact.test.js:16:10)
      at Test.runInAsyncScope (node:async_hooks:226:14)
      at Test.run (node:internal/test_runner/test:1201:25)
      at Test.start (node:internal/test_runner/test:1096:17)
      at startSubtestAfterBootstrap (node:internal/test_runner/harness:385:17) {
    generatedMessage: true,
    code: 'ERR_ASSERTION',
    actual: `<!doctype html>\n<html lang="en" class="dark">\n  <head>\n    <meta charset="utf-8" />\n    <meta name="viewport" content="width=device-width, initial-scale=1.0" />\n    <title>Séance - Vox Aeterna</title>\n    \n    <script src="https://cdn.tailwindcss.com?plugins=forms,container-queries"></script>\n    <link href="https://fonts.googleapis.com/css2?family=Noto+Serif:ital,wght@0,300;0,400;0,700;1,300;1,400;1,700&family=Space+Grotesk:wght@300;400;500;700&display=swap" rel="stylesheet" />\n    <link href="https://fonts.googleapis.com/css2?family=Material+Symbols+Outlined:wght,FILL@100..700,0..1&display=swap" rel="stylesheet" />\n    <script id="tailwind-config">\n      tailwind.config = {\n        darkMode: "class",\n        theme: {\n          extend: {\n            "colors": {\n              "primary-fixed": "#735a39",\n              "on-primary-container": "#000000",\n              "outline": "#919191",\n              "on-background": "#e5e2e1",\n              "inverse-surface": "#e5e2e1",\n              "error": "#ffb4ab",\n              "surface-dim": "#131313",\n              "on-secondary-fixed-variant": "#3c3b3b",\n              "secondary-fixed-dim": "#adabaa",\n              "surface-container-highest": "#353534",\n              "on-tertiary-container": "#000000",\n              "surface-container-low": "#1c1b1b",\n              "primary-container": "#f0cfa5",\n              "tertiary-fixed-dim": "#004b70",\n              "primary-fixed-dim": "#594323",\n              "on-primary-fixed-variant": "#ffddb2",\n              "outline-variant": "#474747",\n              "on-surface-variant": "#c6c6c6",\n              "inverse-on-surface": "#313030",\n              "tertiary-container": "#5997c4",\n              "surface-container-lowest": "#0e0e0e",\n              "on-tertiary": "#001e30",\n              "secondary-fixed": "#c9c6c5",\n              "surface-variant": "#353534",\n              "on-surface": "#e5e2e1",\n              "primary": "#ffffff",\n              "on-primary": "#291800",\n              "tertiary": "#cae6ff",\n              "surface-container": "#201f1f",\n              "on-secondary-container": "#e5e2e1",\n              "on-error-container": "#ffdad6",\n              "on-error": "#690005",\n              "tertiary-fixed": "#1c648e",\n              "surface-tint": "#e1c198",\n              "on-secondary-fixed": "#1c1b1b",\n              "on-tertiary-fixed": "#ffffff",\n              "on-secondary": "#1c1b1b",\n              "inverse-primary": "#735a39",\n              "on-primary-fixed": "#ffffff",\n              "secondary-container": "#474646",\n              "background": "#050505",\n              "surface-bright": "#3a3939",\n              "surface": "#131313",\n              "error-container": "#93000a",\n              "surface-container-high": "#2a2a2a",\n              "secondary": "#c9c6c5",\n              "on-tertiary-fixed-variant": "#cae6ff"\n            },\n            "fontFamily": {\n              "headline": ["Noto Serif", "serif"],\n              "body": ["Space Grotesk", "sans-serif"],\n              "label": ["Space Grotesk", "sans-serif"]\n            }\n          }\n        }\n      }\n    </script>\n    <style>\n      body {\n        min-height: max(884px, 100dvh);\n        overflow: hidden;\n      }\n      .material-symbols-outlined {\n        font-variation-settings: 'FILL' 0, 'wght' 200, 'GRAD' 0, 'opsz' 24;\n      }\n      .obsidian-void {\n        background: radial-gradient(circle at center, #1a1a1a 0%, #050505 100%);\n      }\n      .needle-line {\n        height: 0.5px;\n        background: linear-gradient(90deg, transparent 0%, rgba(255,255,255,0.2) 50%, transparent 100%);\n      }\n      .spectral-glow {\n        text-shadow: 0 0 15px rgba(255, 255, 255, 0.4);\n      }\n      .vertical-text {\n        writing-mode: vertical-rl;\n        text-orientation: mixed;\n      }\n      .smoke-blur {\n        filter: blur(40px);\n        background: radial-gradient(circle, rgba(202, 230, 255, 0.08) 0%, transparent 70%);\n      }\n      .grain-overlay {\n        background-image: url("https://lh3.googleusercontent.com/aida-public/AB6AXuDj3jyhb5qrY9ftxHnrNvrsFKao8TM0oQEN-ok12uccMAR-UKuMiR_cRE9gSPXoUXKQxFKd525138SuXUi4FNfPS3PFBUYRVSr2q10wsPN_lZRhicd6Nap5a6TZeIUApMMx5XJRJ6F2bUNeAvhXPhqtb04obGn3XcKxdVDiqWPgSAGT0gHeahJFX-o0Uw55m0dk_Xn0-rnFEVA7Oqys3EmmQ1QCXmqUG5UDo_x3jTRCJLYWbjn-UjdXofuwFD9Jx_83dpV0WB6GZWrq");\n        opacity: 0.03;\n        pointer-events: none;\n      }\n      .mote-blur {\n        filter: blur(80px);\n      }\n      .glow-pulse {\n        filter: drop-shadow(0 0 20px rgba(255, 255, 255, 0.1));\n      }\n      .light-rill {\n        background: linear-gradient(to bottom, transparent, rgba(202, 230, 255, 0.2), transparent);\n      }\n      .shard-blur {\n        backdrop-filter: blur(40px);\n        -webkit-backdrop-filter: blur(40px);\n      }\n    </style>\n  \n  </head>\n  <body class="bg-[#050505] text-on-background font-body selection:bg-tertiary/30 min-h-screen overflow-x-hidden relative">\n    \n    <!-- Fog and Grain Layers -->\n    <div class="fixed inset-0 grain-overlay z-10 pointer-events-none"></div>\n    <div class="fixed inset-0 bg-[radial-gradient(ellipse_at_center,_var(--tw-gradient-stops))] from-[#0a0a0a] via-[#050505] to-black z-0 pointer-events-none"></div>\n    \n    <!-- Navigation -->\n    <header class="fixed top-0 left-0 w-full z-50 flex justify-between items-center px-10 py-8 mix-blend-difference">\n        <div class="flex items-center gap-4">\n            <a href="/" class="text-white/60 hover:text-white transition-all duration-700 ease-in-out font-label text-xs uppercase tracking-[0.3em] truncate">\n                Sever Connection\n            </a>\n        </div>\n    </header>\n\n    \n\n    <main class="relative z-20 pt-24 pb-24 px-6 md:px-12 lg:px-24 max-w-7xl mx-auto flex flex-col min-h-[90vh] justify-center">\n        \n        <!-- Header Information -->\n        <div class="grid grid-cols-1 md:grid-cols-12 gap-8 mb-16 md:mb-24">\n            <div class="md:col-span-8 flex flex-col justify-end">\n                <p class="font-label uppercase text-[10px] tracking-[0.4em] text-on-surface-variant/60 mb-6">Resonance Established</p>\n                <h1 class="font-headline italic text-4xl sm:text-5xl md:text-7xl lg:text-8xl text-primary tracking-tight leading-none mb-4 break-words">\n                    London\n                </h1>\n                <div class="flex items-center gap-4 sm:gap-6 flex-wrap">\n                    <span class="font-h1 text-2xl sm:text-3xl text-on-surface-variant/50">1940</span>\n                    <div class="h-px w-12 sm:w-24 bg-white/10 hidden sm:block"></div>\n                    <span class="font-label text-[10px] uppercase tracking-widest text-accent/70">High Confidence — Archival Convergence</span>\n                </div>\n            </div>\n            \n            <div class="md:col-span-4 flex flex-col justify-end">\n                <p class="font-body text-sm text-on-surface-variant/70 leading-relaxed sm:text-right">\n                    Audio projection constructed from fragmentary archival evidence.\n                    <br/><span class='text-accent mt-2 block'>Partial reconstruction active.</span>\n                </p>\n            </div>\n        </div>\n\n        \n        <div class="mb-32 flex flex-col items-center justify-center opacity-30">\n            <div class="w-24 h-24 rounded-full border border-white/10 border-dashed flex items-center justify-center mb-6">\n                <span class="material-symbols-outlined text-4xl font-light">mic_off</span>\n            </div>\n            <p class="font-label uppercase tracking-widest text-xs text-center">Acoustic Shadow<br/><span class="text-[9px] opacity-70 normal-case mt-2 block">No audio layers reconstructed</span></p>\n        </div>\n        \n\n        <!-- Floating Evidence Shards -->\n        \n    </main>\n    \n  </body>\n</html>`,
    expected: /Some audio layers unavailable/i,
    operator: 'match',
    diff: 'simple'
  }

test at test/partial-artifact.test.js:45:1
✖ renderArtifact shows Recovered badge for archived artifacts (2.5071ms)
  AssertionError [ERR_ASSERTION]: The input did not match the regular expression /Recovered from prior reconstruction/. Input:
  
  '<!doctype html>\n' +
    '<html lang="en" class="dark">\n' +
    '  <head>\n' +
    '    <meta charset="utf-8" />\n' +
    '    <meta name="viewport" content="width=device-width, initial-scale=1.0" />\n' +
    '    <title>Séance - Vox Aeterna</title>\n' +
    '    \n' +
    '    <script src="https://cdn.tailwindcss.com?plugins=forms,container-queries"></script>\n' +
    '    <link href="https://fonts.googleapis.com/css2?family=Noto+Serif:ital,wght@0,300;0,400;0,700;1,300;1,400;1,700&family=Space+Grotesk:wght@300;400;500;700&display=swap" rel="stylesheet" />\n' +
    '    <link href="https://fonts.googleapis.com/css2?family=Material+Symbols+Outlined:wght,FILL@100..700,0..1&display=swap" rel="stylesheet" />\n' +
    '    <script id="tailwind-config">\n' +
    '      tailwind.config = {\n' +
    '        darkMode: "class",\n' +
    '        theme: {\n' +
    '          extend: {\n' +
    '            "colors": {\n' +
    '              "primary-fixed": "#735a39",\n' +
    '              "on-primary-container": "#000000",\n' +
    '              "outline": "#919191",\n' +
    '              "on-background": "#e5e2e1",\n' +
    '              "inverse-surface": "#e5e2e1",\n' +
    '              "error": "#ffb4ab",\n' +
    '              "surface-dim": "#131313",\n' +
    '              "on-secondary-fixed-variant": "#3c3b3b",\n' +
    '              "secondary-fixed-dim": "#adabaa",\n' +
    '              "surface-container-highest": "#353534",\n' +
    '              "on-tertiary-container": "#000000",\n' +
    '              "surface-container-low": "#1c1b1b",\n' +
    '              "primary-container": "#f0cfa5",\n' +
    '              "tertiary-fixed-dim": "#004b70",\n' +
    '              "primary-fixed-dim": "#594323",\n' +
    '              "on-primary-fixed-variant": "#ffddb2",\n' +
    '              "outline-variant": "#474747",\n' +
    '              "on-surface-variant": "#c6c6c6",\n' +
    '              "inverse-on-surface": "#313030",\n' +
    '              "tertiary-container": "#5997c4",\n' +
    '              "surface-container-lowest": "#0e0e0e",\n' +
    '              "on-tertiary": "#001e30",\n' +
    '              "secondary-fixed": "#c9c6c5",\n' +
    '              "surface-variant": "#353534",\n' +
    '              "on-surface": "#e5e2e1",\n' +
    '              "primary": "#ffffff",\n' +
    '              "on-primary": "#291800",\n' +
    '              "tertiary": "#cae6ff",\n' +
    '              "surface-container": "#201f1f",\n' +
    '              "on-secondary-container": "#e5e2e1",\n' +
    '              "on-error-container": "#ffdad6",\n' +
    '              "on-error": "#690005",\n' +
    '              "tertiary-fixed": "#1c648e",\n' +
    '              "surface-tint": "#e1c198",\n' +
    '              "on-secondary-fixed": "#1c1b1b",\n' +
    '              "on-tertiary-fixed": "#ffffff",\n' +
    '              "on-secondary": "#1c1b1b",\n' +
    '              "inverse-primary": "#735a39",\n' +
    '              "on-primary-fixed": "#ffffff",\n' +
    '              "secondary-container": "#474646",\n' +
    '              "background": "#050505",\n' +
    '              "surface-bright": "#3a3939",\n' +
    '              "surface": "#131313",\n' +
    '              "error-container": "#93000a",\n' +
    '              "surface-container-high": "#2a2a2a",\n' +
    '              "secondary": "#c9c6c5",\n' +
    '              "on-tertiary-fixed-variant": "#cae6ff"\n' +
    '            },\n' +
    '            "fontFamily": {\n' +
    '              "headline": ["Noto Serif", "serif"],\n' +
    '              "body": ["Space Grotesk", "sans-serif"],\n' +
    '              "label": ["Space Grotesk", "sans-serif"]\n' +
    '            }\n' +
    '          }\n' +
    '        }\n' +
    '      }\n' +
    '    </script>\n' +
    '    <style>\n' +
    '      body {\n' +
    '        min-height: max(884px, 100dvh);\n' +
    '        overflow: hidden;\n' +
    '      }\n' +
    '      .material-symbols-outlined {\n' +
    "        font-variation-settings: 'FILL' 0, 'wght' 200, 'GRAD' 0, 'opsz' 24;\n" +
    '      }\n' +
    '      .obsidian-void {\n' +
    '        background: radial-gradient(circle at center, #1a1a1a 0%, #050505 100%);\n' +
    '      }\n' +
    '      .needle-line {\n' +
    '        height: 0.5px;\n' +
    '        background: linear-gradient(90deg, transparent 0%, rgba(255,255,255,0.2) 50%, transparent 100%);\n' +
    '      }\n' +
    '      .spectral-glow {\n' +
    '        text-shadow: 0 0 15px rgba(255, 255, 255, 0.4);\n' +
    '      }\n' +
    '      .vertical-text {\n' +
    '        writing-mode: vertical-rl;\n' +
    '        text-orientation: mixed;\n' +
    '      }\n' +
    '      .smoke-blur {\n' +
    '        filter: blur(40px);\n' +
    '        background: radial-gradient(circle, rgba(202, 230, 255, 0.08) 0%, transparent 70%);\n' +
    '      }\n' +
    '      .grain-overlay {\n' +
    '        background-image: url("https://lh3.googleusercontent.com/aida-public/AB6AXuDj3jyhb5qrY9ftxHnrNvrsFKao8TM0oQEN-ok12uccMAR-UKuMiR_cRE9gSPXoUXKQxFKd525138SuXUi4FNfPS3PFBUYRVSr2q10wsPN_lZRhicd6Nap5a6TZeIUApMMx5XJRJ6F2bUNeAvhXPhqtb04obGn3XcKxdVDiqWPgSAGT0gHeahJFX-o0Uw55m0dk_Xn0-rnFEVA7Oqys3EmmQ1QCXmqUG5UDo_x3jTRCJLYWbjn-UjdXofuwFD9Jx_83dpV0WB6GZWrq");\n' +
    '        opacity: 0.03;\n' +
    '        pointer-events: none;\n' +
    '      }\n' +
    '      .mote-blur {\n' +
    '        filter: blur(80px);\n' +
    '      }\n' +
    '      .glow-pulse {\n' +
    '        filter: drop-shadow(0 0 20px rgba(255, 255, 255, 0.1));\n' +
    '      }\n' +
    '      .light-rill {\n' +
    '        background: linear-gradient(to bottom, transparent, rgba(202, 230, 255, 0.2), transparent);\n' +
    '      }\n' +
    '      .shard-blur {\n' +
    '        backdrop-filter: blur(40px);\n' +
    '        -webkit-backdrop-filter: blur(40px);\n' +
    '      }\n' +
    '    </style>\n' +
    '  \n' +
    '  </head>\n' +
    '  <body class="bg-[#050505] text-on-background font-body selection:bg-tertiary/30 min-h-screen overflow-x-hidden relative">\n' +
    '    \n' +
    '    <!-- Fog and Grain Layers -->\n' +
    '    <div class="fixed inset-0 grain-overlay z-10 pointer-events-none"></div>\n' +
    '    <div class="fixed inset-0 bg-[radial-gradient(ellipse_at_center,_var(--tw-gradient-stops))] from-[#0a0a0a] via-[#050505] to-black z-0 pointer-events-none"></div>\n' +
    '    \n' +
    '    <!-- Navigation -->\n' +
    '    <header class="fixed top-0 left-0 w-full z-50 flex justify-between items-center px-10 py-8 mix-blend-difference">\n' +
    '        <div class="flex items-center gap-4">\n' +
    '            <a href="/" class="text-white/60 hover:text-white transition-all duration-700 ease-in-out font-label text-xs uppercase tracking-[0.3em] truncate">\n' +
    '                Sever Connection\n' +
    '            </a>\n' +
    '        </div>\n' +
    '    </header>\n' +
    '\n' +
    '    \n' +
    '\n' +
    '    <main class="relative z-20 pt-24 pb-24 px-6 md:px-12 lg:px-24 max-w-7xl mx-auto flex flex-col min-h-[90vh] justify-center">\n' +
    '        \n' +
    '        <!-- Header Information -->\n' +
    '        <div class="grid grid-cols-1 md:grid-cols-12 gap-8 mb-16 md:mb-24">\n' +
    '            <div class="md:col-span-8 flex flex-col justify-end">\n' +
    '                <p class="font-label uppercase text-[10px] tracking-[0.4em] text-on-surface-variant/60 mb-6">Echo Recovered</p>\n' +
    '                <h1 class="font-headline italic text-4xl sm:text-5xl md:text-7xl lg:text-8xl text-primary tracking-tight leading-none mb-4 break-words">\n' +
    '                    London\n' +
    '                </h1>\n' +
    '                <div class="flex items-center gap-4 sm:gap-6 flex-wrap">\n' +
    '                    <span class="font-h1 text-2xl sm:text-3xl text-on-surface-variant/50">1940</span>\n' +
    '                    <div class="h-px w-12 sm:w-24 bg-white/10 hidden sm:block"></div>\n' +
    '                    <span class="font-label text-[10px] uppercase tracking-widest text-accent/70">High Confidence — Archival Convergence</span>\n' +
    '                </div>\n' +
    '            </div>\n' +
    '            \n' +
    '            <div class="md:col-span-4 flex flex-col justify-end">\n' +
    '                <p class="font-body text-sm text-on-surface-variant/70 leading-relaxed sm:text-right">\n' +
    '                    Audio projection constructed from fragmentary archival evidence.\n' +
    "                    <br/><span class='text-accent mt-2 block'>Partial reconstruction active.</span>\n" +
    '                </p>\n' +
    '            </div>\n' +
    '        </div>\n' +
    '\n' +
    '        \n' +
    '        <div class="mb-32 flex flex-col items-center justify-center opacity-30">\n' +
    '            <div class="w-24 h-24 rounded-full border border-white/10 border-dashed flex items-center justify-center mb-6">\n' +
    '                <span class="material-symbols-outlined text-4xl font-light">mic_off</span>\n' +
    '            </div>\n' +
    '            <p class="font-label uppercase tracking-widest text-xs text-center">Acoustic Shadow<br/><span class="text-[9px] opacity-70 normal-case mt-2 block">No audio layers reconstructed</span></p>\n' +
    '        </div>\n' +
    '        \n' +
    '\n' +
    '        <!-- Floating Evidence Shards -->\n' +
    '        \n' +
    '    </main>\n' +
    '    \n' +
    '  </body>\n' +
    '</html>'
  
      at TestContext.<anonymous> (file:///home/srinivas/workspace/github.com/sivaratrisrinivas/seance/test/partial-artifact.test.js:54:10)
      at Test.runInAsyncScope (node:async_hooks:226:14)
      at Test.run (node:internal/test_runner/test:1201:25)
      at Test.processPendingSubtests (node:internal/test_runner/test:831:18)
      at Test.postRun (node:internal/test_runner/test:1330:19)
      at Test.run (node:internal/test_runner/test:1258:12)
      at async Test.processPendingSubtests (node:internal/test_runner/test:831:7) {
    generatedMessage: true,
    code: 'ERR_ASSERTION',
    actual: `<!doctype html>\n<html lang="en" class="dark">\n  <head>\n    <meta charset="utf-8" />\n    <meta name="viewport" content="width=device-width, initial-scale=1.0" />\n    <title>Séance - Vox Aeterna</title>\n    \n    <script src="https://cdn.tailwindcss.com?plugins=forms,container-queries"></script>\n    <link href="https://fonts.googleapis.com/css2?family=Noto+Serif:ital,wght@0,300;0,400;0,700;1,300;1,400;1,700&family=Space+Grotesk:wght@300;400;500;700&display=swap" rel="stylesheet" />\n    <link href="https://fonts.googleapis.com/css2?family=Material+Symbols+Outlined:wght,FILL@100..700,0..1&display=swap" rel="stylesheet" />\n    <script id="tailwind-config">\n      tailwind.config = {\n        darkMode: "class",\n        theme: {\n          extend: {\n            "colors": {\n              "primary-fixed": "#735a39",\n              "on-primary-container": "#000000",\n              "outline": "#919191",\n              "on-background": "#e5e2e1",\n              "inverse-surface": "#e5e2e1",\n              "error": "#ffb4ab",\n              "surface-dim": "#131313",\n              "on-secondary-fixed-variant": "#3c3b3b",\n              "secondary-fixed-dim": "#adabaa",\n              "surface-container-highest": "#353534",\n              "on-tertiary-container": "#000000",\n              "surface-container-low": "#1c1b1b",\n              "primary-container": "#f0cfa5",\n              "tertiary-fixed-dim": "#004b70",\n              "primary-fixed-dim": "#594323",\n              "on-primary-fixed-variant": "#ffddb2",\n              "outline-variant": "#474747",\n              "on-surface-variant": "#c6c6c6",\n              "inverse-on-surface": "#313030",\n              "tertiary-container": "#5997c4",\n              "surface-container-lowest": "#0e0e0e",\n              "on-tertiary": "#001e30",\n              "secondary-fixed": "#c9c6c5",\n              "surface-variant": "#353534",\n              "on-surface": "#e5e2e1",\n              "primary": "#ffffff",\n              "on-primary": "#291800",\n              "tertiary": "#cae6ff",\n              "surface-container": "#201f1f",\n              "on-secondary-container": "#e5e2e1",\n              "on-error-container": "#ffdad6",\n              "on-error": "#690005",\n              "tertiary-fixed": "#1c648e",\n              "surface-tint": "#e1c198",\n              "on-secondary-fixed": "#1c1b1b",\n              "on-tertiary-fixed": "#ffffff",\n              "on-secondary": "#1c1b1b",\n              "inverse-primary": "#735a39",\n              "on-primary-fixed": "#ffffff",\n              "secondary-container": "#474646",\n              "background": "#050505",\n              "surface-bright": "#3a3939",\n              "surface": "#131313",\n              "error-container": "#93000a",\n              "surface-container-high": "#2a2a2a",\n              "secondary": "#c9c6c5",\n              "on-tertiary-fixed-variant": "#cae6ff"\n            },\n            "fontFamily": {\n              "headline": ["Noto Serif", "serif"],\n              "body": ["Space Grotesk", "sans-serif"],\n              "label": ["Space Grotesk", "sans-serif"]\n            }\n          }\n        }\n      }\n    </script>\n    <style>\n      body {\n        min-height: max(884px, 100dvh);\n        overflow: hidden;\n      }\n      .material-symbols-outlined {\n        font-variation-settings: 'FILL' 0, 'wght' 200, 'GRAD' 0, 'opsz' 24;\n      }\n      .obsidian-void {\n        background: radial-gradient(circle at center, #1a1a1a 0%, #050505 100%);\n      }\n      .needle-line {\n        height: 0.5px;\n        background: linear-gradient(90deg, transparent 0%, rgba(255,255,255,0.2) 50%, transparent 100%);\n      }\n      .spectral-glow {\n        text-shadow: 0 0 15px rgba(255, 255, 255, 0.4);\n      }\n      .vertical-text {\n        writing-mode: vertical-rl;\n        text-orientation: mixed;\n      }\n      .smoke-blur {\n        filter: blur(40px);\n        background: radial-gradient(circle, rgba(202, 230, 255, 0.08) 0%, transparent 70%);\n      }\n      .grain-overlay {\n        background-image: url("https://lh3.googleusercontent.com/aida-public/AB6AXuDj3jyhb5qrY9ftxHnrNvrsFKao8TM0oQEN-ok12uccMAR-UKuMiR_cRE9gSPXoUXKQxFKd525138SuXUi4FNfPS3PFBUYRVSr2q10wsPN_lZRhicd6Nap5a6TZeIUApMMx5XJRJ6F2bUNeAvhXPhqtb04obGn3XcKxdVDiqWPgSAGT0gHeahJFX-o0Uw55m0dk_Xn0-rnFEVA7Oqys3EmmQ1QCXmqUG5UDo_x3jTRCJLYWbjn-UjdXofuwFD9Jx_83dpV0WB6GZWrq");\n        opacity: 0.03;\n        pointer-events: none;\n      }\n      .mote-blur {\n        filter: blur(80px);\n      }\n      .glow-pulse {\n        filter: drop-shadow(0 0 20px rgba(255, 255, 255, 0.1));\n      }\n      .light-rill {\n        background: linear-gradient(to bottom, transparent, rgba(202, 230, 255, 0.2), transparent);\n      }\n      .shard-blur {\n        backdrop-filter: blur(40px);\n        -webkit-backdrop-filter: blur(40px);\n      }\n    </style>\n  \n  </head>\n  <body class="bg-[#050505] text-on-background font-body selection:bg-tertiary/30 min-h-screen overflow-x-hidden relative">\n    \n    <!-- Fog and Grain Layers -->\n    <div class="fixed inset-0 grain-overlay z-10 pointer-events-none"></div>\n    <div class="fixed inset-0 bg-[radial-gradient(ellipse_at_center,_var(--tw-gradient-stops))] from-[#0a0a0a] via-[#050505] to-black z-0 pointer-events-none"></div>\n    \n    <!-- Navigation -->\n    <header class="fixed top-0 left-0 w-full z-50 flex justify-between items-center px-10 py-8 mix-blend-difference">\n        <div class="flex items-center gap-4">\n            <a href="/" class="text-white/60 hover:text-white transition-all duration-700 ease-in-out font-label text-xs uppercase tracking-[0.3em] truncate">\n                Sever Connection\n            </a>\n        </div>\n    </header>\n\n    \n\n    <main class="relative z-20 pt-24 pb-24 px-6 md:px-12 lg:px-24 max-w-7xl mx-auto flex flex-col min-h-[90vh] justify-center">\n        \n        <!-- Header Information -->\n        <div class="grid grid-cols-1 md:grid-cols-12 gap-8 mb-16 md:mb-24">\n            <div class="md:col-span-8 flex flex-col justify-end">\n                <p class="font-label uppercase text-[10px] tracking-[0.4em] text-on-surface-variant/60 mb-6">Echo Recovered</p>\n                <h1 class="font-headline italic text-4xl sm:text-5xl md:text-7xl lg:text-8xl text-primary tracking-tight leading-none mb-4 break-words">\n                    London\n                </h1>\n                <div class="flex items-center gap-4 sm:gap-6 flex-wrap">\n                    <span class="font-h1 text-2xl sm:text-3xl text-on-surface-variant/50">1940</span>\n                    <div class="h-px w-12 sm:w-24 bg-white/10 hidden sm:block"></div>\n                    <span class="font-label text-[10px] uppercase tracking-widest text-accent/70">High Confidence — Archival Convergence</span>\n                </div>\n            </div>\n            \n            <div class="md:col-span-4 flex flex-col justify-end">\n                <p class="font-body text-sm text-on-surface-variant/70 leading-relaxed sm:text-right">\n                    Audio projection constructed from fragmentary archival evidence.\n                    <br/><span class='text-accent mt-2 block'>Partial reconstruction active.</span>\n                </p>\n            </div>\n        </div>\n\n        \n        <div class="mb-32 flex flex-col items-center justify-center opacity-30">\n            <div class="w-24 h-24 rounded-full border border-white/10 border-dashed flex items-center justify-center mb-6">\n                <span class="material-symbols-outlined text-4xl font-light">mic_off</span>\n            </div>\n            <p class="font-label uppercase tracking-widest text-xs text-center">Acoustic Shadow<br/><span class="text-[9px] opacity-70 normal-case mt-2 block">No audio layers reconstructed</span></p>\n        </div>\n        \n\n        <!-- Floating Evidence Shards -->\n        \n    </main>\n    \n  </body>\n</html>`,
    expected: /Recovered from prior reconstruction/,
    operator: 'match',
    diff: 'simple'
  }

test at test/partial-artifact.test.js:57:1
✖ renderArtifact shows Freshly summoned for generated artifacts (3.3443ms)
  AssertionError [ERR_ASSERTION]: The input did not match the regular expression /Freshly summoned/. Input:
  
  '<!doctype html>\n' +
    '<html lang="en" class="dark">\n' +
    '  <head>\n' +
    '    <meta charset="utf-8" />\n' +
    '    <meta name="viewport" content="width=device-width, initial-scale=1.0" />\n' +
    '    <title>Séance - Vox Aeterna</title>\n' +
    '    \n' +
    '    <script src="https://cdn.tailwindcss.com?plugins=forms,container-queries"></script>\n' +
    '    <link href="https://fonts.googleapis.com/css2?family=Noto+Serif:ital,wght@0,300;0,400;0,700;1,300;1,400;1,700&family=Space+Grotesk:wght@300;400;500;700&display=swap" rel="stylesheet" />\n' +
    '    <link href="https://fonts.googleapis.com/css2?family=Material+Symbols+Outlined:wght,FILL@100..700,0..1&display=swap" rel="stylesheet" />\n' +
    '    <script id="tailwind-config">\n' +
    '      tailwind.config = {\n' +
    '        darkMode: "class",\n' +
    '        theme: {\n' +
    '          extend: {\n' +
    '            "colors": {\n' +
    '              "primary-fixed": "#735a39",\n' +
    '              "on-primary-container": "#000000",\n' +
    '              "outline": "#919191",\n' +
    '              "on-background": "#e5e2e1",\n' +
    '              "inverse-surface": "#e5e2e1",\n' +
    '              "error": "#ffb4ab",\n' +
    '              "surface-dim": "#131313",\n' +
    '              "on-secondary-fixed-variant": "#3c3b3b",\n' +
    '              "secondary-fixed-dim": "#adabaa",\n' +
    '              "surface-container-highest": "#353534",\n' +
    '              "on-tertiary-container": "#000000",\n' +
    '              "surface-container-low": "#1c1b1b",\n' +
    '              "primary-container": "#f0cfa5",\n' +
    '              "tertiary-fixed-dim": "#004b70",\n' +
    '              "primary-fixed-dim": "#594323",\n' +
    '              "on-primary-fixed-variant": "#ffddb2",\n' +
    '              "outline-variant": "#474747",\n' +
    '              "on-surface-variant": "#c6c6c6",\n' +
    '              "inverse-on-surface": "#313030",\n' +
    '              "tertiary-container": "#5997c4",\n' +
    '              "surface-container-lowest": "#0e0e0e",\n' +
    '              "on-tertiary": "#001e30",\n' +
    '              "secondary-fixed": "#c9c6c5",\n' +
    '              "surface-variant": "#353534",\n' +
    '              "on-surface": "#e5e2e1",\n' +
    '              "primary": "#ffffff",\n' +
    '              "on-primary": "#291800",\n' +
    '              "tertiary": "#cae6ff",\n' +
    '              "surface-container": "#201f1f",\n' +
    '              "on-secondary-container": "#e5e2e1",\n' +
    '              "on-error-container": "#ffdad6",\n' +
    '              "on-error": "#690005",\n' +
    '              "tertiary-fixed": "#1c648e",\n' +
    '              "surface-tint": "#e1c198",\n' +
    '              "on-secondary-fixed": "#1c1b1b",\n' +
    '              "on-tertiary-fixed": "#ffffff",\n' +
    '              "on-secondary": "#1c1b1b",\n' +
    '              "inverse-primary": "#735a39",\n' +
    '              "on-primary-fixed": "#ffffff",\n' +
    '              "secondary-container": "#474646",\n' +
    '              "background": "#050505",\n' +
    '              "surface-bright": "#3a3939",\n' +
    '              "surface": "#131313",\n' +
    '              "error-container": "#93000a",\n' +
    '              "surface-container-high": "#2a2a2a",\n' +
    '              "secondary": "#c9c6c5",\n' +
    '              "on-tertiary-fixed-variant": "#cae6ff"\n' +
    '            },\n' +
    '            "fontFamily": {\n' +
    '              "headline": ["Noto Serif", "serif"],\n' +
    '              "body": ["Space Grotesk", "sans-serif"],\n' +
    '              "label": ["Space Grotesk", "sans-serif"]\n' +
    '            }\n' +
    '          }\n' +
    '        }\n' +
    '      }\n' +
    '    </script>\n' +
    '    <style>\n' +
    '      body {\n' +
    '        min-height: max(884px, 100dvh);\n' +
    '        overflow: hidden;\n' +
    '      }\n' +
    '      .material-symbols-outlined {\n' +
    "        font-variation-settings: 'FILL' 0, 'wght' 200, 'GRAD' 0, 'opsz' 24;\n" +
    '      }\n' +
    '      .obsidian-void {\n' +
    '        background: radial-gradient(circle at center, #1a1a1a 0%, #050505 100%);\n' +
    '      }\n' +
    '      .needle-line {\n' +
    '        height: 0.5px;\n' +
    '        background: linear-gradient(90deg, transparent 0%, rgba(255,255,255,0.2) 50%, transparent 100%);\n' +
    '      }\n' +
    '      .spectral-glow {\n' +
    '        text-shadow: 0 0 15px rgba(255, 255, 255, 0.4);\n' +
    '      }\n' +
    '      .vertical-text {\n' +
    '        writing-mode: vertical-rl;\n' +
    '        text-orientation: mixed;\n' +
    '      }\n' +
    '      .smoke-blur {\n' +
    '        filter: blur(40px);\n' +
    '        background: radial-gradient(circle, rgba(202, 230, 255, 0.08) 0%, transparent 70%);\n' +
    '      }\n' +
    '      .grain-overlay {\n' +
    '        background-image: url("https://lh3.googleusercontent.com/aida-public/AB6AXuDj3jyhb5qrY9ftxHnrNvrsFKao8TM0oQEN-ok12uccMAR-UKuMiR_cRE9gSPXoUXKQxFKd525138SuXUi4FNfPS3PFBUYRVSr2q10wsPN_lZRhicd6Nap5a6TZeIUApMMx5XJRJ6F2bUNeAvhXPhqtb04obGn3XcKxdVDiqWPgSAGT0gHeahJFX-o0Uw55m0dk_Xn0-rnFEVA7Oqys3EmmQ1QCXmqUG5UDo_x3jTRCJLYWbjn-UjdXofuwFD9Jx_83dpV0WB6GZWrq");\n' +
    '        opacity: 0.03;\n' +
    '        pointer-events: none;\n' +
    '      }\n' +
    '      .mote-blur {\n' +
    '        filter: blur(80px);\n' +
    '      }\n' +
    '      .glow-pulse {\n' +
    '        filter: drop-shadow(0 0 20px rgba(255, 255, 255, 0.1));\n' +
    '      }\n' +
    '      .light-rill {\n' +
    '        background: linear-gradient(to bottom, transparent, rgba(202, 230, 255, 0.2), transparent);\n' +
    '      }\n' +
    '      .shard-blur {\n' +
    '        backdrop-filter: blur(40px);\n' +
    '        -webkit-backdrop-filter: blur(40px);\n' +
    '      }\n' +
    '    </style>\n' +
    '  \n' +
    '  </head>\n' +
    '  <body class="bg-[#050505] text-on-background font-body selection:bg-tertiary/30 min-h-screen overflow-x-hidden relative">\n' +
    '    \n' +
    '    <!-- Fog and Grain Layers -->\n' +
    '    <div class="fixed inset-0 grain-overlay z-10 pointer-events-none"></div>\n' +
    '    <div class="fixed inset-0 bg-[radial-gradient(ellipse_at_center,_var(--tw-gradient-stops))] from-[#0a0a0a] via-[#050505] to-black z-0 pointer-events-none"></div>\n' +
    '    \n' +
    '    <!-- Navigation -->\n' +
    '    <header class="fixed top-0 left-0 w-full z-50 flex justify-between items-center px-10 py-8 mix-blend-difference">\n' +
    '        <div class="flex items-center gap-4">\n' +
    '            <a href="/" class="text-white/60 hover:text-white transition-all duration-700 ease-in-out font-label text-xs uppercase tracking-[0.3em] truncate">\n' +
    '                Sever Connection\n' +
    '            </a>\n' +
    '        </div>\n' +
    '    </header>\n' +
    '\n' +
    '    \n' +
    '\n' +
    '    <main class="relative z-20 pt-24 pb-24 px-6 md:px-12 lg:px-24 max-w-7xl mx-auto flex flex-col min-h-[90vh] justify-center">\n' +
    '        \n' +
    '        <!-- Header Information -->\n' +
    '        <div class="grid grid-cols-1 md:grid-cols-12 gap-8 mb-16 md:mb-24">\n' +
    '            <div class="md:col-span-8 flex flex-col justify-end">\n' +
    '                <p class="font-label uppercase text-[10px] tracking-[0.4em] text-on-surface-variant/60 mb-6">Resonance Established</p>\n' +
    '                <h1 class="font-headline italic text-4xl sm:text-5xl md:text-7xl lg:text-8xl text-primary tracking-tight leading-none mb-4 break-words">\n' +
    '                    London\n' +
    '                </h1>\n' +
    '                <div class="flex items-center gap-4 sm:gap-6 flex-wrap">\n' +
    '                    <span class="font-h1 text-2xl sm:text-3xl text-on-surface-variant/50">1940</span>\n' +
    '                    <div class="h-px w-12 sm:w-24 bg-white/10 hidden sm:block"></div>\n' +
    '                    <span class="font-label text-[10px] uppercase tracking-widest text-accent/70">High Confidence — Archival Convergence</span>\n' +
    '                </div>\n' +
    '            </div>\n' +
    '            \n' +
    '            <div class="md:col-span-4 flex flex-col justify-end">\n' +
    '                <p class="font-body text-sm text-on-surface-variant/70 leading-relaxed sm:text-right">\n' +
    '                    Audio projection constructed from fragmentary archival evidence.\n' +
    '                    \n' +
    '                </p>\n' +
    '            </div>\n' +
    '        </div>\n' +
    '\n' +
    '        \n' +
    '        <div class="mb-32 flex flex-col items-center justify-center opacity-30">\n' +
    '            <div class="w-24 h-24 rounded-full border border-white/10 border-dashed flex items-center justify-center mb-6">\n' +
    '                <span class="material-symbols-outlined text-4xl font-light">mic_off</span>\n' +
    '            </div>\n' +
    '            <p class="font-label uppercase tracking-widest text-xs text-center">Acoustic Shadow<br/><span class="text-[9px] opacity-70 normal-case mt-2 block">No audio layers reconstructed</span></p>\n' +
    '        </div>\n' +
    '        \n' +
    '\n' +
    '        <!-- Floating Evidence Shards -->\n' +
    '        \n' +
    '    </main>\n' +
    '    \n' +
    '  </body>\n' +
    '</html>'
  
      at TestContext.<anonymous> (file:///home/srinivas/workspace/github.com/sivaratrisrinivas/seance/test/partial-artifact.test.js:65:10)
      at Test.runInAsyncScope (node:async_hooks:226:14)
      at Test.run (node:internal/test_runner/test:1201:25)
      at Test.processPendingSubtests (node:internal/test_runner/test:831:18)
      at Test.postRun (node:internal/test_runner/test:1330:19)
      at Test.run (node:internal/test_runner/test:1258:12)
      at async Test.processPendingSubtests (node:internal/test_runner/test:831:7) {
    generatedMessage: true,
    code: 'ERR_ASSERTION',
    actual: `<!doctype html>\n<html lang="en" class="dark">\n  <head>\n    <meta charset="utf-8" />\n    <meta name="viewport" content="width=device-width, initial-scale=1.0" />\n    <title>Séance - Vox Aeterna</title>\n    \n    <script src="https://cdn.tailwindcss.com?plugins=forms,container-queries"></script>\n    <link href="https://fonts.googleapis.com/css2?family=Noto+Serif:ital,wght@0,300;0,400;0,700;1,300;1,400;1,700&family=Space+Grotesk:wght@300;400;500;700&display=swap" rel="stylesheet" />\n    <link href="https://fonts.googleapis.com/css2?family=Material+Symbols+Outlined:wght,FILL@100..700,0..1&display=swap" rel="stylesheet" />\n    <script id="tailwind-config">\n      tailwind.config = {\n        darkMode: "class",\n        theme: {\n          extend: {\n            "colors": {\n              "primary-fixed": "#735a39",\n              "on-primary-container": "#000000",\n              "outline": "#919191",\n              "on-background": "#e5e2e1",\n              "inverse-surface": "#e5e2e1",\n              "error": "#ffb4ab",\n              "surface-dim": "#131313",\n              "on-secondary-fixed-variant": "#3c3b3b",\n              "secondary-fixed-dim": "#adabaa",\n              "surface-container-highest": "#353534",\n              "on-tertiary-container": "#000000",\n              "surface-container-low": "#1c1b1b",\n              "primary-container": "#f0cfa5",\n              "tertiary-fixed-dim": "#004b70",\n              "primary-fixed-dim": "#594323",\n              "on-primary-fixed-variant": "#ffddb2",\n              "outline-variant": "#474747",\n              "on-surface-variant": "#c6c6c6",\n              "inverse-on-surface": "#313030",\n              "tertiary-container": "#5997c4",\n              "surface-container-lowest": "#0e0e0e",\n              "on-tertiary": "#001e30",\n              "secondary-fixed": "#c9c6c5",\n              "surface-variant": "#353534",\n              "on-surface": "#e5e2e1",\n              "primary": "#ffffff",\n              "on-primary": "#291800",\n              "tertiary": "#cae6ff",\n              "surface-container": "#201f1f",\n              "on-secondary-container": "#e5e2e1",\n              "on-error-container": "#ffdad6",\n              "on-error": "#690005",\n              "tertiary-fixed": "#1c648e",\n              "surface-tint": "#e1c198",\n              "on-secondary-fixed": "#1c1b1b",\n              "on-tertiary-fixed": "#ffffff",\n              "on-secondary": "#1c1b1b",\n              "inverse-primary": "#735a39",\n              "on-primary-fixed": "#ffffff",\n              "secondary-container": "#474646",\n              "background": "#050505",\n              "surface-bright": "#3a3939",\n              "surface": "#131313",\n              "error-container": "#93000a",\n              "surface-container-high": "#2a2a2a",\n              "secondary": "#c9c6c5",\n              "on-tertiary-fixed-variant": "#cae6ff"\n            },\n            "fontFamily": {\n              "headline": ["Noto Serif", "serif"],\n              "body": ["Space Grotesk", "sans-serif"],\n              "label": ["Space Grotesk", "sans-serif"]\n            }\n          }\n        }\n      }\n    </script>\n    <style>\n      body {\n        min-height: max(884px, 100dvh);\n        overflow: hidden;\n      }\n      .material-symbols-outlined {\n        font-variation-settings: 'FILL' 0, 'wght' 200, 'GRAD' 0, 'opsz' 24;\n      }\n      .obsidian-void {\n        background: radial-gradient(circle at center, #1a1a1a 0%, #050505 100%);\n      }\n      .needle-line {\n        height: 0.5px;\n        background: linear-gradient(90deg, transparent 0%, rgba(255,255,255,0.2) 50%, transparent 100%);\n      }\n      .spectral-glow {\n        text-shadow: 0 0 15px rgba(255, 255, 255, 0.4);\n      }\n      .vertical-text {\n        writing-mode: vertical-rl;\n        text-orientation: mixed;\n      }\n      .smoke-blur {\n        filter: blur(40px);\n        background: radial-gradient(circle, rgba(202, 230, 255, 0.08) 0%, transparent 70%);\n      }\n      .grain-overlay {\n        background-image: url("https://lh3.googleusercontent.com/aida-public/AB6AXuDj3jyhb5qrY9ftxHnrNvrsFKao8TM0oQEN-ok12uccMAR-UKuMiR_cRE9gSPXoUXKQxFKd525138SuXUi4FNfPS3PFBUYRVSr2q10wsPN_lZRhicd6Nap5a6TZeIUApMMx5XJRJ6F2bUNeAvhXPhqtb04obGn3XcKxdVDiqWPgSAGT0gHeahJFX-o0Uw55m0dk_Xn0-rnFEVA7Oqys3EmmQ1QCXmqUG5UDo_x3jTRCJLYWbjn-UjdXofuwFD9Jx_83dpV0WB6GZWrq");\n        opacity: 0.03;\n        pointer-events: none;\n      }\n      .mote-blur {\n        filter: blur(80px);\n      }\n      .glow-pulse {\n        filter: drop-shadow(0 0 20px rgba(255, 255, 255, 0.1));\n      }\n      .light-rill {\n        background: linear-gradient(to bottom, transparent, rgba(202, 230, 255, 0.2), transparent);\n      }\n      .shard-blur {\n        backdrop-filter: blur(40px);\n        -webkit-backdrop-filter: blur(40px);\n      }\n    </style>\n  \n  </head>\n  <body class="bg-[#050505] text-on-background font-body selection:bg-tertiary/30 min-h-screen overflow-x-hidden relative">\n    \n    <!-- Fog and Grain Layers -->\n    <div class="fixed inset-0 grain-overlay z-10 pointer-events-none"></div>\n    <div class="fixed inset-0 bg-[radial-gradient(ellipse_at_center,_var(--tw-gradient-stops))] from-[#0a0a0a] via-[#050505] to-black z-0 pointer-events-none"></div>\n    \n    <!-- Navigation -->\n    <header class="fixed top-0 left-0 w-full z-50 flex justify-between items-center px-10 py-8 mix-blend-difference">\n        <div class="flex items-center gap-4">\n            <a href="/" class="text-white/60 hover:text-white transition-all duration-700 ease-in-out font-label text-xs uppercase tracking-[0.3em] truncate">\n                Sever Connection\n            </a>\n        </div>\n    </header>\n\n    \n\n    <main class="relative z-20 pt-24 pb-24 px-6 md:px-12 lg:px-24 max-w-7xl mx-auto flex flex-col min-h-[90vh] justify-center">\n        \n        <!-- Header Information -->\n        <div class="grid grid-cols-1 md:grid-cols-12 gap-8 mb-16 md:mb-24">\n            <div class="md:col-span-8 flex flex-col justify-end">\n                <p class="font-label uppercase text-[10px] tracking-[0.4em] text-on-surface-variant/60 mb-6">Resonance Established</p>\n                <h1 class="font-headline italic text-4xl sm:text-5xl md:text-7xl lg:text-8xl text-primary tracking-tight leading-none mb-4 break-words">\n                    London\n                </h1>\n                <div class="flex items-center gap-4 sm:gap-6 flex-wrap">\n                    <span class="font-h1 text-2xl sm:text-3xl text-on-surface-variant/50">1940</span>\n                    <div class="h-px w-12 sm:w-24 bg-white/10 hidden sm:block"></div>\n                    <span class="font-label text-[10px] uppercase tracking-widest text-accent/70">High Confidence — Archival Convergence</span>\n                </div>\n            </div>\n            \n            <div class="md:col-span-4 flex flex-col justify-end">\n                <p class="font-body text-sm text-on-surface-variant/70 leading-relaxed sm:text-right">\n                    Audio projection constructed from fragmentary archival evidence.\n                    \n                </p>\n            </div>\n        </div>\n\n        \n        <div class="mb-32 flex flex-col items-center justify-center opacity-30">\n            <div class="w-24 h-24 rounded-full border border-white/10 border-dashed flex items-center justify-center mb-6">\n                <span class="material-symbols-outlined text-4xl font-light">mic_off</span>\n            </div>\n            <p class="font-label uppercase tracking-widest text-xs text-center">Acoustic Shadow<br/><span class="text-[9px] opacity-70 normal-case mt-2 block">No audio layers reconstructed</span></p>\n        </div>\n        \n\n        <!-- Floating Evidence Shards -->\n        \n    </main>\n    \n  </body>\n</html>`,
    expected: /Freshly summoned/,
    operator: 'match',
    diff: 'simple'
  }

test at test/partial-artifact.test.js:68:1
✖ renderArtifact shows Audio layers not available when no audio (5.7681ms)
  AssertionError [ERR_ASSERTION]: The input did not match the regular expression /Audio layers not available/. Input:
  
  '<!doctype html>\n' +
    '<html lang="en" class="dark">\n' +
    '  <head>\n' +
    '    <meta charset="utf-8" />\n' +
    '    <meta name="viewport" content="width=device-width, initial-scale=1.0" />\n' +
    '    <title>Séance - Vox Aeterna</title>\n' +
    '    \n' +
    '    <script src="https://cdn.tailwindcss.com?plugins=forms,container-queries"></script>\n' +
    '    <link href="https://fonts.googleapis.com/css2?family=Noto+Serif:ital,wght@0,300;0,400;0,700;1,300;1,400;1,700&family=Space+Grotesk:wght@300;400;500;700&display=swap" rel="stylesheet" />\n' +
    '    <link href="https://fonts.googleapis.com/css2?family=Material+Symbols+Outlined:wght,FILL@100..700,0..1&display=swap" rel="stylesheet" />\n' +
    '    <script id="tailwind-config">\n' +
    '      tailwind.config = {\n' +
    '        darkMode: "class",\n' +
    '        theme: {\n' +
    '          extend: {\n' +
    '            "colors": {\n' +
    '              "primary-fixed": "#735a39",\n' +
    '              "on-primary-container": "#000000",\n' +
    '              "outline": "#919191",\n' +
    '              "on-background": "#e5e2e1",\n' +
    '              "inverse-surface": "#e5e2e1",\n' +
    '              "error": "#ffb4ab",\n' +
    '              "surface-dim": "#131313",\n' +
    '              "on-secondary-fixed-variant": "#3c3b3b",\n' +
    '              "secondary-fixed-dim": "#adabaa",\n' +
    '              "surface-container-highest": "#353534",\n' +
    '              "on-tertiary-container": "#000000",\n' +
    '              "surface-container-low": "#1c1b1b",\n' +
    '              "primary-container": "#f0cfa5",\n' +
    '              "tertiary-fixed-dim": "#004b70",\n' +
    '              "primary-fixed-dim": "#594323",\n' +
    '              "on-primary-fixed-variant": "#ffddb2",\n' +
    '              "outline-variant": "#474747",\n' +
    '              "on-surface-variant": "#c6c6c6",\n' +
    '              "inverse-on-surface": "#313030",\n' +
    '              "tertiary-container": "#5997c4",\n' +
    '              "surface-container-lowest": "#0e0e0e",\n' +
    '              "on-tertiary": "#001e30",\n' +
    '              "secondary-fixed": "#c9c6c5",\n' +
    '              "surface-variant": "#353534",\n' +
    '              "on-surface": "#e5e2e1",\n' +
    '              "primary": "#ffffff",\n' +
    '              "on-primary": "#291800",\n' +
    '              "tertiary": "#cae6ff",\n' +
    '              "surface-container": "#201f1f",\n' +
    '              "on-secondary-container": "#e5e2e1",\n' +
    '              "on-error-container": "#ffdad6",\n' +
    '              "on-error": "#690005",\n' +
    '              "tertiary-fixed": "#1c648e",\n' +
    '              "surface-tint": "#e1c198",\n' +
    '              "on-secondary-fixed": "#1c1b1b",\n' +
    '              "on-tertiary-fixed": "#ffffff",\n' +
    '              "on-secondary": "#1c1b1b",\n' +
    '              "inverse-primary": "#735a39",\n' +
    '              "on-primary-fixed": "#ffffff",\n' +
    '              "secondary-container": "#474646",\n' +
    '              "background": "#050505",\n' +
    '              "surface-bright": "#3a3939",\n' +
    '              "surface": "#131313",\n' +
    '              "error-container": "#93000a",\n' +
    '              "surface-container-high": "#2a2a2a",\n' +
    '              "secondary": "#c9c6c5",\n' +
    '              "on-tertiary-fixed-variant": "#cae6ff"\n' +
    '            },\n' +
    '            "fontFamily": {\n' +
    '              "headline": ["Noto Serif", "serif"],\n' +
    '              "body": ["Space Grotesk", "sans-serif"],\n' +
    '              "label": ["Space Grotesk", "sans-serif"]\n' +
    '            }\n' +
    '          }\n' +
    '        }\n' +
    '      }\n' +
    '    </script>\n' +
    '    <style>\n' +
    '      body {\n' +
    '        min-height: max(884px, 100dvh);\n' +
    '        overflow: hidden;\n' +
    '      }\n' +
    '      .material-symbols-outlined {\n' +
    "        font-variation-settings: 'FILL' 0, 'wght' 200, 'GRAD' 0, 'opsz' 24;\n" +
    '      }\n' +
    '      .obsidian-void {\n' +
    '        background: radial-gradient(circle at center, #1a1a1a 0%, #050505 100%);\n' +
    '      }\n' +
    '      .needle-line {\n' +
    '        height: 0.5px;\n' +
    '        background: linear-gradient(90deg, transparent 0%, rgba(255,255,255,0.2) 50%, transparent 100%);\n' +
    '      }\n' +
    '      .spectral-glow {\n' +
    '        text-shadow: 0 0 15px rgba(255, 255, 255, 0.4);\n' +
    '      }\n' +
    '      .vertical-text {\n' +
    '        writing-mode: vertical-rl;\n' +
    '        text-orientation: mixed;\n' +
    '      }\n' +
    '      .smoke-blur {\n' +
    '        filter: blur(40px);\n' +
    '        background: radial-gradient(circle, rgba(202, 230, 255, 0.08) 0%, transparent 70%);\n' +
    '      }\n' +
    '      .grain-overlay {\n' +
    '        background-image: url("https://lh3.googleusercontent.com/aida-public/AB6AXuDj3jyhb5qrY9ftxHnrNvrsFKao8TM0oQEN-ok12uccMAR-UKuMiR_cRE9gSPXoUXKQxFKd525138SuXUi4FNfPS3PFBUYRVSr2q10wsPN_lZRhicd6Nap5a6TZeIUApMMx5XJRJ6F2bUNeAvhXPhqtb04obGn3XcKxdVDiqWPgSAGT0gHeahJFX-o0Uw55m0dk_Xn0-rnFEVA7Oqys3EmmQ1QCXmqUG5UDo_x3jTRCJLYWbjn-UjdXofuwFD9Jx_83dpV0WB6GZWrq");\n' +
    '        opacity: 0.03;\n' +
    '        pointer-events: none;\n' +
    '      }\n' +
    '      .mote-blur {\n' +
    '        filter: blur(80px);\n' +
    '      }\n' +
    '      .glow-pulse {\n' +
    '        filter: drop-shadow(0 0 20px rgba(255, 255, 255, 0.1));\n' +
    '      }\n' +
    '      .light-rill {\n' +
    '        background: linear-gradient(to bottom, transparent, rgba(202, 230, 255, 0.2), transparent);\n' +
    '      }\n' +
    '      .shard-blur {\n' +
    '        backdrop-filter: blur(40px);\n' +
    '        -webkit-backdrop-filter: blur(40px);\n' +
    '      }\n' +
    '    </style>\n' +
    '  \n' +
    '  </head>\n' +
    '  <body class="bg-[#050505] text-on-background font-body selection:bg-tertiary/30 min-h-screen overflow-x-hidden relative">\n' +
    '    \n' +
    '    <!-- Fog and Grain Layers -->\n' +
    '    <div class="fixed inset-0 grain-overlay z-10 pointer-events-none"></div>\n' +
    '    <div class="fixed inset-0 bg-[radial-gradient(ellipse_at_center,_var(--tw-gradient-stops))] from-[#0a0a0a] via-[#050505] to-black z-0 pointer-events-none"></div>\n' +
    '    \n' +
    '    <!-- Navigation -->\n' +
    '    <header class="fixed top-0 left-0 w-full z-50 flex justify-between items-center px-10 py-8 mix-blend-difference">\n' +
    '        <div class="flex items-center gap-4">\n' +
    '            <a href="/" class="text-white/60 hover:text-white transition-all duration-700 ease-in-out font-label text-xs uppercase tracking-[0.3em] truncate">\n' +
    '                Sever Connection\n' +
    '            </a>\n' +
    '        </div>\n' +
    '    </header>\n' +
    '\n' +
    '    \n' +
    '\n' +
    '    <main class="relative z-20 pt-24 pb-24 px-6 md:px-12 lg:px-24 max-w-7xl mx-auto flex flex-col min-h-[90vh] justify-center">\n' +
    '        \n' +
    '        <!-- Header Information -->\n' +
    '        <div class="grid grid-cols-1 md:grid-cols-12 gap-8 mb-16 md:mb-24">\n' +
    '            <div class="md:col-span-8 flex flex-col justify-end">\n' +
    '                <p class="font-label uppercase text-[10px] tracking-[0.4em] text-on-surface-variant/60 mb-6">Séance Active</p>\n' +
    '                <h1 class="font-headline italic text-4xl sm:text-5xl md:text-7xl lg:text-8xl text-primary tracking-tight leading-none mb-4 break-words">\n' +
    '                    London\n' +
    '                </h1>\n' +
    '                <div class="flex items-center gap-4 sm:gap-6 flex-wrap">\n' +
    '                    <span class="font-h1 text-2xl sm:text-3xl text-on-surface-variant/50">1940</span>\n' +
    '                    <div class="h-px w-12 sm:w-24 bg-white/10 hidden sm:block"></div>\n' +
    '                    <span class="font-label text-[10px] uppercase tracking-widest text-accent/70">High Confidence — Archival Convergence</span>\n' +
    '                </div>\n' +
    '            </div>\n' +
    '            \n' +
    '            <div class="md:col-span-4 flex flex-col justify-end">\n' +
    '                <p class="font-body text-sm text-on-surface-variant/70 leading-relaxed sm:text-right">\n' +
    '                    Audio projection constructed from fragmentary archival evidence.\n' +
    '                    \n' +
    '                </p>\n' +
    '            </div>\n' +
    '        </div>\n' +
    '\n' +
    '        \n' +
    '        <div class="mb-32 flex flex-col items-center justify-center opacity-30">\n' +
    '            <div class="w-24 h-24 rounded-full border border-white/10 border-dashed flex items-center justify-center mb-6">\n' +
    '                <span class="material-symbols-outlined text-4xl font-light">mic_off</span>\n' +
    '            </div>\n' +
    '            <p class="font-label uppercase tracking-widest text-xs text-center">Acoustic Shadow<br/><span class="text-[9px] opacity-70 normal-case mt-2 block">No audio layers reconstructed</span></p>\n' +
    '        </div>\n' +
    '        \n' +
    '\n' +
    '        <!-- Floating Evidence Shards -->\n' +
    '        \n' +
    '    </main>\n' +
    '    \n' +
    '  </body>\n' +
    '</html>'
  
      at TestContext.<anonymous> (file:///home/srinivas/workspace/github.com/sivaratrisrinivas/seance/test/partial-artifact.test.js:74:10)
      at Test.runInAsyncScope (node:async_hooks:226:14)
      at Test.run (node:internal/test_runner/test:1201:25)
      at Test.processPendingSubtests (node:internal/test_runner/test:831:18)
      at Test.postRun (node:internal/test_runner/test:1330:19)
      at Test.run (node:internal/test_runner/test:1258:12)
      at async Test.processPendingSubtests (node:internal/test_runner/test:831:7) {
    generatedMessage: true,
    code: 'ERR_ASSERTION',
    actual: `<!doctype html>\n<html lang="en" class="dark">\n  <head>\n    <meta charset="utf-8" />\n    <meta name="viewport" content="width=device-width, initial-scale=1.0" />\n    <title>Séance - Vox Aeterna</title>\n    \n    <script src="https://cdn.tailwindcss.com?plugins=forms,container-queries"></script>\n    <link href="https://fonts.googleapis.com/css2?family=Noto+Serif:ital,wght@0,300;0,400;0,700;1,300;1,400;1,700&family=Space+Grotesk:wght@300;400;500;700&display=swap" rel="stylesheet" />\n    <link href="https://fonts.googleapis.com/css2?family=Material+Symbols+Outlined:wght,FILL@100..700,0..1&display=swap" rel="stylesheet" />\n    <script id="tailwind-config">\n      tailwind.config = {\n        darkMode: "class",\n        theme: {\n          extend: {\n            "colors": {\n              "primary-fixed": "#735a39",\n              "on-primary-container": "#000000",\n              "outline": "#919191",\n              "on-background": "#e5e2e1",\n              "inverse-surface": "#e5e2e1",\n              "error": "#ffb4ab",\n              "surface-dim": "#131313",\n              "on-secondary-fixed-variant": "#3c3b3b",\n              "secondary-fixed-dim": "#adabaa",\n              "surface-container-highest": "#353534",\n              "on-tertiary-container": "#000000",\n              "surface-container-low": "#1c1b1b",\n              "primary-container": "#f0cfa5",\n              "tertiary-fixed-dim": "#004b70",\n              "primary-fixed-dim": "#594323",\n              "on-primary-fixed-variant": "#ffddb2",\n              "outline-variant": "#474747",\n              "on-surface-variant": "#c6c6c6",\n              "inverse-on-surface": "#313030",\n              "tertiary-container": "#5997c4",\n              "surface-container-lowest": "#0e0e0e",\n              "on-tertiary": "#001e30",\n              "secondary-fixed": "#c9c6c5",\n              "surface-variant": "#353534",\n              "on-surface": "#e5e2e1",\n              "primary": "#ffffff",\n              "on-primary": "#291800",\n              "tertiary": "#cae6ff",\n              "surface-container": "#201f1f",\n              "on-secondary-container": "#e5e2e1",\n              "on-error-container": "#ffdad6",\n              "on-error": "#690005",\n              "tertiary-fixed": "#1c648e",\n              "surface-tint": "#e1c198",\n              "on-secondary-fixed": "#1c1b1b",\n              "on-tertiary-fixed": "#ffffff",\n              "on-secondary": "#1c1b1b",\n              "inverse-primary": "#735a39",\n              "on-primary-fixed": "#ffffff",\n              "secondary-container": "#474646",\n              "background": "#050505",\n              "surface-bright": "#3a3939",\n              "surface": "#131313",\n              "error-container": "#93000a",\n              "surface-container-high": "#2a2a2a",\n              "secondary": "#c9c6c5",\n              "on-tertiary-fixed-variant": "#cae6ff"\n            },\n            "fontFamily": {\n              "headline": ["Noto Serif", "serif"],\n              "body": ["Space Grotesk", "sans-serif"],\n              "label": ["Space Grotesk", "sans-serif"]\n            }\n          }\n        }\n      }\n    </script>\n    <style>\n      body {\n        min-height: max(884px, 100dvh);\n        overflow: hidden;\n      }\n      .material-symbols-outlined {\n        font-variation-settings: 'FILL' 0, 'wght' 200, 'GRAD' 0, 'opsz' 24;\n      }\n      .obsidian-void {\n        background: radial-gradient(circle at center, #1a1a1a 0%, #050505 100%);\n      }\n      .needle-line {\n        height: 0.5px;\n        background: linear-gradient(90deg, transparent 0%, rgba(255,255,255,0.2) 50%, transparent 100%);\n      }\n      .spectral-glow {\n        text-shadow: 0 0 15px rgba(255, 255, 255, 0.4);\n      }\n      .vertical-text {\n        writing-mode: vertical-rl;\n        text-orientation: mixed;\n      }\n      .smoke-blur {\n        filter: blur(40px);\n        background: radial-gradient(circle, rgba(202, 230, 255, 0.08) 0%, transparent 70%);\n      }\n      .grain-overlay {\n        background-image: url("https://lh3.googleusercontent.com/aida-public/AB6AXuDj3jyhb5qrY9ftxHnrNvrsFKao8TM0oQEN-ok12uccMAR-UKuMiR_cRE9gSPXoUXKQxFKd525138SuXUi4FNfPS3PFBUYRVSr2q10wsPN_lZRhicd6Nap5a6TZeIUApMMx5XJRJ6F2bUNeAvhXPhqtb04obGn3XcKxdVDiqWPgSAGT0gHeahJFX-o0Uw55m0dk_Xn0-rnFEVA7Oqys3EmmQ1QCXmqUG5UDo_x3jTRCJLYWbjn-UjdXofuwFD9Jx_83dpV0WB6GZWrq");\n        opacity: 0.03;\n        pointer-events: none;\n      }\n      .mote-blur {\n        filter: blur(80px);\n      }\n      .glow-pulse {\n        filter: drop-shadow(0 0 20px rgba(255, 255, 255, 0.1));\n      }\n      .light-rill {\n        background: linear-gradient(to bottom, transparent, rgba(202, 230, 255, 0.2), transparent);\n      }\n      .shard-blur {\n        backdrop-filter: blur(40px);\n        -webkit-backdrop-filter: blur(40px);\n      }\n    </style>\n  \n  </head>\n  <body class="bg-[#050505] text-on-background font-body selection:bg-tertiary/30 min-h-screen overflow-x-hidden relative">\n    \n    <!-- Fog and Grain Layers -->\n    <div class="fixed inset-0 grain-overlay z-10 pointer-events-none"></div>\n    <div class="fixed inset-0 bg-[radial-gradient(ellipse_at_center,_var(--tw-gradient-stops))] from-[#0a0a0a] via-[#050505] to-black z-0 pointer-events-none"></div>\n    \n    <!-- Navigation -->\n    <header class="fixed top-0 left-0 w-full z-50 flex justify-between items-center px-10 py-8 mix-blend-difference">\n        <div class="flex items-center gap-4">\n            <a href="/" class="text-white/60 hover:text-white transition-all duration-700 ease-in-out font-label text-xs uppercase tracking-[0.3em] truncate">\n                Sever Connection\n            </a>\n        </div>\n    </header>\n\n    \n\n    <main class="relative z-20 pt-24 pb-24 px-6 md:px-12 lg:px-24 max-w-7xl mx-auto flex flex-col min-h-[90vh] justify-center">\n        \n        <!-- Header Information -->\n        <div class="grid grid-cols-1 md:grid-cols-12 gap-8 mb-16 md:mb-24">\n            <div class="md:col-span-8 flex flex-col justify-end">\n                <p class="font-label uppercase text-[10px] tracking-[0.4em] text-on-surface-variant/60 mb-6">Séance Active</p>\n                <h1 class="font-headline italic text-4xl sm:text-5xl md:text-7xl lg:text-8xl text-primary tracking-tight leading-none mb-4 break-words">\n                    London\n                </h1>\n                <div class="flex items-center gap-4 sm:gap-6 flex-wrap">\n                    <span class="font-h1 text-2xl sm:text-3xl text-on-surface-variant/50">1940</span>\n                    <div class="h-px w-12 sm:w-24 bg-white/10 hidden sm:block"></div>\n                    <span class="font-label text-[10px] uppercase tracking-widest text-accent/70">High Confidence — Archival Convergence</span>\n                </div>\n            </div>\n            \n            <div class="md:col-span-4 flex flex-col justify-end">\n                <p class="font-body text-sm text-on-surface-variant/70 leading-relaxed sm:text-right">\n                    Audio projection constructed from fragmentary archival evidence.\n                    \n                </p>\n            </div>\n        </div>\n\n        \n        <div class="mb-32 flex flex-col items-center justify-center opacity-30">\n            <div class="w-24 h-24 rounded-full border border-white/10 border-dashed flex items-center justify-center mb-6">\n                <span class="material-symbols-outlined text-4xl font-light">mic_off</span>\n            </div>\n            <p class="font-label uppercase tracking-widest text-xs text-center">Acoustic Shadow<br/><span class="text-[9px] opacity-70 normal-case mt-2 block">No audio layers reconstructed</span></p>\n        </div>\n        \n\n        <!-- Floating Evidence Shards -->\n        \n    </main>\n    \n  </body>\n</html>`,
    expected: /Audio layers not available/,
    operator: 'match',
    diff: 'simple'
  }

test at test/partial-artifact.test.js:77:1
✖ renderArtifact shows player section with mixer when audio exists (2.3186ms)
  AssertionError [ERR_ASSERTION]: The input did not match the regular expression /player-section/. Input:
  
  '<!doctype html>\n' +
    '<html lang="en" class="dark">\n' +
    '  <head>\n' +
    '    <meta charset="utf-8" />\n' +
    '    <meta name="viewport" content="width=device-width, initial-scale=1.0" />\n' +
    '    <title>Séance - Vox Aeterna</title>\n' +
    '    \n' +
    '    <script src="https://cdn.tailwindcss.com?plugins=forms,container-queries"></script>\n' +
    '    <link href="https://fonts.googleapis.com/css2?family=Noto+Serif:ital,wght@0,300;0,400;0,700;1,300;1,400;1,700&family=Space+Grotesk:wght@300;400;500;700&display=swap" rel="stylesheet" />\n' +
    '    <link href="https://fonts.googleapis.com/css2?family=Material+Symbols+Outlined:wght,FILL@100..700,0..1&display=swap" rel="stylesheet" />\n' +
    '    <script id="tailwind-config">\n' +
    '      tailwind.config = {\n' +
    '        darkMode: "class",\n' +
    '        theme: {\n' +
    '          extend: {\n' +
    '            "colors": {\n' +
    '              "primary-fixed": "#735a39",\n' +
    '              "on-primary-container": "#000000",\n' +
    '              "outline": "#919191",\n' +
    '              "on-background": "#e5e2e1",\n' +
    '              "inverse-surface": "#e5e2e1",\n' +
    '              "error": "#ffb4ab",\n' +
    '              "surface-dim": "#131313",\n' +
    '              "on-secondary-fixed-variant": "#3c3b3b",\n' +
    '              "secondary-fixed-dim": "#adabaa",\n' +
    '              "surface-container-highest": "#353534",\n' +
    '              "on-tertiary-container": "#000000",\n' +
    '              "surface-container-low": "#1c1b1b",\n' +
    '              "primary-container": "#f0cfa5",\n' +
    '              "tertiary-fixed-dim": "#004b70",\n' +
    '              "primary-fixed-dim": "#594323",\n' +
    '              "on-primary-fixed-variant": "#ffddb2",\n' +
    '              "outline-variant": "#474747",\n' +
    '              "on-surface-variant": "#c6c6c6",\n' +
    '              "inverse-on-surface": "#313030",\n' +
    '              "tertiary-container": "#5997c4",\n' +
    '              "surface-container-lowest": "#0e0e0e",\n' +
    '              "on-tertiary": "#001e30",\n' +
    '              "secondary-fixed": "#c9c6c5",\n' +
    '              "surface-variant": "#353534",\n' +
    '              "on-surface": "#e5e2e1",\n' +
    '              "primary": "#ffffff",\n' +
    '              "on-primary": "#291800",\n' +
    '              "tertiary": "#cae6ff",\n' +
    '              "surface-container": "#201f1f",\n' +
    '              "on-secondary-container": "#e5e2e1",\n' +
    '              "on-error-container": "#ffdad6",\n' +
    '              "on-error": "#690005",\n' +
    '              "tertiary-fixed": "#1c648e",\n' +
    '              "surface-tint": "#e1c198",\n' +
    '              "on-secondary-fixed": "#1c1b1b",\n' +
    '              "on-tertiary-fixed": "#ffffff",\n' +
    '              "on-secondary": "#1c1b1b",\n' +
    '              "inverse-primary": "#735a39",\n' +
    '              "on-primary-fixed": "#ffffff",\n' +
    '              "secondary-container": "#474646",\n' +
    '              "background": "#050505",\n' +
    '              "surface-bright": "#3a3939",\n' +
    '              "surface": "#131313",\n' +
    '              "error-container": "#93000a",\n' +
    '              "surface-container-high": "#2a2a2a",\n' +
    '              "secondary": "#c9c6c5",\n' +
    '              "on-tertiary-fixed-variant": "#cae6ff"\n' +
    '            },\n' +
    '            "fontFamily": {\n' +
    '              "headline": ["Noto Serif", "serif"],\n' +
    '              "body": ["Space Grotesk", "sans-serif"],\n' +
    '              "label": ["Space Grotesk", "sans-serif"]\n' +
    '            }\n' +
    '          }\n' +
    '        }\n' +
    '      }\n' +
    '    </script>\n' +
    '    <style>\n' +
    '      body {\n' +
    '        min-height: max(884px, 100dvh);\n' +
    '        overflow: hidden;\n' +
    '      }\n' +
    '      .material-symbols-outlined {\n' +
    "        font-variation-settings: 'FILL' 0, 'wght' 200, 'GRAD' 0, 'opsz' 24;\n" +
    '      }\n' +
    '      .obsidian-void {\n' +
    '        background: radial-gradient(circle at center, #1a1a1a 0%, #050505 100%);\n' +
    '      }\n' +
    '      .needle-line {\n' +
    '        height: 0.5px;\n' +
    '        background: linear-gradient(90deg, transparent 0%, rgba(255,255,255,0.2) 50%, transparent 100%);\n' +
    '      }\n' +
    '      .spectral-glow {\n' +
    '        text-shadow: 0 0 15px rgba(255, 255, 255, 0.4);\n' +
    '      }\n' +
    '      .vertical-text {\n' +
    '        writing-mode: vertical-rl;\n' +
    '        text-orientation: mixed;\n' +
    '      }\n' +
    '      .smoke-blur {\n' +
    '        filter: blur(40px);\n' +
    '        background: radial-gradient(circle, rgba(202, 230, 255, 0.08) 0%, transparent 70%);\n' +
    '      }\n' +
    '      .grain-overlay {\n' +
    '        background-image: url("https://lh3.googleusercontent.com/aida-public/AB6AXuDj3jyhb5qrY9ftxHnrNvrsFKao8TM0oQEN-ok12uccMAR-UKuMiR_cRE9gSPXoUXKQxFKd525138SuXUi4FNfPS3PFBUYRVSr2q10wsPN_lZRhicd6Nap5a6TZeIUApMMx5XJRJ6F2bUNeAvhXPhqtb04obGn3XcKxdVDiqWPgSAGT0gHeahJFX-o0Uw55m0dk_Xn0-rnFEVA7Oqys3EmmQ1QCXmqUG5UDo_x3jTRCJLYWbjn-UjdXofuwFD9Jx_83dpV0WB6GZWrq");\n' +
    '        opacity: 0.03;\n' +
    '        pointer-events: none;\n' +
    '      }\n' +
    '      .mote-blur {\n' +
    '        filter: blur(80px);\n' +
    '      }\n' +
    '      .glow-pulse {\n' +
    '        filter: drop-shadow(0 0 20px rgba(255, 255, 255, 0.1));\n' +
    '      }\n' +
    '      .light-rill {\n' +
    '        background: linear-gradient(to bottom, transparent, rgba(202, 230, 255, 0.2), transparent);\n' +
    '      }\n' +
    '      .shard-blur {\n' +
    '        backdrop-filter: blur(40px);\n' +
    '        -webkit-backdrop-filter: blur(40px);\n' +
    '      }\n' +
    '    </style>\n' +
    '  \n' +
    '  </head>\n' +
    '  <body class="bg-[#050505] text-on-background font-body selection:bg-tertiary/30 min-h-screen overflow-x-hidden relative">\n' +
    '    \n' +
    '    <!-- Fog and Grain Layers -->\n' +
    '    <div class="fixed inset-0 grain-overlay z-10 pointer-events-none"></div>\n' +
    '    <div class="fixed inset-0 bg-[radial-gradient(ellipse_at_center,_var(--tw-gradient-stops))] from-[#0a0a0a] via-[#050505] to-black z-0 pointer-events-none"></div>\n' +
    '    \n' +
    '    <!-- Navigation -->\n' +
    '    <header class="fixed top-0 left-0 w-full z-50 flex justify-between items-center px-10 py-8 mix-blend-difference">\n' +
    '        <div class="flex items-center gap-4">\n' +
    '            <a href="/" class="text-white/60 hover:text-white transition-all duration-700 ease-in-out font-label text-xs uppercase tracking-[0.3em] truncate">\n' +
    '                Sever Connection\n' +
    '            </a>\n' +
    '        </div>\n' +
    '    </header>\n' +
    '\n' +
    '    \n' +
    '\n' +
    '    <main class="relative z-20 pt-24 pb-24 px-6 md:px-12 lg:px-24 max-w-7xl mx-auto flex flex-col min-h-[90vh] justify-center">\n' +
    '        \n' +
    '        <!-- Header Information -->\n' +
    '        <div class="grid grid-cols-1 md:grid-cols-12 gap-8 mb-16 md:mb-24">\n' +
    '            <div class="md:col-span-8 flex flex-col justify-end">\n' +
    '                <p class="font-label uppercase text-[10px] tracking-[0.4em] text-on-surface-variant/60 mb-6">Séance Active</p>\n' +
    '                <h1 class="font-headline italic text-4xl sm:text-5xl md:text-7xl lg:text-8xl text-primary tracking-tight leading-none mb-4 break-words">\n' +
    '                    London\n' +
    '                </h1>\n' +
    '                <div class="flex items-center gap-4 sm:gap-6 flex-wrap">\n' +
    '                    <span class="font-h1 text-2xl sm:text-3xl text-on-surface-variant/50">1940</span>\n' +
    '                    <div class="h-px w-12 sm:w-24 bg-white/10 hidden sm:block"></div>\n' +
    '                    <span class="font-label text-[10px] uppercase tracking-widest text-accent/70">High Confidence — Archival Convergence</span>\n' +
    '                </div>\n' +
    '            </div>\n' +
    '            \n' +
    '            <div class="md:col-span-4 flex flex-col justify-end">\n' +
    '                <p class="font-body text-sm text-on-surface-variant/70 leading-relaxed sm:text-right">\n' +
    '                    Audio projection constructed from fragmentary archival evidence.\n' +
    '                    \n' +
    '                </p>\n' +
    '            </div>\n' +
    '        </div>\n' +
    '\n' +
    '        \n' +
    '        <!-- The Mixing Conduit (Vox Aeterna Player) -->\n' +
    '        <div class="mb-24 md:mb-32">\n' +
    '            <!-- Master Control -->\n' +
    '            <div class="flex justify-center mb-12 md:mb-16 relative">\n' +
    '                <!-- Decorative rings -->\n' +
    '                <div class="absolute inset-0 flex items-center justify-center pointer-events-none">\n' +
    '                    <div id="play-pulse-ring" class="w-20 h-20 md:w-24 md:h-24 rounded-full border border-white/5 scale-100 opacity-50 transition-all duration-1000"></div>\n' +
    '                </div>\n' +
    '                \n' +
    '                <button id="main-play-btn" class="group relative w-20 h-20 md:w-24 md:h-24 rounded-full shard-blur border border-white/10 flex items-center justify-center hover:bg-white/5 hover:border-white/20 transition-all duration-700 ease-out z-10 hover:scale-105 active:scale-95">\n' +
    '                    <span class="play-icon material-symbols-outlined text-3xl md:text-4xl text-white font-light group-hover:text-cyan-400 transition-colors">play_arrow</span>\n' +
    '                    <span class="pause-icon material-symbols-outlined text-3xl md:text-4xl text-white font-light group-hover:text-cyan-400 transition-colors hidden">pause</span>\n' +
    '                </button>\n' +
    '            </div>\n' +
    '            \n' +
    '            <!-- Progress Line -->\n' +
    '            <div class="w-full max-w-4xl mx-auto mb-12 md:mb-16 group cursor-pointer" id="progress-container">\n' +
    '                <div class="flex justify-between items-end mb-4 px-2">\n' +
    '                    <span class="font-mono text-xs text-on-surface-variant/50" id="time-display">00:00</span>\n' +
    '                    <span class="font-label text-[9px] uppercase tracking-[0.3em] text-on-surface-variant/30 hidden sm:block">Timeline</span>\n' +
    '                    <span class="font-mono text-xs text-on-surface-variant/50" id="duration-display">--:--</span>\n' +
    '                </div>\n' +
    '                <div class="h-1 w-full bg-white/5 rounded-full overflow-hidden relative">\n' +
    '                    <div id="main-progress" class="absolute top-0 left-0 h-full w-0 bg-gradient-to-r from-transparent via-cyan-900 to-cyan-400 transition-all duration-100 ease-linear"></div>\n' +
    '                </div>\n' +
    '                <div class="mt-4 h-8 w-full opacity-20 group-hover:opacity-60 transition-opacity duration-500 overflow-hidden rounded">\n' +
    '                    <!-- Simple waveform replacement -->\n' +
    '                    <canvas id="wave-canvas" class="w-full h-full"></canvas>\n' +
    '                </div>\n' +
    '            </div>\n' +
    '\n' +
    '            <!-- Light Rills (Sliders) -->\n' +
    '            <div class="grid grid-cols-1 md:grid-cols-3 gap-8 md:gap-12 w-full max-w-4xl mx-auto px-4">\n' +
    '                \n' +
    '                <!-- Rill: Bed -->\n' +
    '                <div class="flex flex-col gap-4 md:gap-6 group">\n' +
    '                    <div class="flex justify-between items-center">\n' +
    '                        <label class="font-headline italic text-lg md:text-xl text-on-surface group-hover'... 14392 more characters
  
      at TestContext.<anonymous> (file:///home/srinivas/workspace/github.com/sivaratrisrinivas/seance/test/partial-artifact.test.js:84:10)
      at Test.runInAsyncScope (node:async_hooks:226:14)
      at Test.run (node:internal/test_runner/test:1201:25)
      at Test.processPendingSubtests (node:internal/test_runner/test:831:18)
      at Test.postRun (node:internal/test_runner/test:1330:19)
      at Test.run (node:internal/test_runner/test:1258:12)
      at async Test.processPendingSubtests (node:internal/test_runner/test:831:7) {
    generatedMessage: true,
    code: 'ERR_ASSERTION',
    actual: `<!doctype html>\n<html lang="en" class="dark">\n  <head>\n    <meta charset="utf-8" />\n    <meta name="viewport" content="width=device-width, initial-scale=1.0" />\n    <title>Séance - Vox Aeterna</title>\n    \n    <script src="https://cdn.tailwindcss.com?plugins=forms,container-queries"></script>\n    <link href="https://fonts.googleapis.com/css2?family=Noto+Serif:ital,wght@0,300;0,400;0,700;1,300;1,400;1,700&family=Space+Grotesk:wght@300;400;500;700&display=swap" rel="stylesheet" />\n    <link href="https://fonts.googleapis.com/css2?family=Material+Symbols+Outlined:wght,FILL@100..700,0..1&display=swap" rel="stylesheet" />\n    <script id="tailwind-config">\n      tailwind.config = {\n        darkMode: "class",\n        theme: {\n          extend: {\n            "colors": {\n              "primary-fixed": "#735a39",\n              "on-primary-container": "#000000",\n              "outline": "#919191",\n              "on-background": "#e5e2e1",\n              "inverse-surface": "#e5e2e1",\n              "error": "#ffb4ab",\n              "surface-dim": "#131313",\n              "on-secondary-fixed-variant": "#3c3b3b",\n              "secondary-fixed-dim": "#adabaa",\n              "surface-container-highest": "#353534",\n              "on-tertiary-container": "#000000",\n              "surface-container-low": "#1c1b1b",\n              "primary-container": "#f0cfa5",\n              "tertiary-fixed-dim": "#004b70",\n              "primary-fixed-dim": "#594323",\n              "on-primary-fixed-variant": "#ffddb2",\n              "outline-variant": "#474747",\n              "on-surface-variant": "#c6c6c6",\n              "inverse-on-surface": "#313030",\n              "tertiary-container": "#5997c4",\n              "surface-container-lowest": "#0e0e0e",\n              "on-tertiary": "#001e30",\n              "secondary-fixed": "#c9c6c5",\n              "surface-variant": "#353534",\n              "on-surface": "#e5e2e1",\n              "primary": "#ffffff",\n              "on-primary": "#291800",\n              "tertiary": "#cae6ff",\n              "surface-container": "#201f1f",\n              "on-secondary-container": "#e5e2e1",\n              "on-error-container": "#ffdad6",\n              "on-error": "#690005",\n              "tertiary-fixed": "#1c648e",\n              "surface-tint": "#e1c198",\n              "on-secondary-fixed": "#1c1b1b",\n              "on-tertiary-fixed": "#ffffff",\n              "on-secondary": "#1c1b1b",\n              "inverse-primary": "#735a39",\n              "on-primary-fixed": "#ffffff",\n              "secondary-container": "#474646",\n              "background": "#050505",\n              "surface-bright": "#3a3939",\n              "surface": "#131313",\n              "error-container": "#93000a",\n              "surface-container-high": "#2a2a2a",\n              "secondary": "#c9c6c5",\n              "on-tertiary-fixed-variant": "#cae6ff"\n            },\n            "fontFamily": {\n              "headline": ["Noto Serif", "serif"],\n              "body": ["Space Grotesk", "sans-serif"],\n              "label": ["Space Grotesk", "sans-serif"]\n            }\n          }\n        }\n      }\n    </script>\n    <style>\n      body {\n        min-height: max(884px, 100dvh);\n        overflow: hidden;\n      }\n      .material-symbols-outlined {\n        font-variation-settings: 'FILL' 0, 'wght' 200, 'GRAD' 0, 'opsz' 24;\n      }\n      .obsidian-void {\n        background: radial-gradient(circle at center, #1a1a1a 0%, #050505 100%);\n      }\n      .needle-line {\n        height: 0.5px;\n        background: linear-gradient(90deg, transparent 0%, rgba(255,255,255,0.2) 50%, transparent 100%);\n      }\n      .spectral-glow {\n        text-shadow: 0 0 15px rgba(255, 255, 255, 0.4);\n      }\n      .vertical-text {\n        writing-mode: vertical-rl;\n        text-orientation: mixed;\n      }\n      .smoke-blur {\n        filter: blur(40px);\n        background: radial-gradient(circle, rgba(202, 230, 255, 0.08) 0%, transparent 70%);\n      }\n      .grain-overlay {\n        background-image: url("https://lh3.googleusercontent.com/aida-public/AB6AXuDj3jyhb5qrY9ftxHnrNvrsFKao8TM0oQEN-ok12uccMAR-UKuMiR_cRE9gSPXoUXKQxFKd525138SuXUi4FNfPS3PFBUYRVSr2q10wsPN_lZRhicd6Nap5a6TZeIUApMMx5XJRJ6F2bUNeAvhXPhqtb04obGn3XcKxdVDiqWPgSAGT0gHeahJFX-o0Uw55m0dk_Xn0-rnFEVA7Oqys3EmmQ1QCXmqUG5UDo_x3jTRCJLYWbjn-UjdXofuwFD9Jx_83dpV0WB6GZWrq");\n        opacity: 0.03;\n        pointer-events: none;\n      }\n      .mote-blur {\n        filter: blur(80px);\n      }\n      .glow-pulse {\n        filter: drop-shadow(0 0 20px rgba(255, 255, 255, 0.1));\n      }\n      .light-rill {\n        background: linear-gradient(to bottom, transparent, rgba(202, 230, 255, 0.2), transparent);\n      }\n      .shard-blur {\n        backdrop-filter: blur(40px);\n        -webkit-backdrop-filter: blur(40px);\n      }\n    </style>\n  \n  </head>\n  <body class="bg-[#050505] text-on-background font-body selection:bg-tertiary/30 min-h-screen overflow-x-hidden relative">\n    \n    <!-- Fog and Grain Layers -->\n    <div class="fixed inset-0 grain-overlay z-10 pointer-events-none"></div>\n    <div class="fixed inset-0 bg-[radial-gradient(ellipse_at_center,_var(--tw-gradient-stops))] from-[#0a0a0a] via-[#050505] to-black z-0 pointer-events-none"></div>\n    \n    <!-- Navigation -->\n    <header class="fixed top-0 left-0 w-full z-50 flex justify-between items-center px-10 py-8 mix-blend-difference">\n        <div class="flex items-center gap-4">\n            <a href="/" class="text-white/60 hover:text-white transition-all duration-700 ease-in-out font-label text-xs uppercase tracking-[0.3em] truncate">\n                Sever Connection\n            </a>\n        </div>\n    </header>\n\n    \n\n    <main class="relative z-20 pt-24 pb-24 px-6 md:px-12 lg:px-24 max-w-7xl mx-auto flex flex-col min-h-[90vh] justify-center">\n        \n        <!-- Header Information -->\n        <div class="grid grid-cols-1 md:grid-cols-12 gap-8 mb-16 md:mb-24">\n            <div class="md:col-span-8 flex flex-col justify-end">\n                <p class="font-label uppercase text-[10px] tracking-[0.4em] text-on-surface-variant/60 mb-6">Séance Active</p>\n                <h1 class="font-headline italic text-4xl sm:text-5xl md:text-7xl lg:text-8xl text-primary tracking-tight leading-none mb-4 break-words">\n                    London\n                </h1>\n                <div class="flex items-center gap-4 sm:gap-6 flex-wrap">\n                    <span class="font-h1 text-2xl sm:text-3xl text-on-surface-variant/50">1940</span>\n                    <div class="h-px w-12 sm:w-24 bg-white/10 hidden sm:block"></div>\n                    <span class="font-label text-[10px] uppercase tracking-widest text-accent/70">High Confidence — Archival Convergence</span>\n                </div>\n            </div>\n            \n            <div class="md:col-span-4 flex flex-col justify-end">\n                <p class="font-body text-sm text-on-surface-variant/70 leading-relaxed sm:text-right">\n                    Audio projection constructed from fragmentary archival evidence.\n                    \n                </p>\n            </div>\n        </div>\n\n        \n        <!-- The Mixing Conduit (Vox Aeterna Player) -->\n        <div class="mb-24 md:mb-32">\n            <!-- Master Control -->\n            <div class="flex justify-center mb-12 md:mb-16 relative">\n                <!-- Decorative rings -->\n                <div class="absolute inset-0 flex items-center justify-center pointer-events-none">\n                    <div id="play-pulse-ring" class="w-20 h-20 md:w-24 md:h-24 rounded-full border border-white/5 scale-100 opacity-50 transition-all duration-1000"></div>\n                </div>\n                \n                <button id="main-play-btn" class="group relative w-20 h-20 md:w-24 md:h-24 rounded-full shard-blur border border-white/10 flex items-center justify-center hover:bg-white/5 hover:border-white/20 transition-all duration-700 ease-out z-10 hover:scale-105 active:scale-95">\n                    <span class="play-icon material-symbols-outlined text-3xl md:text-4xl text-white font-light group-hover:text-cyan-400 transition-colors">play_arrow</span>\n                    <span class="pause-icon material-symbols-outlined text-3xl md:text-4xl text-white font-light group-hover:text-cyan-400 transition-colors hidden">pause</span>\n                </button>\n            </div>\n            \n            <!-- Progress Line -->\n            <div class="w-full max-w-4xl mx-auto mb-12 md:mb-16 group cursor-pointer" id="progress-container">\n                <div class="flex justify-between items-end mb-4 px-2">\n                    <span class="font-mono text-xs text-on-surface-variant/50" id="time-display">00:00</span>\n                    <span class="font-label text-[9px] uppercase tracking-[0.3em] text-on-surface-variant/30 hidden sm:block">Timeline</span>\n                    <span class="font-mono text-xs text-on-surface-variant/50" id="duration-display">--:--</span>\n                </div>\n                <div class="h-1 w-full bg-white/5 rounded-full overflow-hidden relative">\n                    <div id="main-progress" class="absolute top-0 left-0 h-full w-0 bg-gradient-to-r from-transparent via-cyan-900 to-cyan-400 transition-all duration-100 ease-linear"></div>\n                </div>\n                <div class="mt-4 h-8 w-full opacity-20 group-hover:opacity-60 transition-opacity duration-500 overflow-hidden rounded">\n                    <!-- Simple waveform replacement -->\n                    <canvas id="wave-canvas" class="w-full h-full"></canvas>\n                </div>\n            </div>\n\n            <!-- Light Rills (Sliders) -->\n            <div class="grid grid-cols-1 md:grid-cols-3 gap-8 md:gap-12 w-full max-w-4xl mx-auto px-4">\n                \n                <!-- Rill: Bed -->\n                <div class="flex flex-col gap-4 md:gap-6 group">\n                    <div class="flex justify-between items-center">\n                        <label class="font-headline italic text-lg md:text-xl text-on-surface group-hover`... 14392 more characters,
    expected: /player-section/,
    operator: 'match',
    diff: 'simple'
  }

test at test/playback.test.js:6:1
✖ artifact with audio layers shows player section (12.818899ms)
  AssertionError [ERR_ASSERTION]: The input did not match the regular expression /player-section/. Input:
  
  '<!doctype html>\n' +
    '<html lang="en" class="dark">\n' +
    '  <head>\n' +
    '    <meta charset="utf-8" />\n' +
    '    <meta name="viewport" content="width=device-width, initial-scale=1.0" />\n' +
    '    <title>Séance - Vox Aeterna</title>\n' +
    '    \n' +
    '    <script src="https://cdn.tailwindcss.com?plugins=forms,container-queries"></script>\n' +
    '    <link href="https://fonts.googleapis.com/css2?family=Noto+Serif:ital,wght@0,300;0,400;0,700;1,300;1,400;1,700&family=Space+Grotesk:wght@300;400;500;700&display=swap" rel="stylesheet" />\n' +
    '    <link href="https://fonts.googleapis.com/css2?family=Material+Symbols+Outlined:wght,FILL@100..700,0..1&display=swap" rel="stylesheet" />\n' +
    '    <script id="tailwind-config">\n' +
    '      tailwind.config = {\n' +
    '        darkMode: "class",\n' +
    '        theme: {\n' +
    '          extend: {\n' +
    '            "colors": {\n' +
    '              "primary-fixed": "#735a39",\n' +
    '              "on-primary-container": "#000000",\n' +
    '              "outline": "#919191",\n' +
    '              "on-background": "#e5e2e1",\n' +
    '              "inverse-surface": "#e5e2e1",\n' +
    '              "error": "#ffb4ab",\n' +
    '              "surface-dim": "#131313",\n' +
    '              "on-secondary-fixed-variant": "#3c3b3b",\n' +
    '              "secondary-fixed-dim": "#adabaa",\n' +
    '              "surface-container-highest": "#353534",\n' +
    '              "on-tertiary-container": "#000000",\n' +
    '              "surface-container-low": "#1c1b1b",\n' +
    '              "primary-container": "#f0cfa5",\n' +
    '              "tertiary-fixed-dim": "#004b70",\n' +
    '              "primary-fixed-dim": "#594323",\n' +
    '              "on-primary-fixed-variant": "#ffddb2",\n' +
    '              "outline-variant": "#474747",\n' +
    '              "on-surface-variant": "#c6c6c6",\n' +
    '              "inverse-on-surface": "#313030",\n' +
    '              "tertiary-container": "#5997c4",\n' +
    '              "surface-container-lowest": "#0e0e0e",\n' +
    '              "on-tertiary": "#001e30",\n' +
    '              "secondary-fixed": "#c9c6c5",\n' +
    '              "surface-variant": "#353534",\n' +
    '              "on-surface": "#e5e2e1",\n' +
    '              "primary": "#ffffff",\n' +
    '              "on-primary": "#291800",\n' +
    '              "tertiary": "#cae6ff",\n' +
    '              "surface-container": "#201f1f",\n' +
    '              "on-secondary-container": "#e5e2e1",\n' +
    '              "on-error-container": "#ffdad6",\n' +
    '              "on-error": "#690005",\n' +
    '              "tertiary-fixed": "#1c648e",\n' +
    '              "surface-tint": "#e1c198",\n' +
    '              "on-secondary-fixed": "#1c1b1b",\n' +
    '              "on-tertiary-fixed": "#ffffff",\n' +
    '              "on-secondary": "#1c1b1b",\n' +
    '              "inverse-primary": "#735a39",\n' +
    '              "on-primary-fixed": "#ffffff",\n' +
    '              "secondary-container": "#474646",\n' +
    '              "background": "#050505",\n' +
    '              "surface-bright": "#3a3939",\n' +
    '              "surface": "#131313",\n' +
    '              "error-container": "#93000a",\n' +
    '              "surface-container-high": "#2a2a2a",\n' +
    '              "secondary": "#c9c6c5",\n' +
    '              "on-tertiary-fixed-variant": "#cae6ff"\n' +
    '            },\n' +
    '            "fontFamily": {\n' +
    '              "headline": ["Noto Serif", "serif"],\n' +
    '              "body": ["Space Grotesk", "sans-serif"],\n' +
    '              "label": ["Space Grotesk", "sans-serif"]\n' +
    '            }\n' +
    '          }\n' +
    '        }\n' +
    '      }\n' +
    '    </script>\n' +
    '    <style>\n' +
    '      body {\n' +
    '        min-height: max(884px, 100dvh);\n' +
    '        overflow: hidden;\n' +
    '      }\n' +
    '      .material-symbols-outlined {\n' +
    "        font-variation-settings: 'FILL' 0, 'wght' 200, 'GRAD' 0, 'opsz' 24;\n" +
    '      }\n' +
    '      .obsidian-void {\n' +
    '        background: radial-gradient(circle at center, #1a1a1a 0%, #050505 100%);\n' +
    '      }\n' +
    '      .needle-line {\n' +
    '        height: 0.5px;\n' +
    '        background: linear-gradient(90deg, transparent 0%, rgba(255,255,255,0.2) 50%, transparent 100%);\n' +
    '      }\n' +
    '      .spectral-glow {\n' +
    '        text-shadow: 0 0 15px rgba(255, 255, 255, 0.4);\n' +
    '      }\n' +
    '      .vertical-text {\n' +
    '        writing-mode: vertical-rl;\n' +
    '        text-orientation: mixed;\n' +
    '      }\n' +
    '      .smoke-blur {\n' +
    '        filter: blur(40px);\n' +
    '        background: radial-gradient(circle, rgba(202, 230, 255, 0.08) 0%, transparent 70%);\n' +
    '      }\n' +
    '      .grain-overlay {\n' +
    '        background-image: url("https://lh3.googleusercontent.com/aida-public/AB6AXuDj3jyhb5qrY9ftxHnrNvrsFKao8TM0oQEN-ok12uccMAR-UKuMiR_cRE9gSPXoUXKQxFKd525138SuXUi4FNfPS3PFBUYRVSr2q10wsPN_lZRhicd6Nap5a6TZeIUApMMx5XJRJ6F2bUNeAvhXPhqtb04obGn3XcKxdVDiqWPgSAGT0gHeahJFX-o0Uw55m0dk_Xn0-rnFEVA7Oqys3EmmQ1QCXmqUG5UDo_x3jTRCJLYWbjn-UjdXofuwFD9Jx_83dpV0WB6GZWrq");\n' +
    '        opacity: 0.03;\n' +
    '        pointer-events: none;\n' +
    '      }\n' +
    '      .mote-blur {\n' +
    '        filter: blur(80px);\n' +
    '      }\n' +
    '      .glow-pulse {\n' +
    '        filter: drop-shadow(0 0 20px rgba(255, 255, 255, 0.1));\n' +
    '      }\n' +
    '      .light-rill {\n' +
    '        background: linear-gradient(to bottom, transparent, rgba(202, 230, 255, 0.2), transparent);\n' +
    '      }\n' +
    '      .shard-blur {\n' +
    '        backdrop-filter: blur(40px);\n' +
    '        -webkit-backdrop-filter: blur(40px);\n' +
    '      }\n' +
    '    </style>\n' +
    '  \n' +
    '  </head>\n' +
    '  <body class="bg-[#050505] text-on-background font-body selection:bg-tertiary/30 min-h-screen overflow-x-hidden relative">\n' +
    '    \n' +
    '    <!-- Fog and Grain Layers -->\n' +
    '    <div class="fixed inset-0 grain-overlay z-10 pointer-events-none"></div>\n' +
    '    <div class="fixed inset-0 bg-[radial-gradient(ellipse_at_center,_var(--tw-gradient-stops))] from-[#0a0a0a] via-[#050505] to-black z-0 pointer-events-none"></div>\n' +
    '    \n' +
    '    <!-- Navigation -->\n' +
    '    <header class="fixed top-0 left-0 w-full z-50 flex justify-between items-center px-10 py-8 mix-blend-difference">\n' +
    '        <div class="flex items-center gap-4">\n' +
    '            <a href="/" class="text-white/60 hover:text-white transition-all duration-700 ease-in-out font-label text-xs uppercase tracking-[0.3em] truncate">\n' +
    '                Sever Connection\n' +
    '            </a>\n' +
    '        </div>\n' +
    '    </header>\n' +
    '\n' +
    '    \n' +
    '\n' +
    '    <main class="relative z-20 pt-24 pb-24 px-6 md:px-12 lg:px-24 max-w-7xl mx-auto flex flex-col min-h-[90vh] justify-center">\n' +
    '        \n' +
    '        <!-- Header Information -->\n' +
    '        <div class="grid grid-cols-1 md:grid-cols-12 gap-8 mb-16 md:mb-24">\n' +
    '            <div class="md:col-span-8 flex flex-col justify-end">\n' +
    '                <p class="font-label uppercase text-[10px] tracking-[0.4em] text-on-surface-variant/60 mb-6">Séance Active</p>\n' +
    '                <h1 class="font-headline italic text-4xl sm:text-5xl md:text-7xl lg:text-8xl text-primary tracking-tight leading-none mb-4 break-words">\n' +
    '                    Athens\n' +
    '                </h1>\n' +
    '                <div class="flex items-center gap-4 sm:gap-6 flex-wrap">\n' +
    '                    <span class="font-h1 text-2xl sm:text-3xl text-on-surface-variant/50">1800</span>\n' +
    '                    <div class="h-px w-12 sm:w-24 bg-white/10 hidden sm:block"></div>\n' +
    '                    <span class="font-label text-[10px] uppercase tracking-widest text-accent/70">High Confidence — Archival Convergence</span>\n' +
    '                </div>\n' +
    '            </div>\n' +
    '            \n' +
    '            <div class="md:col-span-4 flex flex-col justify-end">\n' +
    '                <p class="font-body text-sm text-on-surface-variant/70 leading-relaxed sm:text-right">\n' +
    '                    Audio projection constructed from fragmentary archival evidence.\n' +
    '                    \n' +
    '                </p>\n' +
    '            </div>\n' +
    '        </div>\n' +
    '\n' +
    '        \n' +
    '        <!-- The Mixing Conduit (Vox Aeterna Player) -->\n' +
    '        <div class="mb-24 md:mb-32">\n' +
    '            <!-- Master Control -->\n' +
    '            <div class="flex justify-center mb-12 md:mb-16 relative">\n' +
    '                <!-- Decorative rings -->\n' +
    '                <div class="absolute inset-0 flex items-center justify-center pointer-events-none">\n' +
    '                    <div id="play-pulse-ring" class="w-20 h-20 md:w-24 md:h-24 rounded-full border border-white/5 scale-100 opacity-50 transition-all duration-1000"></div>\n' +
    '                </div>\n' +
    '                \n' +
    '                <button id="main-play-btn" class="group relative w-20 h-20 md:w-24 md:h-24 rounded-full shard-blur border border-white/10 flex items-center justify-center hover:bg-white/5 hover:border-white/20 transition-all duration-700 ease-out z-10 hover:scale-105 active:scale-95">\n' +
    '                    <span class="play-icon material-symbols-outlined text-3xl md:text-4xl text-white font-light group-hover:text-cyan-400 transition-colors">play_arrow</span>\n' +
    '                    <span class="pause-icon material-symbols-outlined text-3xl md:text-4xl text-white font-light group-hover:text-cyan-400 transition-colors hidden">pause</span>\n' +
    '                </button>\n' +
    '            </div>\n' +
    '            \n' +
    '            <!-- Progress Line -->\n' +
    '            <div class="w-full max-w-4xl mx-auto mb-12 md:mb-16 group cursor-pointer" id="progress-container">\n' +
    '                <div class="flex justify-between items-end mb-4 px-2">\n' +
    '                    <span class="font-mono text-xs text-on-surface-variant/50" id="time-display">00:00</span>\n' +
    '                    <span class="font-label text-[9px] uppercase tracking-[0.3em] text-on-surface-variant/30 hidden sm:block">Timeline</span>\n' +
    '                    <span class="font-mono text-xs text-on-surface-variant/50" id="duration-display">--:--</span>\n' +
    '                </div>\n' +
    '                <div class="h-1 w-full bg-white/5 rounded-full overflow-hidden relative">\n' +
    '                    <div id="main-progress" class="absolute top-0 left-0 h-full w-0 bg-gradient-to-r from-transparent via-cyan-900 to-cyan-400 transition-all duration-100 ease-linear"></div>\n' +
    '                </div>\n' +
    '                <div class="mt-4 h-8 w-full opacity-20 group-hover:opacity-60 transition-opacity duration-500 overflow-hidden rounded">\n' +
    '                    <!-- Simple waveform replacement -->\n' +
    '                    <canvas id="wave-canvas" class="w-full h-full"></canvas>\n' +
    '                </div>\n' +
    '            </div>\n' +
    '\n' +
    '            <!-- Light Rills (Sliders) -->\n' +
    '            <div class="grid grid-cols-1 md:grid-cols-3 gap-8 md:gap-12 w-full max-w-4xl mx-auto px-4">\n' +
    '                \n' +
    '                <!-- Rill: Bed -->\n' +
    '                <div class="flex flex-col gap-4 md:gap-6 group">\n' +
    '                    <div class="flex justify-between items-center">\n' +
    '                        <label class="font-headline italic text-lg md:text-xl text-on-surface group-hover'... 14395 more characters
  
      at TestContext.<anonymous> (file:///home/srinivas/workspace/github.com/sivaratrisrinivas/seance/test/playback.test.js:13:10)
      at Test.runInAsyncScope (node:async_hooks:226:14)
      at Test.run (node:internal/test_runner/test:1201:25)
      at Test.start (node:internal/test_runner/test:1096:17)
      at startSubtestAfterBootstrap (node:internal/test_runner/harness:385:17) {
    generatedMessage: true,
    code: 'ERR_ASSERTION',
    actual: `<!doctype html>\n<html lang="en" class="dark">\n  <head>\n    <meta charset="utf-8" />\n    <meta name="viewport" content="width=device-width, initial-scale=1.0" />\n    <title>Séance - Vox Aeterna</title>\n    \n    <script src="https://cdn.tailwindcss.com?plugins=forms,container-queries"></script>\n    <link href="https://fonts.googleapis.com/css2?family=Noto+Serif:ital,wght@0,300;0,400;0,700;1,300;1,400;1,700&family=Space+Grotesk:wght@300;400;500;700&display=swap" rel="stylesheet" />\n    <link href="https://fonts.googleapis.com/css2?family=Material+Symbols+Outlined:wght,FILL@100..700,0..1&display=swap" rel="stylesheet" />\n    <script id="tailwind-config">\n      tailwind.config = {\n        darkMode: "class",\n        theme: {\n          extend: {\n            "colors": {\n              "primary-fixed": "#735a39",\n              "on-primary-container": "#000000",\n              "outline": "#919191",\n              "on-background": "#e5e2e1",\n              "inverse-surface": "#e5e2e1",\n              "error": "#ffb4ab",\n              "surface-dim": "#131313",\n              "on-secondary-fixed-variant": "#3c3b3b",\n              "secondary-fixed-dim": "#adabaa",\n              "surface-container-highest": "#353534",\n              "on-tertiary-container": "#000000",\n              "surface-container-low": "#1c1b1b",\n              "primary-container": "#f0cfa5",\n              "tertiary-fixed-dim": "#004b70",\n              "primary-fixed-dim": "#594323",\n              "on-primary-fixed-variant": "#ffddb2",\n              "outline-variant": "#474747",\n              "on-surface-variant": "#c6c6c6",\n              "inverse-on-surface": "#313030",\n              "tertiary-container": "#5997c4",\n              "surface-container-lowest": "#0e0e0e",\n              "on-tertiary": "#001e30",\n              "secondary-fixed": "#c9c6c5",\n              "surface-variant": "#353534",\n              "on-surface": "#e5e2e1",\n              "primary": "#ffffff",\n              "on-primary": "#291800",\n              "tertiary": "#cae6ff",\n              "surface-container": "#201f1f",\n              "on-secondary-container": "#e5e2e1",\n              "on-error-container": "#ffdad6",\n              "on-error": "#690005",\n              "tertiary-fixed": "#1c648e",\n              "surface-tint": "#e1c198",\n              "on-secondary-fixed": "#1c1b1b",\n              "on-tertiary-fixed": "#ffffff",\n              "on-secondary": "#1c1b1b",\n              "inverse-primary": "#735a39",\n              "on-primary-fixed": "#ffffff",\n              "secondary-container": "#474646",\n              "background": "#050505",\n              "surface-bright": "#3a3939",\n              "surface": "#131313",\n              "error-container": "#93000a",\n              "surface-container-high": "#2a2a2a",\n              "secondary": "#c9c6c5",\n              "on-tertiary-fixed-variant": "#cae6ff"\n            },\n            "fontFamily": {\n              "headline": ["Noto Serif", "serif"],\n              "body": ["Space Grotesk", "sans-serif"],\n              "label": ["Space Grotesk", "sans-serif"]\n            }\n          }\n        }\n      }\n    </script>\n    <style>\n      body {\n        min-height: max(884px, 100dvh);\n        overflow: hidden;\n      }\n      .material-symbols-outlined {\n        font-variation-settings: 'FILL' 0, 'wght' 200, 'GRAD' 0, 'opsz' 24;\n      }\n      .obsidian-void {\n        background: radial-gradient(circle at center, #1a1a1a 0%, #050505 100%);\n      }\n      .needle-line {\n        height: 0.5px;\n        background: linear-gradient(90deg, transparent 0%, rgba(255,255,255,0.2) 50%, transparent 100%);\n      }\n      .spectral-glow {\n        text-shadow: 0 0 15px rgba(255, 255, 255, 0.4);\n      }\n      .vertical-text {\n        writing-mode: vertical-rl;\n        text-orientation: mixed;\n      }\n      .smoke-blur {\n        filter: blur(40px);\n        background: radial-gradient(circle, rgba(202, 230, 255, 0.08) 0%, transparent 70%);\n      }\n      .grain-overlay {\n        background-image: url("https://lh3.googleusercontent.com/aida-public/AB6AXuDj3jyhb5qrY9ftxHnrNvrsFKao8TM0oQEN-ok12uccMAR-UKuMiR_cRE9gSPXoUXKQxFKd525138SuXUi4FNfPS3PFBUYRVSr2q10wsPN_lZRhicd6Nap5a6TZeIUApMMx5XJRJ6F2bUNeAvhXPhqtb04obGn3XcKxdVDiqWPgSAGT0gHeahJFX-o0Uw55m0dk_Xn0-rnFEVA7Oqys3EmmQ1QCXmqUG5UDo_x3jTRCJLYWbjn-UjdXofuwFD9Jx_83dpV0WB6GZWrq");\n        opacity: 0.03;\n        pointer-events: none;\n      }\n      .mote-blur {\n        filter: blur(80px);\n      }\n      .glow-pulse {\n        filter: drop-shadow(0 0 20px rgba(255, 255, 255, 0.1));\n      }\n      .light-rill {\n        background: linear-gradient(to bottom, transparent, rgba(202, 230, 255, 0.2), transparent);\n      }\n      .shard-blur {\n        backdrop-filter: blur(40px);\n        -webkit-backdrop-filter: blur(40px);\n      }\n    </style>\n  \n  </head>\n  <body class="bg-[#050505] text-on-background font-body selection:bg-tertiary/30 min-h-screen overflow-x-hidden relative">\n    \n    <!-- Fog and Grain Layers -->\n    <div class="fixed inset-0 grain-overlay z-10 pointer-events-none"></div>\n    <div class="fixed inset-0 bg-[radial-gradient(ellipse_at_center,_var(--tw-gradient-stops))] from-[#0a0a0a] via-[#050505] to-black z-0 pointer-events-none"></div>\n    \n    <!-- Navigation -->\n    <header class="fixed top-0 left-0 w-full z-50 flex justify-between items-center px-10 py-8 mix-blend-difference">\n        <div class="flex items-center gap-4">\n            <a href="/" class="text-white/60 hover:text-white transition-all duration-700 ease-in-out font-label text-xs uppercase tracking-[0.3em] truncate">\n                Sever Connection\n            </a>\n        </div>\n    </header>\n\n    \n\n    <main class="relative z-20 pt-24 pb-24 px-6 md:px-12 lg:px-24 max-w-7xl mx-auto flex flex-col min-h-[90vh] justify-center">\n        \n        <!-- Header Information -->\n        <div class="grid grid-cols-1 md:grid-cols-12 gap-8 mb-16 md:mb-24">\n            <div class="md:col-span-8 flex flex-col justify-end">\n                <p class="font-label uppercase text-[10px] tracking-[0.4em] text-on-surface-variant/60 mb-6">Séance Active</p>\n                <h1 class="font-headline italic text-4xl sm:text-5xl md:text-7xl lg:text-8xl text-primary tracking-tight leading-none mb-4 break-words">\n                    Athens\n                </h1>\n                <div class="flex items-center gap-4 sm:gap-6 flex-wrap">\n                    <span class="font-h1 text-2xl sm:text-3xl text-on-surface-variant/50">1800</span>\n                    <div class="h-px w-12 sm:w-24 bg-white/10 hidden sm:block"></div>\n                    <span class="font-label text-[10px] uppercase tracking-widest text-accent/70">High Confidence — Archival Convergence</span>\n                </div>\n            </div>\n            \n            <div class="md:col-span-4 flex flex-col justify-end">\n                <p class="font-body text-sm text-on-surface-variant/70 leading-relaxed sm:text-right">\n                    Audio projection constructed from fragmentary archival evidence.\n                    \n                </p>\n            </div>\n        </div>\n\n        \n        <!-- The Mixing Conduit (Vox Aeterna Player) -->\n        <div class="mb-24 md:mb-32">\n            <!-- Master Control -->\n            <div class="flex justify-center mb-12 md:mb-16 relative">\n                <!-- Decorative rings -->\n                <div class="absolute inset-0 flex items-center justify-center pointer-events-none">\n                    <div id="play-pulse-ring" class="w-20 h-20 md:w-24 md:h-24 rounded-full border border-white/5 scale-100 opacity-50 transition-all duration-1000"></div>\n                </div>\n                \n                <button id="main-play-btn" class="group relative w-20 h-20 md:w-24 md:h-24 rounded-full shard-blur border border-white/10 flex items-center justify-center hover:bg-white/5 hover:border-white/20 transition-all duration-700 ease-out z-10 hover:scale-105 active:scale-95">\n                    <span class="play-icon material-symbols-outlined text-3xl md:text-4xl text-white font-light group-hover:text-cyan-400 transition-colors">play_arrow</span>\n                    <span class="pause-icon material-symbols-outlined text-3xl md:text-4xl text-white font-light group-hover:text-cyan-400 transition-colors hidden">pause</span>\n                </button>\n            </div>\n            \n            <!-- Progress Line -->\n            <div class="w-full max-w-4xl mx-auto mb-12 md:mb-16 group cursor-pointer" id="progress-container">\n                <div class="flex justify-between items-end mb-4 px-2">\n                    <span class="font-mono text-xs text-on-surface-variant/50" id="time-display">00:00</span>\n                    <span class="font-label text-[9px] uppercase tracking-[0.3em] text-on-surface-variant/30 hidden sm:block">Timeline</span>\n                    <span class="font-mono text-xs text-on-surface-variant/50" id="duration-display">--:--</span>\n                </div>\n                <div class="h-1 w-full bg-white/5 rounded-full overflow-hidden relative">\n                    <div id="main-progress" class="absolute top-0 left-0 h-full w-0 bg-gradient-to-r from-transparent via-cyan-900 to-cyan-400 transition-all duration-100 ease-linear"></div>\n                </div>\n                <div class="mt-4 h-8 w-full opacity-20 group-hover:opacity-60 transition-opacity duration-500 overflow-hidden rounded">\n                    <!-- Simple waveform replacement -->\n                    <canvas id="wave-canvas" class="w-full h-full"></canvas>\n                </div>\n            </div>\n\n            <!-- Light Rills (Sliders) -->\n            <div class="grid grid-cols-1 md:grid-cols-3 gap-8 md:gap-12 w-full max-w-4xl mx-auto px-4">\n                \n                <!-- Rill: Bed -->\n                <div class="flex flex-col gap-4 md:gap-6 group">\n                    <div class="flex justify-between items-center">\n                        <label class="font-headline italic text-lg md:text-xl text-on-surface group-hover`... 14395 more characters,
    expected: /player-section/,
    operator: 'match',
    diff: 'simple'
  }

test at test/playback.test.js:17:1
✖ artifact without audio shows empty state (2.7879ms)
  AssertionError [ERR_ASSERTION]: The input did not match the regular expression /Audio layers not available/. Input:
  
  '<!doctype html>\n' +
    '<html lang="en" class="dark">\n' +
    '  <head>\n' +
    '    <meta charset="utf-8" />\n' +
    '    <meta name="viewport" content="width=device-width, initial-scale=1.0" />\n' +
    '    <title>Séance - Vox Aeterna</title>\n' +
    '    \n' +
    '    <script src="https://cdn.tailwindcss.com?plugins=forms,container-queries"></script>\n' +
    '    <link href="https://fonts.googleapis.com/css2?family=Noto+Serif:ital,wght@0,300;0,400;0,700;1,300;1,400;1,700&family=Space+Grotesk:wght@300;400;500;700&display=swap" rel="stylesheet" />\n' +
    '    <link href="https://fonts.googleapis.com/css2?family=Material+Symbols+Outlined:wght,FILL@100..700,0..1&display=swap" rel="stylesheet" />\n' +
    '    <script id="tailwind-config">\n' +
    '      tailwind.config = {\n' +
    '        darkMode: "class",\n' +
    '        theme: {\n' +
    '          extend: {\n' +
    '            "colors": {\n' +
    '              "primary-fixed": "#735a39",\n' +
    '              "on-primary-container": "#000000",\n' +
    '              "outline": "#919191",\n' +
    '              "on-background": "#e5e2e1",\n' +
    '              "inverse-surface": "#e5e2e1",\n' +
    '              "error": "#ffb4ab",\n' +
    '              "surface-dim": "#131313",\n' +
    '              "on-secondary-fixed-variant": "#3c3b3b",\n' +
    '              "secondary-fixed-dim": "#adabaa",\n' +
    '              "surface-container-highest": "#353534",\n' +
    '              "on-tertiary-container": "#000000",\n' +
    '              "surface-container-low": "#1c1b1b",\n' +
    '              "primary-container": "#f0cfa5",\n' +
    '              "tertiary-fixed-dim": "#004b70",\n' +
    '              "primary-fixed-dim": "#594323",\n' +
    '              "on-primary-fixed-variant": "#ffddb2",\n' +
    '              "outline-variant": "#474747",\n' +
    '              "on-surface-variant": "#c6c6c6",\n' +
    '              "inverse-on-surface": "#313030",\n' +
    '              "tertiary-container": "#5997c4",\n' +
    '              "surface-container-lowest": "#0e0e0e",\n' +
    '              "on-tertiary": "#001e30",\n' +
    '              "secondary-fixed": "#c9c6c5",\n' +
    '              "surface-variant": "#353534",\n' +
    '              "on-surface": "#e5e2e1",\n' +
    '              "primary": "#ffffff",\n' +
    '              "on-primary": "#291800",\n' +
    '              "tertiary": "#cae6ff",\n' +
    '              "surface-container": "#201f1f",\n' +
    '              "on-secondary-container": "#e5e2e1",\n' +
    '              "on-error-container": "#ffdad6",\n' +
    '              "on-error": "#690005",\n' +
    '              "tertiary-fixed": "#1c648e",\n' +
    '              "surface-tint": "#e1c198",\n' +
    '              "on-secondary-fixed": "#1c1b1b",\n' +
    '              "on-tertiary-fixed": "#ffffff",\n' +
    '              "on-secondary": "#1c1b1b",\n' +
    '              "inverse-primary": "#735a39",\n' +
    '              "on-primary-fixed": "#ffffff",\n' +
    '              "secondary-container": "#474646",\n' +
    '              "background": "#050505",\n' +
    '              "surface-bright": "#3a3939",\n' +
    '              "surface": "#131313",\n' +
    '              "error-container": "#93000a",\n' +
    '              "surface-container-high": "#2a2a2a",\n' +
    '              "secondary": "#c9c6c5",\n' +
    '              "on-tertiary-fixed-variant": "#cae6ff"\n' +
    '            },\n' +
    '            "fontFamily": {\n' +
    '              "headline": ["Noto Serif", "serif"],\n' +
    '              "body": ["Space Grotesk", "sans-serif"],\n' +
    '              "label": ["Space Grotesk", "sans-serif"]\n' +
    '            }\n' +
    '          }\n' +
    '        }\n' +
    '      }\n' +
    '    </script>\n' +
    '    <style>\n' +
    '      body {\n' +
    '        min-height: max(884px, 100dvh);\n' +
    '        overflow: hidden;\n' +
    '      }\n' +
    '      .material-symbols-outlined {\n' +
    "        font-variation-settings: 'FILL' 0, 'wght' 200, 'GRAD' 0, 'opsz' 24;\n" +
    '      }\n' +
    '      .obsidian-void {\n' +
    '        background: radial-gradient(circle at center, #1a1a1a 0%, #050505 100%);\n' +
    '      }\n' +
    '      .needle-line {\n' +
    '        height: 0.5px;\n' +
    '        background: linear-gradient(90deg, transparent 0%, rgba(255,255,255,0.2) 50%, transparent 100%);\n' +
    '      }\n' +
    '      .spectral-glow {\n' +
    '        text-shadow: 0 0 15px rgba(255, 255, 255, 0.4);\n' +
    '      }\n' +
    '      .vertical-text {\n' +
    '        writing-mode: vertical-rl;\n' +
    '        text-orientation: mixed;\n' +
    '      }\n' +
    '      .smoke-blur {\n' +
    '        filter: blur(40px);\n' +
    '        background: radial-gradient(circle, rgba(202, 230, 255, 0.08) 0%, transparent 70%);\n' +
    '      }\n' +
    '      .grain-overlay {\n' +
    '        background-image: url("https://lh3.googleusercontent.com/aida-public/AB6AXuDj3jyhb5qrY9ftxHnrNvrsFKao8TM0oQEN-ok12uccMAR-UKuMiR_cRE9gSPXoUXKQxFKd525138SuXUi4FNfPS3PFBUYRVSr2q10wsPN_lZRhicd6Nap5a6TZeIUApMMx5XJRJ6F2bUNeAvhXPhqtb04obGn3XcKxdVDiqWPgSAGT0gHeahJFX-o0Uw55m0dk_Xn0-rnFEVA7Oqys3EmmQ1QCXmqUG5UDo_x3jTRCJLYWbjn-UjdXofuwFD9Jx_83dpV0WB6GZWrq");\n' +
    '        opacity: 0.03;\n' +
    '        pointer-events: none;\n' +
    '      }\n' +
    '      .mote-blur {\n' +
    '        filter: blur(80px);\n' +
    '      }\n' +
    '      .glow-pulse {\n' +
    '        filter: drop-shadow(0 0 20px rgba(255, 255, 255, 0.1));\n' +
    '      }\n' +
    '      .light-rill {\n' +
    '        background: linear-gradient(to bottom, transparent, rgba(202, 230, 255, 0.2), transparent);\n' +
    '      }\n' +
    '      .shard-blur {\n' +
    '        backdrop-filter: blur(40px);\n' +
    '        -webkit-backdrop-filter: blur(40px);\n' +
    '      }\n' +
    '    </style>\n' +
    '  \n' +
    '  </head>\n' +
    '  <body class="bg-[#050505] text-on-background font-body selection:bg-tertiary/30 min-h-screen overflow-x-hidden relative">\n' +
    '    \n' +
    '    <!-- Fog and Grain Layers -->\n' +
    '    <div class="fixed inset-0 grain-overlay z-10 pointer-events-none"></div>\n' +
    '    <div class="fixed inset-0 bg-[radial-gradient(ellipse_at_center,_var(--tw-gradient-stops))] from-[#0a0a0a] via-[#050505] to-black z-0 pointer-events-none"></div>\n' +
    '    \n' +
    '    <!-- Navigation -->\n' +
    '    <header class="fixed top-0 left-0 w-full z-50 flex justify-between items-center px-10 py-8 mix-blend-difference">\n' +
    '        <div class="flex items-center gap-4">\n' +
    '            <a href="/" class="text-white/60 hover:text-white transition-all duration-700 ease-in-out font-label text-xs uppercase tracking-[0.3em] truncate">\n' +
    '                Sever Connection\n' +
    '            </a>\n' +
    '        </div>\n' +
    '    </header>\n' +
    '\n' +
    '    \n' +
    '\n' +
    '    <main class="relative z-20 pt-24 pb-24 px-6 md:px-12 lg:px-24 max-w-7xl mx-auto flex flex-col min-h-[90vh] justify-center">\n' +
    '        \n' +
    '        <!-- Header Information -->\n' +
    '        <div class="grid grid-cols-1 md:grid-cols-12 gap-8 mb-16 md:mb-24">\n' +
    '            <div class="md:col-span-8 flex flex-col justify-end">\n' +
    '                <p class="font-label uppercase text-[10px] tracking-[0.4em] text-on-surface-variant/60 mb-6">Séance Active</p>\n' +
    '                <h1 class="font-headline italic text-4xl sm:text-5xl md:text-7xl lg:text-8xl text-primary tracking-tight leading-none mb-4 break-words">\n' +
    '                    Rome\n' +
    '                </h1>\n' +
    '                <div class="flex items-center gap-4 sm:gap-6 flex-wrap">\n' +
    '                    <span class="font-h1 text-2xl sm:text-3xl text-on-surface-variant/50">1600</span>\n' +
    '                    <div class="h-px w-12 sm:w-24 bg-white/10 hidden sm:block"></div>\n' +
    '                    <span class="font-label text-[10px] uppercase tracking-widest text-accent/70">High Confidence — Archival Convergence</span>\n' +
    '                </div>\n' +
    '            </div>\n' +
    '            \n' +
    '            <div class="md:col-span-4 flex flex-col justify-end">\n' +
    '                <p class="font-body text-sm text-on-surface-variant/70 leading-relaxed sm:text-right">\n' +
    '                    Audio projection constructed from fragmentary archival evidence.\n' +
    '                    \n' +
    '                </p>\n' +
    '            </div>\n' +
    '        </div>\n' +
    '\n' +
    '        \n' +
    '        <div class="mb-32 flex flex-col items-center justify-center opacity-30">\n' +
    '            <div class="w-24 h-24 rounded-full border border-white/10 border-dashed flex items-center justify-center mb-6">\n' +
    '                <span class="material-symbols-outlined text-4xl font-light">mic_off</span>\n' +
    '            </div>\n' +
    '            <p class="font-label uppercase tracking-widest text-xs text-center">Acoustic Shadow<br/><span class="text-[9px] opacity-70 normal-case mt-2 block">No audio layers reconstructed</span></p>\n' +
    '        </div>\n' +
    '        \n' +
    '\n' +
    '        <!-- Floating Evidence Shards -->\n' +
    '        \n' +
    '    </main>\n' +
    '    \n' +
    '  </body>\n' +
    '</html>'
  
      at TestContext.<anonymous> (file:///home/srinivas/workspace/github.com/sivaratrisrinivas/seance/test/playback.test.js:23:10)
      at Test.runInAsyncScope (node:async_hooks:226:14)
      at Test.run (node:internal/test_runner/test:1201:25)
      at Test.processPendingSubtests (node:internal/test_runner/test:831:18)
      at Test.postRun (node:internal/test_runner/test:1330:19)
      at Test.run (node:internal/test_runner/test:1258:12)
      at async startSubtestAfterBootstrap (node:internal/test_runner/harness:385:3) {
    generatedMessage: true,
    code: 'ERR_ASSERTION',
    actual: `<!doctype html>\n<html lang="en" class="dark">\n  <head>\n    <meta charset="utf-8" />\n    <meta name="viewport" content="width=device-width, initial-scale=1.0" />\n    <title>Séance - Vox Aeterna</title>\n    \n    <script src="https://cdn.tailwindcss.com?plugins=forms,container-queries"></script>\n    <link href="https://fonts.googleapis.com/css2?family=Noto+Serif:ital,wght@0,300;0,400;0,700;1,300;1,400;1,700&family=Space+Grotesk:wght@300;400;500;700&display=swap" rel="stylesheet" />\n    <link href="https://fonts.googleapis.com/css2?family=Material+Symbols+Outlined:wght,FILL@100..700,0..1&display=swap" rel="stylesheet" />\n    <script id="tailwind-config">\n      tailwind.config = {\n        darkMode: "class",\n        theme: {\n          extend: {\n            "colors": {\n              "primary-fixed": "#735a39",\n              "on-primary-container": "#000000",\n              "outline": "#919191",\n              "on-background": "#e5e2e1",\n              "inverse-surface": "#e5e2e1",\n              "error": "#ffb4ab",\n              "surface-dim": "#131313",\n              "on-secondary-fixed-variant": "#3c3b3b",\n              "secondary-fixed-dim": "#adabaa",\n              "surface-container-highest": "#353534",\n              "on-tertiary-container": "#000000",\n              "surface-container-low": "#1c1b1b",\n              "primary-container": "#f0cfa5",\n              "tertiary-fixed-dim": "#004b70",\n              "primary-fixed-dim": "#594323",\n              "on-primary-fixed-variant": "#ffddb2",\n              "outline-variant": "#474747",\n              "on-surface-variant": "#c6c6c6",\n              "inverse-on-surface": "#313030",\n              "tertiary-container": "#5997c4",\n              "surface-container-lowest": "#0e0e0e",\n              "on-tertiary": "#001e30",\n              "secondary-fixed": "#c9c6c5",\n              "surface-variant": "#353534",\n              "on-surface": "#e5e2e1",\n              "primary": "#ffffff",\n              "on-primary": "#291800",\n              "tertiary": "#cae6ff",\n              "surface-container": "#201f1f",\n              "on-secondary-container": "#e5e2e1",\n              "on-error-container": "#ffdad6",\n              "on-error": "#690005",\n              "tertiary-fixed": "#1c648e",\n              "surface-tint": "#e1c198",\n              "on-secondary-fixed": "#1c1b1b",\n              "on-tertiary-fixed": "#ffffff",\n              "on-secondary": "#1c1b1b",\n              "inverse-primary": "#735a39",\n              "on-primary-fixed": "#ffffff",\n              "secondary-container": "#474646",\n              "background": "#050505",\n              "surface-bright": "#3a3939",\n              "surface": "#131313",\n              "error-container": "#93000a",\n              "surface-container-high": "#2a2a2a",\n              "secondary": "#c9c6c5",\n              "on-tertiary-fixed-variant": "#cae6ff"\n            },\n            "fontFamily": {\n              "headline": ["Noto Serif", "serif"],\n              "body": ["Space Grotesk", "sans-serif"],\n              "label": ["Space Grotesk", "sans-serif"]\n            }\n          }\n        }\n      }\n    </script>\n    <style>\n      body {\n        min-height: max(884px, 100dvh);\n        overflow: hidden;\n      }\n      .material-symbols-outlined {\n        font-variation-settings: 'FILL' 0, 'wght' 200, 'GRAD' 0, 'opsz' 24;\n      }\n      .obsidian-void {\n        background: radial-gradient(circle at center, #1a1a1a 0%, #050505 100%);\n      }\n      .needle-line {\n        height: 0.5px;\n        background: linear-gradient(90deg, transparent 0%, rgba(255,255,255,0.2) 50%, transparent 100%);\n      }\n      .spectral-glow {\n        text-shadow: 0 0 15px rgba(255, 255, 255, 0.4);\n      }\n      .vertical-text {\n        writing-mode: vertical-rl;\n        text-orientation: mixed;\n      }\n      .smoke-blur {\n        filter: blur(40px);\n        background: radial-gradient(circle, rgba(202, 230, 255, 0.08) 0%, transparent 70%);\n      }\n      .grain-overlay {\n        background-image: url("https://lh3.googleusercontent.com/aida-public/AB6AXuDj3jyhb5qrY9ftxHnrNvrsFKao8TM0oQEN-ok12uccMAR-UKuMiR_cRE9gSPXoUXKQxFKd525138SuXUi4FNfPS3PFBUYRVSr2q10wsPN_lZRhicd6Nap5a6TZeIUApMMx5XJRJ6F2bUNeAvhXPhqtb04obGn3XcKxdVDiqWPgSAGT0gHeahJFX-o0Uw55m0dk_Xn0-rnFEVA7Oqys3EmmQ1QCXmqUG5UDo_x3jTRCJLYWbjn-UjdXofuwFD9Jx_83dpV0WB6GZWrq");\n        opacity: 0.03;\n        pointer-events: none;\n      }\n      .mote-blur {\n        filter: blur(80px);\n      }\n      .glow-pulse {\n        filter: drop-shadow(0 0 20px rgba(255, 255, 255, 0.1));\n      }\n      .light-rill {\n        background: linear-gradient(to bottom, transparent, rgba(202, 230, 255, 0.2), transparent);\n      }\n      .shard-blur {\n        backdrop-filter: blur(40px);\n        -webkit-backdrop-filter: blur(40px);\n      }\n    </style>\n  \n  </head>\n  <body class="bg-[#050505] text-on-background font-body selection:bg-tertiary/30 min-h-screen overflow-x-hidden relative">\n    \n    <!-- Fog and Grain Layers -->\n    <div class="fixed inset-0 grain-overlay z-10 pointer-events-none"></div>\n    <div class="fixed inset-0 bg-[radial-gradient(ellipse_at_center,_var(--tw-gradient-stops))] from-[#0a0a0a] via-[#050505] to-black z-0 pointer-events-none"></div>\n    \n    <!-- Navigation -->\n    <header class="fixed top-0 left-0 w-full z-50 flex justify-between items-center px-10 py-8 mix-blend-difference">\n        <div class="flex items-center gap-4">\n            <a href="/" class="text-white/60 hover:text-white transition-all duration-700 ease-in-out font-label text-xs uppercase tracking-[0.3em] truncate">\n                Sever Connection\n            </a>\n        </div>\n    </header>\n\n    \n\n    <main class="relative z-20 pt-24 pb-24 px-6 md:px-12 lg:px-24 max-w-7xl mx-auto flex flex-col min-h-[90vh] justify-center">\n        \n        <!-- Header Information -->\n        <div class="grid grid-cols-1 md:grid-cols-12 gap-8 mb-16 md:mb-24">\n            <div class="md:col-span-8 flex flex-col justify-end">\n                <p class="font-label uppercase text-[10px] tracking-[0.4em] text-on-surface-variant/60 mb-6">Séance Active</p>\n                <h1 class="font-headline italic text-4xl sm:text-5xl md:text-7xl lg:text-8xl text-primary tracking-tight leading-none mb-4 break-words">\n                    Rome\n                </h1>\n                <div class="flex items-center gap-4 sm:gap-6 flex-wrap">\n                    <span class="font-h1 text-2xl sm:text-3xl text-on-surface-variant/50">1600</span>\n                    <div class="h-px w-12 sm:w-24 bg-white/10 hidden sm:block"></div>\n                    <span class="font-label text-[10px] uppercase tracking-widest text-accent/70">High Confidence — Archival Convergence</span>\n                </div>\n            </div>\n            \n            <div class="md:col-span-4 flex flex-col justify-end">\n                <p class="font-body text-sm text-on-surface-variant/70 leading-relaxed sm:text-right">\n                    Audio projection constructed from fragmentary archival evidence.\n                    \n                </p>\n            </div>\n        </div>\n\n        \n        <div class="mb-32 flex flex-col items-center justify-center opacity-30">\n            <div class="w-24 h-24 rounded-full border border-white/10 border-dashed flex items-center justify-center mb-6">\n                <span class="material-symbols-outlined text-4xl font-light">mic_off</span>\n            </div>\n            <p class="font-label uppercase tracking-widest text-xs text-center">Acoustic Shadow<br/><span class="text-[9px] opacity-70 normal-case mt-2 block">No audio layers reconstructed</span></p>\n        </div>\n        \n\n        <!-- Floating Evidence Shards -->\n        \n    </main>\n    \n  </body>\n</html>`,
    expected: /Audio layers not available/,
    operator: 'match',
    diff: 'simple'
  }

test at test/playback.test.js:39:1
✖ artifact player section includes listening modes (31.429398ms)
  AssertionError [ERR_ASSERTION]: The input did not match the regular expression /Full scene/. Input:
  
  '<!doctype html>\n' +
    '<html lang="en" class="dark">\n' +
    '  <head>\n' +
    '    <meta charset="utf-8" />\n' +
    '    <meta name="viewport" content="width=device-width, initial-scale=1.0" />\n' +
    '    <title>Séance - Vox Aeterna</title>\n' +
    '    \n' +
    '    <script src="https://cdn.tailwindcss.com?plugins=forms,container-queries"></script>\n' +
    '    <link href="https://fonts.googleapis.com/css2?family=Noto+Serif:ital,wght@0,300;0,400;0,700;1,300;1,400;1,700&family=Space+Grotesk:wght@300;400;500;700&display=swap" rel="stylesheet" />\n' +
    '    <link href="https://fonts.googleapis.com/css2?family=Material+Symbols+Outlined:wght,FILL@100..700,0..1&display=swap" rel="stylesheet" />\n' +
    '    <script id="tailwind-config">\n' +
    '      tailwind.config = {\n' +
    '        darkMode: "class",\n' +
    '        theme: {\n' +
    '          extend: {\n' +
    '            "colors": {\n' +
    '              "primary-fixed": "#735a39",\n' +
    '              "on-primary-container": "#000000",\n' +
    '              "outline": "#919191",\n' +
    '              "on-background": "#e5e2e1",\n' +
    '              "inverse-surface": "#e5e2e1",\n' +
    '              "error": "#ffb4ab",\n' +
    '              "surface-dim": "#131313",\n' +
    '              "on-secondary-fixed-variant": "#3c3b3b",\n' +
    '              "secondary-fixed-dim": "#adabaa",\n' +
    '              "surface-container-highest": "#353534",\n' +
    '              "on-tertiary-container": "#000000",\n' +
    '              "surface-container-low": "#1c1b1b",\n' +
    '              "primary-container": "#f0cfa5",\n' +
    '              "tertiary-fixed-dim": "#004b70",\n' +
    '              "primary-fixed-dim": "#594323",\n' +
    '              "on-primary-fixed-variant": "#ffddb2",\n' +
    '              "outline-variant": "#474747",\n' +
    '              "on-surface-variant": "#c6c6c6",\n' +
    '              "inverse-on-surface": "#313030",\n' +
    '              "tertiary-container": "#5997c4",\n' +
    '              "surface-container-lowest": "#0e0e0e",\n' +
    '              "on-tertiary": "#001e30",\n' +
    '              "secondary-fixed": "#c9c6c5",\n' +
    '              "surface-variant": "#353534",\n' +
    '              "on-surface": "#e5e2e1",\n' +
    '              "primary": "#ffffff",\n' +
    '              "on-primary": "#291800",\n' +
    '              "tertiary": "#cae6ff",\n' +
    '              "surface-container": "#201f1f",\n' +
    '              "on-secondary-container": "#e5e2e1",\n' +
    '              "on-error-container": "#ffdad6",\n' +
    '              "on-error": "#690005",\n' +
    '              "tertiary-fixed": "#1c648e",\n' +
    '              "surface-tint": "#e1c198",\n' +
    '              "on-secondary-fixed": "#1c1b1b",\n' +
    '              "on-tertiary-fixed": "#ffffff",\n' +
    '              "on-secondary": "#1c1b1b",\n' +
    '              "inverse-primary": "#735a39",\n' +
    '              "on-primary-fixed": "#ffffff",\n' +
    '              "secondary-container": "#474646",\n' +
    '              "background": "#050505",\n' +
    '              "surface-bright": "#3a3939",\n' +
    '              "surface": "#131313",\n' +
    '              "error-container": "#93000a",\n' +
    '              "surface-container-high": "#2a2a2a",\n' +
    '              "secondary": "#c9c6c5",\n' +
    '              "on-tertiary-fixed-variant": "#cae6ff"\n' +
    '            },\n' +
    '            "fontFamily": {\n' +
    '              "headline": ["Noto Serif", "serif"],\n' +
    '              "body": ["Space Grotesk", "sans-serif"],\n' +
    '              "label": ["Space Grotesk", "sans-serif"]\n' +
    '            }\n' +
    '          }\n' +
    '        }\n' +
    '      }\n' +
    '    </script>\n' +
    '    <style>\n' +
    '      body {\n' +
    '        min-height: max(884px, 100dvh);\n' +
    '        overflow: hidden;\n' +
    '      }\n' +
    '      .material-symbols-outlined {\n' +
    "        font-variation-settings: 'FILL' 0, 'wght' 200, 'GRAD' 0, 'opsz' 24;\n" +
    '      }\n' +
    '      .obsidian-void {\n' +
    '        background: radial-gradient(circle at center, #1a1a1a 0%, #050505 100%);\n' +
    '      }\n' +
    '      .needle-line {\n' +
    '        height: 0.5px;\n' +
    '        background: linear-gradient(90deg, transparent 0%, rgba(255,255,255,0.2) 50%, transparent 100%);\n' +
    '      }\n' +
    '      .spectral-glow {\n' +
    '        text-shadow: 0 0 15px rgba(255, 255, 255, 0.4);\n' +
    '      }\n' +
    '      .vertical-text {\n' +
    '        writing-mode: vertical-rl;\n' +
    '        text-orientation: mixed;\n' +
    '      }\n' +
    '      .smoke-blur {\n' +
    '        filter: blur(40px);\n' +
    '        background: radial-gradient(circle, rgba(202, 230, 255, 0.08) 0%, transparent 70%);\n' +
    '      }\n' +
    '      .grain-overlay {\n' +
    '        background-image: url("https://lh3.googleusercontent.com/aida-public/AB6AXuDj3jyhb5qrY9ftxHnrNvrsFKao8TM0oQEN-ok12uccMAR-UKuMiR_cRE9gSPXoUXKQxFKd525138SuXUi4FNfPS3PFBUYRVSr2q10wsPN_lZRhicd6Nap5a6TZeIUApMMx5XJRJ6F2bUNeAvhXPhqtb04obGn3XcKxdVDiqWPgSAGT0gHeahJFX-o0Uw55m0dk_Xn0-rnFEVA7Oqys3EmmQ1QCXmqUG5UDo_x3jTRCJLYWbjn-UjdXofuwFD9Jx_83dpV0WB6GZWrq");\n' +
    '        opacity: 0.03;\n' +
    '        pointer-events: none;\n' +
    '      }\n' +
    '      .mote-blur {\n' +
    '        filter: blur(80px);\n' +
    '      }\n' +
    '      .glow-pulse {\n' +
    '        filter: drop-shadow(0 0 20px rgba(255, 255, 255, 0.1));\n' +
    '      }\n' +
    '      .light-rill {\n' +
    '        background: linear-gradient(to bottom, transparent, rgba(202, 230, 255, 0.2), transparent);\n' +
    '      }\n' +
    '      .shard-blur {\n' +
    '        backdrop-filter: blur(40px);\n' +
    '        -webkit-backdrop-filter: blur(40px);\n' +
    '      }\n' +
    '    </style>\n' +
    '  \n' +
    '  </head>\n' +
    '  <body class="bg-[#050505] text-on-background font-body selection:bg-tertiary/30 min-h-screen overflow-x-hidden relative">\n' +
    '    \n' +
    '    <!-- Fog and Grain Layers -->\n' +
    '    <div class="fixed inset-0 grain-overlay z-10 pointer-events-none"></div>\n' +
    '    <div class="fixed inset-0 bg-[radial-gradient(ellipse_at_center,_var(--tw-gradient-stops))] from-[#0a0a0a] via-[#050505] to-black z-0 pointer-events-none"></div>\n' +
    '    \n' +
    '    <!-- Navigation -->\n' +
    '    <header class="fixed top-0 left-0 w-full z-50 flex justify-between items-center px-10 py-8 mix-blend-difference">\n' +
    '        <div class="flex items-center gap-4">\n' +
    '            <a href="/" class="text-white/60 hover:text-white transition-all duration-700 ease-in-out font-label text-xs uppercase tracking-[0.3em] truncate">\n' +
    '                Sever Connection\n' +
    '            </a>\n' +
    '        </div>\n' +
    '    </header>\n' +
    '\n' +
    '    \n' +
    '\n' +
    '    <main class="relative z-20 pt-24 pb-24 px-6 md:px-12 lg:px-24 max-w-7xl mx-auto flex flex-col min-h-[90vh] justify-center">\n' +
    '        \n' +
    '        <!-- Header Information -->\n' +
    '        <div class="grid grid-cols-1 md:grid-cols-12 gap-8 mb-16 md:mb-24">\n' +
    '            <div class="md:col-span-8 flex flex-col justify-end">\n' +
    '                <p class="font-label uppercase text-[10px] tracking-[0.4em] text-on-surface-variant/60 mb-6">Séance Active</p>\n' +
    '                <h1 class="font-headline italic text-4xl sm:text-5xl md:text-7xl lg:text-8xl text-primary tracking-tight leading-none mb-4 break-words">\n' +
    '                    Paris\n' +
    '                </h1>\n' +
    '                <div class="flex items-center gap-4 sm:gap-6 flex-wrap">\n' +
    '                    <span class="font-h1 text-2xl sm:text-3xl text-on-surface-variant/50">1920</span>\n' +
    '                    <div class="h-px w-12 sm:w-24 bg-white/10 hidden sm:block"></div>\n' +
    '                    <span class="font-label text-[10px] uppercase tracking-widest text-accent/70">High Confidence — Archival Convergence</span>\n' +
    '                </div>\n' +
    '            </div>\n' +
    '            \n' +
    '            <div class="md:col-span-4 flex flex-col justify-end">\n' +
    '                <p class="font-body text-sm text-on-surface-variant/70 leading-relaxed sm:text-right">\n' +
    '                    Audio projection constructed from fragmentary archival evidence.\n' +
    '                    \n' +
    '                </p>\n' +
    '            </div>\n' +
    '        </div>\n' +
    '\n' +
    '        \n' +
    '        <!-- The Mixing Conduit (Vox Aeterna Player) -->\n' +
    '        <div class="mb-24 md:mb-32">\n' +
    '            <!-- Master Control -->\n' +
    '            <div class="flex justify-center mb-12 md:mb-16 relative">\n' +
    '                <!-- Decorative rings -->\n' +
    '                <div class="absolute inset-0 flex items-center justify-center pointer-events-none">\n' +
    '                    <div id="play-pulse-ring" class="w-20 h-20 md:w-24 md:h-24 rounded-full border border-white/5 scale-100 opacity-50 transition-all duration-1000"></div>\n' +
    '                </div>\n' +
    '                \n' +
    '                <button id="main-play-btn" class="group relative w-20 h-20 md:w-24 md:h-24 rounded-full shard-blur border border-white/10 flex items-center justify-center hover:bg-white/5 hover:border-white/20 transition-all duration-700 ease-out z-10 hover:scale-105 active:scale-95">\n' +
    '                    <span class="play-icon material-symbols-outlined text-3xl md:text-4xl text-white font-light group-hover:text-cyan-400 transition-colors">play_arrow</span>\n' +
    '                    <span class="pause-icon material-symbols-outlined text-3xl md:text-4xl text-white font-light group-hover:text-cyan-400 transition-colors hidden">pause</span>\n' +
    '                </button>\n' +
    '            </div>\n' +
    '            \n' +
    '            <!-- Progress Line -->\n' +
    '            <div class="w-full max-w-4xl mx-auto mb-12 md:mb-16 group cursor-pointer" id="progress-container">\n' +
    '                <div class="flex justify-between items-end mb-4 px-2">\n' +
    '                    <span class="font-mono text-xs text-on-surface-variant/50" id="time-display">00:00</span>\n' +
    '                    <span class="font-label text-[9px] uppercase tracking-[0.3em] text-on-surface-variant/30 hidden sm:block">Timeline</span>\n' +
    '                    <span class="font-mono text-xs text-on-surface-variant/50" id="duration-display">--:--</span>\n' +
    '                </div>\n' +
    '                <div class="h-1 w-full bg-white/5 rounded-full overflow-hidden relative">\n' +
    '                    <div id="main-progress" class="absolute top-0 left-0 h-full w-0 bg-gradient-to-r from-transparent via-cyan-900 to-cyan-400 transition-all duration-100 ease-linear"></div>\n' +
    '                </div>\n' +
    '                <div class="mt-4 h-8 w-full opacity-20 group-hover:opacity-60 transition-opacity duration-500 overflow-hidden rounded">\n' +
    '                    <!-- Simple waveform replacement -->\n' +
    '                    <canvas id="wave-canvas" class="w-full h-full"></canvas>\n' +
    '                </div>\n' +
    '            </div>\n' +
    '\n' +
    '            <!-- Light Rills (Sliders) -->\n' +
    '            <div class="grid grid-cols-1 md:grid-cols-3 gap-8 md:gap-12 w-full max-w-4xl mx-auto px-4">\n' +
    '                \n' +
    '                <!-- Rill: Bed -->\n' +
    '                <div class="flex flex-col gap-4 md:gap-6 group">\n' +
    '                    <div class="flex justify-between items-center">\n' +
    '                        <label class="font-headline italic text-lg md:text-xl text-on-surface group-hover:'... 14376 more characters
  
      at TestContext.<anonymous> (file:///home/srinivas/workspace/github.com/sivaratrisrinivas/seance/test/playback.test.js:46:10)
      at Test.runInAsyncScope (node:async_hooks:226:14)
      at Test.run (node:internal/test_runner/test:1201:25)
      at Test.processPendingSubtests (node:internal/test_runner/test:831:18)
      at Test.postRun (node:internal/test_runner/test:1330:19)
      at Test.run (node:internal/test_runner/test:1258:12)
      at async Test.processPendingSubtests (node:internal/test_runner/test:831:7) {
    generatedMessage: true,
    code: 'ERR_ASSERTION',
    actual: `<!doctype html>\n<html lang="en" class="dark">\n  <head>\n    <meta charset="utf-8" />\n    <meta name="viewport" content="width=device-width, initial-scale=1.0" />\n    <title>Séance - Vox Aeterna</title>\n    \n    <script src="https://cdn.tailwindcss.com?plugins=forms,container-queries"></script>\n    <link href="https://fonts.googleapis.com/css2?family=Noto+Serif:ital,wght@0,300;0,400;0,700;1,300;1,400;1,700&family=Space+Grotesk:wght@300;400;500;700&display=swap" rel="stylesheet" />\n    <link href="https://fonts.googleapis.com/css2?family=Material+Symbols+Outlined:wght,FILL@100..700,0..1&display=swap" rel="stylesheet" />\n    <script id="tailwind-config">\n      tailwind.config = {\n        darkMode: "class",\n        theme: {\n          extend: {\n            "colors": {\n              "primary-fixed": "#735a39",\n              "on-primary-container": "#000000",\n              "outline": "#919191",\n              "on-background": "#e5e2e1",\n              "inverse-surface": "#e5e2e1",\n              "error": "#ffb4ab",\n              "surface-dim": "#131313",\n              "on-secondary-fixed-variant": "#3c3b3b",\n              "secondary-fixed-dim": "#adabaa",\n              "surface-container-highest": "#353534",\n              "on-tertiary-container": "#000000",\n              "surface-container-low": "#1c1b1b",\n              "primary-container": "#f0cfa5",\n              "tertiary-fixed-dim": "#004b70",\n              "primary-fixed-dim": "#594323",\n              "on-primary-fixed-variant": "#ffddb2",\n              "outline-variant": "#474747",\n              "on-surface-variant": "#c6c6c6",\n              "inverse-on-surface": "#313030",\n              "tertiary-container": "#5997c4",\n              "surface-container-lowest": "#0e0e0e",\n              "on-tertiary": "#001e30",\n              "secondary-fixed": "#c9c6c5",\n              "surface-variant": "#353534",\n              "on-surface": "#e5e2e1",\n              "primary": "#ffffff",\n              "on-primary": "#291800",\n              "tertiary": "#cae6ff",\n              "surface-container": "#201f1f",\n              "on-secondary-container": "#e5e2e1",\n              "on-error-container": "#ffdad6",\n              "on-error": "#690005",\n              "tertiary-fixed": "#1c648e",\n              "surface-tint": "#e1c198",\n              "on-secondary-fixed": "#1c1b1b",\n              "on-tertiary-fixed": "#ffffff",\n              "on-secondary": "#1c1b1b",\n              "inverse-primary": "#735a39",\n              "on-primary-fixed": "#ffffff",\n              "secondary-container": "#474646",\n              "background": "#050505",\n              "surface-bright": "#3a3939",\n              "surface": "#131313",\n              "error-container": "#93000a",\n              "surface-container-high": "#2a2a2a",\n              "secondary": "#c9c6c5",\n              "on-tertiary-fixed-variant": "#cae6ff"\n            },\n            "fontFamily": {\n              "headline": ["Noto Serif", "serif"],\n              "body": ["Space Grotesk", "sans-serif"],\n              "label": ["Space Grotesk", "sans-serif"]\n            }\n          }\n        }\n      }\n    </script>\n    <style>\n      body {\n        min-height: max(884px, 100dvh);\n        overflow: hidden;\n      }\n      .material-symbols-outlined {\n        font-variation-settings: 'FILL' 0, 'wght' 200, 'GRAD' 0, 'opsz' 24;\n      }\n      .obsidian-void {\n        background: radial-gradient(circle at center, #1a1a1a 0%, #050505 100%);\n      }\n      .needle-line {\n        height: 0.5px;\n        background: linear-gradient(90deg, transparent 0%, rgba(255,255,255,0.2) 50%, transparent 100%);\n      }\n      .spectral-glow {\n        text-shadow: 0 0 15px rgba(255, 255, 255, 0.4);\n      }\n      .vertical-text {\n        writing-mode: vertical-rl;\n        text-orientation: mixed;\n      }\n      .smoke-blur {\n        filter: blur(40px);\n        background: radial-gradient(circle, rgba(202, 230, 255, 0.08) 0%, transparent 70%);\n      }\n      .grain-overlay {\n        background-image: url("https://lh3.googleusercontent.com/aida-public/AB6AXuDj3jyhb5qrY9ftxHnrNvrsFKao8TM0oQEN-ok12uccMAR-UKuMiR_cRE9gSPXoUXKQxFKd525138SuXUi4FNfPS3PFBUYRVSr2q10wsPN_lZRhicd6Nap5a6TZeIUApMMx5XJRJ6F2bUNeAvhXPhqtb04obGn3XcKxdVDiqWPgSAGT0gHeahJFX-o0Uw55m0dk_Xn0-rnFEVA7Oqys3EmmQ1QCXmqUG5UDo_x3jTRCJLYWbjn-UjdXofuwFD9Jx_83dpV0WB6GZWrq");\n        opacity: 0.03;\n        pointer-events: none;\n      }\n      .mote-blur {\n        filter: blur(80px);\n      }\n      .glow-pulse {\n        filter: drop-shadow(0 0 20px rgba(255, 255, 255, 0.1));\n      }\n      .light-rill {\n        background: linear-gradient(to bottom, transparent, rgba(202, 230, 255, 0.2), transparent);\n      }\n      .shard-blur {\n        backdrop-filter: blur(40px);\n        -webkit-backdrop-filter: blur(40px);\n      }\n    </style>\n  \n  </head>\n  <body class="bg-[#050505] text-on-background font-body selection:bg-tertiary/30 min-h-screen overflow-x-hidden relative">\n    \n    <!-- Fog and Grain Layers -->\n    <div class="fixed inset-0 grain-overlay z-10 pointer-events-none"></div>\n    <div class="fixed inset-0 bg-[radial-gradient(ellipse_at_center,_var(--tw-gradient-stops))] from-[#0a0a0a] via-[#050505] to-black z-0 pointer-events-none"></div>\n    \n    <!-- Navigation -->\n    <header class="fixed top-0 left-0 w-full z-50 flex justify-between items-center px-10 py-8 mix-blend-difference">\n        <div class="flex items-center gap-4">\n            <a href="/" class="text-white/60 hover:text-white transition-all duration-700 ease-in-out font-label text-xs uppercase tracking-[0.3em] truncate">\n                Sever Connection\n            </a>\n        </div>\n    </header>\n\n    \n\n    <main class="relative z-20 pt-24 pb-24 px-6 md:px-12 lg:px-24 max-w-7xl mx-auto flex flex-col min-h-[90vh] justify-center">\n        \n        <!-- Header Information -->\n        <div class="grid grid-cols-1 md:grid-cols-12 gap-8 mb-16 md:mb-24">\n            <div class="md:col-span-8 flex flex-col justify-end">\n                <p class="font-label uppercase text-[10px] tracking-[0.4em] text-on-surface-variant/60 mb-6">Séance Active</p>\n                <h1 class="font-headline italic text-4xl sm:text-5xl md:text-7xl lg:text-8xl text-primary tracking-tight leading-none mb-4 break-words">\n                    Paris\n                </h1>\n                <div class="flex items-center gap-4 sm:gap-6 flex-wrap">\n                    <span class="font-h1 text-2xl sm:text-3xl text-on-surface-variant/50">1920</span>\n                    <div class="h-px w-12 sm:w-24 bg-white/10 hidden sm:block"></div>\n                    <span class="font-label text-[10px] uppercase tracking-widest text-accent/70">High Confidence — Archival Convergence</span>\n                </div>\n            </div>\n            \n            <div class="md:col-span-4 flex flex-col justify-end">\n                <p class="font-body text-sm text-on-surface-variant/70 leading-relaxed sm:text-right">\n                    Audio projection constructed from fragmentary archival evidence.\n                    \n                </p>\n            </div>\n        </div>\n\n        \n        <!-- The Mixing Conduit (Vox Aeterna Player) -->\n        <div class="mb-24 md:mb-32">\n            <!-- Master Control -->\n            <div class="flex justify-center mb-12 md:mb-16 relative">\n                <!-- Decorative rings -->\n                <div class="absolute inset-0 flex items-center justify-center pointer-events-none">\n                    <div id="play-pulse-ring" class="w-20 h-20 md:w-24 md:h-24 rounded-full border border-white/5 scale-100 opacity-50 transition-all duration-1000"></div>\n                </div>\n                \n                <button id="main-play-btn" class="group relative w-20 h-20 md:w-24 md:h-24 rounded-full shard-blur border border-white/10 flex items-center justify-center hover:bg-white/5 hover:border-white/20 transition-all duration-700 ease-out z-10 hover:scale-105 active:scale-95">\n                    <span class="play-icon material-symbols-outlined text-3xl md:text-4xl text-white font-light group-hover:text-cyan-400 transition-colors">play_arrow</span>\n                    <span class="pause-icon material-symbols-outlined text-3xl md:text-4xl text-white font-light group-hover:text-cyan-400 transition-colors hidden">pause</span>\n                </button>\n            </div>\n            \n            <!-- Progress Line -->\n            <div class="w-full max-w-4xl mx-auto mb-12 md:mb-16 group cursor-pointer" id="progress-container">\n                <div class="flex justify-between items-end mb-4 px-2">\n                    <span class="font-mono text-xs text-on-surface-variant/50" id="time-display">00:00</span>\n                    <span class="font-label text-[9px] uppercase tracking-[0.3em] text-on-surface-variant/30 hidden sm:block">Timeline</span>\n                    <span class="font-mono text-xs text-on-surface-variant/50" id="duration-display">--:--</span>\n                </div>\n                <div class="h-1 w-full bg-white/5 rounded-full overflow-hidden relative">\n                    <div id="main-progress" class="absolute top-0 left-0 h-full w-0 bg-gradient-to-r from-transparent via-cyan-900 to-cyan-400 transition-all duration-100 ease-linear"></div>\n                </div>\n                <div class="mt-4 h-8 w-full opacity-20 group-hover:opacity-60 transition-opacity duration-500 overflow-hidden rounded">\n                    <!-- Simple waveform replacement -->\n                    <canvas id="wave-canvas" class="w-full h-full"></canvas>\n                </div>\n            </div>\n\n            <!-- Light Rills (Sliders) -->\n            <div class="grid grid-cols-1 md:grid-cols-3 gap-8 md:gap-12 w-full max-w-4xl mx-auto px-4">\n                \n                <!-- Rill: Bed -->\n                <div class="flex flex-col gap-4 md:gap-6 group">\n                    <div class="flex justify-between items-center">\n                        <label class="font-headline italic text-lg md:text-xl text-on-surface group-hover:`... 14376 more characters,
    expected: /Full scene/,
    operator: 'match',
    diff: 'simple'
  }

test at test/recent-queries.test.js:11:1
✖ homepage includes recent queries section (8.454099ms)
  AssertionError [ERR_ASSERTION]: The input did not match the regular expression /recent-queries/i. Input:
  
  '<!doctype html>\n' +
    '<html lang="en" class="dark">\n' +
    '  <head>\n' +
    '    <meta charset="utf-8" />\n' +
    '    <meta name="viewport" content="width=device-width, initial-scale=1.0" />\n' +
    '    <title>Séance - Invocation</title>\n' +
    '    \n' +
    '    <script src="https://cdn.tailwindcss.com?plugins=forms,container-queries"></script>\n' +
    '    <link href="https://fonts.googleapis.com/css2?family=Noto+Serif:ital,wght@0,300;0,400;0,700;1,300;1,400;1,700&family=Space+Grotesk:wght@300;400;500;700&display=swap" rel="stylesheet" />\n' +
    '    <link href="https://fonts.googleapis.com/css2?family=Material+Symbols+Outlined:wght,FILL@100..700,0..1&display=swap" rel="stylesheet" />\n' +
    '    <script id="tailwind-config">\n' +
    '      tailwind.config = {\n' +
    '        darkMode: "class",\n' +
    '        theme: {\n' +
    '          extend: {\n' +
    '            "colors": {\n' +
    '              "primary-fixed": "#735a39",\n' +
    '              "on-primary-container": "#000000",\n' +
    '              "outline": "#919191",\n' +
    '              "on-background": "#e5e2e1",\n' +
    '              "inverse-surface": "#e5e2e1",\n' +
    '              "error": "#ffb4ab",\n' +
    '              "surface-dim": "#131313",\n' +
    '              "on-secondary-fixed-variant": "#3c3b3b",\n' +
    '              "secondary-fixed-dim": "#adabaa",\n' +
    '              "surface-container-highest": "#353534",\n' +
    '              "on-tertiary-container": "#000000",\n' +
    '              "surface-container-low": "#1c1b1b",\n' +
    '              "primary-container": "#f0cfa5",\n' +
    '              "tertiary-fixed-dim": "#004b70",\n' +
    '              "primary-fixed-dim": "#594323",\n' +
    '              "on-primary-fixed-variant": "#ffddb2",\n' +
    '              "outline-variant": "#474747",\n' +
    '              "on-surface-variant": "#c6c6c6",\n' +
    '              "inverse-on-surface": "#313030",\n' +
    '              "tertiary-container": "#5997c4",\n' +
    '              "surface-container-lowest": "#0e0e0e",\n' +
    '              "on-tertiary": "#001e30",\n' +
    '              "secondary-fixed": "#c9c6c5",\n' +
    '              "surface-variant": "#353534",\n' +
    '              "on-surface": "#e5e2e1",\n' +
    '              "primary": "#ffffff",\n' +
    '              "on-primary": "#291800",\n' +
    '              "tertiary": "#cae6ff",\n' +
    '              "surface-container": "#201f1f",\n' +
    '              "on-secondary-container": "#e5e2e1",\n' +
    '              "on-error-container": "#ffdad6",\n' +
    '              "on-error": "#690005",\n' +
    '              "tertiary-fixed": "#1c648e",\n' +
    '              "surface-tint": "#e1c198",\n' +
    '              "on-secondary-fixed": "#1c1b1b",\n' +
    '              "on-tertiary-fixed": "#ffffff",\n' +
    '              "on-secondary": "#1c1b1b",\n' +
    '              "inverse-primary": "#735a39",\n' +
    '              "on-primary-fixed": "#ffffff",\n' +
    '              "secondary-container": "#474646",\n' +
    '              "background": "#050505",\n' +
    '              "surface-bright": "#3a3939",\n' +
    '              "surface": "#131313",\n' +
    '              "error-container": "#93000a",\n' +
    '              "surface-container-high": "#2a2a2a",\n' +
    '              "secondary": "#c9c6c5",\n' +
    '              "on-tertiary-fixed-variant": "#cae6ff"\n' +
    '            },\n' +
    '            "fontFamily": {\n' +
    '              "headline": ["Noto Serif", "serif"],\n' +
    '              "body": ["Space Grotesk", "sans-serif"],\n' +
    '              "label": ["Space Grotesk", "sans-serif"]\n' +
    '            }\n' +
    '          }\n' +
    '        }\n' +
    '      }\n' +
    '    </script>\n' +
    '    <style>\n' +
    '      body {\n' +
    '        min-height: max(884px, 100dvh);\n' +
    '        overflow: hidden;\n' +
    '      }\n' +
    '      .material-symbols-outlined {\n' +
    "        font-variation-settings: 'FILL' 0, 'wght' 200, 'GRAD' 0, 'opsz' 24;\n" +
    '      }\n' +
    '      .obsidian-void {\n' +
    '        background: radial-gradient(circle at center, #1a1a1a 0%, #050505 100%);\n' +
    '      }\n' +
    '      .needle-line {\n' +
    '        height: 0.5px;\n' +
    '        background: linear-gradient(90deg, transparent 0%, rgba(255,255,255,0.2) 50%, transparent 100%);\n' +
    '      }\n' +
    '      .spectral-glow {\n' +
    '        text-shadow: 0 0 15px rgba(255, 255, 255, 0.4);\n' +
    '      }\n' +
    '      .vertical-text {\n' +
    '        writing-mode: vertical-rl;\n' +
    '        text-orientation: mixed;\n' +
    '      }\n' +
    '      .smoke-blur {\n' +
    '        filter: blur(40px);\n' +
    '        background: radial-gradient(circle, rgba(202, 230, 255, 0.08) 0%, transparent 70%);\n' +
    '      }\n' +
    '      .grain-overlay {\n' +
    '        background-image: url("https://lh3.googleusercontent.com/aida-public/AB6AXuDj3jyhb5qrY9ftxHnrNvrsFKao8TM0oQEN-ok12uccMAR-UKuMiR_cRE9gSPXoUXKQxFKd525138SuXUi4FNfPS3PFBUYRVSr2q10wsPN_lZRhicd6Nap5a6TZeIUApMMx5XJRJ6F2bUNeAvhXPhqtb04obGn3XcKxdVDiqWPgSAGT0gHeahJFX-o0Uw55m0dk_Xn0-rnFEVA7Oqys3EmmQ1QCXmqUG5UDo_x3jTRCJLYWbjn-UjdXofuwFD9Jx_83dpV0WB6GZWrq");\n' +
    '        opacity: 0.03;\n' +
    '        pointer-events: none;\n' +
    '      }\n' +
    '      .mote-blur {\n' +
    '        filter: blur(80px);\n' +
    '      }\n' +
    '      .glow-pulse {\n' +
    '        filter: drop-shadow(0 0 20px rgba(255, 255, 255, 0.1));\n' +
    '      }\n' +
    '      .light-rill {\n' +
    '        background: linear-gradient(to bottom, transparent, rgba(202, 230, 255, 0.2), transparent);\n' +
    '      }\n' +
    '      .shard-blur {\n' +
    '        backdrop-filter: blur(40px);\n' +
    '        -webkit-backdrop-filter: blur(40px);\n' +
    '      }\n' +
    '    </style>\n' +
    '  \n' +
    '  </head>\n' +
    '  <body class="bg-background text-on-surface font-body overflow-hidden">\n' +
    '    <!-- The Obsidian Void Canvas -->\n' +
    '    <main class="relative h-screen w-full obsidian-void flex flex-col items-center justify-between py-12 px-8">\n' +
    '      \n' +
    '      <!-- Spectral Smoke Layer (Atmospheric) -->\n' +
    '      <div class="absolute inset-0 pointer-events-none overflow-hidden">\n' +
    '          <div class="smoke-blur absolute top-1/2 left-1/2 -translate-x-1/2 -translate-y-1/2 w-[800px] h-[800px] opacity-40"></div>\n' +
    '      </div>\n' +
    '\n' +
    '      <!-- Header / Identity -->\n' +
    '      <header class="z-10 text-center">\n' +
    '          <h1 class="font-headline font-light italic text-[10px] tracking-[1em] text-on-surface-variant opacity-80">\n' +
    '              SÉANCE\n' +
    '          </h1>\n' +
    '      </header>\n' +
    '\n' +
    '      <!-- Invocation Portal (Main Input Section) -->\n' +
    '      <div class="relative w-full max-w-4xl z-20 flex flex-col items-center group">\n' +
    '          <!-- Label Above: WHERE -->\n' +
    '          <div class="absolute -top-16 left-1/2 -translate-x-1/2">\n' +
    '              <span class="vertical-text font-label uppercase text-[8px] tracking-[0.4em] text-on-surface-variant/40">\n' +
    '                  WHERE\n' +
    '              </span>\n' +
    '          </div>\n' +
    '\n' +
    '          <!-- The Input Element -->\n' +
    '          <form id="summon-form" action="/ritual" method="get" class="relative w-full text-center space-y-4">\n' +
    '              <input type="hidden" name="place" id="hidden-place" />\n' +
    '              <input type="hidden" name="year" id="hidden-year" />\n' +
    '              \n' +
    '              <input \n' +
    '                  id="portal-input"\n' +
    '                  type="text" \n' +
    '                  class="w-full bg-transparent border-none focus:ring-0 text-center font-headline italic text-4xl md:text-6xl text-primary spectral-glow placeholder:text-on-surface-variant/20 transition-all duration-1000 outline-none" \n' +
    '                  placeholder="KYOTO, 1600" \n' +
    '                  spellcheck="false"\n' +
    '                  autocomplete="off"\n' +
    '              />\n' +
    '              \n' +
    '              <!-- The Needle Line -->\n' +
    '              <div class="needle-line w-full opacity-60"></div>\n' +
    '          </form>\n' +
    '\n' +
    '          <!-- Label Below: WHEN -->\n' +
    '          <div class="mt-8">\n' +
    '              <span class="font-label uppercase text-[8px] tracking-[0.4em] text-on-surface-variant/40">\n' +
    '                  WHEN\n' +
    '              </span>\n' +
    '          </div>\n' +
    '      </div>\n' +
    '\n' +
    '      <!-- Footer / Call to Action -->\n' +
    '      <footer class="z-10 flex flex-col items-center gap-6">\n' +
    '          <div class="h-16 w-[1px] bg-gradient-to-b from-transparent via-outline-variant/30 to-transparent"></div>\n' +
    '          <button id="summon-btn" class="font-label bg-transparent uppercase text-[9px] tracking-[0.3em] text-on-surface-variant/60 cursor-pointer hover:text-primary transition-colors duration-700">\n' +
    '              Tap the void to summon\n' +
    '          </button>\n' +
    '      </footer>\n' +
    '    </main>\n' +
    '\n' +
    '    <!-- Decorative Corner Accents (The Needle-Lines) -->\n' +
    '    <div class="fixed top-6 left-6 pointer-events-none opacity-20">\n' +
    '        <div class="w-12 h-[0.5px] bg-white"></div>\n' +
    '        <div class="w-[0.5px] h-12 bg-white"></div>\n' +
    '    </div>\n' +
    '    <div class="fixed bottom-6 right-6 pointer-events-none opacity-20 transform rotate-180">\n' +
    '        <div class="w-12 h-[0.5px] bg-white"></div>\n' +
    '        <div class="w-[0.5px] h-12 bg-white"></div>\n' +
    '    </div>\n' +
    '\n' +
    '    <script>\n' +
    "      document.addEventListener('DOMContentLoaded', () => {\n" +
    "        const form = document.getElementById('summon-form');\n" +
    "        const input = document.getElementById('portal-input');\n" +
    "        const hiddenPlace = document.getElementById('hidden-place');\n" +
    "        const hiddenYear = document.getElementById('hidden-year');\n" +
    "        const summonBtn = document.getElementById('summon-btn');\n" +
    '\n' +
    '        function parseAndSubmit(e) {\n' +
    '          e.preventDefault();\n' +
    '          \n' +
    '          const raw = input.value.trim();\n' +
    '          if (!raw) return;\n' +
    '\n' +
    '          // Simple heuristic: look for trailing digits for the year\n' +
    '          // "Paris 1920", "Paris, 1920", "New York, 2024"\n' +
    '          const match = raw.match(/^(.*?)[,\\s]+(\\d{1,4})$/);\n' +
    '          \n' +
    '          if (match) {\n' +
    '             hiddenPlace.value = match[1].trim();\n' +
    '             hiddenYear.value = match[2];\n' +
    '          } else {\n' +
    '             // Fallback: If they just type "Rome", default to a random historical year\n' +
    '             // or just let it pass to validation.\n' +
    '             hiddenPlace.value = raw;\n' +
    '             hiddenYear.value = new Date().getFullYear();\n' +
    '          }\n' +
    '\n' +
    '          form.submit();\n' +
    '        }\n' +
    '\n' +
    "        form.addEventListener('submit', parseAndSubmit);\n" +
    "        summonBtn.addEventListener('click', parseAndSubmit);\n" +
    '      });\n' +
    '    </script>\n' +
    '  </body>\n' +
    '</html>'
  
      at TestContext.<anonymous> (file:///home/srinivas/workspace/github.com/sivaratrisrinivas/seance/test/recent-queries.test.js:14:10)
      at async Test.run (node:internal/test_runner/test:1208:7)
      at async startSubtestAfterBootstrap (node:internal/test_runner/harness:385:3) {
    generatedMessage: true,
    code: 'ERR_ASSERTION',
    actual: `<!doctype html>\n<html lang="en" class="dark">\n  <head>\n    <meta charset="utf-8" />\n    <meta name="viewport" content="width=device-width, initial-scale=1.0" />\n    <title>Séance - Invocation</title>\n    \n    <script src="https://cdn.tailwindcss.com?plugins=forms,container-queries"></script>\n    <link href="https://fonts.googleapis.com/css2?family=Noto+Serif:ital,wght@0,300;0,400;0,700;1,300;1,400;1,700&family=Space+Grotesk:wght@300;400;500;700&display=swap" rel="stylesheet" />\n    <link href="https://fonts.googleapis.com/css2?family=Material+Symbols+Outlined:wght,FILL@100..700,0..1&display=swap" rel="stylesheet" />\n    <script id="tailwind-config">\n      tailwind.config = {\n        darkMode: "class",\n        theme: {\n          extend: {\n            "colors": {\n              "primary-fixed": "#735a39",\n              "on-primary-container": "#000000",\n              "outline": "#919191",\n              "on-background": "#e5e2e1",\n              "inverse-surface": "#e5e2e1",\n              "error": "#ffb4ab",\n              "surface-dim": "#131313",\n              "on-secondary-fixed-variant": "#3c3b3b",\n              "secondary-fixed-dim": "#adabaa",\n              "surface-container-highest": "#353534",\n              "on-tertiary-container": "#000000",\n              "surface-container-low": "#1c1b1b",\n              "primary-container": "#f0cfa5",\n              "tertiary-fixed-dim": "#004b70",\n              "primary-fixed-dim": "#594323",\n              "on-primary-fixed-variant": "#ffddb2",\n              "outline-variant": "#474747",\n              "on-surface-variant": "#c6c6c6",\n              "inverse-on-surface": "#313030",\n              "tertiary-container": "#5997c4",\n              "surface-container-lowest": "#0e0e0e",\n              "on-tertiary": "#001e30",\n              "secondary-fixed": "#c9c6c5",\n              "surface-variant": "#353534",\n              "on-surface": "#e5e2e1",\n              "primary": "#ffffff",\n              "on-primary": "#291800",\n              "tertiary": "#cae6ff",\n              "surface-container": "#201f1f",\n              "on-secondary-container": "#e5e2e1",\n              "on-error-container": "#ffdad6",\n              "on-error": "#690005",\n              "tertiary-fixed": "#1c648e",\n              "surface-tint": "#e1c198",\n              "on-secondary-fixed": "#1c1b1b",\n              "on-tertiary-fixed": "#ffffff",\n              "on-secondary": "#1c1b1b",\n              "inverse-primary": "#735a39",\n              "on-primary-fixed": "#ffffff",\n              "secondary-container": "#474646",\n              "background": "#050505",\n              "surface-bright": "#3a3939",\n              "surface": "#131313",\n              "error-container": "#93000a",\n              "surface-container-high": "#2a2a2a",\n              "secondary": "#c9c6c5",\n              "on-tertiary-fixed-variant": "#cae6ff"\n            },\n            "fontFamily": {\n              "headline": ["Noto Serif", "serif"],\n              "body": ["Space Grotesk", "sans-serif"],\n              "label": ["Space Grotesk", "sans-serif"]\n            }\n          }\n        }\n      }\n    </script>\n    <style>\n      body {\n        min-height: max(884px, 100dvh);\n        overflow: hidden;\n      }\n      .material-symbols-outlined {\n        font-variation-settings: 'FILL' 0, 'wght' 200, 'GRAD' 0, 'opsz' 24;\n      }\n      .obsidian-void {\n        background: radial-gradient(circle at center, #1a1a1a 0%, #050505 100%);\n      }\n      .needle-line {\n        height: 0.5px;\n        background: linear-gradient(90deg, transparent 0%, rgba(255,255,255,0.2) 50%, transparent 100%);\n      }\n      .spectral-glow {\n        text-shadow: 0 0 15px rgba(255, 255, 255, 0.4);\n      }\n      .vertical-text {\n        writing-mode: vertical-rl;\n        text-orientation: mixed;\n      }\n      .smoke-blur {\n        filter: blur(40px);\n        background: radial-gradient(circle, rgba(202, 230, 255, 0.08) 0%, transparent 70%);\n      }\n      .grain-overlay {\n        background-image: url("https://lh3.googleusercontent.com/aida-public/AB6AXuDj3jyhb5qrY9ftxHnrNvrsFKao8TM0oQEN-ok12uccMAR-UKuMiR_cRE9gSPXoUXKQxFKd525138SuXUi4FNfPS3PFBUYRVSr2q10wsPN_lZRhicd6Nap5a6TZeIUApMMx5XJRJ6F2bUNeAvhXPhqtb04obGn3XcKxdVDiqWPgSAGT0gHeahJFX-o0Uw55m0dk_Xn0-rnFEVA7Oqys3EmmQ1QCXmqUG5UDo_x3jTRCJLYWbjn-UjdXofuwFD9Jx_83dpV0WB6GZWrq");\n        opacity: 0.03;\n        pointer-events: none;\n      }\n      .mote-blur {\n        filter: blur(80px);\n      }\n      .glow-pulse {\n        filter: drop-shadow(0 0 20px rgba(255, 255, 255, 0.1));\n      }\n      .light-rill {\n        background: linear-gradient(to bottom, transparent, rgba(202, 230, 255, 0.2), transparent);\n      }\n      .shard-blur {\n        backdrop-filter: blur(40px);\n        -webkit-backdrop-filter: blur(40px);\n      }\n    </style>\n  \n  </head>\n  <body class="bg-background text-on-surface font-body overflow-hidden">\n    <!-- The Obsidian Void Canvas -->\n    <main class="relative h-screen w-full obsidian-void flex flex-col items-center justify-between py-12 px-8">\n      \n      <!-- Spectral Smoke Layer (Atmospheric) -->\n      <div class="absolute inset-0 pointer-events-none overflow-hidden">\n          <div class="smoke-blur absolute top-1/2 left-1/2 -translate-x-1/2 -translate-y-1/2 w-[800px] h-[800px] opacity-40"></div>\n      </div>\n\n      <!-- Header / Identity -->\n      <header class="z-10 text-center">\n          <h1 class="font-headline font-light italic text-[10px] tracking-[1em] text-on-surface-variant opacity-80">\n              SÉANCE\n          </h1>\n      </header>\n\n      <!-- Invocation Portal (Main Input Section) -->\n      <div class="relative w-full max-w-4xl z-20 flex flex-col items-center group">\n          <!-- Label Above: WHERE -->\n          <div class="absolute -top-16 left-1/2 -translate-x-1/2">\n              <span class="vertical-text font-label uppercase text-[8px] tracking-[0.4em] text-on-surface-variant/40">\n                  WHERE\n              </span>\n          </div>\n\n          <!-- The Input Element -->\n          <form id="summon-form" action="/ritual" method="get" class="relative w-full text-center space-y-4">\n              <input type="hidden" name="place" id="hidden-place" />\n              <input type="hidden" name="year" id="hidden-year" />\n              \n              <input \n                  id="portal-input"\n                  type="text" \n                  class="w-full bg-transparent border-none focus:ring-0 text-center font-headline italic text-4xl md:text-6xl text-primary spectral-glow placeholder:text-on-surface-variant/20 transition-all duration-1000 outline-none" \n                  placeholder="KYOTO, 1600" \n                  spellcheck="false"\n                  autocomplete="off"\n              />\n              \n              <!-- The Needle Line -->\n              <div class="needle-line w-full opacity-60"></div>\n          </form>\n\n          <!-- Label Below: WHEN -->\n          <div class="mt-8">\n              <span class="font-label uppercase text-[8px] tracking-[0.4em] text-on-surface-variant/40">\n                  WHEN\n              </span>\n          </div>\n      </div>\n\n      <!-- Footer / Call to Action -->\n      <footer class="z-10 flex flex-col items-center gap-6">\n          <div class="h-16 w-[1px] bg-gradient-to-b from-transparent via-outline-variant/30 to-transparent"></div>\n          <button id="summon-btn" class="font-label bg-transparent uppercase text-[9px] tracking-[0.3em] text-on-surface-variant/60 cursor-pointer hover:text-primary transition-colors duration-700">\n              Tap the void to summon\n          </button>\n      </footer>\n    </main>\n\n    <!-- Decorative Corner Accents (The Needle-Lines) -->\n    <div class="fixed top-6 left-6 pointer-events-none opacity-20">\n        <div class="w-12 h-[0.5px] bg-white"></div>\n        <div class="w-[0.5px] h-12 bg-white"></div>\n    </div>\n    <div class="fixed bottom-6 right-6 pointer-events-none opacity-20 transform rotate-180">\n        <div class="w-12 h-[0.5px] bg-white"></div>\n        <div class="w-[0.5px] h-12 bg-white"></div>\n    </div>\n\n    <script>\n      document.addEventListener('DOMContentLoaded', () => {\n        const form = document.getElementById('summon-form');\n        const input = document.getElementById('portal-input');\n        const hiddenPlace = document.getElementById('hidden-place');\n        const hiddenYear = document.getElementById('hidden-year');\n        const summonBtn = document.getElementById('summon-btn');\n\n        function parseAndSubmit(e) {\n          e.preventDefault();\n          \n          const raw = input.value.trim();\n          if (!raw) return;\n\n          // Simple heuristic: look for trailing digits for the year\n          // "Paris 1920", "Paris, 1920", "New York, 2024"\n          const match = raw.match(/^(.*?)[,\\s]+(\\d{1,4})$/);\n          \n          if (match) {\n             hiddenPlace.value = match[1].trim();\n             hiddenYear.value = match[2];\n          } else {\n             // Fallback: If they just type "Rome", default to a random historical year\n             // or just let it pass to validation.\n             hiddenPlace.value = raw;\n             hiddenYear.value = new Date().getFullYear();\n          }\n\n          form.submit();\n        }\n\n        form.addEventListener('submit', parseAndSubmit);\n        summonBtn.addEventListener('click', parseAndSubmit);\n      });\n    </script>\n  </body>\n</html>`,
    expected: /recent-queries/i,
    operator: 'match',
    diff: 'simple'
  }

test at test/recent-queries.test.js:17:1
✖ homepage includes localStorage JavaScript for query history (2.0985ms)
  AssertionError [ERR_ASSERTION]: The input did not match the regular expression /localStorage/. Input:
  
  '<!doctype html>\n' +
    '<html lang="en" class="dark">\n' +
    '  <head>\n' +
    '    <meta charset="utf-8" />\n' +
    '    <meta name="viewport" content="width=device-width, initial-scale=1.0" />\n' +
    '    <title>Séance - Invocation</title>\n' +
    '    \n' +
    '    <script src="https://cdn.tailwindcss.com?plugins=forms,container-queries"></script>\n' +
    '    <link href="https://fonts.googleapis.com/css2?family=Noto+Serif:ital,wght@0,300;0,400;0,700;1,300;1,400;1,700&family=Space+Grotesk:wght@300;400;500;700&display=swap" rel="stylesheet" />\n' +
    '    <link href="https://fonts.googleapis.com/css2?family=Material+Symbols+Outlined:wght,FILL@100..700,0..1&display=swap" rel="stylesheet" />\n' +
    '    <script id="tailwind-config">\n' +
    '      tailwind.config = {\n' +
    '        darkMode: "class",\n' +
    '        theme: {\n' +
    '          extend: {\n' +
    '            "colors": {\n' +
    '              "primary-fixed": "#735a39",\n' +
    '              "on-primary-container": "#000000",\n' +
    '              "outline": "#919191",\n' +
    '              "on-background": "#e5e2e1",\n' +
    '              "inverse-surface": "#e5e2e1",\n' +
    '              "error": "#ffb4ab",\n' +
    '              "surface-dim": "#131313",\n' +
    '              "on-secondary-fixed-variant": "#3c3b3b",\n' +
    '              "secondary-fixed-dim": "#adabaa",\n' +
    '              "surface-container-highest": "#353534",\n' +
    '              "on-tertiary-container": "#000000",\n' +
    '              "surface-container-low": "#1c1b1b",\n' +
    '              "primary-container": "#f0cfa5",\n' +
    '              "tertiary-fixed-dim": "#004b70",\n' +
    '              "primary-fixed-dim": "#594323",\n' +
    '              "on-primary-fixed-variant": "#ffddb2",\n' +
    '              "outline-variant": "#474747",\n' +
    '              "on-surface-variant": "#c6c6c6",\n' +
    '              "inverse-on-surface": "#313030",\n' +
    '              "tertiary-container": "#5997c4",\n' +
    '              "surface-container-lowest": "#0e0e0e",\n' +
    '              "on-tertiary": "#001e30",\n' +
    '              "secondary-fixed": "#c9c6c5",\n' +
    '              "surface-variant": "#353534",\n' +
    '              "on-surface": "#e5e2e1",\n' +
    '              "primary": "#ffffff",\n' +
    '              "on-primary": "#291800",\n' +
    '              "tertiary": "#cae6ff",\n' +
    '              "surface-container": "#201f1f",\n' +
    '              "on-secondary-container": "#e5e2e1",\n' +
    '              "on-error-container": "#ffdad6",\n' +
    '              "on-error": "#690005",\n' +
    '              "tertiary-fixed": "#1c648e",\n' +
    '              "surface-tint": "#e1c198",\n' +
    '              "on-secondary-fixed": "#1c1b1b",\n' +
    '              "on-tertiary-fixed": "#ffffff",\n' +
    '              "on-secondary": "#1c1b1b",\n' +
    '              "inverse-primary": "#735a39",\n' +
    '              "on-primary-fixed": "#ffffff",\n' +
    '              "secondary-container": "#474646",\n' +
    '              "background": "#050505",\n' +
    '              "surface-bright": "#3a3939",\n' +
    '              "surface": "#131313",\n' +
    '              "error-container": "#93000a",\n' +
    '              "surface-container-high": "#2a2a2a",\n' +
    '              "secondary": "#c9c6c5",\n' +
    '              "on-tertiary-fixed-variant": "#cae6ff"\n' +
    '            },\n' +
    '            "fontFamily": {\n' +
    '              "headline": ["Noto Serif", "serif"],\n' +
    '              "body": ["Space Grotesk", "sans-serif"],\n' +
    '              "label": ["Space Grotesk", "sans-serif"]\n' +
    '            }\n' +
    '          }\n' +
    '        }\n' +
    '      }\n' +
    '    </script>\n' +
    '    <style>\n' +
    '      body {\n' +
    '        min-height: max(884px, 100dvh);\n' +
    '        overflow: hidden;\n' +
    '      }\n' +
    '      .material-symbols-outlined {\n' +
    "        font-variation-settings: 'FILL' 0, 'wght' 200, 'GRAD' 0, 'opsz' 24;\n" +
    '      }\n' +
    '      .obsidian-void {\n' +
    '        background: radial-gradient(circle at center, #1a1a1a 0%, #050505 100%);\n' +
    '      }\n' +
    '      .needle-line {\n' +
    '        height: 0.5px;\n' +
    '        background: linear-gradient(90deg, transparent 0%, rgba(255,255,255,0.2) 50%, transparent 100%);\n' +
    '      }\n' +
    '      .spectral-glow {\n' +
    '        text-shadow: 0 0 15px rgba(255, 255, 255, 0.4);\n' +
    '      }\n' +
    '      .vertical-text {\n' +
    '        writing-mode: vertical-rl;\n' +
    '        text-orientation: mixed;\n' +
    '      }\n' +
    '      .smoke-blur {\n' +
    '        filter: blur(40px);\n' +
    '        background: radial-gradient(circle, rgba(202, 230, 255, 0.08) 0%, transparent 70%);\n' +
    '      }\n' +
    '      .grain-overlay {\n' +
    '        background-image: url("https://lh3.googleusercontent.com/aida-public/AB6AXuDj3jyhb5qrY9ftxHnrNvrsFKao8TM0oQEN-ok12uccMAR-UKuMiR_cRE9gSPXoUXKQxFKd525138SuXUi4FNfPS3PFBUYRVSr2q10wsPN_lZRhicd6Nap5a6TZeIUApMMx5XJRJ6F2bUNeAvhXPhqtb04obGn3XcKxdVDiqWPgSAGT0gHeahJFX-o0Uw55m0dk_Xn0-rnFEVA7Oqys3EmmQ1QCXmqUG5UDo_x3jTRCJLYWbjn-UjdXofuwFD9Jx_83dpV0WB6GZWrq");\n' +
    '        opacity: 0.03;\n' +
    '        pointer-events: none;\n' +
    '      }\n' +
    '      .mote-blur {\n' +
    '        filter: blur(80px);\n' +
    '      }\n' +
    '      .glow-pulse {\n' +
    '        filter: drop-shadow(0 0 20px rgba(255, 255, 255, 0.1));\n' +
    '      }\n' +
    '      .light-rill {\n' +
    '        background: linear-gradient(to bottom, transparent, rgba(202, 230, 255, 0.2), transparent);\n' +
    '      }\n' +
    '      .shard-blur {\n' +
    '        backdrop-filter: blur(40px);\n' +
    '        -webkit-backdrop-filter: blur(40px);\n' +
    '      }\n' +
    '    </style>\n' +
    '  \n' +
    '  </head>\n' +
    '  <body class="bg-background text-on-surface font-body overflow-hidden">\n' +
    '    <!-- The Obsidian Void Canvas -->\n' +
    '    <main class="relative h-screen w-full obsidian-void flex flex-col items-center justify-between py-12 px-8">\n' +
    '      \n' +
    '      <!-- Spectral Smoke Layer (Atmospheric) -->\n' +
    '      <div class="absolute inset-0 pointer-events-none overflow-hidden">\n' +
    '          <div class="smoke-blur absolute top-1/2 left-1/2 -translate-x-1/2 -translate-y-1/2 w-[800px] h-[800px] opacity-40"></div>\n' +
    '      </div>\n' +
    '\n' +
    '      <!-- Header / Identity -->\n' +
    '      <header class="z-10 text-center">\n' +
    '          <h1 class="font-headline font-light italic text-[10px] tracking-[1em] text-on-surface-variant opacity-80">\n' +
    '              SÉANCE\n' +
    '          </h1>\n' +
    '      </header>\n' +
    '\n' +
    '      <!-- Invocation Portal (Main Input Section) -->\n' +
    '      <div class="relative w-full max-w-4xl z-20 flex flex-col items-center group">\n' +
    '          <!-- Label Above: WHERE -->\n' +
    '          <div class="absolute -top-16 left-1/2 -translate-x-1/2">\n' +
    '              <span class="vertical-text font-label uppercase text-[8px] tracking-[0.4em] text-on-surface-variant/40">\n' +
    '                  WHERE\n' +
    '              </span>\n' +
    '          </div>\n' +
    '\n' +
    '          <!-- The Input Element -->\n' +
    '          <form id="summon-form" action="/ritual" method="get" class="relative w-full text-center space-y-4">\n' +
    '              <input type="hidden" name="place" id="hidden-place" />\n' +
    '              <input type="hidden" name="year" id="hidden-year" />\n' +
    '              \n' +
    '              <input \n' +
    '                  id="portal-input"\n' +
    '                  type="text" \n' +
    '                  class="w-full bg-transparent border-none focus:ring-0 text-center font-headline italic text-4xl md:text-6xl text-primary spectral-glow placeholder:text-on-surface-variant/20 transition-all duration-1000 outline-none" \n' +
    '                  placeholder="KYOTO, 1600" \n' +
    '                  spellcheck="false"\n' +
    '                  autocomplete="off"\n' +
    '              />\n' +
    '              \n' +
    '              <!-- The Needle Line -->\n' +
    '              <div class="needle-line w-full opacity-60"></div>\n' +
    '          </form>\n' +
    '\n' +
    '          <!-- Label Below: WHEN -->\n' +
    '          <div class="mt-8">\n' +
    '              <span class="font-label uppercase text-[8px] tracking-[0.4em] text-on-surface-variant/40">\n' +
    '                  WHEN\n' +
    '              </span>\n' +
    '          </div>\n' +
    '      </div>\n' +
    '\n' +
    '      <!-- Footer / Call to Action -->\n' +
    '      <footer class="z-10 flex flex-col items-center gap-6">\n' +
    '          <div class="h-16 w-[1px] bg-gradient-to-b from-transparent via-outline-variant/30 to-transparent"></div>\n' +
    '          <button id="summon-btn" class="font-label bg-transparent uppercase text-[9px] tracking-[0.3em] text-on-surface-variant/60 cursor-pointer hover:text-primary transition-colors duration-700">\n' +
    '              Tap the void to summon\n' +
    '          </button>\n' +
    '      </footer>\n' +
    '    </main>\n' +
    '\n' +
    '    <!-- Decorative Corner Accents (The Needle-Lines) -->\n' +
    '    <div class="fixed top-6 left-6 pointer-events-none opacity-20">\n' +
    '        <div class="w-12 h-[0.5px] bg-white"></div>\n' +
    '        <div class="w-[0.5px] h-12 bg-white"></div>\n' +
    '    </div>\n' +
    '    <div class="fixed bottom-6 right-6 pointer-events-none opacity-20 transform rotate-180">\n' +
    '        <div class="w-12 h-[0.5px] bg-white"></div>\n' +
    '        <div class="w-[0.5px] h-12 bg-white"></div>\n' +
    '    </div>\n' +
    '\n' +
    '    <script>\n' +
    "      document.addEventListener('DOMContentLoaded', () => {\n" +
    "        const form = document.getElementById('summon-form');\n" +
    "        const input = document.getElementById('portal-input');\n" +
    "        const hiddenPlace = document.getElementById('hidden-place');\n" +
    "        const hiddenYear = document.getElementById('hidden-year');\n" +
    "        const summonBtn = document.getElementById('summon-btn');\n" +
    '\n' +
    '        function parseAndSubmit(e) {\n' +
    '          e.preventDefault();\n' +
    '          \n' +
    '          const raw = input.value.trim();\n' +
    '          if (!raw) return;\n' +
    '\n' +
    '          // Simple heuristic: look for trailing digits for the year\n' +
    '          // "Paris 1920", "Paris, 1920", "New York, 2024"\n' +
    '          const match = raw.match(/^(.*?)[,\\s]+(\\d{1,4})$/);\n' +
    '          \n' +
    '          if (match) {\n' +
    '             hiddenPlace.value = match[1].trim();\n' +
    '             hiddenYear.value = match[2];\n' +
    '          } else {\n' +
    '             // Fallback: If they just type "Rome", default to a random historical year\n' +
    '             // or just let it pass to validation.\n' +
    '             hiddenPlace.value = raw;\n' +
    '             hiddenYear.value = new Date().getFullYear();\n' +
    '          }\n' +
    '\n' +
    '          form.submit();\n' +
    '        }\n' +
    '\n' +
    "        form.addEventListener('submit', parseAndSubmit);\n" +
    "        summonBtn.addEventListener('click', parseAndSubmit);\n" +
    '      });\n' +
    '    </script>\n' +
    '  </body>\n' +
    '</html>'
  
      at TestContext.<anonymous> (file:///home/srinivas/workspace/github.com/sivaratrisrinivas/seance/test/recent-queries.test.js:19:10)
      at async Test.run (node:internal/test_runner/test:1208:7)
      at async Test.processPendingSubtests (node:internal/test_runner/test:831:7) {
    generatedMessage: true,
    code: 'ERR_ASSERTION',
    actual: `<!doctype html>\n<html lang="en" class="dark">\n  <head>\n    <meta charset="utf-8" />\n    <meta name="viewport" content="width=device-width, initial-scale=1.0" />\n    <title>Séance - Invocation</title>\n    \n    <script src="https://cdn.tailwindcss.com?plugins=forms,container-queries"></script>\n    <link href="https://fonts.googleapis.com/css2?family=Noto+Serif:ital,wght@0,300;0,400;0,700;1,300;1,400;1,700&family=Space+Grotesk:wght@300;400;500;700&display=swap" rel="stylesheet" />\n    <link href="https://fonts.googleapis.com/css2?family=Material+Symbols+Outlined:wght,FILL@100..700,0..1&display=swap" rel="stylesheet" />\n    <script id="tailwind-config">\n      tailwind.config = {\n        darkMode: "class",\n        theme: {\n          extend: {\n            "colors": {\n              "primary-fixed": "#735a39",\n              "on-primary-container": "#000000",\n              "outline": "#919191",\n              "on-background": "#e5e2e1",\n              "inverse-surface": "#e5e2e1",\n              "error": "#ffb4ab",\n              "surface-dim": "#131313",\n              "on-secondary-fixed-variant": "#3c3b3b",\n              "secondary-fixed-dim": "#adabaa",\n              "surface-container-highest": "#353534",\n              "on-tertiary-container": "#000000",\n              "surface-container-low": "#1c1b1b",\n              "primary-container": "#f0cfa5",\n              "tertiary-fixed-dim": "#004b70",\n              "primary-fixed-dim": "#594323",\n              "on-primary-fixed-variant": "#ffddb2",\n              "outline-variant": "#474747",\n              "on-surface-variant": "#c6c6c6",\n              "inverse-on-surface": "#313030",\n              "tertiary-container": "#5997c4",\n              "surface-container-lowest": "#0e0e0e",\n              "on-tertiary": "#001e30",\n              "secondary-fixed": "#c9c6c5",\n              "surface-variant": "#353534",\n              "on-surface": "#e5e2e1",\n              "primary": "#ffffff",\n              "on-primary": "#291800",\n              "tertiary": "#cae6ff",\n              "surface-container": "#201f1f",\n              "on-secondary-container": "#e5e2e1",\n              "on-error-container": "#ffdad6",\n              "on-error": "#690005",\n              "tertiary-fixed": "#1c648e",\n              "surface-tint": "#e1c198",\n              "on-secondary-fixed": "#1c1b1b",\n              "on-tertiary-fixed": "#ffffff",\n              "on-secondary": "#1c1b1b",\n              "inverse-primary": "#735a39",\n              "on-primary-fixed": "#ffffff",\n              "secondary-container": "#474646",\n              "background": "#050505",\n              "surface-bright": "#3a3939",\n              "surface": "#131313",\n              "error-container": "#93000a",\n              "surface-container-high": "#2a2a2a",\n              "secondary": "#c9c6c5",\n              "on-tertiary-fixed-variant": "#cae6ff"\n            },\n            "fontFamily": {\n              "headline": ["Noto Serif", "serif"],\n              "body": ["Space Grotesk", "sans-serif"],\n              "label": ["Space Grotesk", "sans-serif"]\n            }\n          }\n        }\n      }\n    </script>\n    <style>\n      body {\n        min-height: max(884px, 100dvh);\n        overflow: hidden;\n      }\n      .material-symbols-outlined {\n        font-variation-settings: 'FILL' 0, 'wght' 200, 'GRAD' 0, 'opsz' 24;\n      }\n      .obsidian-void {\n        background: radial-gradient(circle at center, #1a1a1a 0%, #050505 100%);\n      }\n      .needle-line {\n        height: 0.5px;\n        background: linear-gradient(90deg, transparent 0%, rgba(255,255,255,0.2) 50%, transparent 100%);\n      }\n      .spectral-glow {\n        text-shadow: 0 0 15px rgba(255, 255, 255, 0.4);\n      }\n      .vertical-text {\n        writing-mode: vertical-rl;\n        text-orientation: mixed;\n      }\n      .smoke-blur {\n        filter: blur(40px);\n        background: radial-gradient(circle, rgba(202, 230, 255, 0.08) 0%, transparent 70%);\n      }\n      .grain-overlay {\n        background-image: url("https://lh3.googleusercontent.com/aida-public/AB6AXuDj3jyhb5qrY9ftxHnrNvrsFKao8TM0oQEN-ok12uccMAR-UKuMiR_cRE9gSPXoUXKQxFKd525138SuXUi4FNfPS3PFBUYRVSr2q10wsPN_lZRhicd6Nap5a6TZeIUApMMx5XJRJ6F2bUNeAvhXPhqtb04obGn3XcKxdVDiqWPgSAGT0gHeahJFX-o0Uw55m0dk_Xn0-rnFEVA7Oqys3EmmQ1QCXmqUG5UDo_x3jTRCJLYWbjn-UjdXofuwFD9Jx_83dpV0WB6GZWrq");\n        opacity: 0.03;\n        pointer-events: none;\n      }\n      .mote-blur {\n        filter: blur(80px);\n      }\n      .glow-pulse {\n        filter: drop-shadow(0 0 20px rgba(255, 255, 255, 0.1));\n      }\n      .light-rill {\n        background: linear-gradient(to bottom, transparent, rgba(202, 230, 255, 0.2), transparent);\n      }\n      .shard-blur {\n        backdrop-filter: blur(40px);\n        -webkit-backdrop-filter: blur(40px);\n      }\n    </style>\n  \n  </head>\n  <body class="bg-background text-on-surface font-body overflow-hidden">\n    <!-- The Obsidian Void Canvas -->\n    <main class="relative h-screen w-full obsidian-void flex flex-col items-center justify-between py-12 px-8">\n      \n      <!-- Spectral Smoke Layer (Atmospheric) -->\n      <div class="absolute inset-0 pointer-events-none overflow-hidden">\n          <div class="smoke-blur absolute top-1/2 left-1/2 -translate-x-1/2 -translate-y-1/2 w-[800px] h-[800px] opacity-40"></div>\n      </div>\n\n      <!-- Header / Identity -->\n      <header class="z-10 text-center">\n          <h1 class="font-headline font-light italic text-[10px] tracking-[1em] text-on-surface-variant opacity-80">\n              SÉANCE\n          </h1>\n      </header>\n\n      <!-- Invocation Portal (Main Input Section) -->\n      <div class="relative w-full max-w-4xl z-20 flex flex-col items-center group">\n          <!-- Label Above: WHERE -->\n          <div class="absolute -top-16 left-1/2 -translate-x-1/2">\n              <span class="vertical-text font-label uppercase text-[8px] tracking-[0.4em] text-on-surface-variant/40">\n                  WHERE\n              </span>\n          </div>\n\n          <!-- The Input Element -->\n          <form id="summon-form" action="/ritual" method="get" class="relative w-full text-center space-y-4">\n              <input type="hidden" name="place" id="hidden-place" />\n              <input type="hidden" name="year" id="hidden-year" />\n              \n              <input \n                  id="portal-input"\n                  type="text" \n                  class="w-full bg-transparent border-none focus:ring-0 text-center font-headline italic text-4xl md:text-6xl text-primary spectral-glow placeholder:text-on-surface-variant/20 transition-all duration-1000 outline-none" \n                  placeholder="KYOTO, 1600" \n                  spellcheck="false"\n                  autocomplete="off"\n              />\n              \n              <!-- The Needle Line -->\n              <div class="needle-line w-full opacity-60"></div>\n          </form>\n\n          <!-- Label Below: WHEN -->\n          <div class="mt-8">\n              <span class="font-label uppercase text-[8px] tracking-[0.4em] text-on-surface-variant/40">\n                  WHEN\n              </span>\n          </div>\n      </div>\n\n      <!-- Footer / Call to Action -->\n      <footer class="z-10 flex flex-col items-center gap-6">\n          <div class="h-16 w-[1px] bg-gradient-to-b from-transparent via-outline-variant/30 to-transparent"></div>\n          <button id="summon-btn" class="font-label bg-transparent uppercase text-[9px] tracking-[0.3em] text-on-surface-variant/60 cursor-pointer hover:text-primary transition-colors duration-700">\n              Tap the void to summon\n          </button>\n      </footer>\n    </main>\n\n    <!-- Decorative Corner Accents (The Needle-Lines) -->\n    <div class="fixed top-6 left-6 pointer-events-none opacity-20">\n        <div class="w-12 h-[0.5px] bg-white"></div>\n        <div class="w-[0.5px] h-12 bg-white"></div>\n    </div>\n    <div class="fixed bottom-6 right-6 pointer-events-none opacity-20 transform rotate-180">\n        <div class="w-12 h-[0.5px] bg-white"></div>\n        <div class="w-[0.5px] h-12 bg-white"></div>\n    </div>\n\n    <script>\n      document.addEventListener('DOMContentLoaded', () => {\n        const form = document.getElementById('summon-form');\n        const input = document.getElementById('portal-input');\n        const hiddenPlace = document.getElementById('hidden-place');\n        const hiddenYear = document.getElementById('hidden-year');\n        const summonBtn = document.getElementById('summon-btn');\n\n        function parseAndSubmit(e) {\n          e.preventDefault();\n          \n          const raw = input.value.trim();\n          if (!raw) return;\n\n          // Simple heuristic: look for trailing digits for the year\n          // "Paris 1920", "Paris, 1920", "New York, 2024"\n          const match = raw.match(/^(.*?)[,\\s]+(\\d{1,4})$/);\n          \n          if (match) {\n             hiddenPlace.value = match[1].trim();\n             hiddenYear.value = match[2];\n          } else {\n             // Fallback: If they just type "Rome", default to a random historical year\n             // or just let it pass to validation.\n             hiddenPlace.value = raw;\n             hiddenYear.value = new Date().getFullYear();\n          }\n\n          form.submit();\n        }\n\n        form.addEventListener('submit', parseAndSubmit);\n        summonBtn.addEventListener('click', parseAndSubmit);\n      });\n    </script>\n  </body>\n</html>`,
    expected: /localStorage/,
    operator: 'match',
    diff: 'simple'
  }

test at test/recent-queries.test.js:23:1
✖ recent queries section uses subtle styling (0.707ms)
  AssertionError [ERR_ASSERTION]: Should have recent queries element
      at TestContext.<anonymous> (file:///home/srinivas/workspace/github.com/sivaratrisrinivas/seance/test/recent-queries.test.js:25:10)
      at async Test.run (node:internal/test_runner/test:1208:7)
      at async Test.processPendingSubtests (node:internal/test_runner/test:831:7) {
    generatedMessage: false,
    code: 'ERR_ASSERTION',
    actual: false,
    expected: true,
    operator: '==',
    diff: 'simple'
  }

test at test/recent-queries.test.js:28:1
✖ homepage contains Begin séance button and How it works link (2.2897ms)
  AssertionError [ERR_ASSERTION]: The input did not match the regular expression /Begin séance/. Input:
  
  '<!doctype html>\n' +
    '<html lang="en" class="dark">\n' +
    '  <head>\n' +
    '    <meta charset="utf-8" />\n' +
    '    <meta name="viewport" content="width=device-width, initial-scale=1.0" />\n' +
    '    <title>Séance - Invocation</title>\n' +
    '    \n' +
    '    <script src="https://cdn.tailwindcss.com?plugins=forms,container-queries"></script>\n' +
    '    <link href="https://fonts.googleapis.com/css2?family=Noto+Serif:ital,wght@0,300;0,400;0,700;1,300;1,400;1,700&family=Space+Grotesk:wght@300;400;500;700&display=swap" rel="stylesheet" />\n' +
    '    <link href="https://fonts.googleapis.com/css2?family=Material+Symbols+Outlined:wght,FILL@100..700,0..1&display=swap" rel="stylesheet" />\n' +
    '    <script id="tailwind-config">\n' +
    '      tailwind.config = {\n' +
    '        darkMode: "class",\n' +
    '        theme: {\n' +
    '          extend: {\n' +
    '            "colors": {\n' +
    '              "primary-fixed": "#735a39",\n' +
    '              "on-primary-container": "#000000",\n' +
    '              "outline": "#919191",\n' +
    '              "on-background": "#e5e2e1",\n' +
    '              "inverse-surface": "#e5e2e1",\n' +
    '              "error": "#ffb4ab",\n' +
    '              "surface-dim": "#131313",\n' +
    '              "on-secondary-fixed-variant": "#3c3b3b",\n' +
    '              "secondary-fixed-dim": "#adabaa",\n' +
    '              "surface-container-highest": "#353534",\n' +
    '              "on-tertiary-container": "#000000",\n' +
    '              "surface-container-low": "#1c1b1b",\n' +
    '              "primary-container": "#f0cfa5",\n' +
    '              "tertiary-fixed-dim": "#004b70",\n' +
    '              "primary-fixed-dim": "#594323",\n' +
    '              "on-primary-fixed-variant": "#ffddb2",\n' +
    '              "outline-variant": "#474747",\n' +
    '              "on-surface-variant": "#c6c6c6",\n' +
    '              "inverse-on-surface": "#313030",\n' +
    '              "tertiary-container": "#5997c4",\n' +
    '              "surface-container-lowest": "#0e0e0e",\n' +
    '              "on-tertiary": "#001e30",\n' +
    '              "secondary-fixed": "#c9c6c5",\n' +
    '              "surface-variant": "#353534",\n' +
    '              "on-surface": "#e5e2e1",\n' +
    '              "primary": "#ffffff",\n' +
    '              "on-primary": "#291800",\n' +
    '              "tertiary": "#cae6ff",\n' +
    '              "surface-container": "#201f1f",\n' +
    '              "on-secondary-container": "#e5e2e1",\n' +
    '              "on-error-container": "#ffdad6",\n' +
    '              "on-error": "#690005",\n' +
    '              "tertiary-fixed": "#1c648e",\n' +
    '              "surface-tint": "#e1c198",\n' +
    '              "on-secondary-fixed": "#1c1b1b",\n' +
    '              "on-tertiary-fixed": "#ffffff",\n' +
    '              "on-secondary": "#1c1b1b",\n' +
    '              "inverse-primary": "#735a39",\n' +
    '              "on-primary-fixed": "#ffffff",\n' +
    '              "secondary-container": "#474646",\n' +
    '              "background": "#050505",\n' +
    '              "surface-bright": "#3a3939",\n' +
    '              "surface": "#131313",\n' +
    '              "error-container": "#93000a",\n' +
    '              "surface-container-high": "#2a2a2a",\n' +
    '              "secondary": "#c9c6c5",\n' +
    '              "on-tertiary-fixed-variant": "#cae6ff"\n' +
    '            },\n' +
    '            "fontFamily": {\n' +
    '              "headline": ["Noto Serif", "serif"],\n' +
    '              "body": ["Space Grotesk", "sans-serif"],\n' +
    '              "label": ["Space Grotesk", "sans-serif"]\n' +
    '            }\n' +
    '          }\n' +
    '        }\n' +
    '      }\n' +
    '    </script>\n' +
    '    <style>\n' +
    '      body {\n' +
    '        min-height: max(884px, 100dvh);\n' +
    '        overflow: hidden;\n' +
    '      }\n' +
    '      .material-symbols-outlined {\n' +
    "        font-variation-settings: 'FILL' 0, 'wght' 200, 'GRAD' 0, 'opsz' 24;\n" +
    '      }\n' +
    '      .obsidian-void {\n' +
    '        background: radial-gradient(circle at center, #1a1a1a 0%, #050505 100%);\n' +
    '      }\n' +
    '      .needle-line {\n' +
    '        height: 0.5px;\n' +
    '        background: linear-gradient(90deg, transparent 0%, rgba(255,255,255,0.2) 50%, transparent 100%);\n' +
    '      }\n' +
    '      .spectral-glow {\n' +
    '        text-shadow: 0 0 15px rgba(255, 255, 255, 0.4);\n' +
    '      }\n' +
    '      .vertical-text {\n' +
    '        writing-mode: vertical-rl;\n' +
    '        text-orientation: mixed;\n' +
    '      }\n' +
    '      .smoke-blur {\n' +
    '        filter: blur(40px);\n' +
    '        background: radial-gradient(circle, rgba(202, 230, 255, 0.08) 0%, transparent 70%);\n' +
    '      }\n' +
    '      .grain-overlay {\n' +
    '        background-image: url("https://lh3.googleusercontent.com/aida-public/AB6AXuDj3jyhb5qrY9ftxHnrNvrsFKao8TM0oQEN-ok12uccMAR-UKuMiR_cRE9gSPXoUXKQxFKd525138SuXUi4FNfPS3PFBUYRVSr2q10wsPN_lZRhicd6Nap5a6TZeIUApMMx5XJRJ6F2bUNeAvhXPhqtb04obGn3XcKxdVDiqWPgSAGT0gHeahJFX-o0Uw55m0dk_Xn0-rnFEVA7Oqys3EmmQ1QCXmqUG5UDo_x3jTRCJLYWbjn-UjdXofuwFD9Jx_83dpV0WB6GZWrq");\n' +
    '        opacity: 0.03;\n' +
    '        pointer-events: none;\n' +
    '      }\n' +
    '      .mote-blur {\n' +
    '        filter: blur(80px);\n' +
    '      }\n' +
    '      .glow-pulse {\n' +
    '        filter: drop-shadow(0 0 20px rgba(255, 255, 255, 0.1));\n' +
    '      }\n' +
    '      .light-rill {\n' +
    '        background: linear-gradient(to bottom, transparent, rgba(202, 230, 255, 0.2), transparent);\n' +
    '      }\n' +
    '      .shard-blur {\n' +
    '        backdrop-filter: blur(40px);\n' +
    '        -webkit-backdrop-filter: blur(40px);\n' +
    '      }\n' +
    '    </style>\n' +
    '  \n' +
    '  </head>\n' +
    '  <body class="bg-background text-on-surface font-body overflow-hidden">\n' +
    '    <!-- The Obsidian Void Canvas -->\n' +
    '    <main class="relative h-screen w-full obsidian-void flex flex-col items-center justify-between py-12 px-8">\n' +
    '      \n' +
    '      <!-- Spectral Smoke Layer (Atmospheric) -->\n' +
    '      <div class="absolute inset-0 pointer-events-none overflow-hidden">\n' +
    '          <div class="smoke-blur absolute top-1/2 left-1/2 -translate-x-1/2 -translate-y-1/2 w-[800px] h-[800px] opacity-40"></div>\n' +
    '      </div>\n' +
    '\n' +
    '      <!-- Header / Identity -->\n' +
    '      <header class="z-10 text-center">\n' +
    '          <h1 class="font-headline font-light italic text-[10px] tracking-[1em] text-on-surface-variant opacity-80">\n' +
    '              SÉANCE\n' +
    '          </h1>\n' +
    '      </header>\n' +
    '\n' +
    '      <!-- Invocation Portal (Main Input Section) -->\n' +
    '      <div class="relative w-full max-w-4xl z-20 flex flex-col items-center group">\n' +
    '          <!-- Label Above: WHERE -->\n' +
    '          <div class="absolute -top-16 left-1/2 -translate-x-1/2">\n' +
    '              <span class="vertical-text font-label uppercase text-[8px] tracking-[0.4em] text-on-surface-variant/40">\n' +
    '                  WHERE\n' +
    '              </span>\n' +
    '          </div>\n' +
    '\n' +
    '          <!-- The Input Element -->\n' +
    '          <form id="summon-form" action="/ritual" method="get" class="relative w-full text-center space-y-4">\n' +
    '              <input type="hidden" name="place" id="hidden-place" />\n' +
    '              <input type="hidden" name="year" id="hidden-year" />\n' +
    '              \n' +
    '              <input \n' +
    '                  id="portal-input"\n' +
    '                  type="text" \n' +
    '                  class="w-full bg-transparent border-none focus:ring-0 text-center font-headline italic text-4xl md:text-6xl text-primary spectral-glow placeholder:text-on-surface-variant/20 transition-all duration-1000 outline-none" \n' +
    '                  placeholder="KYOTO, 1600" \n' +
    '                  spellcheck="false"\n' +
    '                  autocomplete="off"\n' +
    '              />\n' +
    '              \n' +
    '              <!-- The Needle Line -->\n' +
    '              <div class="needle-line w-full opacity-60"></div>\n' +
    '          </form>\n' +
    '\n' +
    '          <!-- Label Below: WHEN -->\n' +
    '          <div class="mt-8">\n' +
    '              <span class="font-label uppercase text-[8px] tracking-[0.4em] text-on-surface-variant/40">\n' +
    '                  WHEN\n' +
    '              </span>\n' +
    '          </div>\n' +
    '      </div>\n' +
    '\n' +
    '      <!-- Footer / Call to Action -->\n' +
    '      <footer class="z-10 flex flex-col items-center gap-6">\n' +
    '          <div class="h-16 w-[1px] bg-gradient-to-b from-transparent via-outline-variant/30 to-transparent"></div>\n' +
    '          <button id="summon-btn" class="font-label bg-transparent uppercase text-[9px] tracking-[0.3em] text-on-surface-variant/60 cursor-pointer hover:text-primary transition-colors duration-700">\n' +
    '              Tap the void to summon\n' +
    '          </button>\n' +
    '      </footer>\n' +
    '    </main>\n' +
    '\n' +
    '    <!-- Decorative Corner Accents (The Needle-Lines) -->\n' +
    '    <div class="fixed top-6 left-6 pointer-events-none opacity-20">\n' +
    '        <div class="w-12 h-[0.5px] bg-white"></div>\n' +
    '        <div class="w-[0.5px] h-12 bg-white"></div>\n' +
    '    </div>\n' +
    '    <div class="fixed bottom-6 right-6 pointer-events-none opacity-20 transform rotate-180">\n' +
    '        <div class="w-12 h-[0.5px] bg-white"></div>\n' +
    '        <div class="w-[0.5px] h-12 bg-white"></div>\n' +
    '    </div>\n' +
    '\n' +
    '    <script>\n' +
    "      document.addEventListener('DOMContentLoaded', () => {\n" +
    "        const form = document.getElementById('summon-form');\n" +
    "        const input = document.getElementById('portal-input');\n" +
    "        const hiddenPlace = document.getElementById('hidden-place');\n" +
    "        const hiddenYear = document.getElementById('hidden-year');\n" +
    "        const summonBtn = document.getElementById('summon-btn');\n" +
    '\n' +
    '        function parseAndSubmit(e) {\n' +
    '          e.preventDefault();\n' +
    '          \n' +
    '          const raw = input.value.trim();\n' +
    '          if (!raw) return;\n' +
    '\n' +
    '          // Simple heuristic: look for trailing digits for the year\n' +
    '          // "Paris 1920", "Paris, 1920", "New York, 2024"\n' +
    '          const match = raw.match(/^(.*?)[,\\s]+(\\d{1,4})$/);\n' +
    '          \n' +
    '          if (match) {\n' +
    '             hiddenPlace.value = match[1].trim();\n' +
    '             hiddenYear.value = match[2];\n' +
    '          } else {\n' +
    '             // Fallback: If they just type "Rome", default to a random historical year\n' +
    '             // or just let it pass to validation.\n' +
    '             hiddenPlace.value = raw;\n' +
    '             hiddenYear.value = new Date().getFullYear();\n' +
    '          }\n' +
    '\n' +
    '          form.submit();\n' +
    '        }\n' +
    '\n' +
    "        form.addEventListener('submit', parseAndSubmit);\n" +
    "        summonBtn.addEventListener('click', parseAndSubmit);\n" +
    '      });\n' +
    '    </script>\n' +
    '  </body>\n' +
    '</html>'
  
      at TestContext.<anonymous> (file:///home/srinivas/workspace/github.com/sivaratrisrinivas/seance/test/recent-queries.test.js:30:10)
      at async Test.run (node:internal/test_runner/test:1208:7)
      at async Test.processPendingSubtests (node:internal/test_runner/test:831:7) {
    generatedMessage: true,
    code: 'ERR_ASSERTION',
    actual: `<!doctype html>\n<html lang="en" class="dark">\n  <head>\n    <meta charset="utf-8" />\n    <meta name="viewport" content="width=device-width, initial-scale=1.0" />\n    <title>Séance - Invocation</title>\n    \n    <script src="https://cdn.tailwindcss.com?plugins=forms,container-queries"></script>\n    <link href="https://fonts.googleapis.com/css2?family=Noto+Serif:ital,wght@0,300;0,400;0,700;1,300;1,400;1,700&family=Space+Grotesk:wght@300;400;500;700&display=swap" rel="stylesheet" />\n    <link href="https://fonts.googleapis.com/css2?family=Material+Symbols+Outlined:wght,FILL@100..700,0..1&display=swap" rel="stylesheet" />\n    <script id="tailwind-config">\n      tailwind.config = {\n        darkMode: "class",\n        theme: {\n          extend: {\n            "colors": {\n              "primary-fixed": "#735a39",\n              "on-primary-container": "#000000",\n              "outline": "#919191",\n              "on-background": "#e5e2e1",\n              "inverse-surface": "#e5e2e1",\n              "error": "#ffb4ab",\n              "surface-dim": "#131313",\n              "on-secondary-fixed-variant": "#3c3b3b",\n              "secondary-fixed-dim": "#adabaa",\n              "surface-container-highest": "#353534",\n              "on-tertiary-container": "#000000",\n              "surface-container-low": "#1c1b1b",\n              "primary-container": "#f0cfa5",\n              "tertiary-fixed-dim": "#004b70",\n              "primary-fixed-dim": "#594323",\n              "on-primary-fixed-variant": "#ffddb2",\n              "outline-variant": "#474747",\n              "on-surface-variant": "#c6c6c6",\n              "inverse-on-surface": "#313030",\n              "tertiary-container": "#5997c4",\n              "surface-container-lowest": "#0e0e0e",\n              "on-tertiary": "#001e30",\n              "secondary-fixed": "#c9c6c5",\n              "surface-variant": "#353534",\n              "on-surface": "#e5e2e1",\n              "primary": "#ffffff",\n              "on-primary": "#291800",\n              "tertiary": "#cae6ff",\n              "surface-container": "#201f1f",\n              "on-secondary-container": "#e5e2e1",\n              "on-error-container": "#ffdad6",\n              "on-error": "#690005",\n              "tertiary-fixed": "#1c648e",\n              "surface-tint": "#e1c198",\n              "on-secondary-fixed": "#1c1b1b",\n              "on-tertiary-fixed": "#ffffff",\n              "on-secondary": "#1c1b1b",\n              "inverse-primary": "#735a39",\n              "on-primary-fixed": "#ffffff",\n              "secondary-container": "#474646",\n              "background": "#050505",\n              "surface-bright": "#3a3939",\n              "surface": "#131313",\n              "error-container": "#93000a",\n              "surface-container-high": "#2a2a2a",\n              "secondary": "#c9c6c5",\n              "on-tertiary-fixed-variant": "#cae6ff"\n            },\n            "fontFamily": {\n              "headline": ["Noto Serif", "serif"],\n              "body": ["Space Grotesk", "sans-serif"],\n              "label": ["Space Grotesk", "sans-serif"]\n            }\n          }\n        }\n      }\n    </script>\n    <style>\n      body {\n        min-height: max(884px, 100dvh);\n        overflow: hidden;\n      }\n      .material-symbols-outlined {\n        font-variation-settings: 'FILL' 0, 'wght' 200, 'GRAD' 0, 'opsz' 24;\n      }\n      .obsidian-void {\n        background: radial-gradient(circle at center, #1a1a1a 0%, #050505 100%);\n      }\n      .needle-line {\n        height: 0.5px;\n        background: linear-gradient(90deg, transparent 0%, rgba(255,255,255,0.2) 50%, transparent 100%);\n      }\n      .spectral-glow {\n        text-shadow: 0 0 15px rgba(255, 255, 255, 0.4);\n      }\n      .vertical-text {\n        writing-mode: vertical-rl;\n        text-orientation: mixed;\n      }\n      .smoke-blur {\n        filter: blur(40px);\n        background: radial-gradient(circle, rgba(202, 230, 255, 0.08) 0%, transparent 70%);\n      }\n      .grain-overlay {\n        background-image: url("https://lh3.googleusercontent.com/aida-public/AB6AXuDj3jyhb5qrY9ftxHnrNvrsFKao8TM0oQEN-ok12uccMAR-UKuMiR_cRE9gSPXoUXKQxFKd525138SuXUi4FNfPS3PFBUYRVSr2q10wsPN_lZRhicd6Nap5a6TZeIUApMMx5XJRJ6F2bUNeAvhXPhqtb04obGn3XcKxdVDiqWPgSAGT0gHeahJFX-o0Uw55m0dk_Xn0-rnFEVA7Oqys3EmmQ1QCXmqUG5UDo_x3jTRCJLYWbjn-UjdXofuwFD9Jx_83dpV0WB6GZWrq");\n        opacity: 0.03;\n        pointer-events: none;\n      }\n      .mote-blur {\n        filter: blur(80px);\n      }\n      .glow-pulse {\n        filter: drop-shadow(0 0 20px rgba(255, 255, 255, 0.1));\n      }\n      .light-rill {\n        background: linear-gradient(to bottom, transparent, rgba(202, 230, 255, 0.2), transparent);\n      }\n      .shard-blur {\n        backdrop-filter: blur(40px);\n        -webkit-backdrop-filter: blur(40px);\n      }\n    </style>\n  \n  </head>\n  <body class="bg-background text-on-surface font-body overflow-hidden">\n    <!-- The Obsidian Void Canvas -->\n    <main class="relative h-screen w-full obsidian-void flex flex-col items-center justify-between py-12 px-8">\n      \n      <!-- Spectral Smoke Layer (Atmospheric) -->\n      <div class="absolute inset-0 pointer-events-none overflow-hidden">\n          <div class="smoke-blur absolute top-1/2 left-1/2 -translate-x-1/2 -translate-y-1/2 w-[800px] h-[800px] opacity-40"></div>\n      </div>\n\n      <!-- Header / Identity -->\n      <header class="z-10 text-center">\n          <h1 class="font-headline font-light italic text-[10px] tracking-[1em] text-on-surface-variant opacity-80">\n              SÉANCE\n          </h1>\n      </header>\n\n      <!-- Invocation Portal (Main Input Section) -->\n      <div class="relative w-full max-w-4xl z-20 flex flex-col items-center group">\n          <!-- Label Above: WHERE -->\n          <div class="absolute -top-16 left-1/2 -translate-x-1/2">\n              <span class="vertical-text font-label uppercase text-[8px] tracking-[0.4em] text-on-surface-variant/40">\n                  WHERE\n              </span>\n          </div>\n\n          <!-- The Input Element -->\n          <form id="summon-form" action="/ritual" method="get" class="relative w-full text-center space-y-4">\n              <input type="hidden" name="place" id="hidden-place" />\n              <input type="hidden" name="year" id="hidden-year" />\n              \n              <input \n                  id="portal-input"\n                  type="text" \n                  class="w-full bg-transparent border-none focus:ring-0 text-center font-headline italic text-4xl md:text-6xl text-primary spectral-glow placeholder:text-on-surface-variant/20 transition-all duration-1000 outline-none" \n                  placeholder="KYOTO, 1600" \n                  spellcheck="false"\n                  autocomplete="off"\n              />\n              \n              <!-- The Needle Line -->\n              <div class="needle-line w-full opacity-60"></div>\n          </form>\n\n          <!-- Label Below: WHEN -->\n          <div class="mt-8">\n              <span class="font-label uppercase text-[8px] tracking-[0.4em] text-on-surface-variant/40">\n                  WHEN\n              </span>\n          </div>\n      </div>\n\n      <!-- Footer / Call to Action -->\n      <footer class="z-10 flex flex-col items-center gap-6">\n          <div class="h-16 w-[1px] bg-gradient-to-b from-transparent via-outline-variant/30 to-transparent"></div>\n          <button id="summon-btn" class="font-label bg-transparent uppercase text-[9px] tracking-[0.3em] text-on-surface-variant/60 cursor-pointer hover:text-primary transition-colors duration-700">\n              Tap the void to summon\n          </button>\n      </footer>\n    </main>\n\n    <!-- Decorative Corner Accents (The Needle-Lines) -->\n    <div class="fixed top-6 left-6 pointer-events-none opacity-20">\n        <div class="w-12 h-[0.5px] bg-white"></div>\n        <div class="w-[0.5px] h-12 bg-white"></div>\n    </div>\n    <div class="fixed bottom-6 right-6 pointer-events-none opacity-20 transform rotate-180">\n        <div class="w-12 h-[0.5px] bg-white"></div>\n        <div class="w-[0.5px] h-12 bg-white"></div>\n    </div>\n\n    <script>\n      document.addEventListener('DOMContentLoaded', () => {\n        const form = document.getElementById('summon-form');\n        const input = document.getElementById('portal-input');\n        const hiddenPlace = document.getElementById('hidden-place');\n        const hiddenYear = document.getElementById('hidden-year');\n        const summonBtn = document.getElementById('summon-btn');\n\n        function parseAndSubmit(e) {\n          e.preventDefault();\n          \n          const raw = input.value.trim();\n          if (!raw) return;\n\n          // Simple heuristic: look for trailing digits for the year\n          // "Paris 1920", "Paris, 1920", "New York, 2024"\n          const match = raw.match(/^(.*?)[,\\s]+(\\d{1,4})$/);\n          \n          if (match) {\n             hiddenPlace.value = match[1].trim();\n             hiddenYear.value = match[2];\n          } else {\n             // Fallback: If they just type "Rome", default to a random historical year\n             // or just let it pass to validation.\n             hiddenPlace.value = raw;\n             hiddenYear.value = new Date().getFullYear();\n          }\n\n          form.submit();\n        }\n\n        form.addEventListener('submit', parseAndSubmit);\n        summonBtn.addEventListener('click', parseAndSubmit);\n      });\n    </script>\n  </body>\n</html>`,
    expected: /Begin séance/,
    operator: 'match',
    diff: 'simple'
  }

test at test/ritual-flow-e2e.test.js:48:1
✖ generating page returns 200 with reconstruction stages (20.9635ms)
  AssertionError [ERR_ASSERTION]: The input did not match the regular expression /Locating place in time/. Input:
  
  '<!doctype html>\n' +
    '<html lang="en" class="dark">\n' +
    '  <head>\n' +
    '    <meta charset="utf-8" />\n' +
    '    <meta name="viewport" content="width=device-width, initial-scale=1.0" />\n' +
    '    <title>Séance - Synthesis</title>\n' +
    '    \n' +
    '    <script src="https://cdn.tailwindcss.com?plugins=forms,container-queries"></script>\n' +
    '    <link href="https://fonts.googleapis.com/css2?family=Noto+Serif:ital,wght@0,300;0,400;0,700;1,300;1,400;1,700&family=Space+Grotesk:wght@300;400;500;700&display=swap" rel="stylesheet" />\n' +
    '    <link href="https://fonts.googleapis.com/css2?family=Material+Symbols+Outlined:wght,FILL@100..700,0..1&display=swap" rel="stylesheet" />\n' +
    '    <script id="tailwind-config">\n' +
    '      tailwind.config = {\n' +
    '        darkMode: "class",\n' +
    '        theme: {\n' +
    '          extend: {\n' +
    '            "colors": {\n' +
    '              "primary-fixed": "#735a39",\n' +
    '              "on-primary-container": "#000000",\n' +
    '              "outline": "#919191",\n' +
    '              "on-background": "#e5e2e1",\n' +
    '              "inverse-surface": "#e5e2e1",\n' +
    '              "error": "#ffb4ab",\n' +
    '              "surface-dim": "#131313",\n' +
    '              "on-secondary-fixed-variant": "#3c3b3b",\n' +
    '              "secondary-fixed-dim": "#adabaa",\n' +
    '              "surface-container-highest": "#353534",\n' +
    '              "on-tertiary-container": "#000000",\n' +
    '              "surface-container-low": "#1c1b1b",\n' +
    '              "primary-container": "#f0cfa5",\n' +
    '              "tertiary-fixed-dim": "#004b70",\n' +
    '              "primary-fixed-dim": "#594323",\n' +
    '              "on-primary-fixed-variant": "#ffddb2",\n' +
    '              "outline-variant": "#474747",\n' +
    '              "on-surface-variant": "#c6c6c6",\n' +
    '              "inverse-on-surface": "#313030",\n' +
    '              "tertiary-container": "#5997c4",\n' +
    '              "surface-container-lowest": "#0e0e0e",\n' +
    '              "on-tertiary": "#001e30",\n' +
    '              "secondary-fixed": "#c9c6c5",\n' +
    '              "surface-variant": "#353534",\n' +
    '              "on-surface": "#e5e2e1",\n' +
    '              "primary": "#ffffff",\n' +
    '              "on-primary": "#291800",\n' +
    '              "tertiary": "#cae6ff",\n' +
    '              "surface-container": "#201f1f",\n' +
    '              "on-secondary-container": "#e5e2e1",\n' +
    '              "on-error-container": "#ffdad6",\n' +
    '              "on-error": "#690005",\n' +
    '              "tertiary-fixed": "#1c648e",\n' +
    '              "surface-tint": "#e1c198",\n' +
    '              "on-secondary-fixed": "#1c1b1b",\n' +
    '              "on-tertiary-fixed": "#ffffff",\n' +
    '              "on-secondary": "#1c1b1b",\n' +
    '              "inverse-primary": "#735a39",\n' +
    '              "on-primary-fixed": "#ffffff",\n' +
    '              "secondary-container": "#474646",\n' +
    '              "background": "#050505",\n' +
    '              "surface-bright": "#3a3939",\n' +
    '              "surface": "#131313",\n' +
    '              "error-container": "#93000a",\n' +
    '              "surface-container-high": "#2a2a2a",\n' +
    '              "secondary": "#c9c6c5",\n' +
    '              "on-tertiary-fixed-variant": "#cae6ff"\n' +
    '            },\n' +
    '            "fontFamily": {\n' +
    '              "headline": ["Noto Serif", "serif"],\n' +
    '              "body": ["Space Grotesk", "sans-serif"],\n' +
    '              "label": ["Space Grotesk", "sans-serif"]\n' +
    '            }\n' +
    '          }\n' +
    '        }\n' +
    '      }\n' +
    '    </script>\n' +
    '    <style>\n' +
    '      body {\n' +
    '        min-height: max(884px, 100dvh);\n' +
    '        overflow: hidden;\n' +
    '      }\n' +
    '      .material-symbols-outlined {\n' +
    "        font-variation-settings: 'FILL' 0, 'wght' 200, 'GRAD' 0, 'opsz' 24;\n" +
    '      }\n' +
    '      .obsidian-void {\n' +
    '        background: radial-gradient(circle at center, #1a1a1a 0%, #050505 100%);\n' +
    '      }\n' +
    '      .needle-line {\n' +
    '        height: 0.5px;\n' +
    '        background: linear-gradient(90deg, transparent 0%, rgba(255,255,255,0.2) 50%, transparent 100%);\n' +
    '      }\n' +
    '      .spectral-glow {\n' +
    '        text-shadow: 0 0 15px rgba(255, 255, 255, 0.4);\n' +
    '      }\n' +
    '      .vertical-text {\n' +
    '        writing-mode: vertical-rl;\n' +
    '        text-orientation: mixed;\n' +
    '      }\n' +
    '      .smoke-blur {\n' +
    '        filter: blur(40px);\n' +
    '        background: radial-gradient(circle, rgba(202, 230, 255, 0.08) 0%, transparent 70%);\n' +
    '      }\n' +
    '      .grain-overlay {\n' +
    '        background-image: url("https://lh3.googleusercontent.com/aida-public/AB6AXuDj3jyhb5qrY9ftxHnrNvrsFKao8TM0oQEN-ok12uccMAR-UKuMiR_cRE9gSPXoUXKQxFKd525138SuXUi4FNfPS3PFBUYRVSr2q10wsPN_lZRhicd6Nap5a6TZeIUApMMx5XJRJ6F2bUNeAvhXPhqtb04obGn3XcKxdVDiqWPgSAGT0gHeahJFX-o0Uw55m0dk_Xn0-rnFEVA7Oqys3EmmQ1QCXmqUG5UDo_x3jTRCJLYWbjn-UjdXofuwFD9Jx_83dpV0WB6GZWrq");\n' +
    '        opacity: 0.03;\n' +
    '        pointer-events: none;\n' +
    '      }\n' +
    '      .mote-blur {\n' +
    '        filter: blur(80px);\n' +
    '      }\n' +
    '      .glow-pulse {\n' +
    '        filter: drop-shadow(0 0 20px rgba(255, 255, 255, 0.1));\n' +
    '      }\n' +
    '      .light-rill {\n' +
    '        background: linear-gradient(to bottom, transparent, rgba(202, 230, 255, 0.2), transparent);\n' +
    '      }\n' +
    '      .shard-blur {\n' +
    '        backdrop-filter: blur(40px);\n' +
    '        -webkit-backdrop-filter: blur(40px);\n' +
    '      }\n' +
    '    </style>\n' +
    '  \n' +
    '    \n' +
    '    <script>\n' +
    '      (function() {\n' +
    '        var jobId = "job_1776315926117_sjhy5qdpf";\n' +
    '        var redirectUrl = "/artifact?id=T3NsbzoxOTg3&place=Oslo&year=1987&jobId=job_1776315926117_sjhy5qdpf";\n' +
    '        var maxAttempts = 60;\n' +
    '        var attempts = 0;\n' +
    '        \n' +
    '        function updateProgress(state) {\n' +
    '          var baseVal = 0;\n' +
    '          if (state === "failed") baseVal = -1;\n' +
    '          else if (state === "completed") baseVal = 100;\n' +
    '          else if (state === "EVIDENCE") baseVal = 10;\n' +
    '          else if (state === "NORMALIZING") baseVal = 20;\n' +
    '          else if (state === "PLANNING") baseVal = 40;\n' +
    '          else if (state === "PROMPTS") baseVal = 60;\n' +
    '          else if (state === "GENERATING") baseVal = 80;\n' +
    '          else if (state === "STORING") baseVal = 90;\n' +
    '\n' +
    `          document.getElementById('prog-1').innerText = Math.min(100, Math.floor(baseVal * 1.5)) + "%";\n` +
    `          document.getElementById('prog-2').innerText = Math.min(100, Math.floor(baseVal * 1.1)) + "%";\n` +
    `          document.getElementById('prog-3').innerText = Math.min(100, Math.floor(baseVal * 0.8)) + "%";\n` +
    '        }\n' +
    '        \n' +
    '        function checkStatus() {\n' +
    '          fetch("/job/status?id=" + jobId)\n' +
    '            .then(function(r) { return r.json(); })\n' +
    '            .then(function(data) {\n' +
    '              attempts++;\n' +
    '              if (data.state === "completed") {\n' +
    '                window.location.href = redirectUrl + "&generated=true&jobId=" + jobId;\n' +
    '              } else if (data.state === "failed") {\n' +
    '                window.location.href = "/?error=" + encodeURIComponent(data.error || "generation failed");\n' +
    '              } else if (attempts >= maxAttempts) {\n' +
    '                window.location.href = redirectUrl;\n' +
    '              } else {\n' +
    '                updateProgress(data.state);\n' +
    '                setTimeout(checkStatus, 2500);\n' +
    '              }\n' +
    '            })\n' +
    '            .catch(function() {\n' +
    '              setTimeout(checkStatus, 2500);\n' +
    '            });\n' +
    '        }\n' +
    '        \n' +
    '        setTimeout(checkStatus, 2000);\n' +
    '      })();\n' +
    '    </script>\n' +
    '  \n' +
    '  </head>\n' +
    '  <body class="bg-[#050505] text-on-background font-body selection:bg-tertiary/30 overflow-hidden h-screen w-screen relative">\n' +
    '    \n' +
    '    <!-- Fog and Grain Layers -->\n' +
    '    <div class="fixed inset-0 grain-overlay z-10"></div>\n' +
    '    <div class="fixed inset-0 bg-gradient-to-tr from-[#050505] via-transparent to-[#0e0e0e] z-0"></div>\n' +
    '    \n' +
    '    <!-- Top Navigation Anchor (Shared Component: TopAppBar) -->\n' +
    '    <header class="fixed top-0 left-0 w-full z-50 flex justify-between items-center px-10 py-8 bg-[#050505]/60 backdrop-blur-2xl">\n' +
    '        <div class="flex items-center gap-4">\n' +
    '            <a href="/" class="text-white hover:text-cyan-400 transition-all duration-700 ease-in-out active:opacity-70">\n' +
    '                <span class="material-symbols-outlined">close</span>\n' +
    '            </a>\n' +
    '        </div>\n' +
    '        <h1 class="text-xl font-headline italic text-white tracking-[0.2em] uppercase">Séance</h1>\n' +
    '        <div class="flex items-center gap-4">\n' +
    '            <!-- Hidden equivalent to balance spacing -->\n' +
    '            <button class="text-transparent disabled pointer-events-none">\n' +
    '                <span class="material-symbols-outlined">more_vert</span>\n' +
    '            </button>\n' +
    '        </div>\n' +
    '    </header>\n' +
    '\n' +
    '    <!-- Main Content: The Synthesis Canvas -->\n' +
    '    <main class="relative z-20 h-full w-full flex flex-col items-center justify-center">\n' +
    '        <!-- Spectral Orbs (Motes) -->\n' +
    '        <div class="absolute inset-0 flex items-center justify-center overflow-hidden pointer-events-none">\n' +
    '            <!-- Ambient Bed Mote (Deep Violet) -->\n' +
    '            <div class="absolute w-[45vw] h-[45vw] rounded-full bg-indigo-900/20 mote-blur translate-x-[-15%] translate-y-[-10%] opacity-60"></div>\n' +
    '            <!-- Events Mote (Cool Cyan) -->\n' +
    '            <div class="absolute w-[35vw] h-[35vw] rounded-full bg-cyan-900/20 mote-blur translate-x-[20%] translate-y-[15%] opacity-50"></div>\n' +
    '            <!-- Texture Mote (Misty White) -->\n' +
    '            <div class="absolute w-[40vw] h-[40vw] rounded-full bg-zinc-400/10 mote-blur translate-x-[-5%] translate-y-[20%] opacity-40"></div>\n' +
    '        </div>\n' +
    '\n' +
    '        <!-- Central Status Display -->\n' +
    '        <div class="relative flex flex-col items-center text-center space-y-16">\n' +
    '            <div class="space-y-4">\n' +
    '                <p class="font-label uppercase text-[10px] tracking-[0.4em] text-on-surface-variant/60">Synthesis in Progress</p>\n' +
    '                <h2 class="font-headline italic text-4xl md:text-5xl lg:text-6xl text-primary tracking-tight">Extracting echoes from 1987...</h2>\n' +
    '            </div>\n' +
    '            \n' +
    '            <!-- Layers Progress (The Biological Process) -->\n' +
    '            <div class="grid grid-cols-1 gap-12 w-full max-w-xl px-6">\n' +
    '                <!-- Ambient Bed -->\n' +
    '                <div class="group flex flex-col items-center space-y-3">\n' +
    '                    <div class="flex justify-between w-full items-end pb-1">\n' +
    '                        <span class="font-headline italic text-lg text-on-surface group-hover:text-primary transition-colors">Ambient Bed</span>\n' +
    '                        <span id="prog-1" class="font-label text-sm tracking-widest text-on-surface-variant drop-shadow-[0_0_10px_rgba(255,255,255,0.3)]">0%</span>\n' +
    '            '... 3011 more characters
  
      at TestContext.<anonymous> (file:///home/srinivas/workspace/github.com/sivaratrisrinivas/seance/test/ritual-flow-e2e.test.js:55:10)
      at process.processTicksAndRejections (node:internal/process/task_queues:104:5)
      at async Test.run (node:internal/test_runner/test:1208:7)
      at async Test.processPendingSubtests (node:internal/test_runner/test:831:7) {
    generatedMessage: true,
    code: 'ERR_ASSERTION',
    actual: `<!doctype html>\n<html lang="en" class="dark">\n  <head>\n    <meta charset="utf-8" />\n    <meta name="viewport" content="width=device-width, initial-scale=1.0" />\n    <title>Séance - Synthesis</title>\n    \n    <script src="https://cdn.tailwindcss.com?plugins=forms,container-queries"></script>\n    <link href="https://fonts.googleapis.com/css2?family=Noto+Serif:ital,wght@0,300;0,400;0,700;1,300;1,400;1,700&family=Space+Grotesk:wght@300;400;500;700&display=swap" rel="stylesheet" />\n    <link href="https://fonts.googleapis.com/css2?family=Material+Symbols+Outlined:wght,FILL@100..700,0..1&display=swap" rel="stylesheet" />\n    <script id="tailwind-config">\n      tailwind.config = {\n        darkMode: "class",\n        theme: {\n          extend: {\n            "colors": {\n              "primary-fixed": "#735a39",\n              "on-primary-container": "#000000",\n              "outline": "#919191",\n              "on-background": "#e5e2e1",\n              "inverse-surface": "#e5e2e1",\n              "error": "#ffb4ab",\n              "surface-dim": "#131313",\n              "on-secondary-fixed-variant": "#3c3b3b",\n              "secondary-fixed-dim": "#adabaa",\n              "surface-container-highest": "#353534",\n              "on-tertiary-container": "#000000",\n              "surface-container-low": "#1c1b1b",\n              "primary-container": "#f0cfa5",\n              "tertiary-fixed-dim": "#004b70",\n              "primary-fixed-dim": "#594323",\n              "on-primary-fixed-variant": "#ffddb2",\n              "outline-variant": "#474747",\n              "on-surface-variant": "#c6c6c6",\n              "inverse-on-surface": "#313030",\n              "tertiary-container": "#5997c4",\n              "surface-container-lowest": "#0e0e0e",\n              "on-tertiary": "#001e30",\n              "secondary-fixed": "#c9c6c5",\n              "surface-variant": "#353534",\n              "on-surface": "#e5e2e1",\n              "primary": "#ffffff",\n              "on-primary": "#291800",\n              "tertiary": "#cae6ff",\n              "surface-container": "#201f1f",\n              "on-secondary-container": "#e5e2e1",\n              "on-error-container": "#ffdad6",\n              "on-error": "#690005",\n              "tertiary-fixed": "#1c648e",\n              "surface-tint": "#e1c198",\n              "on-secondary-fixed": "#1c1b1b",\n              "on-tertiary-fixed": "#ffffff",\n              "on-secondary": "#1c1b1b",\n              "inverse-primary": "#735a39",\n              "on-primary-fixed": "#ffffff",\n              "secondary-container": "#474646",\n              "background": "#050505",\n              "surface-bright": "#3a3939",\n              "surface": "#131313",\n              "error-container": "#93000a",\n              "surface-container-high": "#2a2a2a",\n              "secondary": "#c9c6c5",\n              "on-tertiary-fixed-variant": "#cae6ff"\n            },\n            "fontFamily": {\n              "headline": ["Noto Serif", "serif"],\n              "body": ["Space Grotesk", "sans-serif"],\n              "label": ["Space Grotesk", "sans-serif"]\n            }\n          }\n        }\n      }\n    </script>\n    <style>\n      body {\n        min-height: max(884px, 100dvh);\n        overflow: hidden;\n      }\n      .material-symbols-outlined {\n        font-variation-settings: 'FILL' 0, 'wght' 200, 'GRAD' 0, 'opsz' 24;\n      }\n      .obsidian-void {\n        background: radial-gradient(circle at center, #1a1a1a 0%, #050505 100%);\n      }\n      .needle-line {\n        height: 0.5px;\n        background: linear-gradient(90deg, transparent 0%, rgba(255,255,255,0.2) 50%, transparent 100%);\n      }\n      .spectral-glow {\n        text-shadow: 0 0 15px rgba(255, 255, 255, 0.4);\n      }\n      .vertical-text {\n        writing-mode: vertical-rl;\n        text-orientation: mixed;\n      }\n      .smoke-blur {\n        filter: blur(40px);\n        background: radial-gradient(circle, rgba(202, 230, 255, 0.08) 0%, transparent 70%);\n      }\n      .grain-overlay {\n        background-image: url("https://lh3.googleusercontent.com/aida-public/AB6AXuDj3jyhb5qrY9ftxHnrNvrsFKao8TM0oQEN-ok12uccMAR-UKuMiR_cRE9gSPXoUXKQxFKd525138SuXUi4FNfPS3PFBUYRVSr2q10wsPN_lZRhicd6Nap5a6TZeIUApMMx5XJRJ6F2bUNeAvhXPhqtb04obGn3XcKxdVDiqWPgSAGT0gHeahJFX-o0Uw55m0dk_Xn0-rnFEVA7Oqys3EmmQ1QCXmqUG5UDo_x3jTRCJLYWbjn-UjdXofuwFD9Jx_83dpV0WB6GZWrq");\n        opacity: 0.03;\n        pointer-events: none;\n      }\n      .mote-blur {\n        filter: blur(80px);\n      }\n      .glow-pulse {\n        filter: drop-shadow(0 0 20px rgba(255, 255, 255, 0.1));\n      }\n      .light-rill {\n        background: linear-gradient(to bottom, transparent, rgba(202, 230, 255, 0.2), transparent);\n      }\n      .shard-blur {\n        backdrop-filter: blur(40px);\n        -webkit-backdrop-filter: blur(40px);\n      }\n    </style>\n  \n    \n    <script>\n      (function() {\n        var jobId = "job_1776315926117_sjhy5qdpf";\n        var redirectUrl = "/artifact?id=T3NsbzoxOTg3&place=Oslo&year=1987&jobId=job_1776315926117_sjhy5qdpf";\n        var maxAttempts = 60;\n        var attempts = 0;\n        \n        function updateProgress(state) {\n          var baseVal = 0;\n          if (state === "failed") baseVal = -1;\n          else if (state === "completed") baseVal = 100;\n          else if (state === "EVIDENCE") baseVal = 10;\n          else if (state === "NORMALIZING") baseVal = 20;\n          else if (state === "PLANNING") baseVal = 40;\n          else if (state === "PROMPTS") baseVal = 60;\n          else if (state === "GENERATING") baseVal = 80;\n          else if (state === "STORING") baseVal = 90;\n\n          document.getElementById('prog-1').innerText = Math.min(100, Math.floor(baseVal * 1.5)) + "%";\n          document.getElementById('prog-2').innerText = Math.min(100, Math.floor(baseVal * 1.1)) + "%";\n          document.getElementById('prog-3').innerText = Math.min(100, Math.floor(baseVal * 0.8)) + "%";\n        }\n        \n        function checkStatus() {\n          fetch("/job/status?id=" + jobId)\n            .then(function(r) { return r.json(); })\n            .then(function(data) {\n              attempts++;\n              if (data.state === "completed") {\n                window.location.href = redirectUrl + "&generated=true&jobId=" + jobId;\n              } else if (data.state === "failed") {\n                window.location.href = "/?error=" + encodeURIComponent(data.error || "generation failed");\n              } else if (attempts >= maxAttempts) {\n                window.location.href = redirectUrl;\n              } else {\n                updateProgress(data.state);\n                setTimeout(checkStatus, 2500);\n              }\n            })\n            .catch(function() {\n              setTimeout(checkStatus, 2500);\n            });\n        }\n        \n        setTimeout(checkStatus, 2000);\n      })();\n    </script>\n  \n  </head>\n  <body class="bg-[#050505] text-on-background font-body selection:bg-tertiary/30 overflow-hidden h-screen w-screen relative">\n    \n    <!-- Fog and Grain Layers -->\n    <div class="fixed inset-0 grain-overlay z-10"></div>\n    <div class="fixed inset-0 bg-gradient-to-tr from-[#050505] via-transparent to-[#0e0e0e] z-0"></div>\n    \n    <!-- Top Navigation Anchor (Shared Component: TopAppBar) -->\n    <header class="fixed top-0 left-0 w-full z-50 flex justify-between items-center px-10 py-8 bg-[#050505]/60 backdrop-blur-2xl">\n        <div class="flex items-center gap-4">\n            <a href="/" class="text-white hover:text-cyan-400 transition-all duration-700 ease-in-out active:opacity-70">\n                <span class="material-symbols-outlined">close</span>\n            </a>\n        </div>\n        <h1 class="text-xl font-headline italic text-white tracking-[0.2em] uppercase">Séance</h1>\n        <div class="flex items-center gap-4">\n            <!-- Hidden equivalent to balance spacing -->\n            <button class="text-transparent disabled pointer-events-none">\n                <span class="material-symbols-outlined">more_vert</span>\n            </button>\n        </div>\n    </header>\n\n    <!-- Main Content: The Synthesis Canvas -->\n    <main class="relative z-20 h-full w-full flex flex-col items-center justify-center">\n        <!-- Spectral Orbs (Motes) -->\n        <div class="absolute inset-0 flex items-center justify-center overflow-hidden pointer-events-none">\n            <!-- Ambient Bed Mote (Deep Violet) -->\n            <div class="absolute w-[45vw] h-[45vw] rounded-full bg-indigo-900/20 mote-blur translate-x-[-15%] translate-y-[-10%] opacity-60"></div>\n            <!-- Events Mote (Cool Cyan) -->\n            <div class="absolute w-[35vw] h-[35vw] rounded-full bg-cyan-900/20 mote-blur translate-x-[20%] translate-y-[15%] opacity-50"></div>\n            <!-- Texture Mote (Misty White) -->\n            <div class="absolute w-[40vw] h-[40vw] rounded-full bg-zinc-400/10 mote-blur translate-x-[-5%] translate-y-[20%] opacity-40"></div>\n        </div>\n\n        <!-- Central Status Display -->\n        <div class="relative flex flex-col items-center text-center space-y-16">\n            <div class="space-y-4">\n                <p class="font-label uppercase text-[10px] tracking-[0.4em] text-on-surface-variant/60">Synthesis in Progress</p>\n                <h2 class="font-headline italic text-4xl md:text-5xl lg:text-6xl text-primary tracking-tight">Extracting echoes from 1987...</h2>\n            </div>\n            \n            <!-- Layers Progress (The Biological Process) -->\n            <div class="grid grid-cols-1 gap-12 w-full max-w-xl px-6">\n                <!-- Ambient Bed -->\n                <div class="group flex flex-col items-center space-y-3">\n                    <div class="flex justify-between w-full items-end pb-1">\n                        <span class="font-headline italic text-lg text-on-surface group-hover:text-primary transition-colors">Ambient Bed</span>\n                        <span id="prog-1" class="font-label text-sm tracking-widest text-on-surface-variant drop-shadow-[0_0_10px_rgba(255,255,255,0.3)]">0%</span>\n            `... 3011 more characters,
    expected: /Locating place in time/,
    operator: 'match',
    diff: 'simple'
  }

test at test/ritual-flow-e2e.test.js:80:1
✖ artifact page shows Recovered from for turbopuffer-cached artifacts (416.768799ms)
  AssertionError [ERR_ASSERTION]: The input did not match the regular expression /Recovered from prior reconstruction/. Input:
  
  '<!doctype html>\n' +
    '<html lang="en" class="dark">\n' +
    '  <head>\n' +
    '    <meta charset="utf-8" />\n' +
    '    <meta name="viewport" content="width=device-width, initial-scale=1.0" />\n' +
    '    <title>Séance - Vox Aeterna</title>\n' +
    '    \n' +
    '    <script src="https://cdn.tailwindcss.com?plugins=forms,container-queries"></script>\n' +
    '    <link href="https://fonts.googleapis.com/css2?family=Noto+Serif:ital,wght@0,300;0,400;0,700;1,300;1,400;1,700&family=Space+Grotesk:wght@300;400;500;700&display=swap" rel="stylesheet" />\n' +
    '    <link href="https://fonts.googleapis.com/css2?family=Material+Symbols+Outlined:wght,FILL@100..700,0..1&display=swap" rel="stylesheet" />\n' +
    '    <script id="tailwind-config">\n' +
    '      tailwind.config = {\n' +
    '        darkMode: "class",\n' +
    '        theme: {\n' +
    '          extend: {\n' +
    '            "colors": {\n' +
    '              "primary-fixed": "#735a39",\n' +
    '              "on-primary-container": "#000000",\n' +
    '              "outline": "#919191",\n' +
    '              "on-background": "#e5e2e1",\n' +
    '              "inverse-surface": "#e5e2e1",\n' +
    '              "error": "#ffb4ab",\n' +
    '              "surface-dim": "#131313",\n' +
    '              "on-secondary-fixed-variant": "#3c3b3b",\n' +
    '              "secondary-fixed-dim": "#adabaa",\n' +
    '              "surface-container-highest": "#353534",\n' +
    '              "on-tertiary-container": "#000000",\n' +
    '              "surface-container-low": "#1c1b1b",\n' +
    '              "primary-container": "#f0cfa5",\n' +
    '              "tertiary-fixed-dim": "#004b70",\n' +
    '              "primary-fixed-dim": "#594323",\n' +
    '              "on-primary-fixed-variant": "#ffddb2",\n' +
    '              "outline-variant": "#474747",\n' +
    '              "on-surface-variant": "#c6c6c6",\n' +
    '              "inverse-on-surface": "#313030",\n' +
    '              "tertiary-container": "#5997c4",\n' +
    '              "surface-container-lowest": "#0e0e0e",\n' +
    '              "on-tertiary": "#001e30",\n' +
    '              "secondary-fixed": "#c9c6c5",\n' +
    '              "surface-variant": "#353534",\n' +
    '              "on-surface": "#e5e2e1",\n' +
    '              "primary": "#ffffff",\n' +
    '              "on-primary": "#291800",\n' +
    '              "tertiary": "#cae6ff",\n' +
    '              "surface-container": "#201f1f",\n' +
    '              "on-secondary-container": "#e5e2e1",\n' +
    '              "on-error-container": "#ffdad6",\n' +
    '              "on-error": "#690005",\n' +
    '              "tertiary-fixed": "#1c648e",\n' +
    '              "surface-tint": "#e1c198",\n' +
    '              "on-secondary-fixed": "#1c1b1b",\n' +
    '              "on-tertiary-fixed": "#ffffff",\n' +
    '              "on-secondary": "#1c1b1b",\n' +
    '              "inverse-primary": "#735a39",\n' +
    '              "on-primary-fixed": "#ffffff",\n' +
    '              "secondary-container": "#474646",\n' +
    '              "background": "#050505",\n' +
    '              "surface-bright": "#3a3939",\n' +
    '              "surface": "#131313",\n' +
    '              "error-container": "#93000a",\n' +
    '              "surface-container-high": "#2a2a2a",\n' +
    '              "secondary": "#c9c6c5",\n' +
    '              "on-tertiary-fixed-variant": "#cae6ff"\n' +
    '            },\n' +
    '            "fontFamily": {\n' +
    '              "headline": ["Noto Serif", "serif"],\n' +
    '              "body": ["Space Grotesk", "sans-serif"],\n' +
    '              "label": ["Space Grotesk", "sans-serif"]\n' +
    '            }\n' +
    '          }\n' +
    '        }\n' +
    '      }\n' +
    '    </script>\n' +
    '    <style>\n' +
    '      body {\n' +
    '        min-height: max(884px, 100dvh);\n' +
    '        overflow: hidden;\n' +
    '      }\n' +
    '      .material-symbols-outlined {\n' +
    "        font-variation-settings: 'FILL' 0, 'wght' 200, 'GRAD' 0, 'opsz' 24;\n" +
    '      }\n' +
    '      .obsidian-void {\n' +
    '        background: radial-gradient(circle at center, #1a1a1a 0%, #050505 100%);\n' +
    '      }\n' +
    '      .needle-line {\n' +
    '        height: 0.5px;\n' +
    '        background: linear-gradient(90deg, transparent 0%, rgba(255,255,255,0.2) 50%, transparent 100%);\n' +
    '      }\n' +
    '      .spectral-glow {\n' +
    '        text-shadow: 0 0 15px rgba(255, 255, 255, 0.4);\n' +
    '      }\n' +
    '      .vertical-text {\n' +
    '        writing-mode: vertical-rl;\n' +
    '        text-orientation: mixed;\n' +
    '      }\n' +
    '      .smoke-blur {\n' +
    '        filter: blur(40px);\n' +
    '        background: radial-gradient(circle, rgba(202, 230, 255, 0.08) 0%, transparent 70%);\n' +
    '      }\n' +
    '      .grain-overlay {\n' +
    '        background-image: url("https://lh3.googleusercontent.com/aida-public/AB6AXuDj3jyhb5qrY9ftxHnrNvrsFKao8TM0oQEN-ok12uccMAR-UKuMiR_cRE9gSPXoUXKQxFKd525138SuXUi4FNfPS3PFBUYRVSr2q10wsPN_lZRhicd6Nap5a6TZeIUApMMx5XJRJ6F2bUNeAvhXPhqtb04obGn3XcKxdVDiqWPgSAGT0gHeahJFX-o0Uw55m0dk_Xn0-rnFEVA7Oqys3EmmQ1QCXmqUG5UDo_x3jTRCJLYWbjn-UjdXofuwFD9Jx_83dpV0WB6GZWrq");\n' +
    '        opacity: 0.03;\n' +
    '        pointer-events: none;\n' +
    '      }\n' +
    '      .mote-blur {\n' +
    '        filter: blur(80px);\n' +
    '      }\n' +
    '      .glow-pulse {\n' +
    '        filter: drop-shadow(0 0 20px rgba(255, 255, 255, 0.1));\n' +
    '      }\n' +
    '      .light-rill {\n' +
    '        background: linear-gradient(to bottom, transparent, rgba(202, 230, 255, 0.2), transparent);\n' +
    '      }\n' +
    '      .shard-blur {\n' +
    '        backdrop-filter: blur(40px);\n' +
    '        -webkit-backdrop-filter: blur(40px);\n' +
    '      }\n' +
    '    </style>\n' +
    '  \n' +
    '  </head>\n' +
    '  <body class="bg-[#050505] text-on-background font-body selection:bg-tertiary/30 min-h-screen overflow-x-hidden relative">\n' +
    '    \n' +
    '    <!-- Fog and Grain Layers -->\n' +
    '    <div class="fixed inset-0 grain-overlay z-10 pointer-events-none"></div>\n' +
    '    <div class="fixed inset-0 bg-[radial-gradient(ellipse_at_center,_var(--tw-gradient-stops))] from-[#0a0a0a] via-[#050505] to-black z-0 pointer-events-none"></div>\n' +
    '    \n' +
    '    <!-- Navigation -->\n' +
    '    <header class="fixed top-0 left-0 w-full z-50 flex justify-between items-center px-10 py-8 mix-blend-difference">\n' +
    '        <div class="flex items-center gap-4">\n' +
    '            <a href="/" class="text-white/60 hover:text-white transition-all duration-700 ease-in-out font-label text-xs uppercase tracking-[0.3em] truncate">\n' +
    '                Sever Connection\n' +
    '            </a>\n' +
    '        </div>\n' +
    '    </header>\n' +
    '\n' +
    '    \n' +
    '\n' +
    '    <main class="relative z-20 pt-24 pb-24 px-6 md:px-12 lg:px-24 max-w-7xl mx-auto flex flex-col min-h-[90vh] justify-center">\n' +
    '        \n' +
    '        <!-- Header Information -->\n' +
    '        <div class="grid grid-cols-1 md:grid-cols-12 gap-8 mb-16 md:mb-24">\n' +
    '            <div class="md:col-span-8 flex flex-col justify-end">\n' +
    '                <p class="font-label uppercase text-[10px] tracking-[0.4em] text-on-surface-variant/60 mb-6">Echo Recovered</p>\n' +
    '                <h1 class="font-headline italic text-4xl sm:text-5xl md:text-7xl lg:text-8xl text-primary tracking-tight leading-none mb-4 break-words">\n' +
    '                    Venice\n' +
    '                </h1>\n' +
    '                <div class="flex items-center gap-4 sm:gap-6 flex-wrap">\n' +
    '                    <span class="font-h1 text-2xl sm:text-3xl text-on-surface-variant/50">1500</span>\n' +
    '                    <div class="h-px w-12 sm:w-24 bg-white/10 hidden sm:block"></div>\n' +
    '                    <span class="font-label text-[10px] uppercase tracking-widest text-accent/70">High Confidence — Archival Convergence</span>\n' +
    '                </div>\n' +
    '            </div>\n' +
    '            \n' +
    '            <div class="md:col-span-4 flex flex-col justify-end">\n' +
    '                <p class="font-body text-sm text-on-surface-variant/70 leading-relaxed sm:text-right">\n' +
    '                    Audio projection constructed from fragmentary archival evidence.\n' +
    '                    \n' +
    '                </p>\n' +
    '            </div>\n' +
    '        </div>\n' +
    '\n' +
    '        \n' +
    '        <div class="mb-32 flex flex-col items-center justify-center opacity-30">\n' +
    '            <div class="w-24 h-24 rounded-full border border-white/10 border-dashed flex items-center justify-center mb-6">\n' +
    '                <span class="material-symbols-outlined text-4xl font-light">mic_off</span>\n' +
    '            </div>\n' +
    '            <p class="font-label uppercase tracking-widest text-xs text-center">Acoustic Shadow<br/><span class="text-[9px] opacity-70 normal-case mt-2 block">No audio layers reconstructed</span></p>\n' +
    '        </div>\n' +
    '        \n' +
    '\n' +
    '        <!-- Floating Evidence Shards -->\n' +
    '        \n' +
    '    </main>\n' +
    '    \n' +
    '  </body>\n' +
    '</html>'
  
      at TestContext.<anonymous> (file:///home/srinivas/workspace/github.com/sivaratrisrinivas/seance/test/ritual-flow-e2e.test.js:87:10)
      at process.processTicksAndRejections (node:internal/process/task_queues:104:5)
      at async Test.run (node:internal/test_runner/test:1208:7)
      at async Test.processPendingSubtests (node:internal/test_runner/test:831:7) {
    generatedMessage: true,
    code: 'ERR_ASSERTION',
    actual: `<!doctype html>\n<html lang="en" class="dark">\n  <head>\n    <meta charset="utf-8" />\n    <meta name="viewport" content="width=device-width, initial-scale=1.0" />\n    <title>Séance - Vox Aeterna</title>\n    \n    <script src="https://cdn.tailwindcss.com?plugins=forms,container-queries"></script>\n    <link href="https://fonts.googleapis.com/css2?family=Noto+Serif:ital,wght@0,300;0,400;0,700;1,300;1,400;1,700&family=Space+Grotesk:wght@300;400;500;700&display=swap" rel="stylesheet" />\n    <link href="https://fonts.googleapis.com/css2?family=Material+Symbols+Outlined:wght,FILL@100..700,0..1&display=swap" rel="stylesheet" />\n    <script id="tailwind-config">\n      tailwind.config = {\n        darkMode: "class",\n        theme: {\n          extend: {\n            "colors": {\n              "primary-fixed": "#735a39",\n              "on-primary-container": "#000000",\n              "outline": "#919191",\n              "on-background": "#e5e2e1",\n              "inverse-surface": "#e5e2e1",\n              "error": "#ffb4ab",\n              "surface-dim": "#131313",\n              "on-secondary-fixed-variant": "#3c3b3b",\n              "secondary-fixed-dim": "#adabaa",\n              "surface-container-highest": "#353534",\n              "on-tertiary-container": "#000000",\n              "surface-container-low": "#1c1b1b",\n              "primary-container": "#f0cfa5",\n              "tertiary-fixed-dim": "#004b70",\n              "primary-fixed-dim": "#594323",\n              "on-primary-fixed-variant": "#ffddb2",\n              "outline-variant": "#474747",\n              "on-surface-variant": "#c6c6c6",\n              "inverse-on-surface": "#313030",\n              "tertiary-container": "#5997c4",\n              "surface-container-lowest": "#0e0e0e",\n              "on-tertiary": "#001e30",\n              "secondary-fixed": "#c9c6c5",\n              "surface-variant": "#353534",\n              "on-surface": "#e5e2e1",\n              "primary": "#ffffff",\n              "on-primary": "#291800",\n              "tertiary": "#cae6ff",\n              "surface-container": "#201f1f",\n              "on-secondary-container": "#e5e2e1",\n              "on-error-container": "#ffdad6",\n              "on-error": "#690005",\n              "tertiary-fixed": "#1c648e",\n              "surface-tint": "#e1c198",\n              "on-secondary-fixed": "#1c1b1b",\n              "on-tertiary-fixed": "#ffffff",\n              "on-secondary": "#1c1b1b",\n              "inverse-primary": "#735a39",\n              "on-primary-fixed": "#ffffff",\n              "secondary-container": "#474646",\n              "background": "#050505",\n              "surface-bright": "#3a3939",\n              "surface": "#131313",\n              "error-container": "#93000a",\n              "surface-container-high": "#2a2a2a",\n              "secondary": "#c9c6c5",\n              "on-tertiary-fixed-variant": "#cae6ff"\n            },\n            "fontFamily": {\n              "headline": ["Noto Serif", "serif"],\n              "body": ["Space Grotesk", "sans-serif"],\n              "label": ["Space Grotesk", "sans-serif"]\n            }\n          }\n        }\n      }\n    </script>\n    <style>\n      body {\n        min-height: max(884px, 100dvh);\n        overflow: hidden;\n      }\n      .material-symbols-outlined {\n        font-variation-settings: 'FILL' 0, 'wght' 200, 'GRAD' 0, 'opsz' 24;\n      }\n      .obsidian-void {\n        background: radial-gradient(circle at center, #1a1a1a 0%, #050505 100%);\n      }\n      .needle-line {\n        height: 0.5px;\n        background: linear-gradient(90deg, transparent 0%, rgba(255,255,255,0.2) 50%, transparent 100%);\n      }\n      .spectral-glow {\n        text-shadow: 0 0 15px rgba(255, 255, 255, 0.4);\n      }\n      .vertical-text {\n        writing-mode: vertical-rl;\n        text-orientation: mixed;\n      }\n      .smoke-blur {\n        filter: blur(40px);\n        background: radial-gradient(circle, rgba(202, 230, 255, 0.08) 0%, transparent 70%);\n      }\n      .grain-overlay {\n        background-image: url("https://lh3.googleusercontent.com/aida-public/AB6AXuDj3jyhb5qrY9ftxHnrNvrsFKao8TM0oQEN-ok12uccMAR-UKuMiR_cRE9gSPXoUXKQxFKd525138SuXUi4FNfPS3PFBUYRVSr2q10wsPN_lZRhicd6Nap5a6TZeIUApMMx5XJRJ6F2bUNeAvhXPhqtb04obGn3XcKxdVDiqWPgSAGT0gHeahJFX-o0Uw55m0dk_Xn0-rnFEVA7Oqys3EmmQ1QCXmqUG5UDo_x3jTRCJLYWbjn-UjdXofuwFD9Jx_83dpV0WB6GZWrq");\n        opacity: 0.03;\n        pointer-events: none;\n      }\n      .mote-blur {\n        filter: blur(80px);\n      }\n      .glow-pulse {\n        filter: drop-shadow(0 0 20px rgba(255, 255, 255, 0.1));\n      }\n      .light-rill {\n        background: linear-gradient(to bottom, transparent, rgba(202, 230, 255, 0.2), transparent);\n      }\n      .shard-blur {\n        backdrop-filter: blur(40px);\n        -webkit-backdrop-filter: blur(40px);\n      }\n    </style>\n  \n  </head>\n  <body class="bg-[#050505] text-on-background font-body selection:bg-tertiary/30 min-h-screen overflow-x-hidden relative">\n    \n    <!-- Fog and Grain Layers -->\n    <div class="fixed inset-0 grain-overlay z-10 pointer-events-none"></div>\n    <div class="fixed inset-0 bg-[radial-gradient(ellipse_at_center,_var(--tw-gradient-stops))] from-[#0a0a0a] via-[#050505] to-black z-0 pointer-events-none"></div>\n    \n    <!-- Navigation -->\n    <header class="fixed top-0 left-0 w-full z-50 flex justify-between items-center px-10 py-8 mix-blend-difference">\n        <div class="flex items-center gap-4">\n            <a href="/" class="text-white/60 hover:text-white transition-all duration-700 ease-in-out font-label text-xs uppercase tracking-[0.3em] truncate">\n                Sever Connection\n            </a>\n        </div>\n    </header>\n\n    \n\n    <main class="relative z-20 pt-24 pb-24 px-6 md:px-12 lg:px-24 max-w-7xl mx-auto flex flex-col min-h-[90vh] justify-center">\n        \n        <!-- Header Information -->\n        <div class="grid grid-cols-1 md:grid-cols-12 gap-8 mb-16 md:mb-24">\n            <div class="md:col-span-8 flex flex-col justify-end">\n                <p class="font-label uppercase text-[10px] tracking-[0.4em] text-on-surface-variant/60 mb-6">Echo Recovered</p>\n                <h1 class="font-headline italic text-4xl sm:text-5xl md:text-7xl lg:text-8xl text-primary tracking-tight leading-none mb-4 break-words">\n                    Venice\n                </h1>\n                <div class="flex items-center gap-4 sm:gap-6 flex-wrap">\n                    <span class="font-h1 text-2xl sm:text-3xl text-on-surface-variant/50">1500</span>\n                    <div class="h-px w-12 sm:w-24 bg-white/10 hidden sm:block"></div>\n                    <span class="font-label text-[10px] uppercase tracking-widest text-accent/70">High Confidence — Archival Convergence</span>\n                </div>\n            </div>\n            \n            <div class="md:col-span-4 flex flex-col justify-end">\n                <p class="font-body text-sm text-on-surface-variant/70 leading-relaxed sm:text-right">\n                    Audio projection constructed from fragmentary archival evidence.\n                    \n                </p>\n            </div>\n        </div>\n\n        \n        <div class="mb-32 flex flex-col items-center justify-center opacity-30">\n            <div class="w-24 h-24 rounded-full border border-white/10 border-dashed flex items-center justify-center mb-6">\n                <span class="material-symbols-outlined text-4xl font-light">mic_off</span>\n            </div>\n            <p class="font-label uppercase tracking-widest text-xs text-center">Acoustic Shadow<br/><span class="text-[9px] opacity-70 normal-case mt-2 block">No audio layers reconstructed</span></p>\n        </div>\n        \n\n        <!-- Floating Evidence Shards -->\n        \n    </main>\n    \n  </body>\n</html>`,
    expected: /Recovered from prior reconstruction/,
    operator: 'match',
    diff: 'simple'
  }

test at test/ritual-flow-e2e.test.js:90:1
✖ artifact page shows Your seance for non-cached artifacts (318.2641ms)
  AssertionError [ERR_ASSERTION]: The input did not match the regular expression /Your seance/. Input:
  
  '<!doctype html>\n' +
    '<html lang="en" class="dark">\n' +
    '  <head>\n' +
    '    <meta charset="utf-8" />\n' +
    '    <meta name="viewport" content="width=device-width, initial-scale=1.0" />\n' +
    '    <title>Séance - Vox Aeterna</title>\n' +
    '    \n' +
    '    <script src="https://cdn.tailwindcss.com?plugins=forms,container-queries"></script>\n' +
    '    <link href="https://fonts.googleapis.com/css2?family=Noto+Serif:ital,wght@0,300;0,400;0,700;1,300;1,400;1,700&family=Space+Grotesk:wght@300;400;500;700&display=swap" rel="stylesheet" />\n' +
    '    <link href="https://fonts.googleapis.com/css2?family=Material+Symbols+Outlined:wght,FILL@100..700,0..1&display=swap" rel="stylesheet" />\n' +
    '    <script id="tailwind-config">\n' +
    '      tailwind.config = {\n' +
    '        darkMode: "class",\n' +
    '        theme: {\n' +
    '          extend: {\n' +
    '            "colors": {\n' +
    '              "primary-fixed": "#735a39",\n' +
    '              "on-primary-container": "#000000",\n' +
    '              "outline": "#919191",\n' +
    '              "on-background": "#e5e2e1",\n' +
    '              "inverse-surface": "#e5e2e1",\n' +
    '              "error": "#ffb4ab",\n' +
    '              "surface-dim": "#131313",\n' +
    '              "on-secondary-fixed-variant": "#3c3b3b",\n' +
    '              "secondary-fixed-dim": "#adabaa",\n' +
    '              "surface-container-highest": "#353534",\n' +
    '              "on-tertiary-container": "#000000",\n' +
    '              "surface-container-low": "#1c1b1b",\n' +
    '              "primary-container": "#f0cfa5",\n' +
    '              "tertiary-fixed-dim": "#004b70",\n' +
    '              "primary-fixed-dim": "#594323",\n' +
    '              "on-primary-fixed-variant": "#ffddb2",\n' +
    '              "outline-variant": "#474747",\n' +
    '              "on-surface-variant": "#c6c6c6",\n' +
    '              "inverse-on-surface": "#313030",\n' +
    '              "tertiary-container": "#5997c4",\n' +
    '              "surface-container-lowest": "#0e0e0e",\n' +
    '              "on-tertiary": "#001e30",\n' +
    '              "secondary-fixed": "#c9c6c5",\n' +
    '              "surface-variant": "#353534",\n' +
    '              "on-surface": "#e5e2e1",\n' +
    '              "primary": "#ffffff",\n' +
    '              "on-primary": "#291800",\n' +
    '              "tertiary": "#cae6ff",\n' +
    '              "surface-container": "#201f1f",\n' +
    '              "on-secondary-container": "#e5e2e1",\n' +
    '              "on-error-container": "#ffdad6",\n' +
    '              "on-error": "#690005",\n' +
    '              "tertiary-fixed": "#1c648e",\n' +
    '              "surface-tint": "#e1c198",\n' +
    '              "on-secondary-fixed": "#1c1b1b",\n' +
    '              "on-tertiary-fixed": "#ffffff",\n' +
    '              "on-secondary": "#1c1b1b",\n' +
    '              "inverse-primary": "#735a39",\n' +
    '              "on-primary-fixed": "#ffffff",\n' +
    '              "secondary-container": "#474646",\n' +
    '              "background": "#050505",\n' +
    '              "surface-bright": "#3a3939",\n' +
    '              "surface": "#131313",\n' +
    '              "error-container": "#93000a",\n' +
    '              "surface-container-high": "#2a2a2a",\n' +
    '              "secondary": "#c9c6c5",\n' +
    '              "on-tertiary-fixed-variant": "#cae6ff"\n' +
    '            },\n' +
    '            "fontFamily": {\n' +
    '              "headline": ["Noto Serif", "serif"],\n' +
    '              "body": ["Space Grotesk", "sans-serif"],\n' +
    '              "label": ["Space Grotesk", "sans-serif"]\n' +
    '            }\n' +
    '          }\n' +
    '        }\n' +
    '      }\n' +
    '    </script>\n' +
    '    <style>\n' +
    '      body {\n' +
    '        min-height: max(884px, 100dvh);\n' +
    '        overflow: hidden;\n' +
    '      }\n' +
    '      .material-symbols-outlined {\n' +
    "        font-variation-settings: 'FILL' 0, 'wght' 200, 'GRAD' 0, 'opsz' 24;\n" +
    '      }\n' +
    '      .obsidian-void {\n' +
    '        background: radial-gradient(circle at center, #1a1a1a 0%, #050505 100%);\n' +
    '      }\n' +
    '      .needle-line {\n' +
    '        height: 0.5px;\n' +
    '        background: linear-gradient(90deg, transparent 0%, rgba(255,255,255,0.2) 50%, transparent 100%);\n' +
    '      }\n' +
    '      .spectral-glow {\n' +
    '        text-shadow: 0 0 15px rgba(255, 255, 255, 0.4);\n' +
    '      }\n' +
    '      .vertical-text {\n' +
    '        writing-mode: vertical-rl;\n' +
    '        text-orientation: mixed;\n' +
    '      }\n' +
    '      .smoke-blur {\n' +
    '        filter: blur(40px);\n' +
    '        background: radial-gradient(circle, rgba(202, 230, 255, 0.08) 0%, transparent 70%);\n' +
    '      }\n' +
    '      .grain-overlay {\n' +
    '        background-image: url("https://lh3.googleusercontent.com/aida-public/AB6AXuDj3jyhb5qrY9ftxHnrNvrsFKao8TM0oQEN-ok12uccMAR-UKuMiR_cRE9gSPXoUXKQxFKd525138SuXUi4FNfPS3PFBUYRVSr2q10wsPN_lZRhicd6Nap5a6TZeIUApMMx5XJRJ6F2bUNeAvhXPhqtb04obGn3XcKxdVDiqWPgSAGT0gHeahJFX-o0Uw55m0dk_Xn0-rnFEVA7Oqys3EmmQ1QCXmqUG5UDo_x3jTRCJLYWbjn-UjdXofuwFD9Jx_83dpV0WB6GZWrq");\n' +
    '        opacity: 0.03;\n' +
    '        pointer-events: none;\n' +
    '      }\n' +
    '      .mote-blur {\n' +
    '        filter: blur(80px);\n' +
    '      }\n' +
    '      .glow-pulse {\n' +
    '        filter: drop-shadow(0 0 20px rgba(255, 255, 255, 0.1));\n' +
    '      }\n' +
    '      .light-rill {\n' +
    '        background: linear-gradient(to bottom, transparent, rgba(202, 230, 255, 0.2), transparent);\n' +
    '      }\n' +
    '      .shard-blur {\n' +
    '        backdrop-filter: blur(40px);\n' +
    '        -webkit-backdrop-filter: blur(40px);\n' +
    '      }\n' +
    '    </style>\n' +
    '  \n' +
    '  </head>\n' +
    '  <body class="bg-[#050505] text-on-background font-body selection:bg-tertiary/30 min-h-screen overflow-x-hidden relative">\n' +
    '    \n' +
    '    <!-- Fog and Grain Layers -->\n' +
    '    <div class="fixed inset-0 grain-overlay z-10 pointer-events-none"></div>\n' +
    '    <div class="fixed inset-0 bg-[radial-gradient(ellipse_at_center,_var(--tw-gradient-stops))] from-[#0a0a0a] via-[#050505] to-black z-0 pointer-events-none"></div>\n' +
    '    \n' +
    '    <!-- Navigation -->\n' +
    '    <header class="fixed top-0 left-0 w-full z-50 flex justify-between items-center px-10 py-8 mix-blend-difference">\n' +
    '        <div class="flex items-center gap-4">\n' +
    '            <a href="/" class="text-white/60 hover:text-white transition-all duration-700 ease-in-out font-label text-xs uppercase tracking-[0.3em] truncate">\n' +
    '                Sever Connection\n' +
    '            </a>\n' +
    '        </div>\n' +
    '    </header>\n' +
    '\n' +
    '    \n' +
    '\n' +
    '    <main class="relative z-20 pt-24 pb-24 px-6 md:px-12 lg:px-24 max-w-7xl mx-auto flex flex-col min-h-[90vh] justify-center">\n' +
    '        \n' +
    '        <!-- Header Information -->\n' +
    '        <div class="grid grid-cols-1 md:grid-cols-12 gap-8 mb-16 md:mb-24">\n' +
    '            <div class="md:col-span-8 flex flex-col justify-end">\n' +
    '                <p class="font-label uppercase text-[10px] tracking-[0.4em] text-on-surface-variant/60 mb-6">Séance Active</p>\n' +
    '                <h1 class="font-headline italic text-4xl sm:text-5xl md:text-7xl lg:text-8xl text-primary tracking-tight leading-none mb-4 break-words">\n' +
    '                    UnknownPlace\n' +
    '                </h1>\n' +
    '                <div class="flex items-center gap-4 sm:gap-6 flex-wrap">\n' +
    '                    <span class="font-h1 text-2xl sm:text-3xl text-on-surface-variant/50">1800</span>\n' +
    '                    <div class="h-px w-12 sm:w-24 bg-white/10 hidden sm:block"></div>\n' +
    '                    <span class="font-label text-[10px] uppercase tracking-widest text-accent/70">High Confidence — Archival Convergence</span>\n' +
    '                </div>\n' +
    '            </div>\n' +
    '            \n' +
    '            <div class="md:col-span-4 flex flex-col justify-end">\n' +
    '                <p class="font-body text-sm text-on-surface-variant/70 leading-relaxed sm:text-right">\n' +
    '                    Audio projection constructed from fragmentary archival evidence.\n' +
    '                    \n' +
    '                </p>\n' +
    '            </div>\n' +
    '        </div>\n' +
    '\n' +
    '        \n' +
    '        <div class="mb-32 flex flex-col items-center justify-center opacity-30">\n' +
    '            <div class="w-24 h-24 rounded-full border border-white/10 border-dashed flex items-center justify-center mb-6">\n' +
    '                <span class="material-symbols-outlined text-4xl font-light">mic_off</span>\n' +
    '            </div>\n' +
    '            <p class="font-label uppercase tracking-widest text-xs text-center">Acoustic Shadow<br/><span class="text-[9px] opacity-70 normal-case mt-2 block">No audio layers reconstructed</span></p>\n' +
    '        </div>\n' +
    '        \n' +
    '\n' +
    '        <!-- Floating Evidence Shards -->\n' +
    '        \n' +
    '    </main>\n' +
    '    \n' +
    '  </body>\n' +
    '</html>'
  
      at TestContext.<anonymous> (file:///home/srinivas/workspace/github.com/sivaratrisrinivas/seance/test/ritual-flow-e2e.test.js:97:10)
      at process.processTicksAndRejections (node:internal/process/task_queues:104:5)
      at async Test.run (node:internal/test_runner/test:1208:7)
      at async Test.processPendingSubtests (node:internal/test_runner/test:831:7) {
    generatedMessage: true,
    code: 'ERR_ASSERTION',
    actual: `<!doctype html>\n<html lang="en" class="dark">\n  <head>\n    <meta charset="utf-8" />\n    <meta name="viewport" content="width=device-width, initial-scale=1.0" />\n    <title>Séance - Vox Aeterna</title>\n    \n    <script src="https://cdn.tailwindcss.com?plugins=forms,container-queries"></script>\n    <link href="https://fonts.googleapis.com/css2?family=Noto+Serif:ital,wght@0,300;0,400;0,700;1,300;1,400;1,700&family=Space+Grotesk:wght@300;400;500;700&display=swap" rel="stylesheet" />\n    <link href="https://fonts.googleapis.com/css2?family=Material+Symbols+Outlined:wght,FILL@100..700,0..1&display=swap" rel="stylesheet" />\n    <script id="tailwind-config">\n      tailwind.config = {\n        darkMode: "class",\n        theme: {\n          extend: {\n            "colors": {\n              "primary-fixed": "#735a39",\n              "on-primary-container": "#000000",\n              "outline": "#919191",\n              "on-background": "#e5e2e1",\n              "inverse-surface": "#e5e2e1",\n              "error": "#ffb4ab",\n              "surface-dim": "#131313",\n              "on-secondary-fixed-variant": "#3c3b3b",\n              "secondary-fixed-dim": "#adabaa",\n              "surface-container-highest": "#353534",\n              "on-tertiary-container": "#000000",\n              "surface-container-low": "#1c1b1b",\n              "primary-container": "#f0cfa5",\n              "tertiary-fixed-dim": "#004b70",\n              "primary-fixed-dim": "#594323",\n              "on-primary-fixed-variant": "#ffddb2",\n              "outline-variant": "#474747",\n              "on-surface-variant": "#c6c6c6",\n              "inverse-on-surface": "#313030",\n              "tertiary-container": "#5997c4",\n              "surface-container-lowest": "#0e0e0e",\n              "on-tertiary": "#001e30",\n              "secondary-fixed": "#c9c6c5",\n              "surface-variant": "#353534",\n              "on-surface": "#e5e2e1",\n              "primary": "#ffffff",\n              "on-primary": "#291800",\n              "tertiary": "#cae6ff",\n              "surface-container": "#201f1f",\n              "on-secondary-container": "#e5e2e1",\n              "on-error-container": "#ffdad6",\n              "on-error": "#690005",\n              "tertiary-fixed": "#1c648e",\n              "surface-tint": "#e1c198",\n              "on-secondary-fixed": "#1c1b1b",\n              "on-tertiary-fixed": "#ffffff",\n              "on-secondary": "#1c1b1b",\n              "inverse-primary": "#735a39",\n              "on-primary-fixed": "#ffffff",\n              "secondary-container": "#474646",\n              "background": "#050505",\n              "surface-bright": "#3a3939",\n              "surface": "#131313",\n              "error-container": "#93000a",\n              "surface-container-high": "#2a2a2a",\n              "secondary": "#c9c6c5",\n              "on-tertiary-fixed-variant": "#cae6ff"\n            },\n            "fontFamily": {\n              "headline": ["Noto Serif", "serif"],\n              "body": ["Space Grotesk", "sans-serif"],\n              "label": ["Space Grotesk", "sans-serif"]\n            }\n          }\n        }\n      }\n    </script>\n    <style>\n      body {\n        min-height: max(884px, 100dvh);\n        overflow: hidden;\n      }\n      .material-symbols-outlined {\n        font-variation-settings: 'FILL' 0, 'wght' 200, 'GRAD' 0, 'opsz' 24;\n      }\n      .obsidian-void {\n        background: radial-gradient(circle at center, #1a1a1a 0%, #050505 100%);\n      }\n      .needle-line {\n        height: 0.5px;\n        background: linear-gradient(90deg, transparent 0%, rgba(255,255,255,0.2) 50%, transparent 100%);\n      }\n      .spectral-glow {\n        text-shadow: 0 0 15px rgba(255, 255, 255, 0.4);\n      }\n      .vertical-text {\n        writing-mode: vertical-rl;\n        text-orientation: mixed;\n      }\n      .smoke-blur {\n        filter: blur(40px);\n        background: radial-gradient(circle, rgba(202, 230, 255, 0.08) 0%, transparent 70%);\n      }\n      .grain-overlay {\n        background-image: url("https://lh3.googleusercontent.com/aida-public/AB6AXuDj3jyhb5qrY9ftxHnrNvrsFKao8TM0oQEN-ok12uccMAR-UKuMiR_cRE9gSPXoUXKQxFKd525138SuXUi4FNfPS3PFBUYRVSr2q10wsPN_lZRhicd6Nap5a6TZeIUApMMx5XJRJ6F2bUNeAvhXPhqtb04obGn3XcKxdVDiqWPgSAGT0gHeahJFX-o0Uw55m0dk_Xn0-rnFEVA7Oqys3EmmQ1QCXmqUG5UDo_x3jTRCJLYWbjn-UjdXofuwFD9Jx_83dpV0WB6GZWrq");\n        opacity: 0.03;\n        pointer-events: none;\n      }\n      .mote-blur {\n        filter: blur(80px);\n      }\n      .glow-pulse {\n        filter: drop-shadow(0 0 20px rgba(255, 255, 255, 0.1));\n      }\n      .light-rill {\n        background: linear-gradient(to bottom, transparent, rgba(202, 230, 255, 0.2), transparent);\n      }\n      .shard-blur {\n        backdrop-filter: blur(40px);\n        -webkit-backdrop-filter: blur(40px);\n      }\n    </style>\n  \n  </head>\n  <body class="bg-[#050505] text-on-background font-body selection:bg-tertiary/30 min-h-screen overflow-x-hidden relative">\n    \n    <!-- Fog and Grain Layers -->\n    <div class="fixed inset-0 grain-overlay z-10 pointer-events-none"></div>\n    <div class="fixed inset-0 bg-[radial-gradient(ellipse_at_center,_var(--tw-gradient-stops))] from-[#0a0a0a] via-[#050505] to-black z-0 pointer-events-none"></div>\n    \n    <!-- Navigation -->\n    <header class="fixed top-0 left-0 w-full z-50 flex justify-between items-center px-10 py-8 mix-blend-difference">\n        <div class="flex items-center gap-4">\n            <a href="/" class="text-white/60 hover:text-white transition-all duration-700 ease-in-out font-label text-xs uppercase tracking-[0.3em] truncate">\n                Sever Connection\n            </a>\n        </div>\n    </header>\n\n    \n\n    <main class="relative z-20 pt-24 pb-24 px-6 md:px-12 lg:px-24 max-w-7xl mx-auto flex flex-col min-h-[90vh] justify-center">\n        \n        <!-- Header Information -->\n        <div class="grid grid-cols-1 md:grid-cols-12 gap-8 mb-16 md:mb-24">\n            <div class="md:col-span-8 flex flex-col justify-end">\n                <p class="font-label uppercase text-[10px] tracking-[0.4em] text-on-surface-variant/60 mb-6">Séance Active</p>\n                <h1 class="font-headline italic text-4xl sm:text-5xl md:text-7xl lg:text-8xl text-primary tracking-tight leading-none mb-4 break-words">\n                    UnknownPlace\n                </h1>\n                <div class="flex items-center gap-4 sm:gap-6 flex-wrap">\n                    <span class="font-h1 text-2xl sm:text-3xl text-on-surface-variant/50">1800</span>\n                    <div class="h-px w-12 sm:w-24 bg-white/10 hidden sm:block"></div>\n                    <span class="font-label text-[10px] uppercase tracking-widest text-accent/70">High Confidence — Archival Convergence</span>\n                </div>\n            </div>\n            \n            <div class="md:col-span-4 flex flex-col justify-end">\n                <p class="font-body text-sm text-on-surface-variant/70 leading-relaxed sm:text-right">\n                    Audio projection constructed from fragmentary archival evidence.\n                    \n                </p>\n            </div>\n        </div>\n\n        \n        <div class="mb-32 flex flex-col items-center justify-center opacity-30">\n            <div class="w-24 h-24 rounded-full border border-white/10 border-dashed flex items-center justify-center mb-6">\n                <span class="material-symbols-outlined text-4xl font-light">mic_off</span>\n            </div>\n            <p class="font-label uppercase tracking-widest text-xs text-center">Acoustic Shadow<br/><span class="text-[9px] opacity-70 normal-case mt-2 block">No audio layers reconstructed</span></p>\n        </div>\n        \n\n        <!-- Floating Evidence Shards -->\n        \n    </main>\n    \n  </body>\n</html>`,
    expected: /Your seance/,
    operator: 'match',
    diff: 'simple'
  }

test at test/ritual-flow-e2e.test.js:100:1
✖ artifact page shows confidence badge (285.277699ms)
  AssertionError [ERR_ASSERTION]: The input did not match the regular expression /confidence-badge/. Input:
  
  '<!doctype html>\n' +
    '<html lang="en" class="dark">\n' +
    '  <head>\n' +
    '    <meta charset="utf-8" />\n' +
    '    <meta name="viewport" content="width=device-width, initial-scale=1.0" />\n' +
    '    <title>Séance - Vox Aeterna</title>\n' +
    '    \n' +
    '    <script src="https://cdn.tailwindcss.com?plugins=forms,container-queries"></script>\n' +
    '    <link href="https://fonts.googleapis.com/css2?family=Noto+Serif:ital,wght@0,300;0,400;0,700;1,300;1,400;1,700&family=Space+Grotesk:wght@300;400;500;700&display=swap" rel="stylesheet" />\n' +
    '    <link href="https://fonts.googleapis.com/css2?family=Material+Symbols+Outlined:wght,FILL@100..700,0..1&display=swap" rel="stylesheet" />\n' +
    '    <script id="tailwind-config">\n' +
    '      tailwind.config = {\n' +
    '        darkMode: "class",\n' +
    '        theme: {\n' +
    '          extend: {\n' +
    '            "colors": {\n' +
    '              "primary-fixed": "#735a39",\n' +
    '              "on-primary-container": "#000000",\n' +
    '              "outline": "#919191",\n' +
    '              "on-background": "#e5e2e1",\n' +
    '              "inverse-surface": "#e5e2e1",\n' +
    '              "error": "#ffb4ab",\n' +
    '              "surface-dim": "#131313",\n' +
    '              "on-secondary-fixed-variant": "#3c3b3b",\n' +
    '              "secondary-fixed-dim": "#adabaa",\n' +
    '              "surface-container-highest": "#353534",\n' +
    '              "on-tertiary-container": "#000000",\n' +
    '              "surface-container-low": "#1c1b1b",\n' +
    '              "primary-container": "#f0cfa5",\n' +
    '              "tertiary-fixed-dim": "#004b70",\n' +
    '              "primary-fixed-dim": "#594323",\n' +
    '              "on-primary-fixed-variant": "#ffddb2",\n' +
    '              "outline-variant": "#474747",\n' +
    '              "on-surface-variant": "#c6c6c6",\n' +
    '              "inverse-on-surface": "#313030",\n' +
    '              "tertiary-container": "#5997c4",\n' +
    '              "surface-container-lowest": "#0e0e0e",\n' +
    '              "on-tertiary": "#001e30",\n' +
    '              "secondary-fixed": "#c9c6c5",\n' +
    '              "surface-variant": "#353534",\n' +
    '              "on-surface": "#e5e2e1",\n' +
    '              "primary": "#ffffff",\n' +
    '              "on-primary": "#291800",\n' +
    '              "tertiary": "#cae6ff",\n' +
    '              "surface-container": "#201f1f",\n' +
    '              "on-secondary-container": "#e5e2e1",\n' +
    '              "on-error-container": "#ffdad6",\n' +
    '              "on-error": "#690005",\n' +
    '              "tertiary-fixed": "#1c648e",\n' +
    '              "surface-tint": "#e1c198",\n' +
    '              "on-secondary-fixed": "#1c1b1b",\n' +
    '              "on-tertiary-fixed": "#ffffff",\n' +
    '              "on-secondary": "#1c1b1b",\n' +
    '              "inverse-primary": "#735a39",\n' +
    '              "on-primary-fixed": "#ffffff",\n' +
    '              "secondary-container": "#474646",\n' +
    '              "background": "#050505",\n' +
    '              "surface-bright": "#3a3939",\n' +
    '              "surface": "#131313",\n' +
    '              "error-container": "#93000a",\n' +
    '              "surface-container-high": "#2a2a2a",\n' +
    '              "secondary": "#c9c6c5",\n' +
    '              "on-tertiary-fixed-variant": "#cae6ff"\n' +
    '            },\n' +
    '            "fontFamily": {\n' +
    '              "headline": ["Noto Serif", "serif"],\n' +
    '              "body": ["Space Grotesk", "sans-serif"],\n' +
    '              "label": ["Space Grotesk", "sans-serif"]\n' +
    '            }\n' +
    '          }\n' +
    '        }\n' +
    '      }\n' +
    '    </script>\n' +
    '    <style>\n' +
    '      body {\n' +
    '        min-height: max(884px, 100dvh);\n' +
    '        overflow: hidden;\n' +
    '      }\n' +
    '      .material-symbols-outlined {\n' +
    "        font-variation-settings: 'FILL' 0, 'wght' 200, 'GRAD' 0, 'opsz' 24;\n" +
    '      }\n' +
    '      .obsidian-void {\n' +
    '        background: radial-gradient(circle at center, #1a1a1a 0%, #050505 100%);\n' +
    '      }\n' +
    '      .needle-line {\n' +
    '        height: 0.5px;\n' +
    '        background: linear-gradient(90deg, transparent 0%, rgba(255,255,255,0.2) 50%, transparent 100%);\n' +
    '      }\n' +
    '      .spectral-glow {\n' +
    '        text-shadow: 0 0 15px rgba(255, 255, 255, 0.4);\n' +
    '      }\n' +
    '      .vertical-text {\n' +
    '        writing-mode: vertical-rl;\n' +
    '        text-orientation: mixed;\n' +
    '      }\n' +
    '      .smoke-blur {\n' +
    '        filter: blur(40px);\n' +
    '        background: radial-gradient(circle, rgba(202, 230, 255, 0.08) 0%, transparent 70%);\n' +
    '      }\n' +
    '      .grain-overlay {\n' +
    '        background-image: url("https://lh3.googleusercontent.com/aida-public/AB6AXuDj3jyhb5qrY9ftxHnrNvrsFKao8TM0oQEN-ok12uccMAR-UKuMiR_cRE9gSPXoUXKQxFKd525138SuXUi4FNfPS3PFBUYRVSr2q10wsPN_lZRhicd6Nap5a6TZeIUApMMx5XJRJ6F2bUNeAvhXPhqtb04obGn3XcKxdVDiqWPgSAGT0gHeahJFX-o0Uw55m0dk_Xn0-rnFEVA7Oqys3EmmQ1QCXmqUG5UDo_x3jTRCJLYWbjn-UjdXofuwFD9Jx_83dpV0WB6GZWrq");\n' +
    '        opacity: 0.03;\n' +
    '        pointer-events: none;\n' +
    '      }\n' +
    '      .mote-blur {\n' +
    '        filter: blur(80px);\n' +
    '      }\n' +
    '      .glow-pulse {\n' +
    '        filter: drop-shadow(0 0 20px rgba(255, 255, 255, 0.1));\n' +
    '      }\n' +
    '      .light-rill {\n' +
    '        background: linear-gradient(to bottom, transparent, rgba(202, 230, 255, 0.2), transparent);\n' +
    '      }\n' +
    '      .shard-blur {\n' +
    '        backdrop-filter: blur(40px);\n' +
    '        -webkit-backdrop-filter: blur(40px);\n' +
    '      }\n' +
    '    </style>\n' +
    '  \n' +
    '  </head>\n' +
    '  <body class="bg-[#050505] text-on-background font-body selection:bg-tertiary/30 min-h-screen overflow-x-hidden relative">\n' +
    '    \n' +
    '    <!-- Fog and Grain Layers -->\n' +
    '    <div class="fixed inset-0 grain-overlay z-10 pointer-events-none"></div>\n' +
    '    <div class="fixed inset-0 bg-[radial-gradient(ellipse_at_center,_var(--tw-gradient-stops))] from-[#0a0a0a] via-[#050505] to-black z-0 pointer-events-none"></div>\n' +
    '    \n' +
    '    <!-- Navigation -->\n' +
    '    <header class="fixed top-0 left-0 w-full z-50 flex justify-between items-center px-10 py-8 mix-blend-difference">\n' +
    '        <div class="flex items-center gap-4">\n' +
    '            <a href="/" class="text-white/60 hover:text-white transition-all duration-700 ease-in-out font-label text-xs uppercase tracking-[0.3em] truncate">\n' +
    '                Sever Connection\n' +
    '            </a>\n' +
    '        </div>\n' +
    '    </header>\n' +
    '\n' +
    '    \n' +
    '\n' +
    '    <main class="relative z-20 pt-24 pb-24 px-6 md:px-12 lg:px-24 max-w-7xl mx-auto flex flex-col min-h-[90vh] justify-center">\n' +
    '        \n' +
    '        <!-- Header Information -->\n' +
    '        <div class="grid grid-cols-1 md:grid-cols-12 gap-8 mb-16 md:mb-24">\n' +
    '            <div class="md:col-span-8 flex flex-col justify-end">\n' +
    '                <p class="font-label uppercase text-[10px] tracking-[0.4em] text-on-surface-variant/60 mb-6">Séance Active</p>\n' +
    '                <h1 class="font-headline italic text-4xl sm:text-5xl md:text-7xl lg:text-8xl text-primary tracking-tight leading-none mb-4 break-words">\n' +
    '                    Venice\n' +
    '                </h1>\n' +
    '                <div class="flex items-center gap-4 sm:gap-6 flex-wrap">\n' +
    '                    <span class="font-h1 text-2xl sm:text-3xl text-on-surface-variant/50">1500</span>\n' +
    '                    <div class="h-px w-12 sm:w-24 bg-white/10 hidden sm:block"></div>\n' +
    '                    <span class="font-label text-[10px] uppercase tracking-widest text-accent/70">High Confidence — Archival Convergence</span>\n' +
    '                </div>\n' +
    '            </div>\n' +
    '            \n' +
    '            <div class="md:col-span-4 flex flex-col justify-end">\n' +
    '                <p class="font-body text-sm text-on-surface-variant/70 leading-relaxed sm:text-right">\n' +
    '                    Audio projection constructed from fragmentary archival evidence.\n' +
    '                    \n' +
    '                </p>\n' +
    '            </div>\n' +
    '        </div>\n' +
    '\n' +
    '        \n' +
    '        <div class="mb-32 flex flex-col items-center justify-center opacity-30">\n' +
    '            <div class="w-24 h-24 rounded-full border border-white/10 border-dashed flex items-center justify-center mb-6">\n' +
    '                <span class="material-symbols-outlined text-4xl font-light">mic_off</span>\n' +
    '            </div>\n' +
    '            <p class="font-label uppercase tracking-widest text-xs text-center">Acoustic Shadow<br/><span class="text-[9px] opacity-70 normal-case mt-2 block">No audio layers reconstructed</span></p>\n' +
    '        </div>\n' +
    '        \n' +
    '\n' +
    '        <!-- Floating Evidence Shards -->\n' +
    '        \n' +
    '    </main>\n' +
    '    \n' +
    '  </body>\n' +
    '</html>'
  
      at TestContext.<anonymous> (file:///home/srinivas/workspace/github.com/sivaratrisrinivas/seance/test/ritual-flow-e2e.test.js:106:10)
      at process.processTicksAndRejections (node:internal/process/task_queues:104:5)
      at async Test.run (node:internal/test_runner/test:1208:7)
      at async Test.processPendingSubtests (node:internal/test_runner/test:831:7) {
    generatedMessage: true,
    code: 'ERR_ASSERTION',
    actual: `<!doctype html>\n<html lang="en" class="dark">\n  <head>\n    <meta charset="utf-8" />\n    <meta name="viewport" content="width=device-width, initial-scale=1.0" />\n    <title>Séance - Vox Aeterna</title>\n    \n    <script src="https://cdn.tailwindcss.com?plugins=forms,container-queries"></script>\n    <link href="https://fonts.googleapis.com/css2?family=Noto+Serif:ital,wght@0,300;0,400;0,700;1,300;1,400;1,700&family=Space+Grotesk:wght@300;400;500;700&display=swap" rel="stylesheet" />\n    <link href="https://fonts.googleapis.com/css2?family=Material+Symbols+Outlined:wght,FILL@100..700,0..1&display=swap" rel="stylesheet" />\n    <script id="tailwind-config">\n      tailwind.config = {\n        darkMode: "class",\n        theme: {\n          extend: {\n            "colors": {\n              "primary-fixed": "#735a39",\n              "on-primary-container": "#000000",\n              "outline": "#919191",\n              "on-background": "#e5e2e1",\n              "inverse-surface": "#e5e2e1",\n              "error": "#ffb4ab",\n              "surface-dim": "#131313",\n              "on-secondary-fixed-variant": "#3c3b3b",\n              "secondary-fixed-dim": "#adabaa",\n              "surface-container-highest": "#353534",\n              "on-tertiary-container": "#000000",\n              "surface-container-low": "#1c1b1b",\n              "primary-container": "#f0cfa5",\n              "tertiary-fixed-dim": "#004b70",\n              "primary-fixed-dim": "#594323",\n              "on-primary-fixed-variant": "#ffddb2",\n              "outline-variant": "#474747",\n              "on-surface-variant": "#c6c6c6",\n              "inverse-on-surface": "#313030",\n              "tertiary-container": "#5997c4",\n              "surface-container-lowest": "#0e0e0e",\n              "on-tertiary": "#001e30",\n              "secondary-fixed": "#c9c6c5",\n              "surface-variant": "#353534",\n              "on-surface": "#e5e2e1",\n              "primary": "#ffffff",\n              "on-primary": "#291800",\n              "tertiary": "#cae6ff",\n              "surface-container": "#201f1f",\n              "on-secondary-container": "#e5e2e1",\n              "on-error-container": "#ffdad6",\n              "on-error": "#690005",\n              "tertiary-fixed": "#1c648e",\n              "surface-tint": "#e1c198",\n              "on-secondary-fixed": "#1c1b1b",\n              "on-tertiary-fixed": "#ffffff",\n              "on-secondary": "#1c1b1b",\n              "inverse-primary": "#735a39",\n              "on-primary-fixed": "#ffffff",\n              "secondary-container": "#474646",\n              "background": "#050505",\n              "surface-bright": "#3a3939",\n              "surface": "#131313",\n              "error-container": "#93000a",\n              "surface-container-high": "#2a2a2a",\n              "secondary": "#c9c6c5",\n              "on-tertiary-fixed-variant": "#cae6ff"\n            },\n            "fontFamily": {\n              "headline": ["Noto Serif", "serif"],\n              "body": ["Space Grotesk", "sans-serif"],\n              "label": ["Space Grotesk", "sans-serif"]\n            }\n          }\n        }\n      }\n    </script>\n    <style>\n      body {\n        min-height: max(884px, 100dvh);\n        overflow: hidden;\n      }\n      .material-symbols-outlined {\n        font-variation-settings: 'FILL' 0, 'wght' 200, 'GRAD' 0, 'opsz' 24;\n      }\n      .obsidian-void {\n        background: radial-gradient(circle at center, #1a1a1a 0%, #050505 100%);\n      }\n      .needle-line {\n        height: 0.5px;\n        background: linear-gradient(90deg, transparent 0%, rgba(255,255,255,0.2) 50%, transparent 100%);\n      }\n      .spectral-glow {\n        text-shadow: 0 0 15px rgba(255, 255, 255, 0.4);\n      }\n      .vertical-text {\n        writing-mode: vertical-rl;\n        text-orientation: mixed;\n      }\n      .smoke-blur {\n        filter: blur(40px);\n        background: radial-gradient(circle, rgba(202, 230, 255, 0.08) 0%, transparent 70%);\n      }\n      .grain-overlay {\n        background-image: url("https://lh3.googleusercontent.com/aida-public/AB6AXuDj3jyhb5qrY9ftxHnrNvrsFKao8TM0oQEN-ok12uccMAR-UKuMiR_cRE9gSPXoUXKQxFKd525138SuXUi4FNfPS3PFBUYRVSr2q10wsPN_lZRhicd6Nap5a6TZeIUApMMx5XJRJ6F2bUNeAvhXPhqtb04obGn3XcKxdVDiqWPgSAGT0gHeahJFX-o0Uw55m0dk_Xn0-rnFEVA7Oqys3EmmQ1QCXmqUG5UDo_x3jTRCJLYWbjn-UjdXofuwFD9Jx_83dpV0WB6GZWrq");\n        opacity: 0.03;\n        pointer-events: none;\n      }\n      .mote-blur {\n        filter: blur(80px);\n      }\n      .glow-pulse {\n        filter: drop-shadow(0 0 20px rgba(255, 255, 255, 0.1));\n      }\n      .light-rill {\n        background: linear-gradient(to bottom, transparent, rgba(202, 230, 255, 0.2), transparent);\n      }\n      .shard-blur {\n        backdrop-filter: blur(40px);\n        -webkit-backdrop-filter: blur(40px);\n      }\n    </style>\n  \n  </head>\n  <body class="bg-[#050505] text-on-background font-body selection:bg-tertiary/30 min-h-screen overflow-x-hidden relative">\n    \n    <!-- Fog and Grain Layers -->\n    <div class="fixed inset-0 grain-overlay z-10 pointer-events-none"></div>\n    <div class="fixed inset-0 bg-[radial-gradient(ellipse_at_center,_var(--tw-gradient-stops))] from-[#0a0a0a] via-[#050505] to-black z-0 pointer-events-none"></div>\n    \n    <!-- Navigation -->\n    <header class="fixed top-0 left-0 w-full z-50 flex justify-between items-center px-10 py-8 mix-blend-difference">\n        <div class="flex items-center gap-4">\n            <a href="/" class="text-white/60 hover:text-white transition-all duration-700 ease-in-out font-label text-xs uppercase tracking-[0.3em] truncate">\n                Sever Connection\n            </a>\n        </div>\n    </header>\n\n    \n\n    <main class="relative z-20 pt-24 pb-24 px-6 md:px-12 lg:px-24 max-w-7xl mx-auto flex flex-col min-h-[90vh] justify-center">\n        \n        <!-- Header Information -->\n        <div class="grid grid-cols-1 md:grid-cols-12 gap-8 mb-16 md:mb-24">\n            <div class="md:col-span-8 flex flex-col justify-end">\n                <p class="font-label uppercase text-[10px] tracking-[0.4em] text-on-surface-variant/60 mb-6">Séance Active</p>\n                <h1 class="font-headline italic text-4xl sm:text-5xl md:text-7xl lg:text-8xl text-primary tracking-tight leading-none mb-4 break-words">\n                    Venice\n                </h1>\n                <div class="flex items-center gap-4 sm:gap-6 flex-wrap">\n                    <span class="font-h1 text-2xl sm:text-3xl text-on-surface-variant/50">1500</span>\n                    <div class="h-px w-12 sm:w-24 bg-white/10 hidden sm:block"></div>\n                    <span class="font-label text-[10px] uppercase tracking-widest text-accent/70">High Confidence — Archival Convergence</span>\n                </div>\n            </div>\n            \n            <div class="md:col-span-4 flex flex-col justify-end">\n                <p class="font-body text-sm text-on-surface-variant/70 leading-relaxed sm:text-right">\n                    Audio projection constructed from fragmentary archival evidence.\n                    \n                </p>\n            </div>\n        </div>\n\n        \n        <div class="mb-32 flex flex-col items-center justify-center opacity-30">\n            <div class="w-24 h-24 rounded-full border border-white/10 border-dashed flex items-center justify-center mb-6">\n                <span class="material-symbols-outlined text-4xl font-light">mic_off</span>\n            </div>\n            <p class="font-label uppercase tracking-widest text-xs text-center">Acoustic Shadow<br/><span class="text-[9px] opacity-70 normal-case mt-2 block">No audio layers reconstructed</span></p>\n        </div>\n        \n\n        <!-- Floating Evidence Shards -->\n        \n    </main>\n    \n  </body>\n</html>`,
    expected: /confidence-badge/,
    operator: 'match',
    diff: 'simple'
  }

test at test/ritual-flow-e2e.test.js:109:1
✖ artifact page shows Explore nearby timelines (316.704199ms)
  AssertionError [ERR_ASSERTION]: The input did not match the regular expression /Explore nearby timelines/. Input:
  
  '<!doctype html>\n' +
    '<html lang="en" class="dark">\n' +
    '  <head>\n' +
    '    <meta charset="utf-8" />\n' +
    '    <meta name="viewport" content="width=device-width, initial-scale=1.0" />\n' +
    '    <title>Séance - Vox Aeterna</title>\n' +
    '    \n' +
    '    <script src="https://cdn.tailwindcss.com?plugins=forms,container-queries"></script>\n' +
    '    <link href="https://fonts.googleapis.com/css2?family=Noto+Serif:ital,wght@0,300;0,400;0,700;1,300;1,400;1,700&family=Space+Grotesk:wght@300;400;500;700&display=swap" rel="stylesheet" />\n' +
    '    <link href="https://fonts.googleapis.com/css2?family=Material+Symbols+Outlined:wght,FILL@100..700,0..1&display=swap" rel="stylesheet" />\n' +
    '    <script id="tailwind-config">\n' +
    '      tailwind.config = {\n' +
    '        darkMode: "class",\n' +
    '        theme: {\n' +
    '          extend: {\n' +
    '            "colors": {\n' +
    '              "primary-fixed": "#735a39",\n' +
    '              "on-primary-container": "#000000",\n' +
    '              "outline": "#919191",\n' +
    '              "on-background": "#e5e2e1",\n' +
    '              "inverse-surface": "#e5e2e1",\n' +
    '              "error": "#ffb4ab",\n' +
    '              "surface-dim": "#131313",\n' +
    '              "on-secondary-fixed-variant": "#3c3b3b",\n' +
    '              "secondary-fixed-dim": "#adabaa",\n' +
    '              "surface-container-highest": "#353534",\n' +
    '              "on-tertiary-container": "#000000",\n' +
    '              "surface-container-low": "#1c1b1b",\n' +
    '              "primary-container": "#f0cfa5",\n' +
    '              "tertiary-fixed-dim": "#004b70",\n' +
    '              "primary-fixed-dim": "#594323",\n' +
    '              "on-primary-fixed-variant": "#ffddb2",\n' +
    '              "outline-variant": "#474747",\n' +
    '              "on-surface-variant": "#c6c6c6",\n' +
    '              "inverse-on-surface": "#313030",\n' +
    '              "tertiary-container": "#5997c4",\n' +
    '              "surface-container-lowest": "#0e0e0e",\n' +
    '              "on-tertiary": "#001e30",\n' +
    '              "secondary-fixed": "#c9c6c5",\n' +
    '              "surface-variant": "#353534",\n' +
    '              "on-surface": "#e5e2e1",\n' +
    '              "primary": "#ffffff",\n' +
    '              "on-primary": "#291800",\n' +
    '              "tertiary": "#cae6ff",\n' +
    '              "surface-container": "#201f1f",\n' +
    '              "on-secondary-container": "#e5e2e1",\n' +
    '              "on-error-container": "#ffdad6",\n' +
    '              "on-error": "#690005",\n' +
    '              "tertiary-fixed": "#1c648e",\n' +
    '              "surface-tint": "#e1c198",\n' +
    '              "on-secondary-fixed": "#1c1b1b",\n' +
    '              "on-tertiary-fixed": "#ffffff",\n' +
    '              "on-secondary": "#1c1b1b",\n' +
    '              "inverse-primary": "#735a39",\n' +
    '              "on-primary-fixed": "#ffffff",\n' +
    '              "secondary-container": "#474646",\n' +
    '              "background": "#050505",\n' +
    '              "surface-bright": "#3a3939",\n' +
    '              "surface": "#131313",\n' +
    '              "error-container": "#93000a",\n' +
    '              "surface-container-high": "#2a2a2a",\n' +
    '              "secondary": "#c9c6c5",\n' +
    '              "on-tertiary-fixed-variant": "#cae6ff"\n' +
    '            },\n' +
    '            "fontFamily": {\n' +
    '              "headline": ["Noto Serif", "serif"],\n' +
    '              "body": ["Space Grotesk", "sans-serif"],\n' +
    '              "label": ["Space Grotesk", "sans-serif"]\n' +
    '            }\n' +
    '          }\n' +
    '        }\n' +
    '      }\n' +
    '    </script>\n' +
    '    <style>\n' +
    '      body {\n' +
    '        min-height: max(884px, 100dvh);\n' +
    '        overflow: hidden;\n' +
    '      }\n' +
    '      .material-symbols-outlined {\n' +
    "        font-variation-settings: 'FILL' 0, 'wght' 200, 'GRAD' 0, 'opsz' 24;\n" +
    '      }\n' +
    '      .obsidian-void {\n' +
    '        background: radial-gradient(circle at center, #1a1a1a 0%, #050505 100%);\n' +
    '      }\n' +
    '      .needle-line {\n' +
    '        height: 0.5px;\n' +
    '        background: linear-gradient(90deg, transparent 0%, rgba(255,255,255,0.2) 50%, transparent 100%);\n' +
    '      }\n' +
    '      .spectral-glow {\n' +
    '        text-shadow: 0 0 15px rgba(255, 255, 255, 0.4);\n' +
    '      }\n' +
    '      .vertical-text {\n' +
    '        writing-mode: vertical-rl;\n' +
    '        text-orientation: mixed;\n' +
    '      }\n' +
    '      .smoke-blur {\n' +
    '        filter: blur(40px);\n' +
    '        background: radial-gradient(circle, rgba(202, 230, 255, 0.08) 0%, transparent 70%);\n' +
    '      }\n' +
    '      .grain-overlay {\n' +
    '        background-image: url("https://lh3.googleusercontent.com/aida-public/AB6AXuDj3jyhb5qrY9ftxHnrNvrsFKao8TM0oQEN-ok12uccMAR-UKuMiR_cRE9gSPXoUXKQxFKd525138SuXUi4FNfPS3PFBUYRVSr2q10wsPN_lZRhicd6Nap5a6TZeIUApMMx5XJRJ6F2bUNeAvhXPhqtb04obGn3XcKxdVDiqWPgSAGT0gHeahJFX-o0Uw55m0dk_Xn0-rnFEVA7Oqys3EmmQ1QCXmqUG5UDo_x3jTRCJLYWbjn-UjdXofuwFD9Jx_83dpV0WB6GZWrq");\n' +
    '        opacity: 0.03;\n' +
    '        pointer-events: none;\n' +
    '      }\n' +
    '      .mote-blur {\n' +
    '        filter: blur(80px);\n' +
    '      }\n' +
    '      .glow-pulse {\n' +
    '        filter: drop-shadow(0 0 20px rgba(255, 255, 255, 0.1));\n' +
    '      }\n' +
    '      .light-rill {\n' +
    '        background: linear-gradient(to bottom, transparent, rgba(202, 230, 255, 0.2), transparent);\n' +
    '      }\n' +
    '      .shard-blur {\n' +
    '        backdrop-filter: blur(40px);\n' +
    '        -webkit-backdrop-filter: blur(40px);\n' +
    '      }\n' +
    '    </style>\n' +
    '  \n' +
    '  </head>\n' +
    '  <body class="bg-[#050505] text-on-background font-body selection:bg-tertiary/30 min-h-screen overflow-x-hidden relative">\n' +
    '    \n' +
    '    <!-- Fog and Grain Layers -->\n' +
    '    <div class="fixed inset-0 grain-overlay z-10 pointer-events-none"></div>\n' +
    '    <div class="fixed inset-0 bg-[radial-gradient(ellipse_at_center,_var(--tw-gradient-stops))] from-[#0a0a0a] via-[#050505] to-black z-0 pointer-events-none"></div>\n' +
    '    \n' +
    '    <!-- Navigation -->\n' +
    '    <header class="fixed top-0 left-0 w-full z-50 flex justify-between items-center px-10 py-8 mix-blend-difference">\n' +
    '        <div class="flex items-center gap-4">\n' +
    '            <a href="/" class="text-white/60 hover:text-white transition-all duration-700 ease-in-out font-label text-xs uppercase tracking-[0.3em] truncate">\n' +
    '                Sever Connection\n' +
    '            </a>\n' +
    '        </div>\n' +
    '    </header>\n' +
    '\n' +
    '    \n' +
    '\n' +
    '    <main class="relative z-20 pt-24 pb-24 px-6 md:px-12 lg:px-24 max-w-7xl mx-auto flex flex-col min-h-[90vh] justify-center">\n' +
    '        \n' +
    '        <!-- Header Information -->\n' +
    '        <div class="grid grid-cols-1 md:grid-cols-12 gap-8 mb-16 md:mb-24">\n' +
    '            <div class="md:col-span-8 flex flex-col justify-end">\n' +
    '                <p class="font-label uppercase text-[10px] tracking-[0.4em] text-on-surface-variant/60 mb-6">Séance Active</p>\n' +
    '                <h1 class="font-headline italic text-4xl sm:text-5xl md:text-7xl lg:text-8xl text-primary tracking-tight leading-none mb-4 break-words">\n' +
    '                    Venice\n' +
    '                </h1>\n' +
    '                <div class="flex items-center gap-4 sm:gap-6 flex-wrap">\n' +
    '                    <span class="font-h1 text-2xl sm:text-3xl text-on-surface-variant/50">1500</span>\n' +
    '                    <div class="h-px w-12 sm:w-24 bg-white/10 hidden sm:block"></div>\n' +
    '                    <span class="font-label text-[10px] uppercase tracking-widest text-accent/70">High Confidence — Archival Convergence</span>\n' +
    '                </div>\n' +
    '            </div>\n' +
    '            \n' +
    '            <div class="md:col-span-4 flex flex-col justify-end">\n' +
    '                <p class="font-body text-sm text-on-surface-variant/70 leading-relaxed sm:text-right">\n' +
    '                    Audio projection constructed from fragmentary archival evidence.\n' +
    '                    \n' +
    '                </p>\n' +
    '            </div>\n' +
    '        </div>\n' +
    '\n' +
    '        \n' +
    '        <div class="mb-32 flex flex-col items-center justify-center opacity-30">\n' +
    '            <div class="w-24 h-24 rounded-full border border-white/10 border-dashed flex items-center justify-center mb-6">\n' +
    '                <span class="material-symbols-outlined text-4xl font-light">mic_off</span>\n' +
    '            </div>\n' +
    '            <p class="font-label uppercase tracking-widest text-xs text-center">Acoustic Shadow<br/><span class="text-[9px] opacity-70 normal-case mt-2 block">No audio layers reconstructed</span></p>\n' +
    '        </div>\n' +
    '        \n' +
    '\n' +
    '        <!-- Floating Evidence Shards -->\n' +
    '        \n' +
    '    </main>\n' +
    '    \n' +
    '  </body>\n' +
    '</html>'
  
      at TestContext.<anonymous> (file:///home/srinivas/workspace/github.com/sivaratrisrinivas/seance/test/ritual-flow-e2e.test.js:115:10)
      at process.processTicksAndRejections (node:internal/process/task_queues:104:5)
      at async Test.run (node:internal/test_runner/test:1208:7)
      at async Test.processPendingSubtests (node:internal/test_runner/test:831:7) {
    generatedMessage: true,
    code: 'ERR_ASSERTION',
    actual: `<!doctype html>\n<html lang="en" class="dark">\n  <head>\n    <meta charset="utf-8" />\n    <meta name="viewport" content="width=device-width, initial-scale=1.0" />\n    <title>Séance - Vox Aeterna</title>\n    \n    <script src="https://cdn.tailwindcss.com?plugins=forms,container-queries"></script>\n    <link href="https://fonts.googleapis.com/css2?family=Noto+Serif:ital,wght@0,300;0,400;0,700;1,300;1,400;1,700&family=Space+Grotesk:wght@300;400;500;700&display=swap" rel="stylesheet" />\n    <link href="https://fonts.googleapis.com/css2?family=Material+Symbols+Outlined:wght,FILL@100..700,0..1&display=swap" rel="stylesheet" />\n    <script id="tailwind-config">\n      tailwind.config = {\n        darkMode: "class",\n        theme: {\n          extend: {\n            "colors": {\n              "primary-fixed": "#735a39",\n              "on-primary-container": "#000000",\n              "outline": "#919191",\n              "on-background": "#e5e2e1",\n              "inverse-surface": "#e5e2e1",\n              "error": "#ffb4ab",\n              "surface-dim": "#131313",\n              "on-secondary-fixed-variant": "#3c3b3b",\n              "secondary-fixed-dim": "#adabaa",\n              "surface-container-highest": "#353534",\n              "on-tertiary-container": "#000000",\n              "surface-container-low": "#1c1b1b",\n              "primary-container": "#f0cfa5",\n              "tertiary-fixed-dim": "#004b70",\n              "primary-fixed-dim": "#594323",\n              "on-primary-fixed-variant": "#ffddb2",\n              "outline-variant": "#474747",\n              "on-surface-variant": "#c6c6c6",\n              "inverse-on-surface": "#313030",\n              "tertiary-container": "#5997c4",\n              "surface-container-lowest": "#0e0e0e",\n              "on-tertiary": "#001e30",\n              "secondary-fixed": "#c9c6c5",\n              "surface-variant": "#353534",\n              "on-surface": "#e5e2e1",\n              "primary": "#ffffff",\n              "on-primary": "#291800",\n              "tertiary": "#cae6ff",\n              "surface-container": "#201f1f",\n              "on-secondary-container": "#e5e2e1",\n              "on-error-container": "#ffdad6",\n              "on-error": "#690005",\n              "tertiary-fixed": "#1c648e",\n              "surface-tint": "#e1c198",\n              "on-secondary-fixed": "#1c1b1b",\n              "on-tertiary-fixed": "#ffffff",\n              "on-secondary": "#1c1b1b",\n              "inverse-primary": "#735a39",\n              "on-primary-fixed": "#ffffff",\n              "secondary-container": "#474646",\n              "background": "#050505",\n              "surface-bright": "#3a3939",\n              "surface": "#131313",\n              "error-container": "#93000a",\n              "surface-container-high": "#2a2a2a",\n              "secondary": "#c9c6c5",\n              "on-tertiary-fixed-variant": "#cae6ff"\n            },\n            "fontFamily": {\n              "headline": ["Noto Serif", "serif"],\n              "body": ["Space Grotesk", "sans-serif"],\n              "label": ["Space Grotesk", "sans-serif"]\n            }\n          }\n        }\n      }\n    </script>\n    <style>\n      body {\n        min-height: max(884px, 100dvh);\n        overflow: hidden;\n      }\n      .material-symbols-outlined {\n        font-variation-settings: 'FILL' 0, 'wght' 200, 'GRAD' 0, 'opsz' 24;\n      }\n      .obsidian-void {\n        background: radial-gradient(circle at center, #1a1a1a 0%, #050505 100%);\n      }\n      .needle-line {\n        height: 0.5px;\n        background: linear-gradient(90deg, transparent 0%, rgba(255,255,255,0.2) 50%, transparent 100%);\n      }\n      .spectral-glow {\n        text-shadow: 0 0 15px rgba(255, 255, 255, 0.4);\n      }\n      .vertical-text {\n        writing-mode: vertical-rl;\n        text-orientation: mixed;\n      }\n      .smoke-blur {\n        filter: blur(40px);\n        background: radial-gradient(circle, rgba(202, 230, 255, 0.08) 0%, transparent 70%);\n      }\n      .grain-overlay {\n        background-image: url("https://lh3.googleusercontent.com/aida-public/AB6AXuDj3jyhb5qrY9ftxHnrNvrsFKao8TM0oQEN-ok12uccMAR-UKuMiR_cRE9gSPXoUXKQxFKd525138SuXUi4FNfPS3PFBUYRVSr2q10wsPN_lZRhicd6Nap5a6TZeIUApMMx5XJRJ6F2bUNeAvhXPhqtb04obGn3XcKxdVDiqWPgSAGT0gHeahJFX-o0Uw55m0dk_Xn0-rnFEVA7Oqys3EmmQ1QCXmqUG5UDo_x3jTRCJLYWbjn-UjdXofuwFD9Jx_83dpV0WB6GZWrq");\n        opacity: 0.03;\n        pointer-events: none;\n      }\n      .mote-blur {\n        filter: blur(80px);\n      }\n      .glow-pulse {\n        filter: drop-shadow(0 0 20px rgba(255, 255, 255, 0.1));\n      }\n      .light-rill {\n        background: linear-gradient(to bottom, transparent, rgba(202, 230, 255, 0.2), transparent);\n      }\n      .shard-blur {\n        backdrop-filter: blur(40px);\n        -webkit-backdrop-filter: blur(40px);\n      }\n    </style>\n  \n  </head>\n  <body class="bg-[#050505] text-on-background font-body selection:bg-tertiary/30 min-h-screen overflow-x-hidden relative">\n    \n    <!-- Fog and Grain Layers -->\n    <div class="fixed inset-0 grain-overlay z-10 pointer-events-none"></div>\n    <div class="fixed inset-0 bg-[radial-gradient(ellipse_at_center,_var(--tw-gradient-stops))] from-[#0a0a0a] via-[#050505] to-black z-0 pointer-events-none"></div>\n    \n    <!-- Navigation -->\n    <header class="fixed top-0 left-0 w-full z-50 flex justify-between items-center px-10 py-8 mix-blend-difference">\n        <div class="flex items-center gap-4">\n            <a href="/" class="text-white/60 hover:text-white transition-all duration-700 ease-in-out font-label text-xs uppercase tracking-[0.3em] truncate">\n                Sever Connection\n            </a>\n        </div>\n    </header>\n\n    \n\n    <main class="relative z-20 pt-24 pb-24 px-6 md:px-12 lg:px-24 max-w-7xl mx-auto flex flex-col min-h-[90vh] justify-center">\n        \n        <!-- Header Information -->\n        <div class="grid grid-cols-1 md:grid-cols-12 gap-8 mb-16 md:mb-24">\n            <div class="md:col-span-8 flex flex-col justify-end">\n                <p class="font-label uppercase text-[10px] tracking-[0.4em] text-on-surface-variant/60 mb-6">Séance Active</p>\n                <h1 class="font-headline italic text-4xl sm:text-5xl md:text-7xl lg:text-8xl text-primary tracking-tight leading-none mb-4 break-words">\n                    Venice\n                </h1>\n                <div class="flex items-center gap-4 sm:gap-6 flex-wrap">\n                    <span class="font-h1 text-2xl sm:text-3xl text-on-surface-variant/50">1500</span>\n                    <div class="h-px w-12 sm:w-24 bg-white/10 hidden sm:block"></div>\n                    <span class="font-label text-[10px] uppercase tracking-widest text-accent/70">High Confidence — Archival Convergence</span>\n                </div>\n            </div>\n            \n            <div class="md:col-span-4 flex flex-col justify-end">\n                <p class="font-body text-sm text-on-surface-variant/70 leading-relaxed sm:text-right">\n                    Audio projection constructed from fragmentary archival evidence.\n                    \n                </p>\n            </div>\n        </div>\n\n        \n        <div class="mb-32 flex flex-col items-center justify-center opacity-30">\n            <div class="w-24 h-24 rounded-full border border-white/10 border-dashed flex items-center justify-center mb-6">\n                <span class="material-symbols-outlined text-4xl font-light">mic_off</span>\n            </div>\n            <p class="font-label uppercase tracking-widest text-xs text-center">Acoustic Shadow<br/><span class="text-[9px] opacity-70 normal-case mt-2 block">No audio layers reconstructed</span></p>\n        </div>\n        \n\n        <!-- Floating Evidence Shards -->\n        \n    </main>\n    \n  </body>\n</html>`,
    expected: /Explore nearby timelines/,
    operator: 'match',
    diff: 'simple'
  }

test at test/ritual-flow-e2e.test.js:118:1
✖ artifact page includes Hear again and New reconstruction actions (305.2229ms)
  AssertionError [ERR_ASSERTION]: The input did not match the regular expression /Hear again/. Input:
  
  '<!doctype html>\n' +
    '<html lang="en" class="dark">\n' +
    '  <head>\n' +
    '    <meta charset="utf-8" />\n' +
    '    <meta name="viewport" content="width=device-width, initial-scale=1.0" />\n' +
    '    <title>Séance - Vox Aeterna</title>\n' +
    '    \n' +
    '    <script src="https://cdn.tailwindcss.com?plugins=forms,container-queries"></script>\n' +
    '    <link href="https://fonts.googleapis.com/css2?family=Noto+Serif:ital,wght@0,300;0,400;0,700;1,300;1,400;1,700&family=Space+Grotesk:wght@300;400;500;700&display=swap" rel="stylesheet" />\n' +
    '    <link href="https://fonts.googleapis.com/css2?family=Material+Symbols+Outlined:wght,FILL@100..700,0..1&display=swap" rel="stylesheet" />\n' +
    '    <script id="tailwind-config">\n' +
    '      tailwind.config = {\n' +
    '        darkMode: "class",\n' +
    '        theme: {\n' +
    '          extend: {\n' +
    '            "colors": {\n' +
    '              "primary-fixed": "#735a39",\n' +
    '              "on-primary-container": "#000000",\n' +
    '              "outline": "#919191",\n' +
    '              "on-background": "#e5e2e1",\n' +
    '              "inverse-surface": "#e5e2e1",\n' +
    '              "error": "#ffb4ab",\n' +
    '              "surface-dim": "#131313",\n' +
    '              "on-secondary-fixed-variant": "#3c3b3b",\n' +
    '              "secondary-fixed-dim": "#adabaa",\n' +
    '              "surface-container-highest": "#353534",\n' +
    '              "on-tertiary-container": "#000000",\n' +
    '              "surface-container-low": "#1c1b1b",\n' +
    '              "primary-container": "#f0cfa5",\n' +
    '              "tertiary-fixed-dim": "#004b70",\n' +
    '              "primary-fixed-dim": "#594323",\n' +
    '              "on-primary-fixed-variant": "#ffddb2",\n' +
    '              "outline-variant": "#474747",\n' +
    '              "on-surface-variant": "#c6c6c6",\n' +
    '              "inverse-on-surface": "#313030",\n' +
    '              "tertiary-container": "#5997c4",\n' +
    '              "surface-container-lowest": "#0e0e0e",\n' +
    '              "on-tertiary": "#001e30",\n' +
    '              "secondary-fixed": "#c9c6c5",\n' +
    '              "surface-variant": "#353534",\n' +
    '              "on-surface": "#e5e2e1",\n' +
    '              "primary": "#ffffff",\n' +
    '              "on-primary": "#291800",\n' +
    '              "tertiary": "#cae6ff",\n' +
    '              "surface-container": "#201f1f",\n' +
    '              "on-secondary-container": "#e5e2e1",\n' +
    '              "on-error-container": "#ffdad6",\n' +
    '              "on-error": "#690005",\n' +
    '              "tertiary-fixed": "#1c648e",\n' +
    '              "surface-tint": "#e1c198",\n' +
    '              "on-secondary-fixed": "#1c1b1b",\n' +
    '              "on-tertiary-fixed": "#ffffff",\n' +
    '              "on-secondary": "#1c1b1b",\n' +
    '              "inverse-primary": "#735a39",\n' +
    '              "on-primary-fixed": "#ffffff",\n' +
    '              "secondary-container": "#474646",\n' +
    '              "background": "#050505",\n' +
    '              "surface-bright": "#3a3939",\n' +
    '              "surface": "#131313",\n' +
    '              "error-container": "#93000a",\n' +
    '              "surface-container-high": "#2a2a2a",\n' +
    '              "secondary": "#c9c6c5",\n' +
    '              "on-tertiary-fixed-variant": "#cae6ff"\n' +
    '            },\n' +
    '            "fontFamily": {\n' +
    '              "headline": ["Noto Serif", "serif"],\n' +
    '              "body": ["Space Grotesk", "sans-serif"],\n' +
    '              "label": ["Space Grotesk", "sans-serif"]\n' +
    '            }\n' +
    '          }\n' +
    '        }\n' +
    '      }\n' +
    '    </script>\n' +
    '    <style>\n' +
    '      body {\n' +
    '        min-height: max(884px, 100dvh);\n' +
    '        overflow: hidden;\n' +
    '      }\n' +
    '      .material-symbols-outlined {\n' +
    "        font-variation-settings: 'FILL' 0, 'wght' 200, 'GRAD' 0, 'opsz' 24;\n" +
    '      }\n' +
    '      .obsidian-void {\n' +
    '        background: radial-gradient(circle at center, #1a1a1a 0%, #050505 100%);\n' +
    '      }\n' +
    '      .needle-line {\n' +
    '        height: 0.5px;\n' +
    '        background: linear-gradient(90deg, transparent 0%, rgba(255,255,255,0.2) 50%, transparent 100%);\n' +
    '      }\n' +
    '      .spectral-glow {\n' +
    '        text-shadow: 0 0 15px rgba(255, 255, 255, 0.4);\n' +
    '      }\n' +
    '      .vertical-text {\n' +
    '        writing-mode: vertical-rl;\n' +
    '        text-orientation: mixed;\n' +
    '      }\n' +
    '      .smoke-blur {\n' +
    '        filter: blur(40px);\n' +
    '        background: radial-gradient(circle, rgba(202, 230, 255, 0.08) 0%, transparent 70%);\n' +
    '      }\n' +
    '      .grain-overlay {\n' +
    '        background-image: url("https://lh3.googleusercontent.com/aida-public/AB6AXuDj3jyhb5qrY9ftxHnrNvrsFKao8TM0oQEN-ok12uccMAR-UKuMiR_cRE9gSPXoUXKQxFKd525138SuXUi4FNfPS3PFBUYRVSr2q10wsPN_lZRhicd6Nap5a6TZeIUApMMx5XJRJ6F2bUNeAvhXPhqtb04obGn3XcKxdVDiqWPgSAGT0gHeahJFX-o0Uw55m0dk_Xn0-rnFEVA7Oqys3EmmQ1QCXmqUG5UDo_x3jTRCJLYWbjn-UjdXofuwFD9Jx_83dpV0WB6GZWrq");\n' +
    '        opacity: 0.03;\n' +
    '        pointer-events: none;\n' +
    '      }\n' +
    '      .mote-blur {\n' +
    '        filter: blur(80px);\n' +
    '      }\n' +
    '      .glow-pulse {\n' +
    '        filter: drop-shadow(0 0 20px rgba(255, 255, 255, 0.1));\n' +
    '      }\n' +
    '      .light-rill {\n' +
    '        background: linear-gradient(to bottom, transparent, rgba(202, 230, 255, 0.2), transparent);\n' +
    '      }\n' +
    '      .shard-blur {\n' +
    '        backdrop-filter: blur(40px);\n' +
    '        -webkit-backdrop-filter: blur(40px);\n' +
    '      }\n' +
    '    </style>\n' +
    '  \n' +
    '  </head>\n' +
    '  <body class="bg-[#050505] text-on-background font-body selection:bg-tertiary/30 min-h-screen overflow-x-hidden relative">\n' +
    '    \n' +
    '    <!-- Fog and Grain Layers -->\n' +
    '    <div class="fixed inset-0 grain-overlay z-10 pointer-events-none"></div>\n' +
    '    <div class="fixed inset-0 bg-[radial-gradient(ellipse_at_center,_var(--tw-gradient-stops))] from-[#0a0a0a] via-[#050505] to-black z-0 pointer-events-none"></div>\n' +
    '    \n' +
    '    <!-- Navigation -->\n' +
    '    <header class="fixed top-0 left-0 w-full z-50 flex justify-between items-center px-10 py-8 mix-blend-difference">\n' +
    '        <div class="flex items-center gap-4">\n' +
    '            <a href="/" class="text-white/60 hover:text-white transition-all duration-700 ease-in-out font-label text-xs uppercase tracking-[0.3em] truncate">\n' +
    '                Sever Connection\n' +
    '            </a>\n' +
    '        </div>\n' +
    '    </header>\n' +
    '\n' +
    '    \n' +
    '\n' +
    '    <main class="relative z-20 pt-24 pb-24 px-6 md:px-12 lg:px-24 max-w-7xl mx-auto flex flex-col min-h-[90vh] justify-center">\n' +
    '        \n' +
    '        <!-- Header Information -->\n' +
    '        <div class="grid grid-cols-1 md:grid-cols-12 gap-8 mb-16 md:mb-24">\n' +
    '            <div class="md:col-span-8 flex flex-col justify-end">\n' +
    '                <p class="font-label uppercase text-[10px] tracking-[0.4em] text-on-surface-variant/60 mb-6">Séance Active</p>\n' +
    '                <h1 class="font-headline italic text-4xl sm:text-5xl md:text-7xl lg:text-8xl text-primary tracking-tight leading-none mb-4 break-words">\n' +
    '                    Venice\n' +
    '                </h1>\n' +
    '                <div class="flex items-center gap-4 sm:gap-6 flex-wrap">\n' +
    '                    <span class="font-h1 text-2xl sm:text-3xl text-on-surface-variant/50">1500</span>\n' +
    '                    <div class="h-px w-12 sm:w-24 bg-white/10 hidden sm:block"></div>\n' +
    '                    <span class="font-label text-[10px] uppercase tracking-widest text-accent/70">High Confidence — Archival Convergence</span>\n' +
    '                </div>\n' +
    '            </div>\n' +
    '            \n' +
    '            <div class="md:col-span-4 flex flex-col justify-end">\n' +
    '                <p class="font-body text-sm text-on-surface-variant/70 leading-relaxed sm:text-right">\n' +
    '                    Audio projection constructed from fragmentary archival evidence.\n' +
    '                    \n' +
    '                </p>\n' +
    '            </div>\n' +
    '        </div>\n' +
    '\n' +
    '        \n' +
    '        <div class="mb-32 flex flex-col items-center justify-center opacity-30">\n' +
    '            <div class="w-24 h-24 rounded-full border border-white/10 border-dashed flex items-center justify-center mb-6">\n' +
    '                <span class="material-symbols-outlined text-4xl font-light">mic_off</span>\n' +
    '            </div>\n' +
    '            <p class="font-label uppercase tracking-widest text-xs text-center">Acoustic Shadow<br/><span class="text-[9px] opacity-70 normal-case mt-2 block">No audio layers reconstructed</span></p>\n' +
    '        </div>\n' +
    '        \n' +
    '\n' +
    '        <!-- Floating Evidence Shards -->\n' +
    '        \n' +
    '    </main>\n' +
    '    \n' +
    '  </body>\n' +
    '</html>'
  
      at TestContext.<anonymous> (file:///home/srinivas/workspace/github.com/sivaratrisrinivas/seance/test/ritual-flow-e2e.test.js:124:10)
      at process.processTicksAndRejections (node:internal/process/task_queues:104:5)
      at async Test.run (node:internal/test_runner/test:1208:7)
      at async Test.processPendingSubtests (node:internal/test_runner/test:831:7) {
    generatedMessage: true,
    code: 'ERR_ASSERTION',
    actual: `<!doctype html>\n<html lang="en" class="dark">\n  <head>\n    <meta charset="utf-8" />\n    <meta name="viewport" content="width=device-width, initial-scale=1.0" />\n    <title>Séance - Vox Aeterna</title>\n    \n    <script src="https://cdn.tailwindcss.com?plugins=forms,container-queries"></script>\n    <link href="https://fonts.googleapis.com/css2?family=Noto+Serif:ital,wght@0,300;0,400;0,700;1,300;1,400;1,700&family=Space+Grotesk:wght@300;400;500;700&display=swap" rel="stylesheet" />\n    <link href="https://fonts.googleapis.com/css2?family=Material+Symbols+Outlined:wght,FILL@100..700,0..1&display=swap" rel="stylesheet" />\n    <script id="tailwind-config">\n      tailwind.config = {\n        darkMode: "class",\n        theme: {\n          extend: {\n            "colors": {\n              "primary-fixed": "#735a39",\n              "on-primary-container": "#000000",\n              "outline": "#919191",\n              "on-background": "#e5e2e1",\n              "inverse-surface": "#e5e2e1",\n              "error": "#ffb4ab",\n              "surface-dim": "#131313",\n              "on-secondary-fixed-variant": "#3c3b3b",\n              "secondary-fixed-dim": "#adabaa",\n              "surface-container-highest": "#353534",\n              "on-tertiary-container": "#000000",\n              "surface-container-low": "#1c1b1b",\n              "primary-container": "#f0cfa5",\n              "tertiary-fixed-dim": "#004b70",\n              "primary-fixed-dim": "#594323",\n              "on-primary-fixed-variant": "#ffddb2",\n              "outline-variant": "#474747",\n              "on-surface-variant": "#c6c6c6",\n              "inverse-on-surface": "#313030",\n              "tertiary-container": "#5997c4",\n              "surface-container-lowest": "#0e0e0e",\n              "on-tertiary": "#001e30",\n              "secondary-fixed": "#c9c6c5",\n              "surface-variant": "#353534",\n              "on-surface": "#e5e2e1",\n              "primary": "#ffffff",\n              "on-primary": "#291800",\n              "tertiary": "#cae6ff",\n              "surface-container": "#201f1f",\n              "on-secondary-container": "#e5e2e1",\n              "on-error-container": "#ffdad6",\n              "on-error": "#690005",\n              "tertiary-fixed": "#1c648e",\n              "surface-tint": "#e1c198",\n              "on-secondary-fixed": "#1c1b1b",\n              "on-tertiary-fixed": "#ffffff",\n              "on-secondary": "#1c1b1b",\n              "inverse-primary": "#735a39",\n              "on-primary-fixed": "#ffffff",\n              "secondary-container": "#474646",\n              "background": "#050505",\n              "surface-bright": "#3a3939",\n              "surface": "#131313",\n              "error-container": "#93000a",\n              "surface-container-high": "#2a2a2a",\n              "secondary": "#c9c6c5",\n              "on-tertiary-fixed-variant": "#cae6ff"\n            },\n            "fontFamily": {\n              "headline": ["Noto Serif", "serif"],\n              "body": ["Space Grotesk", "sans-serif"],\n              "label": ["Space Grotesk", "sans-serif"]\n            }\n          }\n        }\n      }\n    </script>\n    <style>\n      body {\n        min-height: max(884px, 100dvh);\n        overflow: hidden;\n      }\n      .material-symbols-outlined {\n        font-variation-settings: 'FILL' 0, 'wght' 200, 'GRAD' 0, 'opsz' 24;\n      }\n      .obsidian-void {\n        background: radial-gradient(circle at center, #1a1a1a 0%, #050505 100%);\n      }\n      .needle-line {\n        height: 0.5px;\n        background: linear-gradient(90deg, transparent 0%, rgba(255,255,255,0.2) 50%, transparent 100%);\n      }\n      .spectral-glow {\n        text-shadow: 0 0 15px rgba(255, 255, 255, 0.4);\n      }\n      .vertical-text {\n        writing-mode: vertical-rl;\n        text-orientation: mixed;\n      }\n      .smoke-blur {\n        filter: blur(40px);\n        background: radial-gradient(circle, rgba(202, 230, 255, 0.08) 0%, transparent 70%);\n      }\n      .grain-overlay {\n        background-image: url("https://lh3.googleusercontent.com/aida-public/AB6AXuDj3jyhb5qrY9ftxHnrNvrsFKao8TM0oQEN-ok12uccMAR-UKuMiR_cRE9gSPXoUXKQxFKd525138SuXUi4FNfPS3PFBUYRVSr2q10wsPN_lZRhicd6Nap5a6TZeIUApMMx5XJRJ6F2bUNeAvhXPhqtb04obGn3XcKxdVDiqWPgSAGT0gHeahJFX-o0Uw55m0dk_Xn0-rnFEVA7Oqys3EmmQ1QCXmqUG5UDo_x3jTRCJLYWbjn-UjdXofuwFD9Jx_83dpV0WB6GZWrq");\n        opacity: 0.03;\n        pointer-events: none;\n      }\n      .mote-blur {\n        filter: blur(80px);\n      }\n      .glow-pulse {\n        filter: drop-shadow(0 0 20px rgba(255, 255, 255, 0.1));\n      }\n      .light-rill {\n        background: linear-gradient(to bottom, transparent, rgba(202, 230, 255, 0.2), transparent);\n      }\n      .shard-blur {\n        backdrop-filter: blur(40px);\n        -webkit-backdrop-filter: blur(40px);\n      }\n    </style>\n  \n  </head>\n  <body class="bg-[#050505] text-on-background font-body selection:bg-tertiary/30 min-h-screen overflow-x-hidden relative">\n    \n    <!-- Fog and Grain Layers -->\n    <div class="fixed inset-0 grain-overlay z-10 pointer-events-none"></div>\n    <div class="fixed inset-0 bg-[radial-gradient(ellipse_at_center,_var(--tw-gradient-stops))] from-[#0a0a0a] via-[#050505] to-black z-0 pointer-events-none"></div>\n    \n    <!-- Navigation -->\n    <header class="fixed top-0 left-0 w-full z-50 flex justify-between items-center px-10 py-8 mix-blend-difference">\n        <div class="flex items-center gap-4">\n            <a href="/" class="text-white/60 hover:text-white transition-all duration-700 ease-in-out font-label text-xs uppercase tracking-[0.3em] truncate">\n                Sever Connection\n            </a>\n        </div>\n    </header>\n\n    \n\n    <main class="relative z-20 pt-24 pb-24 px-6 md:px-12 lg:px-24 max-w-7xl mx-auto flex flex-col min-h-[90vh] justify-center">\n        \n        <!-- Header Information -->\n        <div class="grid grid-cols-1 md:grid-cols-12 gap-8 mb-16 md:mb-24">\n            <div class="md:col-span-8 flex flex-col justify-end">\n                <p class="font-label uppercase text-[10px] tracking-[0.4em] text-on-surface-variant/60 mb-6">Séance Active</p>\n                <h1 class="font-headline italic text-4xl sm:text-5xl md:text-7xl lg:text-8xl text-primary tracking-tight leading-none mb-4 break-words">\n                    Venice\n                </h1>\n                <div class="flex items-center gap-4 sm:gap-6 flex-wrap">\n                    <span class="font-h1 text-2xl sm:text-3xl text-on-surface-variant/50">1500</span>\n                    <div class="h-px w-12 sm:w-24 bg-white/10 hidden sm:block"></div>\n                    <span class="font-label text-[10px] uppercase tracking-widest text-accent/70">High Confidence — Archival Convergence</span>\n                </div>\n            </div>\n            \n            <div class="md:col-span-4 flex flex-col justify-end">\n                <p class="font-body text-sm text-on-surface-variant/70 leading-relaxed sm:text-right">\n                    Audio projection constructed from fragmentary archival evidence.\n                    \n                </p>\n            </div>\n        </div>\n\n        \n        <div class="mb-32 flex flex-col items-center justify-center opacity-30">\n            <div class="w-24 h-24 rounded-full border border-white/10 border-dashed flex items-center justify-center mb-6">\n                <span class="material-symbols-outlined text-4xl font-light">mic_off</span>\n            </div>\n            <p class="font-label uppercase tracking-widest text-xs text-center">Acoustic Shadow<br/><span class="text-[9px] opacity-70 normal-case mt-2 block">No audio layers reconstructed</span></p>\n        </div>\n        \n\n        <!-- Floating Evidence Shards -->\n        \n    </main>\n    \n  </body>\n</html>`,
    expected: /Hear again/,
    operator: 'match',
    diff: 'simple'
  }

test at test/ritual-flow-e2e.test.js:128:1
✖ artifact page shows Reconstructed from archival descriptions (264.392899ms)
  AssertionError [ERR_ASSERTION]: The input did not match the regular expression /Reconstructed from archival descriptions/. Input:
  
  '<!doctype html>\n' +
    '<html lang="en" class="dark">\n' +
    '  <head>\n' +
    '    <meta charset="utf-8" />\n' +
    '    <meta name="viewport" content="width=device-width, initial-scale=1.0" />\n' +
    '    <title>Séance - Vox Aeterna</title>\n' +
    '    \n' +
    '    <script src="https://cdn.tailwindcss.com?plugins=forms,container-queries"></script>\n' +
    '    <link href="https://fonts.googleapis.com/css2?family=Noto+Serif:ital,wght@0,300;0,400;0,700;1,300;1,400;1,700&family=Space+Grotesk:wght@300;400;500;700&display=swap" rel="stylesheet" />\n' +
    '    <link href="https://fonts.googleapis.com/css2?family=Material+Symbols+Outlined:wght,FILL@100..700,0..1&display=swap" rel="stylesheet" />\n' +
    '    <script id="tailwind-config">\n' +
    '      tailwind.config = {\n' +
    '        darkMode: "class",\n' +
    '        theme: {\n' +
    '          extend: {\n' +
    '            "colors": {\n' +
    '              "primary-fixed": "#735a39",\n' +
    '              "on-primary-container": "#000000",\n' +
    '              "outline": "#919191",\n' +
    '              "on-background": "#e5e2e1",\n' +
    '              "inverse-surface": "#e5e2e1",\n' +
    '              "error": "#ffb4ab",\n' +
    '              "surface-dim": "#131313",\n' +
    '              "on-secondary-fixed-variant": "#3c3b3b",\n' +
    '              "secondary-fixed-dim": "#adabaa",\n' +
    '              "surface-container-highest": "#353534",\n' +
    '              "on-tertiary-container": "#000000",\n' +
    '              "surface-container-low": "#1c1b1b",\n' +
    '              "primary-container": "#f0cfa5",\n' +
    '              "tertiary-fixed-dim": "#004b70",\n' +
    '              "primary-fixed-dim": "#594323",\n' +
    '              "on-primary-fixed-variant": "#ffddb2",\n' +
    '              "outline-variant": "#474747",\n' +
    '              "on-surface-variant": "#c6c6c6",\n' +
    '              "inverse-on-surface": "#313030",\n' +
    '              "tertiary-container": "#5997c4",\n' +
    '              "surface-container-lowest": "#0e0e0e",\n' +
    '              "on-tertiary": "#001e30",\n' +
    '              "secondary-fixed": "#c9c6c5",\n' +
    '              "surface-variant": "#353534",\n' +
    '              "on-surface": "#e5e2e1",\n' +
    '              "primary": "#ffffff",\n' +
    '              "on-primary": "#291800",\n' +
    '              "tertiary": "#cae6ff",\n' +
    '              "surface-container": "#201f1f",\n' +
    '              "on-secondary-container": "#e5e2e1",\n' +
    '              "on-error-container": "#ffdad6",\n' +
    '              "on-error": "#690005",\n' +
    '              "tertiary-fixed": "#1c648e",\n' +
    '              "surface-tint": "#e1c198",\n' +
    '              "on-secondary-fixed": "#1c1b1b",\n' +
    '              "on-tertiary-fixed": "#ffffff",\n' +
    '              "on-secondary": "#1c1b1b",\n' +
    '              "inverse-primary": "#735a39",\n' +
    '              "on-primary-fixed": "#ffffff",\n' +
    '              "secondary-container": "#474646",\n' +
    '              "background": "#050505",\n' +
    '              "surface-bright": "#3a3939",\n' +
    '              "surface": "#131313",\n' +
    '              "error-container": "#93000a",\n' +
    '              "surface-container-high": "#2a2a2a",\n' +
    '              "secondary": "#c9c6c5",\n' +
    '              "on-tertiary-fixed-variant": "#cae6ff"\n' +
    '            },\n' +
    '            "fontFamily": {\n' +
    '              "headline": ["Noto Serif", "serif"],\n' +
    '              "body": ["Space Grotesk", "sans-serif"],\n' +
    '              "label": ["Space Grotesk", "sans-serif"]\n' +
    '            }\n' +
    '          }\n' +
    '        }\n' +
    '      }\n' +
    '    </script>\n' +
    '    <style>\n' +
    '      body {\n' +
    '        min-height: max(884px, 100dvh);\n' +
    '        overflow: hidden;\n' +
    '      }\n' +
    '      .material-symbols-outlined {\n' +
    "        font-variation-settings: 'FILL' 0, 'wght' 200, 'GRAD' 0, 'opsz' 24;\n" +
    '      }\n' +
    '      .obsidian-void {\n' +
    '        background: radial-gradient(circle at center, #1a1a1a 0%, #050505 100%);\n' +
    '      }\n' +
    '      .needle-line {\n' +
    '        height: 0.5px;\n' +
    '        background: linear-gradient(90deg, transparent 0%, rgba(255,255,255,0.2) 50%, transparent 100%);\n' +
    '      }\n' +
    '      .spectral-glow {\n' +
    '        text-shadow: 0 0 15px rgba(255, 255, 255, 0.4);\n' +
    '      }\n' +
    '      .vertical-text {\n' +
    '        writing-mode: vertical-rl;\n' +
    '        text-orientation: mixed;\n' +
    '      }\n' +
    '      .smoke-blur {\n' +
    '        filter: blur(40px);\n' +
    '        background: radial-gradient(circle, rgba(202, 230, 255, 0.08) 0%, transparent 70%);\n' +
    '      }\n' +
    '      .grain-overlay {\n' +
    '        background-image: url("https://lh3.googleusercontent.com/aida-public/AB6AXuDj3jyhb5qrY9ftxHnrNvrsFKao8TM0oQEN-ok12uccMAR-UKuMiR_cRE9gSPXoUXKQxFKd525138SuXUi4FNfPS3PFBUYRVSr2q10wsPN_lZRhicd6Nap5a6TZeIUApMMx5XJRJ6F2bUNeAvhXPhqtb04obGn3XcKxdVDiqWPgSAGT0gHeahJFX-o0Uw55m0dk_Xn0-rnFEVA7Oqys3EmmQ1QCXmqUG5UDo_x3jTRCJLYWbjn-UjdXofuwFD9Jx_83dpV0WB6GZWrq");\n' +
    '        opacity: 0.03;\n' +
    '        pointer-events: none;\n' +
    '      }\n' +
    '      .mote-blur {\n' +
    '        filter: blur(80px);\n' +
    '      }\n' +
    '      .glow-pulse {\n' +
    '        filter: drop-shadow(0 0 20px rgba(255, 255, 255, 0.1));\n' +
    '      }\n' +
    '      .light-rill {\n' +
    '        background: linear-gradient(to bottom, transparent, rgba(202, 230, 255, 0.2), transparent);\n' +
    '      }\n' +
    '      .shard-blur {\n' +
    '        backdrop-filter: blur(40px);\n' +
    '        -webkit-backdrop-filter: blur(40px);\n' +
    '      }\n' +
    '    </style>\n' +
    '  \n' +
    '  </head>\n' +
    '  <body class="bg-[#050505] text-on-background font-body selection:bg-tertiary/30 min-h-screen overflow-x-hidden relative">\n' +
    '    \n' +
    '    <!-- Fog and Grain Layers -->\n' +
    '    <div class="fixed inset-0 grain-overlay z-10 pointer-events-none"></div>\n' +
    '    <div class="fixed inset-0 bg-[radial-gradient(ellipse_at_center,_var(--tw-gradient-stops))] from-[#0a0a0a] via-[#050505] to-black z-0 pointer-events-none"></div>\n' +
    '    \n' +
    '    <!-- Navigation -->\n' +
    '    <header class="fixed top-0 left-0 w-full z-50 flex justify-between items-center px-10 py-8 mix-blend-difference">\n' +
    '        <div class="flex items-center gap-4">\n' +
    '            <a href="/" class="text-white/60 hover:text-white transition-all duration-700 ease-in-out font-label text-xs uppercase tracking-[0.3em] truncate">\n' +
    '                Sever Connection\n' +
    '            </a>\n' +
    '        </div>\n' +
    '    </header>\n' +
    '\n' +
    '    \n' +
    '\n' +
    '    <main class="relative z-20 pt-24 pb-24 px-6 md:px-12 lg:px-24 max-w-7xl mx-auto flex flex-col min-h-[90vh] justify-center">\n' +
    '        \n' +
    '        <!-- Header Information -->\n' +
    '        <div class="grid grid-cols-1 md:grid-cols-12 gap-8 mb-16 md:mb-24">\n' +
    '            <div class="md:col-span-8 flex flex-col justify-end">\n' +
    '                <p class="font-label uppercase text-[10px] tracking-[0.4em] text-on-surface-variant/60 mb-6">Séance Active</p>\n' +
    '                <h1 class="font-headline italic text-4xl sm:text-5xl md:text-7xl lg:text-8xl text-primary tracking-tight leading-none mb-4 break-words">\n' +
    '                    Venice\n' +
    '                </h1>\n' +
    '                <div class="flex items-center gap-4 sm:gap-6 flex-wrap">\n' +
    '                    <span class="font-h1 text-2xl sm:text-3xl text-on-surface-variant/50">1500</span>\n' +
    '                    <div class="h-px w-12 sm:w-24 bg-white/10 hidden sm:block"></div>\n' +
    '                    <span class="font-label text-[10px] uppercase tracking-widest text-accent/70">High Confidence — Archival Convergence</span>\n' +
    '                </div>\n' +
    '            </div>\n' +
    '            \n' +
    '            <div class="md:col-span-4 flex flex-col justify-end">\n' +
    '                <p class="font-body text-sm text-on-surface-variant/70 leading-relaxed sm:text-right">\n' +
    '                    Audio projection constructed from fragmentary archival evidence.\n' +
    '                    \n' +
    '                </p>\n' +
    '            </div>\n' +
    '        </div>\n' +
    '\n' +
    '        \n' +
    '        <div class="mb-32 flex flex-col items-center justify-center opacity-30">\n' +
    '            <div class="w-24 h-24 rounded-full border border-white/10 border-dashed flex items-center justify-center mb-6">\n' +
    '                <span class="material-symbols-outlined text-4xl font-light">mic_off</span>\n' +
    '            </div>\n' +
    '            <p class="font-label uppercase tracking-widest text-xs text-center">Acoustic Shadow<br/><span class="text-[9px] opacity-70 normal-case mt-2 block">No audio layers reconstructed</span></p>\n' +
    '        </div>\n' +
    '        \n' +
    '\n' +
    '        <!-- Floating Evidence Shards -->\n' +
    '        \n' +
    '    </main>\n' +
    '    \n' +
    '  </body>\n' +
    '</html>'
  
      at TestContext.<anonymous> (file:///home/srinivas/workspace/github.com/sivaratrisrinivas/seance/test/ritual-flow-e2e.test.js:134:10)
      at process.processTicksAndRejections (node:internal/process/task_queues:104:5)
      at async Test.run (node:internal/test_runner/test:1208:7)
      at async Test.processPendingSubtests (node:internal/test_runner/test:831:7) {
    generatedMessage: true,
    code: 'ERR_ASSERTION',
    actual: `<!doctype html>\n<html lang="en" class="dark">\n  <head>\n    <meta charset="utf-8" />\n    <meta name="viewport" content="width=device-width, initial-scale=1.0" />\n    <title>Séance - Vox Aeterna</title>\n    \n    <script src="https://cdn.tailwindcss.com?plugins=forms,container-queries"></script>\n    <link href="https://fonts.googleapis.com/css2?family=Noto+Serif:ital,wght@0,300;0,400;0,700;1,300;1,400;1,700&family=Space+Grotesk:wght@300;400;500;700&display=swap" rel="stylesheet" />\n    <link href="https://fonts.googleapis.com/css2?family=Material+Symbols+Outlined:wght,FILL@100..700,0..1&display=swap" rel="stylesheet" />\n    <script id="tailwind-config">\n      tailwind.config = {\n        darkMode: "class",\n        theme: {\n          extend: {\n            "colors": {\n              "primary-fixed": "#735a39",\n              "on-primary-container": "#000000",\n              "outline": "#919191",\n              "on-background": "#e5e2e1",\n              "inverse-surface": "#e5e2e1",\n              "error": "#ffb4ab",\n              "surface-dim": "#131313",\n              "on-secondary-fixed-variant": "#3c3b3b",\n              "secondary-fixed-dim": "#adabaa",\n              "surface-container-highest": "#353534",\n              "on-tertiary-container": "#000000",\n              "surface-container-low": "#1c1b1b",\n              "primary-container": "#f0cfa5",\n              "tertiary-fixed-dim": "#004b70",\n              "primary-fixed-dim": "#594323",\n              "on-primary-fixed-variant": "#ffddb2",\n              "outline-variant": "#474747",\n              "on-surface-variant": "#c6c6c6",\n              "inverse-on-surface": "#313030",\n              "tertiary-container": "#5997c4",\n              "surface-container-lowest": "#0e0e0e",\n              "on-tertiary": "#001e30",\n              "secondary-fixed": "#c9c6c5",\n              "surface-variant": "#353534",\n              "on-surface": "#e5e2e1",\n              "primary": "#ffffff",\n              "on-primary": "#291800",\n              "tertiary": "#cae6ff",\n              "surface-container": "#201f1f",\n              "on-secondary-container": "#e5e2e1",\n              "on-error-container": "#ffdad6",\n              "on-error": "#690005",\n              "tertiary-fixed": "#1c648e",\n              "surface-tint": "#e1c198",\n              "on-secondary-fixed": "#1c1b1b",\n              "on-tertiary-fixed": "#ffffff",\n              "on-secondary": "#1c1b1b",\n              "inverse-primary": "#735a39",\n              "on-primary-fixed": "#ffffff",\n              "secondary-container": "#474646",\n              "background": "#050505",\n              "surface-bright": "#3a3939",\n              "surface": "#131313",\n              "error-container": "#93000a",\n              "surface-container-high": "#2a2a2a",\n              "secondary": "#c9c6c5",\n              "on-tertiary-fixed-variant": "#cae6ff"\n            },\n            "fontFamily": {\n              "headline": ["Noto Serif", "serif"],\n              "body": ["Space Grotesk", "sans-serif"],\n              "label": ["Space Grotesk", "sans-serif"]\n            }\n          }\n        }\n      }\n    </script>\n    <style>\n      body {\n        min-height: max(884px, 100dvh);\n        overflow: hidden;\n      }\n      .material-symbols-outlined {\n        font-variation-settings: 'FILL' 0, 'wght' 200, 'GRAD' 0, 'opsz' 24;\n      }\n      .obsidian-void {\n        background: radial-gradient(circle at center, #1a1a1a 0%, #050505 100%);\n      }\n      .needle-line {\n        height: 0.5px;\n        background: linear-gradient(90deg, transparent 0%, rgba(255,255,255,0.2) 50%, transparent 100%);\n      }\n      .spectral-glow {\n        text-shadow: 0 0 15px rgba(255, 255, 255, 0.4);\n      }\n      .vertical-text {\n        writing-mode: vertical-rl;\n        text-orientation: mixed;\n      }\n      .smoke-blur {\n        filter: blur(40px);\n        background: radial-gradient(circle, rgba(202, 230, 255, 0.08) 0%, transparent 70%);\n      }\n      .grain-overlay {\n        background-image: url("https://lh3.googleusercontent.com/aida-public/AB6AXuDj3jyhb5qrY9ftxHnrNvrsFKao8TM0oQEN-ok12uccMAR-UKuMiR_cRE9gSPXoUXKQxFKd525138SuXUi4FNfPS3PFBUYRVSr2q10wsPN_lZRhicd6Nap5a6TZeIUApMMx5XJRJ6F2bUNeAvhXPhqtb04obGn3XcKxdVDiqWPgSAGT0gHeahJFX-o0Uw55m0dk_Xn0-rnFEVA7Oqys3EmmQ1QCXmqUG5UDo_x3jTRCJLYWbjn-UjdXofuwFD9Jx_83dpV0WB6GZWrq");\n        opacity: 0.03;\n        pointer-events: none;\n      }\n      .mote-blur {\n        filter: blur(80px);\n      }\n      .glow-pulse {\n        filter: drop-shadow(0 0 20px rgba(255, 255, 255, 0.1));\n      }\n      .light-rill {\n        background: linear-gradient(to bottom, transparent, rgba(202, 230, 255, 0.2), transparent);\n      }\n      .shard-blur {\n        backdrop-filter: blur(40px);\n        -webkit-backdrop-filter: blur(40px);\n      }\n    </style>\n  \n  </head>\n  <body class="bg-[#050505] text-on-background font-body selection:bg-tertiary/30 min-h-screen overflow-x-hidden relative">\n    \n    <!-- Fog and Grain Layers -->\n    <div class="fixed inset-0 grain-overlay z-10 pointer-events-none"></div>\n    <div class="fixed inset-0 bg-[radial-gradient(ellipse_at_center,_var(--tw-gradient-stops))] from-[#0a0a0a] via-[#050505] to-black z-0 pointer-events-none"></div>\n    \n    <!-- Navigation -->\n    <header class="fixed top-0 left-0 w-full z-50 flex justify-between items-center px-10 py-8 mix-blend-difference">\n        <div class="flex items-center gap-4">\n            <a href="/" class="text-white/60 hover:text-white transition-all duration-700 ease-in-out font-label text-xs uppercase tracking-[0.3em] truncate">\n                Sever Connection\n            </a>\n        </div>\n    </header>\n\n    \n\n    <main class="relative z-20 pt-24 pb-24 px-6 md:px-12 lg:px-24 max-w-7xl mx-auto flex flex-col min-h-[90vh] justify-center">\n        \n        <!-- Header Information -->\n        <div class="grid grid-cols-1 md:grid-cols-12 gap-8 mb-16 md:mb-24">\n            <div class="md:col-span-8 flex flex-col justify-end">\n                <p class="font-label uppercase text-[10px] tracking-[0.4em] text-on-surface-variant/60 mb-6">Séance Active</p>\n                <h1 class="font-headline italic text-4xl sm:text-5xl md:text-7xl lg:text-8xl text-primary tracking-tight leading-none mb-4 break-words">\n                    Venice\n                </h1>\n                <div class="flex items-center gap-4 sm:gap-6 flex-wrap">\n                    <span class="font-h1 text-2xl sm:text-3xl text-on-surface-variant/50">1500</span>\n                    <div class="h-px w-12 sm:w-24 bg-white/10 hidden sm:block"></div>\n                    <span class="font-label text-[10px] uppercase tracking-widest text-accent/70">High Confidence — Archival Convergence</span>\n                </div>\n            </div>\n            \n            <div class="md:col-span-4 flex flex-col justify-end">\n                <p class="font-body text-sm text-on-surface-variant/70 leading-relaxed sm:text-right">\n                    Audio projection constructed from fragmentary archival evidence.\n                    \n                </p>\n            </div>\n        </div>\n\n        \n        <div class="mb-32 flex flex-col items-center justify-center opacity-30">\n            <div class="w-24 h-24 rounded-full border border-white/10 border-dashed flex items-center justify-center mb-6">\n                <span class="material-symbols-outlined text-4xl font-light">mic_off</span>\n            </div>\n            <p class="font-label uppercase tracking-widest text-xs text-center">Acoustic Shadow<br/><span class="text-[9px] opacity-70 normal-case mt-2 block">No audio layers reconstructed</span></p>\n        </div>\n        \n\n        <!-- Floating Evidence Shards -->\n        \n    </main>\n    \n  </body>\n</html>`,
    expected: /Reconstructed from archival descriptions/,
    operator: 'match',
    diff: 'simple'
  }

test at test/ritual-flow-e2e.test.js:137:1
✖ artifact page works with opaque ID parameter (331.8663ms)
  AssertionError [ERR_ASSERTION]: The input did not match the regular expression /Your seance|Recovered from|Freshly summoned/. Input:
  
  '<!doctype html>\n' +
    '<html lang="en" class="dark">\n' +
    '  <head>\n' +
    '    <meta charset="utf-8" />\n' +
    '    <meta name="viewport" content="width=device-width, initial-scale=1.0" />\n' +
    '    <title>Séance - Vox Aeterna</title>\n' +
    '    \n' +
    '    <script src="https://cdn.tailwindcss.com?plugins=forms,container-queries"></script>\n' +
    '    <link href="https://fonts.googleapis.com/css2?family=Noto+Serif:ital,wght@0,300;0,400;0,700;1,300;1,400;1,700&family=Space+Grotesk:wght@300;400;500;700&display=swap" rel="stylesheet" />\n' +
    '    <link href="https://fonts.googleapis.com/css2?family=Material+Symbols+Outlined:wght,FILL@100..700,0..1&display=swap" rel="stylesheet" />\n' +
    '    <script id="tailwind-config">\n' +
    '      tailwind.config = {\n' +
    '        darkMode: "class",\n' +
    '        theme: {\n' +
    '          extend: {\n' +
    '            "colors": {\n' +
    '              "primary-fixed": "#735a39",\n' +
    '              "on-primary-container": "#000000",\n' +
    '              "outline": "#919191",\n' +
    '              "on-background": "#e5e2e1",\n' +
    '              "inverse-surface": "#e5e2e1",\n' +
    '              "error": "#ffb4ab",\n' +
    '              "surface-dim": "#131313",\n' +
    '              "on-secondary-fixed-variant": "#3c3b3b",\n' +
    '              "secondary-fixed-dim": "#adabaa",\n' +
    '              "surface-container-highest": "#353534",\n' +
    '              "on-tertiary-container": "#000000",\n' +
    '              "surface-container-low": "#1c1b1b",\n' +
    '              "primary-container": "#f0cfa5",\n' +
    '              "tertiary-fixed-dim": "#004b70",\n' +
    '              "primary-fixed-dim": "#594323",\n' +
    '              "on-primary-fixed-variant": "#ffddb2",\n' +
    '              "outline-variant": "#474747",\n' +
    '              "on-surface-variant": "#c6c6c6",\n' +
    '              "inverse-on-surface": "#313030",\n' +
    '              "tertiary-container": "#5997c4",\n' +
    '              "surface-container-lowest": "#0e0e0e",\n' +
    '              "on-tertiary": "#001e30",\n' +
    '              "secondary-fixed": "#c9c6c5",\n' +
    '              "surface-variant": "#353534",\n' +
    '              "on-surface": "#e5e2e1",\n' +
    '              "primary": "#ffffff",\n' +
    '              "on-primary": "#291800",\n' +
    '              "tertiary": "#cae6ff",\n' +
    '              "surface-container": "#201f1f",\n' +
    '              "on-secondary-container": "#e5e2e1",\n' +
    '              "on-error-container": "#ffdad6",\n' +
    '              "on-error": "#690005",\n' +
    '              "tertiary-fixed": "#1c648e",\n' +
    '              "surface-tint": "#e1c198",\n' +
    '              "on-secondary-fixed": "#1c1b1b",\n' +
    '              "on-tertiary-fixed": "#ffffff",\n' +
    '              "on-secondary": "#1c1b1b",\n' +
    '              "inverse-primary": "#735a39",\n' +
    '              "on-primary-fixed": "#ffffff",\n' +
    '              "secondary-container": "#474646",\n' +
    '              "background": "#050505",\n' +
    '              "surface-bright": "#3a3939",\n' +
    '              "surface": "#131313",\n' +
    '              "error-container": "#93000a",\n' +
    '              "surface-container-high": "#2a2a2a",\n' +
    '              "secondary": "#c9c6c5",\n' +
    '              "on-tertiary-fixed-variant": "#cae6ff"\n' +
    '            },\n' +
    '            "fontFamily": {\n' +
    '              "headline": ["Noto Serif", "serif"],\n' +
    '              "body": ["Space Grotesk", "sans-serif"],\n' +
    '              "label": ["Space Grotesk", "sans-serif"]\n' +
    '            }\n' +
    '          }\n' +
    '        }\n' +
    '      }\n' +
    '    </script>\n' +
    '    <style>\n' +
    '      body {\n' +
    '        min-height: max(884px, 100dvh);\n' +
    '        overflow: hidden;\n' +
    '      }\n' +
    '      .material-symbols-outlined {\n' +
    "        font-variation-settings: 'FILL' 0, 'wght' 200, 'GRAD' 0, 'opsz' 24;\n" +
    '      }\n' +
    '      .obsidian-void {\n' +
    '        background: radial-gradient(circle at center, #1a1a1a 0%, #050505 100%);\n' +
    '      }\n' +
    '      .needle-line {\n' +
    '        height: 0.5px;\n' +
    '        background: linear-gradient(90deg, transparent 0%, rgba(255,255,255,0.2) 50%, transparent 100%);\n' +
    '      }\n' +
    '      .spectral-glow {\n' +
    '        text-shadow: 0 0 15px rgba(255, 255, 255, 0.4);\n' +
    '      }\n' +
    '      .vertical-text {\n' +
    '        writing-mode: vertical-rl;\n' +
    '        text-orientation: mixed;\n' +
    '      }\n' +
    '      .smoke-blur {\n' +
    '        filter: blur(40px);\n' +
    '        background: radial-gradient(circle, rgba(202, 230, 255, 0.08) 0%, transparent 70%);\n' +
    '      }\n' +
    '      .grain-overlay {\n' +
    '        background-image: url("https://lh3.googleusercontent.com/aida-public/AB6AXuDj3jyhb5qrY9ftxHnrNvrsFKao8TM0oQEN-ok12uccMAR-UKuMiR_cRE9gSPXoUXKQxFKd525138SuXUi4FNfPS3PFBUYRVSr2q10wsPN_lZRhicd6Nap5a6TZeIUApMMx5XJRJ6F2bUNeAvhXPhqtb04obGn3XcKxdVDiqWPgSAGT0gHeahJFX-o0Uw55m0dk_Xn0-rnFEVA7Oqys3EmmQ1QCXmqUG5UDo_x3jTRCJLYWbjn-UjdXofuwFD9Jx_83dpV0WB6GZWrq");\n' +
    '        opacity: 0.03;\n' +
    '        pointer-events: none;\n' +
    '      }\n' +
    '      .mote-blur {\n' +
    '        filter: blur(80px);\n' +
    '      }\n' +
    '      .glow-pulse {\n' +
    '        filter: drop-shadow(0 0 20px rgba(255, 255, 255, 0.1));\n' +
    '      }\n' +
    '      .light-rill {\n' +
    '        background: linear-gradient(to bottom, transparent, rgba(202, 230, 255, 0.2), transparent);\n' +
    '      }\n' +
    '      .shard-blur {\n' +
    '        backdrop-filter: blur(40px);\n' +
    '        -webkit-backdrop-filter: blur(40px);\n' +
    '      }\n' +
    '    </style>\n' +
    '  \n' +
    '  </head>\n' +
    '  <body class="bg-[#050505] text-on-background font-body selection:bg-tertiary/30 min-h-screen overflow-x-hidden relative">\n' +
    '    \n' +
    '    <!-- Fog and Grain Layers -->\n' +
    '    <div class="fixed inset-0 grain-overlay z-10 pointer-events-none"></div>\n' +
    '    <div class="fixed inset-0 bg-[radial-gradient(ellipse_at_center,_var(--tw-gradient-stops))] from-[#0a0a0a] via-[#050505] to-black z-0 pointer-events-none"></div>\n' +
    '    \n' +
    '    <!-- Navigation -->\n' +
    '    <header class="fixed top-0 left-0 w-full z-50 flex justify-between items-center px-10 py-8 mix-blend-difference">\n' +
    '        <div class="flex items-center gap-4">\n' +
    '            <a href="/" class="text-white/60 hover:text-white transition-all duration-700 ease-in-out font-label text-xs uppercase tracking-[0.3em] truncate">\n' +
    '                Sever Connection\n' +
    '            </a>\n' +
    '        </div>\n' +
    '    </header>\n' +
    '\n' +
    '    \n' +
    '\n' +
    '    <main class="relative z-20 pt-24 pb-24 px-6 md:px-12 lg:px-24 max-w-7xl mx-auto flex flex-col min-h-[90vh] justify-center">\n' +
    '        \n' +
    '        <!-- Header Information -->\n' +
    '        <div class="grid grid-cols-1 md:grid-cols-12 gap-8 mb-16 md:mb-24">\n' +
    '            <div class="md:col-span-8 flex flex-col justify-end">\n' +
    '                <p class="font-label uppercase text-[10px] tracking-[0.4em] text-on-surface-variant/60 mb-6">Séance Active</p>\n' +
    '                <h1 class="font-headline italic text-4xl sm:text-5xl md:text-7xl lg:text-8xl text-primary tracking-tight leading-none mb-4 break-words">\n' +
    '                    Hyderabad\n' +
    '                </h1>\n' +
    '                <div class="flex items-center gap-4 sm:gap-6 flex-wrap">\n' +
    '                    <span class="font-h1 text-2xl sm:text-3xl text-on-surface-variant/50">1987</span>\n' +
    '                    <div class="h-px w-12 sm:w-24 bg-white/10 hidden sm:block"></div>\n' +
    '                    <span class="font-label text-[10px] uppercase tracking-widest text-accent/70">High Confidence — Archival Convergence</span>\n' +
    '                </div>\n' +
    '            </div>\n' +
    '            \n' +
    '            <div class="md:col-span-4 flex flex-col justify-end">\n' +
    '                <p class="font-body text-sm text-on-surface-variant/70 leading-relaxed sm:text-right">\n' +
    '                    Audio projection constructed from fragmentary archival evidence.\n' +
    '                    \n' +
    '                </p>\n' +
    '            </div>\n' +
    '        </div>\n' +
    '\n' +
    '        \n' +
    '        <div class="mb-32 flex flex-col items-center justify-center opacity-30">\n' +
    '            <div class="w-24 h-24 rounded-full border border-white/10 border-dashed flex items-center justify-center mb-6">\n' +
    '                <span class="material-symbols-outlined text-4xl font-light">mic_off</span>\n' +
    '            </div>\n' +
    '            <p class="font-label uppercase tracking-widest text-xs text-center">Acoustic Shadow<br/><span class="text-[9px] opacity-70 normal-case mt-2 block">No audio layers reconstructed</span></p>\n' +
    '        </div>\n' +
    '        \n' +
    '\n' +
    '        <!-- Floating Evidence Shards -->\n' +
    '        \n' +
    '    </main>\n' +
    '    \n' +
    '  </body>\n' +
    '</html>'
  
      at TestContext.<anonymous> (file:///home/srinivas/workspace/github.com/sivaratrisrinivas/seance/test/ritual-flow-e2e.test.js:145:10)
      at process.processTicksAndRejections (node:internal/process/task_queues:104:5)
      at async Test.run (node:internal/test_runner/test:1208:7)
      at async Test.processPendingSubtests (node:internal/test_runner/test:831:7) {
    generatedMessage: true,
    code: 'ERR_ASSERTION',
    actual: `<!doctype html>\n<html lang="en" class="dark">\n  <head>\n    <meta charset="utf-8" />\n    <meta name="viewport" content="width=device-width, initial-scale=1.0" />\n    <title>Séance - Vox Aeterna</title>\n    \n    <script src="https://cdn.tailwindcss.com?plugins=forms,container-queries"></script>\n    <link href="https://fonts.googleapis.com/css2?family=Noto+Serif:ital,wght@0,300;0,400;0,700;1,300;1,400;1,700&family=Space+Grotesk:wght@300;400;500;700&display=swap" rel="stylesheet" />\n    <link href="https://fonts.googleapis.com/css2?family=Material+Symbols+Outlined:wght,FILL@100..700,0..1&display=swap" rel="stylesheet" />\n    <script id="tailwind-config">\n      tailwind.config = {\n        darkMode: "class",\n        theme: {\n          extend: {\n            "colors": {\n              "primary-fixed": "#735a39",\n              "on-primary-container": "#000000",\n              "outline": "#919191",\n              "on-background": "#e5e2e1",\n              "inverse-surface": "#e5e2e1",\n              "error": "#ffb4ab",\n              "surface-dim": "#131313",\n              "on-secondary-fixed-variant": "#3c3b3b",\n              "secondary-fixed-dim": "#adabaa",\n              "surface-container-highest": "#353534",\n              "on-tertiary-container": "#000000",\n              "surface-container-low": "#1c1b1b",\n              "primary-container": "#f0cfa5",\n              "tertiary-fixed-dim": "#004b70",\n              "primary-fixed-dim": "#594323",\n              "on-primary-fixed-variant": "#ffddb2",\n              "outline-variant": "#474747",\n              "on-surface-variant": "#c6c6c6",\n              "inverse-on-surface": "#313030",\n              "tertiary-container": "#5997c4",\n              "surface-container-lowest": "#0e0e0e",\n              "on-tertiary": "#001e30",\n              "secondary-fixed": "#c9c6c5",\n              "surface-variant": "#353534",\n              "on-surface": "#e5e2e1",\n              "primary": "#ffffff",\n              "on-primary": "#291800",\n              "tertiary": "#cae6ff",\n              "surface-container": "#201f1f",\n              "on-secondary-container": "#e5e2e1",\n              "on-error-container": "#ffdad6",\n              "on-error": "#690005",\n              "tertiary-fixed": "#1c648e",\n              "surface-tint": "#e1c198",\n              "on-secondary-fixed": "#1c1b1b",\n              "on-tertiary-fixed": "#ffffff",\n              "on-secondary": "#1c1b1b",\n              "inverse-primary": "#735a39",\n              "on-primary-fixed": "#ffffff",\n              "secondary-container": "#474646",\n              "background": "#050505",\n              "surface-bright": "#3a3939",\n              "surface": "#131313",\n              "error-container": "#93000a",\n              "surface-container-high": "#2a2a2a",\n              "secondary": "#c9c6c5",\n              "on-tertiary-fixed-variant": "#cae6ff"\n            },\n            "fontFamily": {\n              "headline": ["Noto Serif", "serif"],\n              "body": ["Space Grotesk", "sans-serif"],\n              "label": ["Space Grotesk", "sans-serif"]\n            }\n          }\n        }\n      }\n    </script>\n    <style>\n      body {\n        min-height: max(884px, 100dvh);\n        overflow: hidden;\n      }\n      .material-symbols-outlined {\n        font-variation-settings: 'FILL' 0, 'wght' 200, 'GRAD' 0, 'opsz' 24;\n      }\n      .obsidian-void {\n        background: radial-gradient(circle at center, #1a1a1a 0%, #050505 100%);\n      }\n      .needle-line {\n        height: 0.5px;\n        background: linear-gradient(90deg, transparent 0%, rgba(255,255,255,0.2) 50%, transparent 100%);\n      }\n      .spectral-glow {\n        text-shadow: 0 0 15px rgba(255, 255, 255, 0.4);\n      }\n      .vertical-text {\n        writing-mode: vertical-rl;\n        text-orientation: mixed;\n      }\n      .smoke-blur {\n        filter: blur(40px);\n        background: radial-gradient(circle, rgba(202, 230, 255, 0.08) 0%, transparent 70%);\n      }\n      .grain-overlay {\n        background-image: url("https://lh3.googleusercontent.com/aida-public/AB6AXuDj3jyhb5qrY9ftxHnrNvrsFKao8TM0oQEN-ok12uccMAR-UKuMiR_cRE9gSPXoUXKQxFKd525138SuXUi4FNfPS3PFBUYRVSr2q10wsPN_lZRhicd6Nap5a6TZeIUApMMx5XJRJ6F2bUNeAvhXPhqtb04obGn3XcKxdVDiqWPgSAGT0gHeahJFX-o0Uw55m0dk_Xn0-rnFEVA7Oqys3EmmQ1QCXmqUG5UDo_x3jTRCJLYWbjn-UjdXofuwFD9Jx_83dpV0WB6GZWrq");\n        opacity: 0.03;\n        pointer-events: none;\n      }\n      .mote-blur {\n        filter: blur(80px);\n      }\n      .glow-pulse {\n        filter: drop-shadow(0 0 20px rgba(255, 255, 255, 0.1));\n      }\n      .light-rill {\n        background: linear-gradient(to bottom, transparent, rgba(202, 230, 255, 0.2), transparent);\n      }\n      .shard-blur {\n        backdrop-filter: blur(40px);\n        -webkit-backdrop-filter: blur(40px);\n      }\n    </style>\n  \n  </head>\n  <body class="bg-[#050505] text-on-background font-body selection:bg-tertiary/30 min-h-screen overflow-x-hidden relative">\n    \n    <!-- Fog and Grain Layers -->\n    <div class="fixed inset-0 grain-overlay z-10 pointer-events-none"></div>\n    <div class="fixed inset-0 bg-[radial-gradient(ellipse_at_center,_var(--tw-gradient-stops))] from-[#0a0a0a] via-[#050505] to-black z-0 pointer-events-none"></div>\n    \n    <!-- Navigation -->\n    <header class="fixed top-0 left-0 w-full z-50 flex justify-between items-center px-10 py-8 mix-blend-difference">\n        <div class="flex items-center gap-4">\n            <a href="/" class="text-white/60 hover:text-white transition-all duration-700 ease-in-out font-label text-xs uppercase tracking-[0.3em] truncate">\n                Sever Connection\n            </a>\n        </div>\n    </header>\n\n    \n\n    <main class="relative z-20 pt-24 pb-24 px-6 md:px-12 lg:px-24 max-w-7xl mx-auto flex flex-col min-h-[90vh] justify-center">\n        \n        <!-- Header Information -->\n        <div class="grid grid-cols-1 md:grid-cols-12 gap-8 mb-16 md:mb-24">\n            <div class="md:col-span-8 flex flex-col justify-end">\n                <p class="font-label uppercase text-[10px] tracking-[0.4em] text-on-surface-variant/60 mb-6">Séance Active</p>\n                <h1 class="font-headline italic text-4xl sm:text-5xl md:text-7xl lg:text-8xl text-primary tracking-tight leading-none mb-4 break-words">\n                    Hyderabad\n                </h1>\n                <div class="flex items-center gap-4 sm:gap-6 flex-wrap">\n                    <span class="font-h1 text-2xl sm:text-3xl text-on-surface-variant/50">1987</span>\n                    <div class="h-px w-12 sm:w-24 bg-white/10 hidden sm:block"></div>\n                    <span class="font-label text-[10px] uppercase tracking-widest text-accent/70">High Confidence — Archival Convergence</span>\n                </div>\n            </div>\n            \n            <div class="md:col-span-4 flex flex-col justify-end">\n                <p class="font-body text-sm text-on-surface-variant/70 leading-relaxed sm:text-right">\n                    Audio projection constructed from fragmentary archival evidence.\n                    \n                </p>\n            </div>\n        </div>\n\n        \n        <div class="mb-32 flex flex-col items-center justify-center opacity-30">\n            <div class="w-24 h-24 rounded-full border border-white/10 border-dashed flex items-center justify-center mb-6">\n                <span class="material-symbols-outlined text-4xl font-light">mic_off</span>\n            </div>\n            <p class="font-label uppercase tracking-widest text-xs text-center">Acoustic Shadow<br/><span class="text-[9px] opacity-70 normal-case mt-2 block">No audio layers reconstructed</span></p>\n        </div>\n        \n\n        <!-- Floating Evidence Shards -->\n        \n    </main>\n    \n  </body>\n</html>`,
    expected: /Your seance|Recovered from|Freshly summoned/,
    operator: 'match',
    diff: 'simple'
  }

test at test/ritual-loading.test.js:51:1
✖ artifact page supports direct navigation without homepage (307.889896ms)
  AssertionError [ERR_ASSERTION]: The input did not match the regular expression /Your seance|Recovered from|Freshly summoned/i. Input:
  
  '<!doctype html>\n' +
    '<html lang="en" class="dark">\n' +
    '  <head>\n' +
    '    <meta charset="utf-8" />\n' +
    '    <meta name="viewport" content="width=device-width, initial-scale=1.0" />\n' +
    '    <title>Séance - Vox Aeterna</title>\n' +
    '    \n' +
    '    <script src="https://cdn.tailwindcss.com?plugins=forms,container-queries"></script>\n' +
    '    <link href="https://fonts.googleapis.com/css2?family=Noto+Serif:ital,wght@0,300;0,400;0,700;1,300;1,400;1,700&family=Space+Grotesk:wght@300;400;500;700&display=swap" rel="stylesheet" />\n' +
    '    <link href="https://fonts.googleapis.com/css2?family=Material+Symbols+Outlined:wght,FILL@100..700,0..1&display=swap" rel="stylesheet" />\n' +
    '    <script id="tailwind-config">\n' +
    '      tailwind.config = {\n' +
    '        darkMode: "class",\n' +
    '        theme: {\n' +
    '          extend: {\n' +
    '            "colors": {\n' +
    '              "primary-fixed": "#735a39",\n' +
    '              "on-primary-container": "#000000",\n' +
    '              "outline": "#919191",\n' +
    '              "on-background": "#e5e2e1",\n' +
    '              "inverse-surface": "#e5e2e1",\n' +
    '              "error": "#ffb4ab",\n' +
    '              "surface-dim": "#131313",\n' +
    '              "on-secondary-fixed-variant": "#3c3b3b",\n' +
    '              "secondary-fixed-dim": "#adabaa",\n' +
    '              "surface-container-highest": "#353534",\n' +
    '              "on-tertiary-container": "#000000",\n' +
    '              "surface-container-low": "#1c1b1b",\n' +
    '              "primary-container": "#f0cfa5",\n' +
    '              "tertiary-fixed-dim": "#004b70",\n' +
    '              "primary-fixed-dim": "#594323",\n' +
    '              "on-primary-fixed-variant": "#ffddb2",\n' +
    '              "outline-variant": "#474747",\n' +
    '              "on-surface-variant": "#c6c6c6",\n' +
    '              "inverse-on-surface": "#313030",\n' +
    '              "tertiary-container": "#5997c4",\n' +
    '              "surface-container-lowest": "#0e0e0e",\n' +
    '              "on-tertiary": "#001e30",\n' +
    '              "secondary-fixed": "#c9c6c5",\n' +
    '              "surface-variant": "#353534",\n' +
    '              "on-surface": "#e5e2e1",\n' +
    '              "primary": "#ffffff",\n' +
    '              "on-primary": "#291800",\n' +
    '              "tertiary": "#cae6ff",\n' +
    '              "surface-container": "#201f1f",\n' +
    '              "on-secondary-container": "#e5e2e1",\n' +
    '              "on-error-container": "#ffdad6",\n' +
    '              "on-error": "#690005",\n' +
    '              "tertiary-fixed": "#1c648e",\n' +
    '              "surface-tint": "#e1c198",\n' +
    '              "on-secondary-fixed": "#1c1b1b",\n' +
    '              "on-tertiary-fixed": "#ffffff",\n' +
    '              "on-secondary": "#1c1b1b",\n' +
    '              "inverse-primary": "#735a39",\n' +
    '              "on-primary-fixed": "#ffffff",\n' +
    '              "secondary-container": "#474646",\n' +
    '              "background": "#050505",\n' +
    '              "surface-bright": "#3a3939",\n' +
    '              "surface": "#131313",\n' +
    '              "error-container": "#93000a",\n' +
    '              "surface-container-high": "#2a2a2a",\n' +
    '              "secondary": "#c9c6c5",\n' +
    '              "on-tertiary-fixed-variant": "#cae6ff"\n' +
    '            },\n' +
    '            "fontFamily": {\n' +
    '              "headline": ["Noto Serif", "serif"],\n' +
    '              "body": ["Space Grotesk", "sans-serif"],\n' +
    '              "label": ["Space Grotesk", "sans-serif"]\n' +
    '            }\n' +
    '          }\n' +
    '        }\n' +
    '      }\n' +
    '    </script>\n' +
    '    <style>\n' +
    '      body {\n' +
    '        min-height: max(884px, 100dvh);\n' +
    '        overflow: hidden;\n' +
    '      }\n' +
    '      .material-symbols-outlined {\n' +
    "        font-variation-settings: 'FILL' 0, 'wght' 200, 'GRAD' 0, 'opsz' 24;\n" +
    '      }\n' +
    '      .obsidian-void {\n' +
    '        background: radial-gradient(circle at center, #1a1a1a 0%, #050505 100%);\n' +
    '      }\n' +
    '      .needle-line {\n' +
    '        height: 0.5px;\n' +
    '        background: linear-gradient(90deg, transparent 0%, rgba(255,255,255,0.2) 50%, transparent 100%);\n' +
    '      }\n' +
    '      .spectral-glow {\n' +
    '        text-shadow: 0 0 15px rgba(255, 255, 255, 0.4);\n' +
    '      }\n' +
    '      .vertical-text {\n' +
    '        writing-mode: vertical-rl;\n' +
    '        text-orientation: mixed;\n' +
    '      }\n' +
    '      .smoke-blur {\n' +
    '        filter: blur(40px);\n' +
    '        background: radial-gradient(circle, rgba(202, 230, 255, 0.08) 0%, transparent 70%);\n' +
    '      }\n' +
    '      .grain-overlay {\n' +
    '        background-image: url("https://lh3.googleusercontent.com/aida-public/AB6AXuDj3jyhb5qrY9ftxHnrNvrsFKao8TM0oQEN-ok12uccMAR-UKuMiR_cRE9gSPXoUXKQxFKd525138SuXUi4FNfPS3PFBUYRVSr2q10wsPN_lZRhicd6Nap5a6TZeIUApMMx5XJRJ6F2bUNeAvhXPhqtb04obGn3XcKxdVDiqWPgSAGT0gHeahJFX-o0Uw55m0dk_Xn0-rnFEVA7Oqys3EmmQ1QCXmqUG5UDo_x3jTRCJLYWbjn-UjdXofuwFD9Jx_83dpV0WB6GZWrq");\n' +
    '        opacity: 0.03;\n' +
    '        pointer-events: none;\n' +
    '      }\n' +
    '      .mote-blur {\n' +
    '        filter: blur(80px);\n' +
    '      }\n' +
    '      .glow-pulse {\n' +
    '        filter: drop-shadow(0 0 20px rgba(255, 255, 255, 0.1));\n' +
    '      }\n' +
    '      .light-rill {\n' +
    '        background: linear-gradient(to bottom, transparent, rgba(202, 230, 255, 0.2), transparent);\n' +
    '      }\n' +
    '      .shard-blur {\n' +
    '        backdrop-filter: blur(40px);\n' +
    '        -webkit-backdrop-filter: blur(40px);\n' +
    '      }\n' +
    '    </style>\n' +
    '  \n' +
    '  </head>\n' +
    '  <body class="bg-[#050505] text-on-background font-body selection:bg-tertiary/30 min-h-screen overflow-x-hidden relative">\n' +
    '    \n' +
    '    <!-- Fog and Grain Layers -->\n' +
    '    <div class="fixed inset-0 grain-overlay z-10 pointer-events-none"></div>\n' +
    '    <div class="fixed inset-0 bg-[radial-gradient(ellipse_at_center,_var(--tw-gradient-stops))] from-[#0a0a0a] via-[#050505] to-black z-0 pointer-events-none"></div>\n' +
    '    \n' +
    '    <!-- Navigation -->\n' +
    '    <header class="fixed top-0 left-0 w-full z-50 flex justify-between items-center px-10 py-8 mix-blend-difference">\n' +
    '        <div class="flex items-center gap-4">\n' +
    '            <a href="/" class="text-white/60 hover:text-white transition-all duration-700 ease-in-out font-label text-xs uppercase tracking-[0.3em] truncate">\n' +
    '                Sever Connection\n' +
    '            </a>\n' +
    '        </div>\n' +
    '    </header>\n' +
    '\n' +
    '    \n' +
    '\n' +
    '    <main class="relative z-20 pt-24 pb-24 px-6 md:px-12 lg:px-24 max-w-7xl mx-auto flex flex-col min-h-[90vh] justify-center">\n' +
    '        \n' +
    '        <!-- Header Information -->\n' +
    '        <div class="grid grid-cols-1 md:grid-cols-12 gap-8 mb-16 md:mb-24">\n' +
    '            <div class="md:col-span-8 flex flex-col justify-end">\n' +
    '                <p class="font-label uppercase text-[10px] tracking-[0.4em] text-on-surface-variant/60 mb-6">Séance Active</p>\n' +
    '                <h1 class="font-headline italic text-4xl sm:text-5xl md:text-7xl lg:text-8xl text-primary tracking-tight leading-none mb-4 break-words">\n' +
    '                    Old City, Hyderabad\n' +
    '                </h1>\n' +
    '                <div class="flex items-center gap-4 sm:gap-6 flex-wrap">\n' +
    '                    <span class="font-h1 text-2xl sm:text-3xl text-on-surface-variant/50">1987</span>\n' +
    '                    <div class="h-px w-12 sm:w-24 bg-white/10 hidden sm:block"></div>\n' +
    '                    <span class="font-label text-[10px] uppercase tracking-widest text-accent/70">High Confidence — Archival Convergence</span>\n' +
    '                </div>\n' +
    '            </div>\n' +
    '            \n' +
    '            <div class="md:col-span-4 flex flex-col justify-end">\n' +
    '                <p class="font-body text-sm text-on-surface-variant/70 leading-relaxed sm:text-right">\n' +
    '                    Audio projection constructed from fragmentary archival evidence.\n' +
    '                    \n' +
    '                </p>\n' +
    '            </div>\n' +
    '        </div>\n' +
    '\n' +
    '        \n' +
    '        <div class="mb-32 flex flex-col items-center justify-center opacity-30">\n' +
    '            <div class="w-24 h-24 rounded-full border border-white/10 border-dashed flex items-center justify-center mb-6">\n' +
    '                <span class="material-symbols-outlined text-4xl font-light">mic_off</span>\n' +
    '            </div>\n' +
    '            <p class="font-label uppercase tracking-widest text-xs text-center">Acoustic Shadow<br/><span class="text-[9px] opacity-70 normal-case mt-2 block">No audio layers reconstructed</span></p>\n' +
    '        </div>\n' +
    '        \n' +
    '\n' +
    '        <!-- Floating Evidence Shards -->\n' +
    '        \n' +
    '    </main>\n' +
    '    \n' +
    '  </body>\n' +
    '</html>'
  
      at TestContext.<anonymous> (file:///home/srinivas/workspace/github.com/sivaratrisrinivas/seance/test/ritual-loading.test.js:58:10)
      at process.processTicksAndRejections (node:internal/process/task_queues:104:5)
      at async Test.run (node:internal/test_runner/test:1208:7)
      at async Test.processPendingSubtests (node:internal/test_runner/test:831:7) {
    generatedMessage: true,
    code: 'ERR_ASSERTION',
    actual: `<!doctype html>\n<html lang="en" class="dark">\n  <head>\n    <meta charset="utf-8" />\n    <meta name="viewport" content="width=device-width, initial-scale=1.0" />\n    <title>Séance - Vox Aeterna</title>\n    \n    <script src="https://cdn.tailwindcss.com?plugins=forms,container-queries"></script>\n    <link href="https://fonts.googleapis.com/css2?family=Noto+Serif:ital,wght@0,300;0,400;0,700;1,300;1,400;1,700&family=Space+Grotesk:wght@300;400;500;700&display=swap" rel="stylesheet" />\n    <link href="https://fonts.googleapis.com/css2?family=Material+Symbols+Outlined:wght,FILL@100..700,0..1&display=swap" rel="stylesheet" />\n    <script id="tailwind-config">\n      tailwind.config = {\n        darkMode: "class",\n        theme: {\n          extend: {\n            "colors": {\n              "primary-fixed": "#735a39",\n              "on-primary-container": "#000000",\n              "outline": "#919191",\n              "on-background": "#e5e2e1",\n              "inverse-surface": "#e5e2e1",\n              "error": "#ffb4ab",\n              "surface-dim": "#131313",\n              "on-secondary-fixed-variant": "#3c3b3b",\n              "secondary-fixed-dim": "#adabaa",\n              "surface-container-highest": "#353534",\n              "on-tertiary-container": "#000000",\n              "surface-container-low": "#1c1b1b",\n              "primary-container": "#f0cfa5",\n              "tertiary-fixed-dim": "#004b70",\n              "primary-fixed-dim": "#594323",\n              "on-primary-fixed-variant": "#ffddb2",\n              "outline-variant": "#474747",\n              "on-surface-variant": "#c6c6c6",\n              "inverse-on-surface": "#313030",\n              "tertiary-container": "#5997c4",\n              "surface-container-lowest": "#0e0e0e",\n              "on-tertiary": "#001e30",\n              "secondary-fixed": "#c9c6c5",\n              "surface-variant": "#353534",\n              "on-surface": "#e5e2e1",\n              "primary": "#ffffff",\n              "on-primary": "#291800",\n              "tertiary": "#cae6ff",\n              "surface-container": "#201f1f",\n              "on-secondary-container": "#e5e2e1",\n              "on-error-container": "#ffdad6",\n              "on-error": "#690005",\n              "tertiary-fixed": "#1c648e",\n              "surface-tint": "#e1c198",\n              "on-secondary-fixed": "#1c1b1b",\n              "on-tertiary-fixed": "#ffffff",\n              "on-secondary": "#1c1b1b",\n              "inverse-primary": "#735a39",\n              "on-primary-fixed": "#ffffff",\n              "secondary-container": "#474646",\n              "background": "#050505",\n              "surface-bright": "#3a3939",\n              "surface": "#131313",\n              "error-container": "#93000a",\n              "surface-container-high": "#2a2a2a",\n              "secondary": "#c9c6c5",\n              "on-tertiary-fixed-variant": "#cae6ff"\n            },\n            "fontFamily": {\n              "headline": ["Noto Serif", "serif"],\n              "body": ["Space Grotesk", "sans-serif"],\n              "label": ["Space Grotesk", "sans-serif"]\n            }\n          }\n        }\n      }\n    </script>\n    <style>\n      body {\n        min-height: max(884px, 100dvh);\n        overflow: hidden;\n      }\n      .material-symbols-outlined {\n        font-variation-settings: 'FILL' 0, 'wght' 200, 'GRAD' 0, 'opsz' 24;\n      }\n      .obsidian-void {\n        background: radial-gradient(circle at center, #1a1a1a 0%, #050505 100%);\n      }\n      .needle-line {\n        height: 0.5px;\n        background: linear-gradient(90deg, transparent 0%, rgba(255,255,255,0.2) 50%, transparent 100%);\n      }\n      .spectral-glow {\n        text-shadow: 0 0 15px rgba(255, 255, 255, 0.4);\n      }\n      .vertical-text {\n        writing-mode: vertical-rl;\n        text-orientation: mixed;\n      }\n      .smoke-blur {\n        filter: blur(40px);\n        background: radial-gradient(circle, rgba(202, 230, 255, 0.08) 0%, transparent 70%);\n      }\n      .grain-overlay {\n        background-image: url("https://lh3.googleusercontent.com/aida-public/AB6AXuDj3jyhb5qrY9ftxHnrNvrsFKao8TM0oQEN-ok12uccMAR-UKuMiR_cRE9gSPXoUXKQxFKd525138SuXUi4FNfPS3PFBUYRVSr2q10wsPN_lZRhicd6Nap5a6TZeIUApMMx5XJRJ6F2bUNeAvhXPhqtb04obGn3XcKxdVDiqWPgSAGT0gHeahJFX-o0Uw55m0dk_Xn0-rnFEVA7Oqys3EmmQ1QCXmqUG5UDo_x3jTRCJLYWbjn-UjdXofuwFD9Jx_83dpV0WB6GZWrq");\n        opacity: 0.03;\n        pointer-events: none;\n      }\n      .mote-blur {\n        filter: blur(80px);\n      }\n      .glow-pulse {\n        filter: drop-shadow(0 0 20px rgba(255, 255, 255, 0.1));\n      }\n      .light-rill {\n        background: linear-gradient(to bottom, transparent, rgba(202, 230, 255, 0.2), transparent);\n      }\n      .shard-blur {\n        backdrop-filter: blur(40px);\n        -webkit-backdrop-filter: blur(40px);\n      }\n    </style>\n  \n  </head>\n  <body class="bg-[#050505] text-on-background font-body selection:bg-tertiary/30 min-h-screen overflow-x-hidden relative">\n    \n    <!-- Fog and Grain Layers -->\n    <div class="fixed inset-0 grain-overlay z-10 pointer-events-none"></div>\n    <div class="fixed inset-0 bg-[radial-gradient(ellipse_at_center,_var(--tw-gradient-stops))] from-[#0a0a0a] via-[#050505] to-black z-0 pointer-events-none"></div>\n    \n    <!-- Navigation -->\n    <header class="fixed top-0 left-0 w-full z-50 flex justify-between items-center px-10 py-8 mix-blend-difference">\n        <div class="flex items-center gap-4">\n            <a href="/" class="text-white/60 hover:text-white transition-all duration-700 ease-in-out font-label text-xs uppercase tracking-[0.3em] truncate">\n                Sever Connection\n            </a>\n        </div>\n    </header>\n\n    \n\n    <main class="relative z-20 pt-24 pb-24 px-6 md:px-12 lg:px-24 max-w-7xl mx-auto flex flex-col min-h-[90vh] justify-center">\n        \n        <!-- Header Information -->\n        <div class="grid grid-cols-1 md:grid-cols-12 gap-8 mb-16 md:mb-24">\n            <div class="md:col-span-8 flex flex-col justify-end">\n                <p class="font-label uppercase text-[10px] tracking-[0.4em] text-on-surface-variant/60 mb-6">Séance Active</p>\n                <h1 class="font-headline italic text-4xl sm:text-5xl md:text-7xl lg:text-8xl text-primary tracking-tight leading-none mb-4 break-words">\n                    Old City, Hyderabad\n                </h1>\n                <div class="flex items-center gap-4 sm:gap-6 flex-wrap">\n                    <span class="font-h1 text-2xl sm:text-3xl text-on-surface-variant/50">1987</span>\n                    <div class="h-px w-12 sm:w-24 bg-white/10 hidden sm:block"></div>\n                    <span class="font-label text-[10px] uppercase tracking-widest text-accent/70">High Confidence — Archival Convergence</span>\n                </div>\n            </div>\n            \n            <div class="md:col-span-4 flex flex-col justify-end">\n                <p class="font-body text-sm text-on-surface-variant/70 leading-relaxed sm:text-right">\n                    Audio projection constructed from fragmentary archival evidence.\n                    \n                </p>\n            </div>\n        </div>\n\n        \n        <div class="mb-32 flex flex-col items-center justify-center opacity-30">\n            <div class="w-24 h-24 rounded-full border border-white/10 border-dashed flex items-center justify-center mb-6">\n                <span class="material-symbols-outlined text-4xl font-light">mic_off</span>\n            </div>\n            <p class="font-label uppercase tracking-widest text-xs text-center">Acoustic Shadow<br/><span class="text-[9px] opacity-70 normal-case mt-2 block">No audio layers reconstructed</span></p>\n        </div>\n        \n\n        <!-- Floating Evidence Shards -->\n        \n    </main>\n    \n  </body>\n</html>`,
    expected: /Your seance|Recovered from|Freshly summoned/i,
    operator: 'match',
    diff: 'simple'
  }

test at test/ritual-loading.test.js:62:1
✖ artifact page with archived=true shows Recovered badge (304.827895ms)
  AssertionError [ERR_ASSERTION]: The input did not match the regular expression /Recovered from prior reconstruction/. Input:
  
  '<!doctype html>\n' +
    '<html lang="en" class="dark">\n' +
    '  <head>\n' +
    '    <meta charset="utf-8" />\n' +
    '    <meta name="viewport" content="width=device-width, initial-scale=1.0" />\n' +
    '    <title>Séance - Vox Aeterna</title>\n' +
    '    \n' +
    '    <script src="https://cdn.tailwindcss.com?plugins=forms,container-queries"></script>\n' +
    '    <link href="https://fonts.googleapis.com/css2?family=Noto+Serif:ital,wght@0,300;0,400;0,700;1,300;1,400;1,700&family=Space+Grotesk:wght@300;400;500;700&display=swap" rel="stylesheet" />\n' +
    '    <link href="https://fonts.googleapis.com/css2?family=Material+Symbols+Outlined:wght,FILL@100..700,0..1&display=swap" rel="stylesheet" />\n' +
    '    <script id="tailwind-config">\n' +
    '      tailwind.config = {\n' +
    '        darkMode: "class",\n' +
    '        theme: {\n' +
    '          extend: {\n' +
    '            "colors": {\n' +
    '              "primary-fixed": "#735a39",\n' +
    '              "on-primary-container": "#000000",\n' +
    '              "outline": "#919191",\n' +
    '              "on-background": "#e5e2e1",\n' +
    '              "inverse-surface": "#e5e2e1",\n' +
    '              "error": "#ffb4ab",\n' +
    '              "surface-dim": "#131313",\n' +
    '              "on-secondary-fixed-variant": "#3c3b3b",\n' +
    '              "secondary-fixed-dim": "#adabaa",\n' +
    '              "surface-container-highest": "#353534",\n' +
    '              "on-tertiary-container": "#000000",\n' +
    '              "surface-container-low": "#1c1b1b",\n' +
    '              "primary-container": "#f0cfa5",\n' +
    '              "tertiary-fixed-dim": "#004b70",\n' +
    '              "primary-fixed-dim": "#594323",\n' +
    '              "on-primary-fixed-variant": "#ffddb2",\n' +
    '              "outline-variant": "#474747",\n' +
    '              "on-surface-variant": "#c6c6c6",\n' +
    '              "inverse-on-surface": "#313030",\n' +
    '              "tertiary-container": "#5997c4",\n' +
    '              "surface-container-lowest": "#0e0e0e",\n' +
    '              "on-tertiary": "#001e30",\n' +
    '              "secondary-fixed": "#c9c6c5",\n' +
    '              "surface-variant": "#353534",\n' +
    '              "on-surface": "#e5e2e1",\n' +
    '              "primary": "#ffffff",\n' +
    '              "on-primary": "#291800",\n' +
    '              "tertiary": "#cae6ff",\n' +
    '              "surface-container": "#201f1f",\n' +
    '              "on-secondary-container": "#e5e2e1",\n' +
    '              "on-error-container": "#ffdad6",\n' +
    '              "on-error": "#690005",\n' +
    '              "tertiary-fixed": "#1c648e",\n' +
    '              "surface-tint": "#e1c198",\n' +
    '              "on-secondary-fixed": "#1c1b1b",\n' +
    '              "on-tertiary-fixed": "#ffffff",\n' +
    '              "on-secondary": "#1c1b1b",\n' +
    '              "inverse-primary": "#735a39",\n' +
    '              "on-primary-fixed": "#ffffff",\n' +
    '              "secondary-container": "#474646",\n' +
    '              "background": "#050505",\n' +
    '              "surface-bright": "#3a3939",\n' +
    '              "surface": "#131313",\n' +
    '              "error-container": "#93000a",\n' +
    '              "surface-container-high": "#2a2a2a",\n' +
    '              "secondary": "#c9c6c5",\n' +
    '              "on-tertiary-fixed-variant": "#cae6ff"\n' +
    '            },\n' +
    '            "fontFamily": {\n' +
    '              "headline": ["Noto Serif", "serif"],\n' +
    '              "body": ["Space Grotesk", "sans-serif"],\n' +
    '              "label": ["Space Grotesk", "sans-serif"]\n' +
    '            }\n' +
    '          }\n' +
    '        }\n' +
    '      }\n' +
    '    </script>\n' +
    '    <style>\n' +
    '      body {\n' +
    '        min-height: max(884px, 100dvh);\n' +
    '        overflow: hidden;\n' +
    '      }\n' +
    '      .material-symbols-outlined {\n' +
    "        font-variation-settings: 'FILL' 0, 'wght' 200, 'GRAD' 0, 'opsz' 24;\n" +
    '      }\n' +
    '      .obsidian-void {\n' +
    '        background: radial-gradient(circle at center, #1a1a1a 0%, #050505 100%);\n' +
    '      }\n' +
    '      .needle-line {\n' +
    '        height: 0.5px;\n' +
    '        background: linear-gradient(90deg, transparent 0%, rgba(255,255,255,0.2) 50%, transparent 100%);\n' +
    '      }\n' +
    '      .spectral-glow {\n' +
    '        text-shadow: 0 0 15px rgba(255, 255, 255, 0.4);\n' +
    '      }\n' +
    '      .vertical-text {\n' +
    '        writing-mode: vertical-rl;\n' +
    '        text-orientation: mixed;\n' +
    '      }\n' +
    '      .smoke-blur {\n' +
    '        filter: blur(40px);\n' +
    '        background: radial-gradient(circle, rgba(202, 230, 255, 0.08) 0%, transparent 70%);\n' +
    '      }\n' +
    '      .grain-overlay {\n' +
    '        background-image: url("https://lh3.googleusercontent.com/aida-public/AB6AXuDj3jyhb5qrY9ftxHnrNvrsFKao8TM0oQEN-ok12uccMAR-UKuMiR_cRE9gSPXoUXKQxFKd525138SuXUi4FNfPS3PFBUYRVSr2q10wsPN_lZRhicd6Nap5a6TZeIUApMMx5XJRJ6F2bUNeAvhXPhqtb04obGn3XcKxdVDiqWPgSAGT0gHeahJFX-o0Uw55m0dk_Xn0-rnFEVA7Oqys3EmmQ1QCXmqUG5UDo_x3jTRCJLYWbjn-UjdXofuwFD9Jx_83dpV0WB6GZWrq");\n' +
    '        opacity: 0.03;\n' +
    '        pointer-events: none;\n' +
    '      }\n' +
    '      .mote-blur {\n' +
    '        filter: blur(80px);\n' +
    '      }\n' +
    '      .glow-pulse {\n' +
    '        filter: drop-shadow(0 0 20px rgba(255, 255, 255, 0.1));\n' +
    '      }\n' +
    '      .light-rill {\n' +
    '        background: linear-gradient(to bottom, transparent, rgba(202, 230, 255, 0.2), transparent);\n' +
    '      }\n' +
    '      .shard-blur {\n' +
    '        backdrop-filter: blur(40px);\n' +
    '        -webkit-backdrop-filter: blur(40px);\n' +
    '      }\n' +
    '    </style>\n' +
    '  \n' +
    '  </head>\n' +
    '  <body class="bg-[#050505] text-on-background font-body selection:bg-tertiary/30 min-h-screen overflow-x-hidden relative">\n' +
    '    \n' +
    '    <!-- Fog and Grain Layers -->\n' +
    '    <div class="fixed inset-0 grain-overlay z-10 pointer-events-none"></div>\n' +
    '    <div class="fixed inset-0 bg-[radial-gradient(ellipse_at_center,_var(--tw-gradient-stops))] from-[#0a0a0a] via-[#050505] to-black z-0 pointer-events-none"></div>\n' +
    '    \n' +
    '    <!-- Navigation -->\n' +
    '    <header class="fixed top-0 left-0 w-full z-50 flex justify-between items-center px-10 py-8 mix-blend-difference">\n' +
    '        <div class="flex items-center gap-4">\n' +
    '            <a href="/" class="text-white/60 hover:text-white transition-all duration-700 ease-in-out font-label text-xs uppercase tracking-[0.3em] truncate">\n' +
    '                Sever Connection\n' +
    '            </a>\n' +
    '        </div>\n' +
    '    </header>\n' +
    '\n' +
    '    \n' +
    '\n' +
    '    <main class="relative z-20 pt-24 pb-24 px-6 md:px-12 lg:px-24 max-w-7xl mx-auto flex flex-col min-h-[90vh] justify-center">\n' +
    '        \n' +
    '        <!-- Header Information -->\n' +
    '        <div class="grid grid-cols-1 md:grid-cols-12 gap-8 mb-16 md:mb-24">\n' +
    '            <div class="md:col-span-8 flex flex-col justify-end">\n' +
    '                <p class="font-label uppercase text-[10px] tracking-[0.4em] text-on-surface-variant/60 mb-6">Echo Recovered</p>\n' +
    '                <h1 class="font-headline italic text-4xl sm:text-5xl md:text-7xl lg:text-8xl text-primary tracking-tight leading-none mb-4 break-words">\n' +
    '                    Oslo\n' +
    '                </h1>\n' +
    '                <div class="flex items-center gap-4 sm:gap-6 flex-wrap">\n' +
    '                    <span class="font-h1 text-2xl sm:text-3xl text-on-surface-variant/50">1987</span>\n' +
    '                    <div class="h-px w-12 sm:w-24 bg-white/10 hidden sm:block"></div>\n' +
    '                    <span class="font-label text-[10px] uppercase tracking-widest text-accent/70">Spectral Density: Unknown</span>\n' +
    '                </div>\n' +
    '            </div>\n' +
    '            \n' +
    '            <div class="md:col-span-4 flex flex-col justify-end">\n' +
    '                <p class="font-body text-sm text-on-surface-variant/70 leading-relaxed sm:text-right">\n' +
    '                    Reconstruction based on era-appropriate regional characteristics.\n' +
    '                    \n' +
    '                </p>\n' +
    '            </div>\n' +
    '        </div>\n' +
    '\n' +
    '        \n' +
    '        <!-- The Mixing Conduit (Vox Aeterna Player) -->\n' +
    '        <div class="mb-24 md:mb-32">\n' +
    '            <!-- Master Control -->\n' +
    '            <div class="flex justify-center mb-12 md:mb-16 relative">\n' +
    '                <!-- Decorative rings -->\n' +
    '                <div class="absolute inset-0 flex items-center justify-center pointer-events-none">\n' +
    '                    <div id="play-pulse-ring" class="w-20 h-20 md:w-24 md:h-24 rounded-full border border-white/5 scale-100 opacity-50 transition-all duration-1000"></div>\n' +
    '                </div>\n' +
    '                \n' +
    '                <button id="main-play-btn" class="group relative w-20 h-20 md:w-24 md:h-24 rounded-full shard-blur border border-white/10 flex items-center justify-center hover:bg-white/5 hover:border-white/20 transition-all duration-700 ease-out z-10 hover:scale-105 active:scale-95">\n' +
    '                    <span class="play-icon material-symbols-outlined text-3xl md:text-4xl text-white font-light group-hover:text-cyan-400 transition-colors">play_arrow</span>\n' +
    '                    <span class="pause-icon material-symbols-outlined text-3xl md:text-4xl text-white font-light group-hover:text-cyan-400 transition-colors hidden">pause</span>\n' +
    '                </button>\n' +
    '            </div>\n' +
    '            \n' +
    '            <!-- Progress Line -->\n' +
    '            <div class="w-full max-w-4xl mx-auto mb-12 md:mb-16 group cursor-pointer" id="progress-container">\n' +
    '                <div class="flex justify-between items-end mb-4 px-2">\n' +
    '                    <span class="font-mono text-xs text-on-surface-variant/50" id="time-display">00:00</span>\n' +
    '                    <span class="font-label text-[9px] uppercase tracking-[0.3em] text-on-surface-variant/30 hidden sm:block">Timeline</span>\n' +
    '                    <span class="font-mono text-xs text-on-surface-variant/50" id="duration-display">--:--</span>\n' +
    '                </div>\n' +
    '                <div class="h-1 w-full bg-white/5 rounded-full overflow-hidden relative">\n' +
    '                    <div id="main-progress" class="absolute top-0 left-0 h-full w-0 bg-gradient-to-r from-transparent via-cyan-900 to-cyan-400 transition-all duration-100 ease-linear"></div>\n' +
    '                </div>\n' +
    '                <div class="mt-4 h-8 w-full opacity-20 group-hover:opacity-60 transition-opacity duration-500 overflow-hidden rounded">\n' +
    '                    <!-- Simple waveform replacement -->\n' +
    '                    <canvas id="wave-canvas" class="w-full h-full"></canvas>\n' +
    '                </div>\n' +
    '            </div>\n' +
    '\n' +
    '            <!-- Light Rills (Sliders) -->\n' +
    '            <div class="grid grid-cols-1 md:grid-cols-3 gap-8 md:gap-12 w-full max-w-4xl mx-auto px-4">\n' +
    '                \n' +
    '                <!-- Rill: Bed -->\n' +
    '                <div class="flex flex-col gap-4 md:gap-6 group">\n' +
    '                    <div class="flex justify-between items-center">\n' +
    '                        <label class="font-headline italic text-lg md:text-xl text-on-surface group-hover:text-primary'... 14655 more characters
  
      at TestContext.<anonymous> (file:///home/srinivas/workspace/github.com/sivaratrisrinivas/seance/test/ritual-loading.test.js:69:10)
      at process.processTicksAndRejections (node:internal/process/task_queues:104:5)
      at async Test.run (node:internal/test_runner/test:1208:7)
      at async Test.processPendingSubtests (node:internal/test_runner/test:831:7) {
    generatedMessage: true,
    code: 'ERR_ASSERTION',
    actual: `<!doctype html>\n<html lang="en" class="dark">\n  <head>\n    <meta charset="utf-8" />\n    <meta name="viewport" content="width=device-width, initial-scale=1.0" />\n    <title>Séance - Vox Aeterna</title>\n    \n    <script src="https://cdn.tailwindcss.com?plugins=forms,container-queries"></script>\n    <link href="https://fonts.googleapis.com/css2?family=Noto+Serif:ital,wght@0,300;0,400;0,700;1,300;1,400;1,700&family=Space+Grotesk:wght@300;400;500;700&display=swap" rel="stylesheet" />\n    <link href="https://fonts.googleapis.com/css2?family=Material+Symbols+Outlined:wght,FILL@100..700,0..1&display=swap" rel="stylesheet" />\n    <script id="tailwind-config">\n      tailwind.config = {\n        darkMode: "class",\n        theme: {\n          extend: {\n            "colors": {\n              "primary-fixed": "#735a39",\n              "on-primary-container": "#000000",\n              "outline": "#919191",\n              "on-background": "#e5e2e1",\n              "inverse-surface": "#e5e2e1",\n              "error": "#ffb4ab",\n              "surface-dim": "#131313",\n              "on-secondary-fixed-variant": "#3c3b3b",\n              "secondary-fixed-dim": "#adabaa",\n              "surface-container-highest": "#353534",\n              "on-tertiary-container": "#000000",\n              "surface-container-low": "#1c1b1b",\n              "primary-container": "#f0cfa5",\n              "tertiary-fixed-dim": "#004b70",\n              "primary-fixed-dim": "#594323",\n              "on-primary-fixed-variant": "#ffddb2",\n              "outline-variant": "#474747",\n              "on-surface-variant": "#c6c6c6",\n              "inverse-on-surface": "#313030",\n              "tertiary-container": "#5997c4",\n              "surface-container-lowest": "#0e0e0e",\n              "on-tertiary": "#001e30",\n              "secondary-fixed": "#c9c6c5",\n              "surface-variant": "#353534",\n              "on-surface": "#e5e2e1",\n              "primary": "#ffffff",\n              "on-primary": "#291800",\n              "tertiary": "#cae6ff",\n              "surface-container": "#201f1f",\n              "on-secondary-container": "#e5e2e1",\n              "on-error-container": "#ffdad6",\n              "on-error": "#690005",\n              "tertiary-fixed": "#1c648e",\n              "surface-tint": "#e1c198",\n              "on-secondary-fixed": "#1c1b1b",\n              "on-tertiary-fixed": "#ffffff",\n              "on-secondary": "#1c1b1b",\n              "inverse-primary": "#735a39",\n              "on-primary-fixed": "#ffffff",\n              "secondary-container": "#474646",\n              "background": "#050505",\n              "surface-bright": "#3a3939",\n              "surface": "#131313",\n              "error-container": "#93000a",\n              "surface-container-high": "#2a2a2a",\n              "secondary": "#c9c6c5",\n              "on-tertiary-fixed-variant": "#cae6ff"\n            },\n            "fontFamily": {\n              "headline": ["Noto Serif", "serif"],\n              "body": ["Space Grotesk", "sans-serif"],\n              "label": ["Space Grotesk", "sans-serif"]\n            }\n          }\n        }\n      }\n    </script>\n    <style>\n      body {\n        min-height: max(884px, 100dvh);\n        overflow: hidden;\n      }\n      .material-symbols-outlined {\n        font-variation-settings: 'FILL' 0, 'wght' 200, 'GRAD' 0, 'opsz' 24;\n      }\n      .obsidian-void {\n        background: radial-gradient(circle at center, #1a1a1a 0%, #050505 100%);\n      }\n      .needle-line {\n        height: 0.5px;\n        background: linear-gradient(90deg, transparent 0%, rgba(255,255,255,0.2) 50%, transparent 100%);\n      }\n      .spectral-glow {\n        text-shadow: 0 0 15px rgba(255, 255, 255, 0.4);\n      }\n      .vertical-text {\n        writing-mode: vertical-rl;\n        text-orientation: mixed;\n      }\n      .smoke-blur {\n        filter: blur(40px);\n        background: radial-gradient(circle, rgba(202, 230, 255, 0.08) 0%, transparent 70%);\n      }\n      .grain-overlay {\n        background-image: url("https://lh3.googleusercontent.com/aida-public/AB6AXuDj3jyhb5qrY9ftxHnrNvrsFKao8TM0oQEN-ok12uccMAR-UKuMiR_cRE9gSPXoUXKQxFKd525138SuXUi4FNfPS3PFBUYRVSr2q10wsPN_lZRhicd6Nap5a6TZeIUApMMx5XJRJ6F2bUNeAvhXPhqtb04obGn3XcKxdVDiqWPgSAGT0gHeahJFX-o0Uw55m0dk_Xn0-rnFEVA7Oqys3EmmQ1QCXmqUG5UDo_x3jTRCJLYWbjn-UjdXofuwFD9Jx_83dpV0WB6GZWrq");\n        opacity: 0.03;\n        pointer-events: none;\n      }\n      .mote-blur {\n        filter: blur(80px);\n      }\n      .glow-pulse {\n        filter: drop-shadow(0 0 20px rgba(255, 255, 255, 0.1));\n      }\n      .light-rill {\n        background: linear-gradient(to bottom, transparent, rgba(202, 230, 255, 0.2), transparent);\n      }\n      .shard-blur {\n        backdrop-filter: blur(40px);\n        -webkit-backdrop-filter: blur(40px);\n      }\n    </style>\n  \n  </head>\n  <body class="bg-[#050505] text-on-background font-body selection:bg-tertiary/30 min-h-screen overflow-x-hidden relative">\n    \n    <!-- Fog and Grain Layers -->\n    <div class="fixed inset-0 grain-overlay z-10 pointer-events-none"></div>\n    <div class="fixed inset-0 bg-[radial-gradient(ellipse_at_center,_var(--tw-gradient-stops))] from-[#0a0a0a] via-[#050505] to-black z-0 pointer-events-none"></div>\n    \n    <!-- Navigation -->\n    <header class="fixed top-0 left-0 w-full z-50 flex justify-between items-center px-10 py-8 mix-blend-difference">\n        <div class="flex items-center gap-4">\n            <a href="/" class="text-white/60 hover:text-white transition-all duration-700 ease-in-out font-label text-xs uppercase tracking-[0.3em] truncate">\n                Sever Connection\n            </a>\n        </div>\n    </header>\n\n    \n\n    <main class="relative z-20 pt-24 pb-24 px-6 md:px-12 lg:px-24 max-w-7xl mx-auto flex flex-col min-h-[90vh] justify-center">\n        \n        <!-- Header Information -->\n        <div class="grid grid-cols-1 md:grid-cols-12 gap-8 mb-16 md:mb-24">\n            <div class="md:col-span-8 flex flex-col justify-end">\n                <p class="font-label uppercase text-[10px] tracking-[0.4em] text-on-surface-variant/60 mb-6">Echo Recovered</p>\n                <h1 class="font-headline italic text-4xl sm:text-5xl md:text-7xl lg:text-8xl text-primary tracking-tight leading-none mb-4 break-words">\n                    Oslo\n                </h1>\n                <div class="flex items-center gap-4 sm:gap-6 flex-wrap">\n                    <span class="font-h1 text-2xl sm:text-3xl text-on-surface-variant/50">1987</span>\n                    <div class="h-px w-12 sm:w-24 bg-white/10 hidden sm:block"></div>\n                    <span class="font-label text-[10px] uppercase tracking-widest text-accent/70">Spectral Density: Unknown</span>\n                </div>\n            </div>\n            \n            <div class="md:col-span-4 flex flex-col justify-end">\n                <p class="font-body text-sm text-on-surface-variant/70 leading-relaxed sm:text-right">\n                    Reconstruction based on era-appropriate regional characteristics.\n                    \n                </p>\n            </div>\n        </div>\n\n        \n        <!-- The Mixing Conduit (Vox Aeterna Player) -->\n        <div class="mb-24 md:mb-32">\n            <!-- Master Control -->\n            <div class="flex justify-center mb-12 md:mb-16 relative">\n                <!-- Decorative rings -->\n                <div class="absolute inset-0 flex items-center justify-center pointer-events-none">\n                    <div id="play-pulse-ring" class="w-20 h-20 md:w-24 md:h-24 rounded-full border border-white/5 scale-100 opacity-50 transition-all duration-1000"></div>\n                </div>\n                \n                <button id="main-play-btn" class="group relative w-20 h-20 md:w-24 md:h-24 rounded-full shard-blur border border-white/10 flex items-center justify-center hover:bg-white/5 hover:border-white/20 transition-all duration-700 ease-out z-10 hover:scale-105 active:scale-95">\n                    <span class="play-icon material-symbols-outlined text-3xl md:text-4xl text-white font-light group-hover:text-cyan-400 transition-colors">play_arrow</span>\n                    <span class="pause-icon material-symbols-outlined text-3xl md:text-4xl text-white font-light group-hover:text-cyan-400 transition-colors hidden">pause</span>\n                </button>\n            </div>\n            \n            <!-- Progress Line -->\n            <div class="w-full max-w-4xl mx-auto mb-12 md:mb-16 group cursor-pointer" id="progress-container">\n                <div class="flex justify-between items-end mb-4 px-2">\n                    <span class="font-mono text-xs text-on-surface-variant/50" id="time-display">00:00</span>\n                    <span class="font-label text-[9px] uppercase tracking-[0.3em] text-on-surface-variant/30 hidden sm:block">Timeline</span>\n                    <span class="font-mono text-xs text-on-surface-variant/50" id="duration-display">--:--</span>\n                </div>\n                <div class="h-1 w-full bg-white/5 rounded-full overflow-hidden relative">\n                    <div id="main-progress" class="absolute top-0 left-0 h-full w-0 bg-gradient-to-r from-transparent via-cyan-900 to-cyan-400 transition-all duration-100 ease-linear"></div>\n                </div>\n                <div class="mt-4 h-8 w-full opacity-20 group-hover:opacity-60 transition-opacity duration-500 overflow-hidden rounded">\n                    <!-- Simple waveform replacement -->\n                    <canvas id="wave-canvas" class="w-full h-full"></canvas>\n                </div>\n            </div>\n\n            <!-- Light Rills (Sliders) -->\n            <div class="grid grid-cols-1 md:grid-cols-3 gap-8 md:gap-12 w-full max-w-4xl mx-auto px-4">\n                \n                <!-- Rill: Bed -->\n                <div class="flex flex-col gap-4 md:gap-6 group">\n                    <div class="flex justify-between items-center">\n                        <label class="font-headline italic text-lg md:text-xl text-on-surface group-hover:text-primary`... 14655 more characters,
    expected: /Recovered from prior reconstruction/,
    operator: 'match',
    diff: 'simple'
  }

test at test/ritual-loading.test.js:73:1
✖ artifact page shows confidence badge (273.126696ms)
  AssertionError [ERR_ASSERTION]: The input did not match the regular expression /confidence-badge/. Input:
  
  '<!doctype html>\n' +
    '<html lang="en" class="dark">\n' +
    '  <head>\n' +
    '    <meta charset="utf-8" />\n' +
    '    <meta name="viewport" content="width=device-width, initial-scale=1.0" />\n' +
    '    <title>Séance - Vox Aeterna</title>\n' +
    '    \n' +
    '    <script src="https://cdn.tailwindcss.com?plugins=forms,container-queries"></script>\n' +
    '    <link href="https://fonts.googleapis.com/css2?family=Noto+Serif:ital,wght@0,300;0,400;0,700;1,300;1,400;1,700&family=Space+Grotesk:wght@300;400;500;700&display=swap" rel="stylesheet" />\n' +
    '    <link href="https://fonts.googleapis.com/css2?family=Material+Symbols+Outlined:wght,FILL@100..700,0..1&display=swap" rel="stylesheet" />\n' +
    '    <script id="tailwind-config">\n' +
    '      tailwind.config = {\n' +
    '        darkMode: "class",\n' +
    '        theme: {\n' +
    '          extend: {\n' +
    '            "colors": {\n' +
    '              "primary-fixed": "#735a39",\n' +
    '              "on-primary-container": "#000000",\n' +
    '              "outline": "#919191",\n' +
    '              "on-background": "#e5e2e1",\n' +
    '              "inverse-surface": "#e5e2e1",\n' +
    '              "error": "#ffb4ab",\n' +
    '              "surface-dim": "#131313",\n' +
    '              "on-secondary-fixed-variant": "#3c3b3b",\n' +
    '              "secondary-fixed-dim": "#adabaa",\n' +
    '              "surface-container-highest": "#353534",\n' +
    '              "on-tertiary-container": "#000000",\n' +
    '              "surface-container-low": "#1c1b1b",\n' +
    '              "primary-container": "#f0cfa5",\n' +
    '              "tertiary-fixed-dim": "#004b70",\n' +
    '              "primary-fixed-dim": "#594323",\n' +
    '              "on-primary-fixed-variant": "#ffddb2",\n' +
    '              "outline-variant": "#474747",\n' +
    '              "on-surface-variant": "#c6c6c6",\n' +
    '              "inverse-on-surface": "#313030",\n' +
    '              "tertiary-container": "#5997c4",\n' +
    '              "surface-container-lowest": "#0e0e0e",\n' +
    '              "on-tertiary": "#001e30",\n' +
    '              "secondary-fixed": "#c9c6c5",\n' +
    '              "surface-variant": "#353534",\n' +
    '              "on-surface": "#e5e2e1",\n' +
    '              "primary": "#ffffff",\n' +
    '              "on-primary": "#291800",\n' +
    '              "tertiary": "#cae6ff",\n' +
    '              "surface-container": "#201f1f",\n' +
    '              "on-secondary-container": "#e5e2e1",\n' +
    '              "on-error-container": "#ffdad6",\n' +
    '              "on-error": "#690005",\n' +
    '              "tertiary-fixed": "#1c648e",\n' +
    '              "surface-tint": "#e1c198",\n' +
    '              "on-secondary-fixed": "#1c1b1b",\n' +
    '              "on-tertiary-fixed": "#ffffff",\n' +
    '              "on-secondary": "#1c1b1b",\n' +
    '              "inverse-primary": "#735a39",\n' +
    '              "on-primary-fixed": "#ffffff",\n' +
    '              "secondary-container": "#474646",\n' +
    '              "background": "#050505",\n' +
    '              "surface-bright": "#3a3939",\n' +
    '              "surface": "#131313",\n' +
    '              "error-container": "#93000a",\n' +
    '              "surface-container-high": "#2a2a2a",\n' +
    '              "secondary": "#c9c6c5",\n' +
    '              "on-tertiary-fixed-variant": "#cae6ff"\n' +
    '            },\n' +
    '            "fontFamily": {\n' +
    '              "headline": ["Noto Serif", "serif"],\n' +
    '              "body": ["Space Grotesk", "sans-serif"],\n' +
    '              "label": ["Space Grotesk", "sans-serif"]\n' +
    '            }\n' +
    '          }\n' +
    '        }\n' +
    '      }\n' +
    '    </script>\n' +
    '    <style>\n' +
    '      body {\n' +
    '        min-height: max(884px, 100dvh);\n' +
    '        overflow: hidden;\n' +
    '      }\n' +
    '      .material-symbols-outlined {\n' +
    "        font-variation-settings: 'FILL' 0, 'wght' 200, 'GRAD' 0, 'opsz' 24;\n" +
    '      }\n' +
    '      .obsidian-void {\n' +
    '        background: radial-gradient(circle at center, #1a1a1a 0%, #050505 100%);\n' +
    '      }\n' +
    '      .needle-line {\n' +
    '        height: 0.5px;\n' +
    '        background: linear-gradient(90deg, transparent 0%, rgba(255,255,255,0.2) 50%, transparent 100%);\n' +
    '      }\n' +
    '      .spectral-glow {\n' +
    '        text-shadow: 0 0 15px rgba(255, 255, 255, 0.4);\n' +
    '      }\n' +
    '      .vertical-text {\n' +
    '        writing-mode: vertical-rl;\n' +
    '        text-orientation: mixed;\n' +
    '      }\n' +
    '      .smoke-blur {\n' +
    '        filter: blur(40px);\n' +
    '        background: radial-gradient(circle, rgba(202, 230, 255, 0.08) 0%, transparent 70%);\n' +
    '      }\n' +
    '      .grain-overlay {\n' +
    '        background-image: url("https://lh3.googleusercontent.com/aida-public/AB6AXuDj3jyhb5qrY9ftxHnrNvrsFKao8TM0oQEN-ok12uccMAR-UKuMiR_cRE9gSPXoUXKQxFKd525138SuXUi4FNfPS3PFBUYRVSr2q10wsPN_lZRhicd6Nap5a6TZeIUApMMx5XJRJ6F2bUNeAvhXPhqtb04obGn3XcKxdVDiqWPgSAGT0gHeahJFX-o0Uw55m0dk_Xn0-rnFEVA7Oqys3EmmQ1QCXmqUG5UDo_x3jTRCJLYWbjn-UjdXofuwFD9Jx_83dpV0WB6GZWrq");\n' +
    '        opacity: 0.03;\n' +
    '        pointer-events: none;\n' +
    '      }\n' +
    '      .mote-blur {\n' +
    '        filter: blur(80px);\n' +
    '      }\n' +
    '      .glow-pulse {\n' +
    '        filter: drop-shadow(0 0 20px rgba(255, 255, 255, 0.1));\n' +
    '      }\n' +
    '      .light-rill {\n' +
    '        background: linear-gradient(to bottom, transparent, rgba(202, 230, 255, 0.2), transparent);\n' +
    '      }\n' +
    '      .shard-blur {\n' +
    '        backdrop-filter: blur(40px);\n' +
    '        -webkit-backdrop-filter: blur(40px);\n' +
    '      }\n' +
    '    </style>\n' +
    '  \n' +
    '  </head>\n' +
    '  <body class="bg-[#050505] text-on-background font-body selection:bg-tertiary/30 min-h-screen overflow-x-hidden relative">\n' +
    '    \n' +
    '    <!-- Fog and Grain Layers -->\n' +
    '    <div class="fixed inset-0 grain-overlay z-10 pointer-events-none"></div>\n' +
    '    <div class="fixed inset-0 bg-[radial-gradient(ellipse_at_center,_var(--tw-gradient-stops))] from-[#0a0a0a] via-[#050505] to-black z-0 pointer-events-none"></div>\n' +
    '    \n' +
    '    <!-- Navigation -->\n' +
    '    <header class="fixed top-0 left-0 w-full z-50 flex justify-between items-center px-10 py-8 mix-blend-difference">\n' +
    '        <div class="flex items-center gap-4">\n' +
    '            <a href="/" class="text-white/60 hover:text-white transition-all duration-700 ease-in-out font-label text-xs uppercase tracking-[0.3em] truncate">\n' +
    '                Sever Connection\n' +
    '            </a>\n' +
    '        </div>\n' +
    '    </header>\n' +
    '\n' +
    '    \n' +
    '\n' +
    '    <main class="relative z-20 pt-24 pb-24 px-6 md:px-12 lg:px-24 max-w-7xl mx-auto flex flex-col min-h-[90vh] justify-center">\n' +
    '        \n' +
    '        <!-- Header Information -->\n' +
    '        <div class="grid grid-cols-1 md:grid-cols-12 gap-8 mb-16 md:mb-24">\n' +
    '            <div class="md:col-span-8 flex flex-col justify-end">\n' +
    '                <p class="font-label uppercase text-[10px] tracking-[0.4em] text-on-surface-variant/60 mb-6">Echo Recovered</p>\n' +
    '                <h1 class="font-headline italic text-4xl sm:text-5xl md:text-7xl lg:text-8xl text-primary tracking-tight leading-none mb-4 break-words">\n' +
    '                    Oslo\n' +
    '                </h1>\n' +
    '                <div class="flex items-center gap-4 sm:gap-6 flex-wrap">\n' +
    '                    <span class="font-h1 text-2xl sm:text-3xl text-on-surface-variant/50">1987</span>\n' +
    '                    <div class="h-px w-12 sm:w-24 bg-white/10 hidden sm:block"></div>\n' +
    '                    <span class="font-label text-[10px] uppercase tracking-widest text-accent/70">Spectral Density: Unknown</span>\n' +
    '                </div>\n' +
    '            </div>\n' +
    '            \n' +
    '            <div class="md:col-span-4 flex flex-col justify-end">\n' +
    '                <p class="font-body text-sm text-on-surface-variant/70 leading-relaxed sm:text-right">\n' +
    '                    Reconstruction based on era-appropriate regional characteristics.\n' +
    '                    \n' +
    '                </p>\n' +
    '            </div>\n' +
    '        </div>\n' +
    '\n' +
    '        \n' +
    '        <!-- The Mixing Conduit (Vox Aeterna Player) -->\n' +
    '        <div class="mb-24 md:mb-32">\n' +
    '            <!-- Master Control -->\n' +
    '            <div class="flex justify-center mb-12 md:mb-16 relative">\n' +
    '                <!-- Decorative rings -->\n' +
    '                <div class="absolute inset-0 flex items-center justify-center pointer-events-none">\n' +
    '                    <div id="play-pulse-ring" class="w-20 h-20 md:w-24 md:h-24 rounded-full border border-white/5 scale-100 opacity-50 transition-all duration-1000"></div>\n' +
    '                </div>\n' +
    '                \n' +
    '                <button id="main-play-btn" class="group relative w-20 h-20 md:w-24 md:h-24 rounded-full shard-blur border border-white/10 flex items-center justify-center hover:bg-white/5 hover:border-white/20 transition-all duration-700 ease-out z-10 hover:scale-105 active:scale-95">\n' +
    '                    <span class="play-icon material-symbols-outlined text-3xl md:text-4xl text-white font-light group-hover:text-cyan-400 transition-colors">play_arrow</span>\n' +
    '                    <span class="pause-icon material-symbols-outlined text-3xl md:text-4xl text-white font-light group-hover:text-cyan-400 transition-colors hidden">pause</span>\n' +
    '                </button>\n' +
    '            </div>\n' +
    '            \n' +
    '            <!-- Progress Line -->\n' +
    '            <div class="w-full max-w-4xl mx-auto mb-12 md:mb-16 group cursor-pointer" id="progress-container">\n' +
    '                <div class="flex justify-between items-end mb-4 px-2">\n' +
    '                    <span class="font-mono text-xs text-on-surface-variant/50" id="time-display">00:00</span>\n' +
    '                    <span class="font-label text-[9px] uppercase tracking-[0.3em] text-on-surface-variant/30 hidden sm:block">Timeline</span>\n' +
    '                    <span class="font-mono text-xs text-on-surface-variant/50" id="duration-display">--:--</span>\n' +
    '                </div>\n' +
    '                <div class="h-1 w-full bg-white/5 rounded-full overflow-hidden relative">\n' +
    '                    <div id="main-progress" class="absolute top-0 left-0 h-full w-0 bg-gradient-to-r from-transparent via-cyan-900 to-cyan-400 transition-all duration-100 ease-linear"></div>\n' +
    '                </div>\n' +
    '                <div class="mt-4 h-8 w-full opacity-20 group-hover:opacity-60 transition-opacity duration-500 overflow-hidden rounded">\n' +
    '                    <!-- Simple waveform replacement -->\n' +
    '                    <canvas id="wave-canvas" class="w-full h-full"></canvas>\n' +
    '                </div>\n' +
    '            </div>\n' +
    '\n' +
    '            <!-- Light Rills (Sliders) -->\n' +
    '            <div class="grid grid-cols-1 md:grid-cols-3 gap-8 md:gap-12 w-full max-w-4xl mx-auto px-4">\n' +
    '                \n' +
    '                <!-- Rill: Bed -->\n' +
    '                <div class="flex flex-col gap-4 md:gap-6 group">\n' +
    '                    <div class="flex justify-between items-center">\n' +
    '                        <label class="font-headline italic text-lg md:text-xl text-on-surface group-hover:text-primary'... 14655 more characters
  
      at TestContext.<anonymous> (file:///home/srinivas/workspace/github.com/sivaratrisrinivas/seance/test/ritual-loading.test.js:80:10)
      at process.processTicksAndRejections (node:internal/process/task_queues:104:5)
      at async Test.run (node:internal/test_runner/test:1208:7)
      at async Test.processPendingSubtests (node:internal/test_runner/test:831:7) {
    generatedMessage: true,
    code: 'ERR_ASSERTION',
    actual: `<!doctype html>\n<html lang="en" class="dark">\n  <head>\n    <meta charset="utf-8" />\n    <meta name="viewport" content="width=device-width, initial-scale=1.0" />\n    <title>Séance - Vox Aeterna</title>\n    \n    <script src="https://cdn.tailwindcss.com?plugins=forms,container-queries"></script>\n    <link href="https://fonts.googleapis.com/css2?family=Noto+Serif:ital,wght@0,300;0,400;0,700;1,300;1,400;1,700&family=Space+Grotesk:wght@300;400;500;700&display=swap" rel="stylesheet" />\n    <link href="https://fonts.googleapis.com/css2?family=Material+Symbols+Outlined:wght,FILL@100..700,0..1&display=swap" rel="stylesheet" />\n    <script id="tailwind-config">\n      tailwind.config = {\n        darkMode: "class",\n        theme: {\n          extend: {\n            "colors": {\n              "primary-fixed": "#735a39",\n              "on-primary-container": "#000000",\n              "outline": "#919191",\n              "on-background": "#e5e2e1",\n              "inverse-surface": "#e5e2e1",\n              "error": "#ffb4ab",\n              "surface-dim": "#131313",\n              "on-secondary-fixed-variant": "#3c3b3b",\n              "secondary-fixed-dim": "#adabaa",\n              "surface-container-highest": "#353534",\n              "on-tertiary-container": "#000000",\n              "surface-container-low": "#1c1b1b",\n              "primary-container": "#f0cfa5",\n              "tertiary-fixed-dim": "#004b70",\n              "primary-fixed-dim": "#594323",\n              "on-primary-fixed-variant": "#ffddb2",\n              "outline-variant": "#474747",\n              "on-surface-variant": "#c6c6c6",\n              "inverse-on-surface": "#313030",\n              "tertiary-container": "#5997c4",\n              "surface-container-lowest": "#0e0e0e",\n              "on-tertiary": "#001e30",\n              "secondary-fixed": "#c9c6c5",\n              "surface-variant": "#353534",\n              "on-surface": "#e5e2e1",\n              "primary": "#ffffff",\n              "on-primary": "#291800",\n              "tertiary": "#cae6ff",\n              "surface-container": "#201f1f",\n              "on-secondary-container": "#e5e2e1",\n              "on-error-container": "#ffdad6",\n              "on-error": "#690005",\n              "tertiary-fixed": "#1c648e",\n              "surface-tint": "#e1c198",\n              "on-secondary-fixed": "#1c1b1b",\n              "on-tertiary-fixed": "#ffffff",\n              "on-secondary": "#1c1b1b",\n              "inverse-primary": "#735a39",\n              "on-primary-fixed": "#ffffff",\n              "secondary-container": "#474646",\n              "background": "#050505",\n              "surface-bright": "#3a3939",\n              "surface": "#131313",\n              "error-container": "#93000a",\n              "surface-container-high": "#2a2a2a",\n              "secondary": "#c9c6c5",\n              "on-tertiary-fixed-variant": "#cae6ff"\n            },\n            "fontFamily": {\n              "headline": ["Noto Serif", "serif"],\n              "body": ["Space Grotesk", "sans-serif"],\n              "label": ["Space Grotesk", "sans-serif"]\n            }\n          }\n        }\n      }\n    </script>\n    <style>\n      body {\n        min-height: max(884px, 100dvh);\n        overflow: hidden;\n      }\n      .material-symbols-outlined {\n        font-variation-settings: 'FILL' 0, 'wght' 200, 'GRAD' 0, 'opsz' 24;\n      }\n      .obsidian-void {\n        background: radial-gradient(circle at center, #1a1a1a 0%, #050505 100%);\n      }\n      .needle-line {\n        height: 0.5px;\n        background: linear-gradient(90deg, transparent 0%, rgba(255,255,255,0.2) 50%, transparent 100%);\n      }\n      .spectral-glow {\n        text-shadow: 0 0 15px rgba(255, 255, 255, 0.4);\n      }\n      .vertical-text {\n        writing-mode: vertical-rl;\n        text-orientation: mixed;\n      }\n      .smoke-blur {\n        filter: blur(40px);\n        background: radial-gradient(circle, rgba(202, 230, 255, 0.08) 0%, transparent 70%);\n      }\n      .grain-overlay {\n        background-image: url("https://lh3.googleusercontent.com/aida-public/AB6AXuDj3jyhb5qrY9ftxHnrNvrsFKao8TM0oQEN-ok12uccMAR-UKuMiR_cRE9gSPXoUXKQxFKd525138SuXUi4FNfPS3PFBUYRVSr2q10wsPN_lZRhicd6Nap5a6TZeIUApMMx5XJRJ6F2bUNeAvhXPhqtb04obGn3XcKxdVDiqWPgSAGT0gHeahJFX-o0Uw55m0dk_Xn0-rnFEVA7Oqys3EmmQ1QCXmqUG5UDo_x3jTRCJLYWbjn-UjdXofuwFD9Jx_83dpV0WB6GZWrq");\n        opacity: 0.03;\n        pointer-events: none;\n      }\n      .mote-blur {\n        filter: blur(80px);\n      }\n      .glow-pulse {\n        filter: drop-shadow(0 0 20px rgba(255, 255, 255, 0.1));\n      }\n      .light-rill {\n        background: linear-gradient(to bottom, transparent, rgba(202, 230, 255, 0.2), transparent);\n      }\n      .shard-blur {\n        backdrop-filter: blur(40px);\n        -webkit-backdrop-filter: blur(40px);\n      }\n    </style>\n  \n  </head>\n  <body class="bg-[#050505] text-on-background font-body selection:bg-tertiary/30 min-h-screen overflow-x-hidden relative">\n    \n    <!-- Fog and Grain Layers -->\n    <div class="fixed inset-0 grain-overlay z-10 pointer-events-none"></div>\n    <div class="fixed inset-0 bg-[radial-gradient(ellipse_at_center,_var(--tw-gradient-stops))] from-[#0a0a0a] via-[#050505] to-black z-0 pointer-events-none"></div>\n    \n    <!-- Navigation -->\n    <header class="fixed top-0 left-0 w-full z-50 flex justify-between items-center px-10 py-8 mix-blend-difference">\n        <div class="flex items-center gap-4">\n            <a href="/" class="text-white/60 hover:text-white transition-all duration-700 ease-in-out font-label text-xs uppercase tracking-[0.3em] truncate">\n                Sever Connection\n            </a>\n        </div>\n    </header>\n\n    \n\n    <main class="relative z-20 pt-24 pb-24 px-6 md:px-12 lg:px-24 max-w-7xl mx-auto flex flex-col min-h-[90vh] justify-center">\n        \n        <!-- Header Information -->\n        <div class="grid grid-cols-1 md:grid-cols-12 gap-8 mb-16 md:mb-24">\n            <div class="md:col-span-8 flex flex-col justify-end">\n                <p class="font-label uppercase text-[10px] tracking-[0.4em] text-on-surface-variant/60 mb-6">Echo Recovered</p>\n                <h1 class="font-headline italic text-4xl sm:text-5xl md:text-7xl lg:text-8xl text-primary tracking-tight leading-none mb-4 break-words">\n                    Oslo\n                </h1>\n                <div class="flex items-center gap-4 sm:gap-6 flex-wrap">\n                    <span class="font-h1 text-2xl sm:text-3xl text-on-surface-variant/50">1987</span>\n                    <div class="h-px w-12 sm:w-24 bg-white/10 hidden sm:block"></div>\n                    <span class="font-label text-[10px] uppercase tracking-widest text-accent/70">Spectral Density: Unknown</span>\n                </div>\n            </div>\n            \n            <div class="md:col-span-4 flex flex-col justify-end">\n                <p class="font-body text-sm text-on-surface-variant/70 leading-relaxed sm:text-right">\n                    Reconstruction based on era-appropriate regional characteristics.\n                    \n                </p>\n            </div>\n        </div>\n\n        \n        <!-- The Mixing Conduit (Vox Aeterna Player) -->\n        <div class="mb-24 md:mb-32">\n            <!-- Master Control -->\n            <div class="flex justify-center mb-12 md:mb-16 relative">\n                <!-- Decorative rings -->\n                <div class="absolute inset-0 flex items-center justify-center pointer-events-none">\n                    <div id="play-pulse-ring" class="w-20 h-20 md:w-24 md:h-24 rounded-full border border-white/5 scale-100 opacity-50 transition-all duration-1000"></div>\n                </div>\n                \n                <button id="main-play-btn" class="group relative w-20 h-20 md:w-24 md:h-24 rounded-full shard-blur border border-white/10 flex items-center justify-center hover:bg-white/5 hover:border-white/20 transition-all duration-700 ease-out z-10 hover:scale-105 active:scale-95">\n                    <span class="play-icon material-symbols-outlined text-3xl md:text-4xl text-white font-light group-hover:text-cyan-400 transition-colors">play_arrow</span>\n                    <span class="pause-icon material-symbols-outlined text-3xl md:text-4xl text-white font-light group-hover:text-cyan-400 transition-colors hidden">pause</span>\n                </button>\n            </div>\n            \n            <!-- Progress Line -->\n            <div class="w-full max-w-4xl mx-auto mb-12 md:mb-16 group cursor-pointer" id="progress-container">\n                <div class="flex justify-between items-end mb-4 px-2">\n                    <span class="font-mono text-xs text-on-surface-variant/50" id="time-display">00:00</span>\n                    <span class="font-label text-[9px] uppercase tracking-[0.3em] text-on-surface-variant/30 hidden sm:block">Timeline</span>\n                    <span class="font-mono text-xs text-on-surface-variant/50" id="duration-display">--:--</span>\n                </div>\n                <div class="h-1 w-full bg-white/5 rounded-full overflow-hidden relative">\n                    <div id="main-progress" class="absolute top-0 left-0 h-full w-0 bg-gradient-to-r from-transparent via-cyan-900 to-cyan-400 transition-all duration-100 ease-linear"></div>\n                </div>\n                <div class="mt-4 h-8 w-full opacity-20 group-hover:opacity-60 transition-opacity duration-500 overflow-hidden rounded">\n                    <!-- Simple waveform replacement -->\n                    <canvas id="wave-canvas" class="w-full h-full"></canvas>\n                </div>\n            </div>\n\n            <!-- Light Rills (Sliders) -->\n            <div class="grid grid-cols-1 md:grid-cols-3 gap-8 md:gap-12 w-full max-w-4xl mx-auto px-4">\n                \n                <!-- Rill: Bed -->\n                <div class="flex flex-col gap-4 md:gap-6 group">\n                    <div class="flex justify-between items-center">\n                        <label class="font-headline italic text-lg md:text-xl text-on-surface group-hover:text-primary`... 14655 more characters,
    expected: /confidence-badge/,
    operator: 'match',
    diff: 'simple'
  }

test at test/ritual-loading.test.js:83:1
✖ artifact page shows nearby timelines section (271.814596ms)
  AssertionError [ERR_ASSERTION]: The input did not match the regular expression /Explore nearby timelines/. Input:
  
  '<!doctype html>\n' +
    '<html lang="en" class="dark">\n' +
    '  <head>\n' +
    '    <meta charset="utf-8" />\n' +
    '    <meta name="viewport" content="width=device-width, initial-scale=1.0" />\n' +
    '    <title>Séance - Vox Aeterna</title>\n' +
    '    \n' +
    '    <script src="https://cdn.tailwindcss.com?plugins=forms,container-queries"></script>\n' +
    '    <link href="https://fonts.googleapis.com/css2?family=Noto+Serif:ital,wght@0,300;0,400;0,700;1,300;1,400;1,700&family=Space+Grotesk:wght@300;400;500;700&display=swap" rel="stylesheet" />\n' +
    '    <link href="https://fonts.googleapis.com/css2?family=Material+Symbols+Outlined:wght,FILL@100..700,0..1&display=swap" rel="stylesheet" />\n' +
    '    <script id="tailwind-config">\n' +
    '      tailwind.config = {\n' +
    '        darkMode: "class",\n' +
    '        theme: {\n' +
    '          extend: {\n' +
    '            "colors": {\n' +
    '              "primary-fixed": "#735a39",\n' +
    '              "on-primary-container": "#000000",\n' +
    '              "outline": "#919191",\n' +
    '              "on-background": "#e5e2e1",\n' +
    '              "inverse-surface": "#e5e2e1",\n' +
    '              "error": "#ffb4ab",\n' +
    '              "surface-dim": "#131313",\n' +
    '              "on-secondary-fixed-variant": "#3c3b3b",\n' +
    '              "secondary-fixed-dim": "#adabaa",\n' +
    '              "surface-container-highest": "#353534",\n' +
    '              "on-tertiary-container": "#000000",\n' +
    '              "surface-container-low": "#1c1b1b",\n' +
    '              "primary-container": "#f0cfa5",\n' +
    '              "tertiary-fixed-dim": "#004b70",\n' +
    '              "primary-fixed-dim": "#594323",\n' +
    '              "on-primary-fixed-variant": "#ffddb2",\n' +
    '              "outline-variant": "#474747",\n' +
    '              "on-surface-variant": "#c6c6c6",\n' +
    '              "inverse-on-surface": "#313030",\n' +
    '              "tertiary-container": "#5997c4",\n' +
    '              "surface-container-lowest": "#0e0e0e",\n' +
    '              "on-tertiary": "#001e30",\n' +
    '              "secondary-fixed": "#c9c6c5",\n' +
    '              "surface-variant": "#353534",\n' +
    '              "on-surface": "#e5e2e1",\n' +
    '              "primary": "#ffffff",\n' +
    '              "on-primary": "#291800",\n' +
    '              "tertiary": "#cae6ff",\n' +
    '              "surface-container": "#201f1f",\n' +
    '              "on-secondary-container": "#e5e2e1",\n' +
    '              "on-error-container": "#ffdad6",\n' +
    '              "on-error": "#690005",\n' +
    '              "tertiary-fixed": "#1c648e",\n' +
    '              "surface-tint": "#e1c198",\n' +
    '              "on-secondary-fixed": "#1c1b1b",\n' +
    '              "on-tertiary-fixed": "#ffffff",\n' +
    '              "on-secondary": "#1c1b1b",\n' +
    '              "inverse-primary": "#735a39",\n' +
    '              "on-primary-fixed": "#ffffff",\n' +
    '              "secondary-container": "#474646",\n' +
    '              "background": "#050505",\n' +
    '              "surface-bright": "#3a3939",\n' +
    '              "surface": "#131313",\n' +
    '              "error-container": "#93000a",\n' +
    '              "surface-container-high": "#2a2a2a",\n' +
    '              "secondary": "#c9c6c5",\n' +
    '              "on-tertiary-fixed-variant": "#cae6ff"\n' +
    '            },\n' +
    '            "fontFamily": {\n' +
    '              "headline": ["Noto Serif", "serif"],\n' +
    '              "body": ["Space Grotesk", "sans-serif"],\n' +
    '              "label": ["Space Grotesk", "sans-serif"]\n' +
    '            }\n' +
    '          }\n' +
    '        }\n' +
    '      }\n' +
    '    </script>\n' +
    '    <style>\n' +
    '      body {\n' +
    '        min-height: max(884px, 100dvh);\n' +
    '        overflow: hidden;\n' +
    '      }\n' +
    '      .material-symbols-outlined {\n' +
    "        font-variation-settings: 'FILL' 0, 'wght' 200, 'GRAD' 0, 'opsz' 24;\n" +
    '      }\n' +
    '      .obsidian-void {\n' +
    '        background: radial-gradient(circle at center, #1a1a1a 0%, #050505 100%);\n' +
    '      }\n' +
    '      .needle-line {\n' +
    '        height: 0.5px;\n' +
    '        background: linear-gradient(90deg, transparent 0%, rgba(255,255,255,0.2) 50%, transparent 100%);\n' +
    '      }\n' +
    '      .spectral-glow {\n' +
    '        text-shadow: 0 0 15px rgba(255, 255, 255, 0.4);\n' +
    '      }\n' +
    '      .vertical-text {\n' +
    '        writing-mode: vertical-rl;\n' +
    '        text-orientation: mixed;\n' +
    '      }\n' +
    '      .smoke-blur {\n' +
    '        filter: blur(40px);\n' +
    '        background: radial-gradient(circle, rgba(202, 230, 255, 0.08) 0%, transparent 70%);\n' +
    '      }\n' +
    '      .grain-overlay {\n' +
    '        background-image: url("https://lh3.googleusercontent.com/aida-public/AB6AXuDj3jyhb5qrY9ftxHnrNvrsFKao8TM0oQEN-ok12uccMAR-UKuMiR_cRE9gSPXoUXKQxFKd525138SuXUi4FNfPS3PFBUYRVSr2q10wsPN_lZRhicd6Nap5a6TZeIUApMMx5XJRJ6F2bUNeAvhXPhqtb04obGn3XcKxdVDiqWPgSAGT0gHeahJFX-o0Uw55m0dk_Xn0-rnFEVA7Oqys3EmmQ1QCXmqUG5UDo_x3jTRCJLYWbjn-UjdXofuwFD9Jx_83dpV0WB6GZWrq");\n' +
    '        opacity: 0.03;\n' +
    '        pointer-events: none;\n' +
    '      }\n' +
    '      .mote-blur {\n' +
    '        filter: blur(80px);\n' +
    '      }\n' +
    '      .glow-pulse {\n' +
    '        filter: drop-shadow(0 0 20px rgba(255, 255, 255, 0.1));\n' +
    '      }\n' +
    '      .light-rill {\n' +
    '        background: linear-gradient(to bottom, transparent, rgba(202, 230, 255, 0.2), transparent);\n' +
    '      }\n' +
    '      .shard-blur {\n' +
    '        backdrop-filter: blur(40px);\n' +
    '        -webkit-backdrop-filter: blur(40px);\n' +
    '      }\n' +
    '    </style>\n' +
    '  \n' +
    '  </head>\n' +
    '  <body class="bg-[#050505] text-on-background font-body selection:bg-tertiary/30 min-h-screen overflow-x-hidden relative">\n' +
    '    \n' +
    '    <!-- Fog and Grain Layers -->\n' +
    '    <div class="fixed inset-0 grain-overlay z-10 pointer-events-none"></div>\n' +
    '    <div class="fixed inset-0 bg-[radial-gradient(ellipse_at_center,_var(--tw-gradient-stops))] from-[#0a0a0a] via-[#050505] to-black z-0 pointer-events-none"></div>\n' +
    '    \n' +
    '    <!-- Navigation -->\n' +
    '    <header class="fixed top-0 left-0 w-full z-50 flex justify-between items-center px-10 py-8 mix-blend-difference">\n' +
    '        <div class="flex items-center gap-4">\n' +
    '            <a href="/" class="text-white/60 hover:text-white transition-all duration-700 ease-in-out font-label text-xs uppercase tracking-[0.3em] truncate">\n' +
    '                Sever Connection\n' +
    '            </a>\n' +
    '        </div>\n' +
    '    </header>\n' +
    '\n' +
    '    \n' +
    '\n' +
    '    <main class="relative z-20 pt-24 pb-24 px-6 md:px-12 lg:px-24 max-w-7xl mx-auto flex flex-col min-h-[90vh] justify-center">\n' +
    '        \n' +
    '        <!-- Header Information -->\n' +
    '        <div class="grid grid-cols-1 md:grid-cols-12 gap-8 mb-16 md:mb-24">\n' +
    '            <div class="md:col-span-8 flex flex-col justify-end">\n' +
    '                <p class="font-label uppercase text-[10px] tracking-[0.4em] text-on-surface-variant/60 mb-6">Echo Recovered</p>\n' +
    '                <h1 class="font-headline italic text-4xl sm:text-5xl md:text-7xl lg:text-8xl text-primary tracking-tight leading-none mb-4 break-words">\n' +
    '                    Oslo\n' +
    '                </h1>\n' +
    '                <div class="flex items-center gap-4 sm:gap-6 flex-wrap">\n' +
    '                    <span class="font-h1 text-2xl sm:text-3xl text-on-surface-variant/50">1987</span>\n' +
    '                    <div class="h-px w-12 sm:w-24 bg-white/10 hidden sm:block"></div>\n' +
    '                    <span class="font-label text-[10px] uppercase tracking-widest text-accent/70">Spectral Density: Unknown</span>\n' +
    '                </div>\n' +
    '            </div>\n' +
    '            \n' +
    '            <div class="md:col-span-4 flex flex-col justify-end">\n' +
    '                <p class="font-body text-sm text-on-surface-variant/70 leading-relaxed sm:text-right">\n' +
    '                    Reconstruction based on era-appropriate regional characteristics.\n' +
    '                    \n' +
    '                </p>\n' +
    '            </div>\n' +
    '        </div>\n' +
    '\n' +
    '        \n' +
    '        <!-- The Mixing Conduit (Vox Aeterna Player) -->\n' +
    '        <div class="mb-24 md:mb-32">\n' +
    '            <!-- Master Control -->\n' +
    '            <div class="flex justify-center mb-12 md:mb-16 relative">\n' +
    '                <!-- Decorative rings -->\n' +
    '                <div class="absolute inset-0 flex items-center justify-center pointer-events-none">\n' +
    '                    <div id="play-pulse-ring" class="w-20 h-20 md:w-24 md:h-24 rounded-full border border-white/5 scale-100 opacity-50 transition-all duration-1000"></div>\n' +
    '                </div>\n' +
    '                \n' +
    '                <button id="main-play-btn" class="group relative w-20 h-20 md:w-24 md:h-24 rounded-full shard-blur border border-white/10 flex items-center justify-center hover:bg-white/5 hover:border-white/20 transition-all duration-700 ease-out z-10 hover:scale-105 active:scale-95">\n' +
    '                    <span class="play-icon material-symbols-outlined text-3xl md:text-4xl text-white font-light group-hover:text-cyan-400 transition-colors">play_arrow</span>\n' +
    '                    <span class="pause-icon material-symbols-outlined text-3xl md:text-4xl text-white font-light group-hover:text-cyan-400 transition-colors hidden">pause</span>\n' +
    '                </button>\n' +
    '            </div>\n' +
    '            \n' +
    '            <!-- Progress Line -->\n' +
    '            <div class="w-full max-w-4xl mx-auto mb-12 md:mb-16 group cursor-pointer" id="progress-container">\n' +
    '                <div class="flex justify-between items-end mb-4 px-2">\n' +
    '                    <span class="font-mono text-xs text-on-surface-variant/50" id="time-display">00:00</span>\n' +
    '                    <span class="font-label text-[9px] uppercase tracking-[0.3em] text-on-surface-variant/30 hidden sm:block">Timeline</span>\n' +
    '                    <span class="font-mono text-xs text-on-surface-variant/50" id="duration-display">--:--</span>\n' +
    '                </div>\n' +
    '                <div class="h-1 w-full bg-white/5 rounded-full overflow-hidden relative">\n' +
    '                    <div id="main-progress" class="absolute top-0 left-0 h-full w-0 bg-gradient-to-r from-transparent via-cyan-900 to-cyan-400 transition-all duration-100 ease-linear"></div>\n' +
    '                </div>\n' +
    '                <div class="mt-4 h-8 w-full opacity-20 group-hover:opacity-60 transition-opacity duration-500 overflow-hidden rounded">\n' +
    '                    <!-- Simple waveform replacement -->\n' +
    '                    <canvas id="wave-canvas" class="w-full h-full"></canvas>\n' +
    '                </div>\n' +
    '            </div>\n' +
    '\n' +
    '            <!-- Light Rills (Sliders) -->\n' +
    '            <div class="grid grid-cols-1 md:grid-cols-3 gap-8 md:gap-12 w-full max-w-4xl mx-auto px-4">\n' +
    '                \n' +
    '                <!-- Rill: Bed -->\n' +
    '                <div class="flex flex-col gap-4 md:gap-6 group">\n' +
    '                    <div class="flex justify-between items-center">\n' +
    '                        <label class="font-headline italic text-lg md:text-xl text-on-surface group-hover:text-primary'... 14655 more characters
  
      at TestContext.<anonymous> (file:///home/srinivas/workspace/github.com/sivaratrisrinivas/seance/test/ritual-loading.test.js:90:10)
      at process.processTicksAndRejections (node:internal/process/task_queues:104:5)
      at async Test.run (node:internal/test_runner/test:1208:7)
      at async Test.processPendingSubtests (node:internal/test_runner/test:831:7) {
    generatedMessage: true,
    code: 'ERR_ASSERTION',
    actual: `<!doctype html>\n<html lang="en" class="dark">\n  <head>\n    <meta charset="utf-8" />\n    <meta name="viewport" content="width=device-width, initial-scale=1.0" />\n    <title>Séance - Vox Aeterna</title>\n    \n    <script src="https://cdn.tailwindcss.com?plugins=forms,container-queries"></script>\n    <link href="https://fonts.googleapis.com/css2?family=Noto+Serif:ital,wght@0,300;0,400;0,700;1,300;1,400;1,700&family=Space+Grotesk:wght@300;400;500;700&display=swap" rel="stylesheet" />\n    <link href="https://fonts.googleapis.com/css2?family=Material+Symbols+Outlined:wght,FILL@100..700,0..1&display=swap" rel="stylesheet" />\n    <script id="tailwind-config">\n      tailwind.config = {\n        darkMode: "class",\n        theme: {\n          extend: {\n            "colors": {\n              "primary-fixed": "#735a39",\n              "on-primary-container": "#000000",\n              "outline": "#919191",\n              "on-background": "#e5e2e1",\n              "inverse-surface": "#e5e2e1",\n              "error": "#ffb4ab",\n              "surface-dim": "#131313",\n              "on-secondary-fixed-variant": "#3c3b3b",\n              "secondary-fixed-dim": "#adabaa",\n              "surface-container-highest": "#353534",\n              "on-tertiary-container": "#000000",\n              "surface-container-low": "#1c1b1b",\n              "primary-container": "#f0cfa5",\n              "tertiary-fixed-dim": "#004b70",\n              "primary-fixed-dim": "#594323",\n              "on-primary-fixed-variant": "#ffddb2",\n              "outline-variant": "#474747",\n              "on-surface-variant": "#c6c6c6",\n              "inverse-on-surface": "#313030",\n              "tertiary-container": "#5997c4",\n              "surface-container-lowest": "#0e0e0e",\n              "on-tertiary": "#001e30",\n              "secondary-fixed": "#c9c6c5",\n              "surface-variant": "#353534",\n              "on-surface": "#e5e2e1",\n              "primary": "#ffffff",\n              "on-primary": "#291800",\n              "tertiary": "#cae6ff",\n              "surface-container": "#201f1f",\n              "on-secondary-container": "#e5e2e1",\n              "on-error-container": "#ffdad6",\n              "on-error": "#690005",\n              "tertiary-fixed": "#1c648e",\n              "surface-tint": "#e1c198",\n              "on-secondary-fixed": "#1c1b1b",\n              "on-tertiary-fixed": "#ffffff",\n              "on-secondary": "#1c1b1b",\n              "inverse-primary": "#735a39",\n              "on-primary-fixed": "#ffffff",\n              "secondary-container": "#474646",\n              "background": "#050505",\n              "surface-bright": "#3a3939",\n              "surface": "#131313",\n              "error-container": "#93000a",\n              "surface-container-high": "#2a2a2a",\n              "secondary": "#c9c6c5",\n              "on-tertiary-fixed-variant": "#cae6ff"\n            },\n            "fontFamily": {\n              "headline": ["Noto Serif", "serif"],\n              "body": ["Space Grotesk", "sans-serif"],\n              "label": ["Space Grotesk", "sans-serif"]\n            }\n          }\n        }\n      }\n    </script>\n    <style>\n      body {\n        min-height: max(884px, 100dvh);\n        overflow: hidden;\n      }\n      .material-symbols-outlined {\n        font-variation-settings: 'FILL' 0, 'wght' 200, 'GRAD' 0, 'opsz' 24;\n      }\n      .obsidian-void {\n        background: radial-gradient(circle at center, #1a1a1a 0%, #050505 100%);\n      }\n      .needle-line {\n        height: 0.5px;\n        background: linear-gradient(90deg, transparent 0%, rgba(255,255,255,0.2) 50%, transparent 100%);\n      }\n      .spectral-glow {\n        text-shadow: 0 0 15px rgba(255, 255, 255, 0.4);\n      }\n      .vertical-text {\n        writing-mode: vertical-rl;\n        text-orientation: mixed;\n      }\n      .smoke-blur {\n        filter: blur(40px);\n        background: radial-gradient(circle, rgba(202, 230, 255, 0.08) 0%, transparent 70%);\n      }\n      .grain-overlay {\n        background-image: url("https://lh3.googleusercontent.com/aida-public/AB6AXuDj3jyhb5qrY9ftxHnrNvrsFKao8TM0oQEN-ok12uccMAR-UKuMiR_cRE9gSPXoUXKQxFKd525138SuXUi4FNfPS3PFBUYRVSr2q10wsPN_lZRhicd6Nap5a6TZeIUApMMx5XJRJ6F2bUNeAvhXPhqtb04obGn3XcKxdVDiqWPgSAGT0gHeahJFX-o0Uw55m0dk_Xn0-rnFEVA7Oqys3EmmQ1QCXmqUG5UDo_x3jTRCJLYWbjn-UjdXofuwFD9Jx_83dpV0WB6GZWrq");\n        opacity: 0.03;\n        pointer-events: none;\n      }\n      .mote-blur {\n        filter: blur(80px);\n      }\n      .glow-pulse {\n        filter: drop-shadow(0 0 20px rgba(255, 255, 255, 0.1));\n      }\n      .light-rill {\n        background: linear-gradient(to bottom, transparent, rgba(202, 230, 255, 0.2), transparent);\n      }\n      .shard-blur {\n        backdrop-filter: blur(40px);\n        -webkit-backdrop-filter: blur(40px);\n      }\n    </style>\n  \n  </head>\n  <body class="bg-[#050505] text-on-background font-body selection:bg-tertiary/30 min-h-screen overflow-x-hidden relative">\n    \n    <!-- Fog and Grain Layers -->\n    <div class="fixed inset-0 grain-overlay z-10 pointer-events-none"></div>\n    <div class="fixed inset-0 bg-[radial-gradient(ellipse_at_center,_var(--tw-gradient-stops))] from-[#0a0a0a] via-[#050505] to-black z-0 pointer-events-none"></div>\n    \n    <!-- Navigation -->\n    <header class="fixed top-0 left-0 w-full z-50 flex justify-between items-center px-10 py-8 mix-blend-difference">\n        <div class="flex items-center gap-4">\n            <a href="/" class="text-white/60 hover:text-white transition-all duration-700 ease-in-out font-label text-xs uppercase tracking-[0.3em] truncate">\n                Sever Connection\n            </a>\n        </div>\n    </header>\n\n    \n\n    <main class="relative z-20 pt-24 pb-24 px-6 md:px-12 lg:px-24 max-w-7xl mx-auto flex flex-col min-h-[90vh] justify-center">\n        \n        <!-- Header Information -->\n        <div class="grid grid-cols-1 md:grid-cols-12 gap-8 mb-16 md:mb-24">\n            <div class="md:col-span-8 flex flex-col justify-end">\n                <p class="font-label uppercase text-[10px] tracking-[0.4em] text-on-surface-variant/60 mb-6">Echo Recovered</p>\n                <h1 class="font-headline italic text-4xl sm:text-5xl md:text-7xl lg:text-8xl text-primary tracking-tight leading-none mb-4 break-words">\n                    Oslo\n                </h1>\n                <div class="flex items-center gap-4 sm:gap-6 flex-wrap">\n                    <span class="font-h1 text-2xl sm:text-3xl text-on-surface-variant/50">1987</span>\n                    <div class="h-px w-12 sm:w-24 bg-white/10 hidden sm:block"></div>\n                    <span class="font-label text-[10px] uppercase tracking-widest text-accent/70">Spectral Density: Unknown</span>\n                </div>\n            </div>\n            \n            <div class="md:col-span-4 flex flex-col justify-end">\n                <p class="font-body text-sm text-on-surface-variant/70 leading-relaxed sm:text-right">\n                    Reconstruction based on era-appropriate regional characteristics.\n                    \n                </p>\n            </div>\n        </div>\n\n        \n        <!-- The Mixing Conduit (Vox Aeterna Player) -->\n        <div class="mb-24 md:mb-32">\n            <!-- Master Control -->\n            <div class="flex justify-center mb-12 md:mb-16 relative">\n                <!-- Decorative rings -->\n                <div class="absolute inset-0 flex items-center justify-center pointer-events-none">\n                    <div id="play-pulse-ring" class="w-20 h-20 md:w-24 md:h-24 rounded-full border border-white/5 scale-100 opacity-50 transition-all duration-1000"></div>\n                </div>\n                \n                <button id="main-play-btn" class="group relative w-20 h-20 md:w-24 md:h-24 rounded-full shard-blur border border-white/10 flex items-center justify-center hover:bg-white/5 hover:border-white/20 transition-all duration-700 ease-out z-10 hover:scale-105 active:scale-95">\n                    <span class="play-icon material-symbols-outlined text-3xl md:text-4xl text-white font-light group-hover:text-cyan-400 transition-colors">play_arrow</span>\n                    <span class="pause-icon material-symbols-outlined text-3xl md:text-4xl text-white font-light group-hover:text-cyan-400 transition-colors hidden">pause</span>\n                </button>\n            </div>\n            \n            <!-- Progress Line -->\n            <div class="w-full max-w-4xl mx-auto mb-12 md:mb-16 group cursor-pointer" id="progress-container">\n                <div class="flex justify-between items-end mb-4 px-2">\n                    <span class="font-mono text-xs text-on-surface-variant/50" id="time-display">00:00</span>\n                    <span class="font-label text-[9px] uppercase tracking-[0.3em] text-on-surface-variant/30 hidden sm:block">Timeline</span>\n                    <span class="font-mono text-xs text-on-surface-variant/50" id="duration-display">--:--</span>\n                </div>\n                <div class="h-1 w-full bg-white/5 rounded-full overflow-hidden relative">\n                    <div id="main-progress" class="absolute top-0 left-0 h-full w-0 bg-gradient-to-r from-transparent via-cyan-900 to-cyan-400 transition-all duration-100 ease-linear"></div>\n                </div>\n                <div class="mt-4 h-8 w-full opacity-20 group-hover:opacity-60 transition-opacity duration-500 overflow-hidden rounded">\n                    <!-- Simple waveform replacement -->\n                    <canvas id="wave-canvas" class="w-full h-full"></canvas>\n                </div>\n            </div>\n\n            <!-- Light Rills (Sliders) -->\n            <div class="grid grid-cols-1 md:grid-cols-3 gap-8 md:gap-12 w-full max-w-4xl mx-auto px-4">\n                \n                <!-- Rill: Bed -->\n                <div class="flex flex-col gap-4 md:gap-6 group">\n                    <div class="flex justify-between items-center">\n                        <label class="font-headline italic text-lg md:text-xl text-on-surface group-hover:text-primary`... 14655 more characters,
    expected: /Explore nearby timelines/,
    operator: 'match',
    diff: 'simple'
  }

test at test/ritual-loading.test.js:93:1
✖ artifact page has Hear again action (274.475195ms)
  AssertionError [ERR_ASSERTION]: The input did not match the regular expression /Hear again/. Input:
  
  '<!doctype html>\n' +
    '<html lang="en" class="dark">\n' +
    '  <head>\n' +
    '    <meta charset="utf-8" />\n' +
    '    <meta name="viewport" content="width=device-width, initial-scale=1.0" />\n' +
    '    <title>Séance - Vox Aeterna</title>\n' +
    '    \n' +
    '    <script src="https://cdn.tailwindcss.com?plugins=forms,container-queries"></script>\n' +
    '    <link href="https://fonts.googleapis.com/css2?family=Noto+Serif:ital,wght@0,300;0,400;0,700;1,300;1,400;1,700&family=Space+Grotesk:wght@300;400;500;700&display=swap" rel="stylesheet" />\n' +
    '    <link href="https://fonts.googleapis.com/css2?family=Material+Symbols+Outlined:wght,FILL@100..700,0..1&display=swap" rel="stylesheet" />\n' +
    '    <script id="tailwind-config">\n' +
    '      tailwind.config = {\n' +
    '        darkMode: "class",\n' +
    '        theme: {\n' +
    '          extend: {\n' +
    '            "colors": {\n' +
    '              "primary-fixed": "#735a39",\n' +
    '              "on-primary-container": "#000000",\n' +
    '              "outline": "#919191",\n' +
    '              "on-background": "#e5e2e1",\n' +
    '              "inverse-surface": "#e5e2e1",\n' +
    '              "error": "#ffb4ab",\n' +
    '              "surface-dim": "#131313",\n' +
    '              "on-secondary-fixed-variant": "#3c3b3b",\n' +
    '              "secondary-fixed-dim": "#adabaa",\n' +
    '              "surface-container-highest": "#353534",\n' +
    '              "on-tertiary-container": "#000000",\n' +
    '              "surface-container-low": "#1c1b1b",\n' +
    '              "primary-container": "#f0cfa5",\n' +
    '              "tertiary-fixed-dim": "#004b70",\n' +
    '              "primary-fixed-dim": "#594323",\n' +
    '              "on-primary-fixed-variant": "#ffddb2",\n' +
    '              "outline-variant": "#474747",\n' +
    '              "on-surface-variant": "#c6c6c6",\n' +
    '              "inverse-on-surface": "#313030",\n' +
    '              "tertiary-container": "#5997c4",\n' +
    '              "surface-container-lowest": "#0e0e0e",\n' +
    '              "on-tertiary": "#001e30",\n' +
    '              "secondary-fixed": "#c9c6c5",\n' +
    '              "surface-variant": "#353534",\n' +
    '              "on-surface": "#e5e2e1",\n' +
    '              "primary": "#ffffff",\n' +
    '              "on-primary": "#291800",\n' +
    '              "tertiary": "#cae6ff",\n' +
    '              "surface-container": "#201f1f",\n' +
    '              "on-secondary-container": "#e5e2e1",\n' +
    '              "on-error-container": "#ffdad6",\n' +
    '              "on-error": "#690005",\n' +
    '              "tertiary-fixed": "#1c648e",\n' +
    '              "surface-tint": "#e1c198",\n' +
    '              "on-secondary-fixed": "#1c1b1b",\n' +
    '              "on-tertiary-fixed": "#ffffff",\n' +
    '              "on-secondary": "#1c1b1b",\n' +
    '              "inverse-primary": "#735a39",\n' +
    '              "on-primary-fixed": "#ffffff",\n' +
    '              "secondary-container": "#474646",\n' +
    '              "background": "#050505",\n' +
    '              "surface-bright": "#3a3939",\n' +
    '              "surface": "#131313",\n' +
    '              "error-container": "#93000a",\n' +
    '              "surface-container-high": "#2a2a2a",\n' +
    '              "secondary": "#c9c6c5",\n' +
    '              "on-tertiary-fixed-variant": "#cae6ff"\n' +
    '            },\n' +
    '            "fontFamily": {\n' +
    '              "headline": ["Noto Serif", "serif"],\n' +
    '              "body": ["Space Grotesk", "sans-serif"],\n' +
    '              "label": ["Space Grotesk", "sans-serif"]\n' +
    '            }\n' +
    '          }\n' +
    '        }\n' +
    '      }\n' +
    '    </script>\n' +
    '    <style>\n' +
    '      body {\n' +
    '        min-height: max(884px, 100dvh);\n' +
    '        overflow: hidden;\n' +
    '      }\n' +
    '      .material-symbols-outlined {\n' +
    "        font-variation-settings: 'FILL' 0, 'wght' 200, 'GRAD' 0, 'opsz' 24;\n" +
    '      }\n' +
    '      .obsidian-void {\n' +
    '        background: radial-gradient(circle at center, #1a1a1a 0%, #050505 100%);\n' +
    '      }\n' +
    '      .needle-line {\n' +
    '        height: 0.5px;\n' +
    '        background: linear-gradient(90deg, transparent 0%, rgba(255,255,255,0.2) 50%, transparent 100%);\n' +
    '      }\n' +
    '      .spectral-glow {\n' +
    '        text-shadow: 0 0 15px rgba(255, 255, 255, 0.4);\n' +
    '      }\n' +
    '      .vertical-text {\n' +
    '        writing-mode: vertical-rl;\n' +
    '        text-orientation: mixed;\n' +
    '      }\n' +
    '      .smoke-blur {\n' +
    '        filter: blur(40px);\n' +
    '        background: radial-gradient(circle, rgba(202, 230, 255, 0.08) 0%, transparent 70%);\n' +
    '      }\n' +
    '      .grain-overlay {\n' +
    '        background-image: url("https://lh3.googleusercontent.com/aida-public/AB6AXuDj3jyhb5qrY9ftxHnrNvrsFKao8TM0oQEN-ok12uccMAR-UKuMiR_cRE9gSPXoUXKQxFKd525138SuXUi4FNfPS3PFBUYRVSr2q10wsPN_lZRhicd6Nap5a6TZeIUApMMx5XJRJ6F2bUNeAvhXPhqtb04obGn3XcKxdVDiqWPgSAGT0gHeahJFX-o0Uw55m0dk_Xn0-rnFEVA7Oqys3EmmQ1QCXmqUG5UDo_x3jTRCJLYWbjn-UjdXofuwFD9Jx_83dpV0WB6GZWrq");\n' +
    '        opacity: 0.03;\n' +
    '        pointer-events: none;\n' +
    '      }\n' +
    '      .mote-blur {\n' +
    '        filter: blur(80px);\n' +
    '      }\n' +
    '      .glow-pulse {\n' +
    '        filter: drop-shadow(0 0 20px rgba(255, 255, 255, 0.1));\n' +
    '      }\n' +
    '      .light-rill {\n' +
    '        background: linear-gradient(to bottom, transparent, rgba(202, 230, 255, 0.2), transparent);\n' +
    '      }\n' +
    '      .shard-blur {\n' +
    '        backdrop-filter: blur(40px);\n' +
    '        -webkit-backdrop-filter: blur(40px);\n' +
    '      }\n' +
    '    </style>\n' +
    '  \n' +
    '  </head>\n' +
    '  <body class="bg-[#050505] text-on-background font-body selection:bg-tertiary/30 min-h-screen overflow-x-hidden relative">\n' +
    '    \n' +
    '    <!-- Fog and Grain Layers -->\n' +
    '    <div class="fixed inset-0 grain-overlay z-10 pointer-events-none"></div>\n' +
    '    <div class="fixed inset-0 bg-[radial-gradient(ellipse_at_center,_var(--tw-gradient-stops))] from-[#0a0a0a] via-[#050505] to-black z-0 pointer-events-none"></div>\n' +
    '    \n' +
    '    <!-- Navigation -->\n' +
    '    <header class="fixed top-0 left-0 w-full z-50 flex justify-between items-center px-10 py-8 mix-blend-difference">\n' +
    '        <div class="flex items-center gap-4">\n' +
    '            <a href="/" class="text-white/60 hover:text-white transition-all duration-700 ease-in-out font-label text-xs uppercase tracking-[0.3em] truncate">\n' +
    '                Sever Connection\n' +
    '            </a>\n' +
    '        </div>\n' +
    '    </header>\n' +
    '\n' +
    '    \n' +
    '\n' +
    '    <main class="relative z-20 pt-24 pb-24 px-6 md:px-12 lg:px-24 max-w-7xl mx-auto flex flex-col min-h-[90vh] justify-center">\n' +
    '        \n' +
    '        <!-- Header Information -->\n' +
    '        <div class="grid grid-cols-1 md:grid-cols-12 gap-8 mb-16 md:mb-24">\n' +
    '            <div class="md:col-span-8 flex flex-col justify-end">\n' +
    '                <p class="font-label uppercase text-[10px] tracking-[0.4em] text-on-surface-variant/60 mb-6">Echo Recovered</p>\n' +
    '                <h1 class="font-headline italic text-4xl sm:text-5xl md:text-7xl lg:text-8xl text-primary tracking-tight leading-none mb-4 break-words">\n' +
    '                    Oslo\n' +
    '                </h1>\n' +
    '                <div class="flex items-center gap-4 sm:gap-6 flex-wrap">\n' +
    '                    <span class="font-h1 text-2xl sm:text-3xl text-on-surface-variant/50">1987</span>\n' +
    '                    <div class="h-px w-12 sm:w-24 bg-white/10 hidden sm:block"></div>\n' +
    '                    <span class="font-label text-[10px] uppercase tracking-widest text-accent/70">Spectral Density: Unknown</span>\n' +
    '                </div>\n' +
    '            </div>\n' +
    '            \n' +
    '            <div class="md:col-span-4 flex flex-col justify-end">\n' +
    '                <p class="font-body text-sm text-on-surface-variant/70 leading-relaxed sm:text-right">\n' +
    '                    Reconstruction based on era-appropriate regional characteristics.\n' +
    '                    \n' +
    '                </p>\n' +
    '            </div>\n' +
    '        </div>\n' +
    '\n' +
    '        \n' +
    '        <!-- The Mixing Conduit (Vox Aeterna Player) -->\n' +
    '        <div class="mb-24 md:mb-32">\n' +
    '            <!-- Master Control -->\n' +
    '            <div class="flex justify-center mb-12 md:mb-16 relative">\n' +
    '                <!-- Decorative rings -->\n' +
    '                <div class="absolute inset-0 flex items-center justify-center pointer-events-none">\n' +
    '                    <div id="play-pulse-ring" class="w-20 h-20 md:w-24 md:h-24 rounded-full border border-white/5 scale-100 opacity-50 transition-all duration-1000"></div>\n' +
    '                </div>\n' +
    '                \n' +
    '                <button id="main-play-btn" class="group relative w-20 h-20 md:w-24 md:h-24 rounded-full shard-blur border border-white/10 flex items-center justify-center hover:bg-white/5 hover:border-white/20 transition-all duration-700 ease-out z-10 hover:scale-105 active:scale-95">\n' +
    '                    <span class="play-icon material-symbols-outlined text-3xl md:text-4xl text-white font-light group-hover:text-cyan-400 transition-colors">play_arrow</span>\n' +
    '                    <span class="pause-icon material-symbols-outlined text-3xl md:text-4xl text-white font-light group-hover:text-cyan-400 transition-colors hidden">pause</span>\n' +
    '                </button>\n' +
    '            </div>\n' +
    '            \n' +
    '            <!-- Progress Line -->\n' +
    '            <div class="w-full max-w-4xl mx-auto mb-12 md:mb-16 group cursor-pointer" id="progress-container">\n' +
    '                <div class="flex justify-between items-end mb-4 px-2">\n' +
    '                    <span class="font-mono text-xs text-on-surface-variant/50" id="time-display">00:00</span>\n' +
    '                    <span class="font-label text-[9px] uppercase tracking-[0.3em] text-on-surface-variant/30 hidden sm:block">Timeline</span>\n' +
    '                    <span class="font-mono text-xs text-on-surface-variant/50" id="duration-display">--:--</span>\n' +
    '                </div>\n' +
    '                <div class="h-1 w-full bg-white/5 rounded-full overflow-hidden relative">\n' +
    '                    <div id="main-progress" class="absolute top-0 left-0 h-full w-0 bg-gradient-to-r from-transparent via-cyan-900 to-cyan-400 transition-all duration-100 ease-linear"></div>\n' +
    '                </div>\n' +
    '                <div class="mt-4 h-8 w-full opacity-20 group-hover:opacity-60 transition-opacity duration-500 overflow-hidden rounded">\n' +
    '                    <!-- Simple waveform replacement -->\n' +
    '                    <canvas id="wave-canvas" class="w-full h-full"></canvas>\n' +
    '                </div>\n' +
    '            </div>\n' +
    '\n' +
    '            <!-- Light Rills (Sliders) -->\n' +
    '            <div class="grid grid-cols-1 md:grid-cols-3 gap-8 md:gap-12 w-full max-w-4xl mx-auto px-4">\n' +
    '                \n' +
    '                <!-- Rill: Bed -->\n' +
    '                <div class="flex flex-col gap-4 md:gap-6 group">\n' +
    '                    <div class="flex justify-between items-center">\n' +
    '                        <label class="font-headline italic text-lg md:text-xl text-on-surface group-hover:text-primary'... 14655 more characters
  
      at TestContext.<anonymous> (file:///home/srinivas/workspace/github.com/sivaratrisrinivas/seance/test/ritual-loading.test.js:99:10)
      at process.processTicksAndRejections (node:internal/process/task_queues:104:5)
      at async Test.run (node:internal/test_runner/test:1208:7)
      at async Test.processPendingSubtests (node:internal/test_runner/test:831:7) {
    generatedMessage: true,
    code: 'ERR_ASSERTION',
    actual: `<!doctype html>\n<html lang="en" class="dark">\n  <head>\n    <meta charset="utf-8" />\n    <meta name="viewport" content="width=device-width, initial-scale=1.0" />\n    <title>Séance - Vox Aeterna</title>\n    \n    <script src="https://cdn.tailwindcss.com?plugins=forms,container-queries"></script>\n    <link href="https://fonts.googleapis.com/css2?family=Noto+Serif:ital,wght@0,300;0,400;0,700;1,300;1,400;1,700&family=Space+Grotesk:wght@300;400;500;700&display=swap" rel="stylesheet" />\n    <link href="https://fonts.googleapis.com/css2?family=Material+Symbols+Outlined:wght,FILL@100..700,0..1&display=swap" rel="stylesheet" />\n    <script id="tailwind-config">\n      tailwind.config = {\n        darkMode: "class",\n        theme: {\n          extend: {\n            "colors": {\n              "primary-fixed": "#735a39",\n              "on-primary-container": "#000000",\n              "outline": "#919191",\n              "on-background": "#e5e2e1",\n              "inverse-surface": "#e5e2e1",\n              "error": "#ffb4ab",\n              "surface-dim": "#131313",\n              "on-secondary-fixed-variant": "#3c3b3b",\n              "secondary-fixed-dim": "#adabaa",\n              "surface-container-highest": "#353534",\n              "on-tertiary-container": "#000000",\n              "surface-container-low": "#1c1b1b",\n              "primary-container": "#f0cfa5",\n              "tertiary-fixed-dim": "#004b70",\n              "primary-fixed-dim": "#594323",\n              "on-primary-fixed-variant": "#ffddb2",\n              "outline-variant": "#474747",\n              "on-surface-variant": "#c6c6c6",\n              "inverse-on-surface": "#313030",\n              "tertiary-container": "#5997c4",\n              "surface-container-lowest": "#0e0e0e",\n              "on-tertiary": "#001e30",\n              "secondary-fixed": "#c9c6c5",\n              "surface-variant": "#353534",\n              "on-surface": "#e5e2e1",\n              "primary": "#ffffff",\n              "on-primary": "#291800",\n              "tertiary": "#cae6ff",\n              "surface-container": "#201f1f",\n              "on-secondary-container": "#e5e2e1",\n              "on-error-container": "#ffdad6",\n              "on-error": "#690005",\n              "tertiary-fixed": "#1c648e",\n              "surface-tint": "#e1c198",\n              "on-secondary-fixed": "#1c1b1b",\n              "on-tertiary-fixed": "#ffffff",\n              "on-secondary": "#1c1b1b",\n              "inverse-primary": "#735a39",\n              "on-primary-fixed": "#ffffff",\n              "secondary-container": "#474646",\n              "background": "#050505",\n              "surface-bright": "#3a3939",\n              "surface": "#131313",\n              "error-container": "#93000a",\n              "surface-container-high": "#2a2a2a",\n              "secondary": "#c9c6c5",\n              "on-tertiary-fixed-variant": "#cae6ff"\n            },\n            "fontFamily": {\n              "headline": ["Noto Serif", "serif"],\n              "body": ["Space Grotesk", "sans-serif"],\n              "label": ["Space Grotesk", "sans-serif"]\n            }\n          }\n        }\n      }\n    </script>\n    <style>\n      body {\n        min-height: max(884px, 100dvh);\n        overflow: hidden;\n      }\n      .material-symbols-outlined {\n        font-variation-settings: 'FILL' 0, 'wght' 200, 'GRAD' 0, 'opsz' 24;\n      }\n      .obsidian-void {\n        background: radial-gradient(circle at center, #1a1a1a 0%, #050505 100%);\n      }\n      .needle-line {\n        height: 0.5px;\n        background: linear-gradient(90deg, transparent 0%, rgba(255,255,255,0.2) 50%, transparent 100%);\n      }\n      .spectral-glow {\n        text-shadow: 0 0 15px rgba(255, 255, 255, 0.4);\n      }\n      .vertical-text {\n        writing-mode: vertical-rl;\n        text-orientation: mixed;\n      }\n      .smoke-blur {\n        filter: blur(40px);\n        background: radial-gradient(circle, rgba(202, 230, 255, 0.08) 0%, transparent 70%);\n      }\n      .grain-overlay {\n        background-image: url("https://lh3.googleusercontent.com/aida-public/AB6AXuDj3jyhb5qrY9ftxHnrNvrsFKao8TM0oQEN-ok12uccMAR-UKuMiR_cRE9gSPXoUXKQxFKd525138SuXUi4FNfPS3PFBUYRVSr2q10wsPN_lZRhicd6Nap5a6TZeIUApMMx5XJRJ6F2bUNeAvhXPhqtb04obGn3XcKxdVDiqWPgSAGT0gHeahJFX-o0Uw55m0dk_Xn0-rnFEVA7Oqys3EmmQ1QCXmqUG5UDo_x3jTRCJLYWbjn-UjdXofuwFD9Jx_83dpV0WB6GZWrq");\n        opacity: 0.03;\n        pointer-events: none;\n      }\n      .mote-blur {\n        filter: blur(80px);\n      }\n      .glow-pulse {\n        filter: drop-shadow(0 0 20px rgba(255, 255, 255, 0.1));\n      }\n      .light-rill {\n        background: linear-gradient(to bottom, transparent, rgba(202, 230, 255, 0.2), transparent);\n      }\n      .shard-blur {\n        backdrop-filter: blur(40px);\n        -webkit-backdrop-filter: blur(40px);\n      }\n    </style>\n  \n  </head>\n  <body class="bg-[#050505] text-on-background font-body selection:bg-tertiary/30 min-h-screen overflow-x-hidden relative">\n    \n    <!-- Fog and Grain Layers -->\n    <div class="fixed inset-0 grain-overlay z-10 pointer-events-none"></div>\n    <div class="fixed inset-0 bg-[radial-gradient(ellipse_at_center,_var(--tw-gradient-stops))] from-[#0a0a0a] via-[#050505] to-black z-0 pointer-events-none"></div>\n    \n    <!-- Navigation -->\n    <header class="fixed top-0 left-0 w-full z-50 flex justify-between items-center px-10 py-8 mix-blend-difference">\n        <div class="flex items-center gap-4">\n            <a href="/" class="text-white/60 hover:text-white transition-all duration-700 ease-in-out font-label text-xs uppercase tracking-[0.3em] truncate">\n                Sever Connection\n            </a>\n        </div>\n    </header>\n\n    \n\n    <main class="relative z-20 pt-24 pb-24 px-6 md:px-12 lg:px-24 max-w-7xl mx-auto flex flex-col min-h-[90vh] justify-center">\n        \n        <!-- Header Information -->\n        <div class="grid grid-cols-1 md:grid-cols-12 gap-8 mb-16 md:mb-24">\n            <div class="md:col-span-8 flex flex-col justify-end">\n                <p class="font-label uppercase text-[10px] tracking-[0.4em] text-on-surface-variant/60 mb-6">Echo Recovered</p>\n                <h1 class="font-headline italic text-4xl sm:text-5xl md:text-7xl lg:text-8xl text-primary tracking-tight leading-none mb-4 break-words">\n                    Oslo\n                </h1>\n                <div class="flex items-center gap-4 sm:gap-6 flex-wrap">\n                    <span class="font-h1 text-2xl sm:text-3xl text-on-surface-variant/50">1987</span>\n                    <div class="h-px w-12 sm:w-24 bg-white/10 hidden sm:block"></div>\n                    <span class="font-label text-[10px] uppercase tracking-widest text-accent/70">Spectral Density: Unknown</span>\n                </div>\n            </div>\n            \n            <div class="md:col-span-4 flex flex-col justify-end">\n                <p class="font-body text-sm text-on-surface-variant/70 leading-relaxed sm:text-right">\n                    Reconstruction based on era-appropriate regional characteristics.\n                    \n                </p>\n            </div>\n        </div>\n\n        \n        <!-- The Mixing Conduit (Vox Aeterna Player) -->\n        <div class="mb-24 md:mb-32">\n            <!-- Master Control -->\n            <div class="flex justify-center mb-12 md:mb-16 relative">\n                <!-- Decorative rings -->\n                <div class="absolute inset-0 flex items-center justify-center pointer-events-none">\n                    <div id="play-pulse-ring" class="w-20 h-20 md:w-24 md:h-24 rounded-full border border-white/5 scale-100 opacity-50 transition-all duration-1000"></div>\n                </div>\n                \n                <button id="main-play-btn" class="group relative w-20 h-20 md:w-24 md:h-24 rounded-full shard-blur border border-white/10 flex items-center justify-center hover:bg-white/5 hover:border-white/20 transition-all duration-700 ease-out z-10 hover:scale-105 active:scale-95">\n                    <span class="play-icon material-symbols-outlined text-3xl md:text-4xl text-white font-light group-hover:text-cyan-400 transition-colors">play_arrow</span>\n                    <span class="pause-icon material-symbols-outlined text-3xl md:text-4xl text-white font-light group-hover:text-cyan-400 transition-colors hidden">pause</span>\n                </button>\n            </div>\n            \n            <!-- Progress Line -->\n            <div class="w-full max-w-4xl mx-auto mb-12 md:mb-16 group cursor-pointer" id="progress-container">\n                <div class="flex justify-between items-end mb-4 px-2">\n                    <span class="font-mono text-xs text-on-surface-variant/50" id="time-display">00:00</span>\n                    <span class="font-label text-[9px] uppercase tracking-[0.3em] text-on-surface-variant/30 hidden sm:block">Timeline</span>\n                    <span class="font-mono text-xs text-on-surface-variant/50" id="duration-display">--:--</span>\n                </div>\n                <div class="h-1 w-full bg-white/5 rounded-full overflow-hidden relative">\n                    <div id="main-progress" class="absolute top-0 left-0 h-full w-0 bg-gradient-to-r from-transparent via-cyan-900 to-cyan-400 transition-all duration-100 ease-linear"></div>\n                </div>\n                <div class="mt-4 h-8 w-full opacity-20 group-hover:opacity-60 transition-opacity duration-500 overflow-hidden rounded">\n                    <!-- Simple waveform replacement -->\n                    <canvas id="wave-canvas" class="w-full h-full"></canvas>\n                </div>\n            </div>\n\n            <!-- Light Rills (Sliders) -->\n            <div class="grid grid-cols-1 md:grid-cols-3 gap-8 md:gap-12 w-full max-w-4xl mx-auto px-4">\n                \n                <!-- Rill: Bed -->\n                <div class="flex flex-col gap-4 md:gap-6 group">\n                    <div class="flex justify-between items-center">\n                        <label class="font-headline italic text-lg md:text-xl text-on-surface group-hover:text-primary`... 14655 more characters,
    expected: /Hear again/,
    operator: 'match',
    diff: 'simple'
  }

test at test/ritual-loading.test.js:102:1
✖ artifact page has New reconstruction action (298.183196ms)
  AssertionError [ERR_ASSERTION]: The input did not match the regular expression /New reconstruction/. Input:
  
  '<!doctype html>\n' +
    '<html lang="en" class="dark">\n' +
    '  <head>\n' +
    '    <meta charset="utf-8" />\n' +
    '    <meta name="viewport" content="width=device-width, initial-scale=1.0" />\n' +
    '    <title>Séance - Vox Aeterna</title>\n' +
    '    \n' +
    '    <script src="https://cdn.tailwindcss.com?plugins=forms,container-queries"></script>\n' +
    '    <link href="https://fonts.googleapis.com/css2?family=Noto+Serif:ital,wght@0,300;0,400;0,700;1,300;1,400;1,700&family=Space+Grotesk:wght@300;400;500;700&display=swap" rel="stylesheet" />\n' +
    '    <link href="https://fonts.googleapis.com/css2?family=Material+Symbols+Outlined:wght,FILL@100..700,0..1&display=swap" rel="stylesheet" />\n' +
    '    <script id="tailwind-config">\n' +
    '      tailwind.config = {\n' +
    '        darkMode: "class",\n' +
    '        theme: {\n' +
    '          extend: {\n' +
    '            "colors": {\n' +
    '              "primary-fixed": "#735a39",\n' +
    '              "on-primary-container": "#000000",\n' +
    '              "outline": "#919191",\n' +
    '              "on-background": "#e5e2e1",\n' +
    '              "inverse-surface": "#e5e2e1",\n' +
    '              "error": "#ffb4ab",\n' +
    '              "surface-dim": "#131313",\n' +
    '              "on-secondary-fixed-variant": "#3c3b3b",\n' +
    '              "secondary-fixed-dim": "#adabaa",\n' +
    '              "surface-container-highest": "#353534",\n' +
    '              "on-tertiary-container": "#000000",\n' +
    '              "surface-container-low": "#1c1b1b",\n' +
    '              "primary-container": "#f0cfa5",\n' +
    '              "tertiary-fixed-dim": "#004b70",\n' +
    '              "primary-fixed-dim": "#594323",\n' +
    '              "on-primary-fixed-variant": "#ffddb2",\n' +
    '              "outline-variant": "#474747",\n' +
    '              "on-surface-variant": "#c6c6c6",\n' +
    '              "inverse-on-surface": "#313030",\n' +
    '              "tertiary-container": "#5997c4",\n' +
    '              "surface-container-lowest": "#0e0e0e",\n' +
    '              "on-tertiary": "#001e30",\n' +
    '              "secondary-fixed": "#c9c6c5",\n' +
    '              "surface-variant": "#353534",\n' +
    '              "on-surface": "#e5e2e1",\n' +
    '              "primary": "#ffffff",\n' +
    '              "on-primary": "#291800",\n' +
    '              "tertiary": "#cae6ff",\n' +
    '              "surface-container": "#201f1f",\n' +
    '              "on-secondary-container": "#e5e2e1",\n' +
    '              "on-error-container": "#ffdad6",\n' +
    '              "on-error": "#690005",\n' +
    '              "tertiary-fixed": "#1c648e",\n' +
    '              "surface-tint": "#e1c198",\n' +
    '              "on-secondary-fixed": "#1c1b1b",\n' +
    '              "on-tertiary-fixed": "#ffffff",\n' +
    '              "on-secondary": "#1c1b1b",\n' +
    '              "inverse-primary": "#735a39",\n' +
    '              "on-primary-fixed": "#ffffff",\n' +
    '              "secondary-container": "#474646",\n' +
    '              "background": "#050505",\n' +
    '              "surface-bright": "#3a3939",\n' +
    '              "surface": "#131313",\n' +
    '              "error-container": "#93000a",\n' +
    '              "surface-container-high": "#2a2a2a",\n' +
    '              "secondary": "#c9c6c5",\n' +
    '              "on-tertiary-fixed-variant": "#cae6ff"\n' +
    '            },\n' +
    '            "fontFamily": {\n' +
    '              "headline": ["Noto Serif", "serif"],\n' +
    '              "body": ["Space Grotesk", "sans-serif"],\n' +
    '              "label": ["Space Grotesk", "sans-serif"]\n' +
    '            }\n' +
    '          }\n' +
    '        }\n' +
    '      }\n' +
    '    </script>\n' +
    '    <style>\n' +
    '      body {\n' +
    '        min-height: max(884px, 100dvh);\n' +
    '        overflow: hidden;\n' +
    '      }\n' +
    '      .material-symbols-outlined {\n' +
    "        font-variation-settings: 'FILL' 0, 'wght' 200, 'GRAD' 0, 'opsz' 24;\n" +
    '      }\n' +
    '      .obsidian-void {\n' +
    '        background: radial-gradient(circle at center, #1a1a1a 0%, #050505 100%);\n' +
    '      }\n' +
    '      .needle-line {\n' +
    '        height: 0.5px;\n' +
    '        background: linear-gradient(90deg, transparent 0%, rgba(255,255,255,0.2) 50%, transparent 100%);\n' +
    '      }\n' +
    '      .spectral-glow {\n' +
    '        text-shadow: 0 0 15px rgba(255, 255, 255, 0.4);\n' +
    '      }\n' +
    '      .vertical-text {\n' +
    '        writing-mode: vertical-rl;\n' +
    '        text-orientation: mixed;\n' +
    '      }\n' +
    '      .smoke-blur {\n' +
    '        filter: blur(40px);\n' +
    '        background: radial-gradient(circle, rgba(202, 230, 255, 0.08) 0%, transparent 70%);\n' +
    '      }\n' +
    '      .grain-overlay {\n' +
    '        background-image: url("https://lh3.googleusercontent.com/aida-public/AB6AXuDj3jyhb5qrY9ftxHnrNvrsFKao8TM0oQEN-ok12uccMAR-UKuMiR_cRE9gSPXoUXKQxFKd525138SuXUi4FNfPS3PFBUYRVSr2q10wsPN_lZRhicd6Nap5a6TZeIUApMMx5XJRJ6F2bUNeAvhXPhqtb04obGn3XcKxdVDiqWPgSAGT0gHeahJFX-o0Uw55m0dk_Xn0-rnFEVA7Oqys3EmmQ1QCXmqUG5UDo_x3jTRCJLYWbjn-UjdXofuwFD9Jx_83dpV0WB6GZWrq");\n' +
    '        opacity: 0.03;\n' +
    '        pointer-events: none;\n' +
    '      }\n' +
    '      .mote-blur {\n' +
    '        filter: blur(80px);\n' +
    '      }\n' +
    '      .glow-pulse {\n' +
    '        filter: drop-shadow(0 0 20px rgba(255, 255, 255, 0.1));\n' +
    '      }\n' +
    '      .light-rill {\n' +
    '        background: linear-gradient(to bottom, transparent, rgba(202, 230, 255, 0.2), transparent);\n' +
    '      }\n' +
    '      .shard-blur {\n' +
    '        backdrop-filter: blur(40px);\n' +
    '        -webkit-backdrop-filter: blur(40px);\n' +
    '      }\n' +
    '    </style>\n' +
    '  \n' +
    '  </head>\n' +
    '  <body class="bg-[#050505] text-on-background font-body selection:bg-tertiary/30 min-h-screen overflow-x-hidden relative">\n' +
    '    \n' +
    '    <!-- Fog and Grain Layers -->\n' +
    '    <div class="fixed inset-0 grain-overlay z-10 pointer-events-none"></div>\n' +
    '    <div class="fixed inset-0 bg-[radial-gradient(ellipse_at_center,_var(--tw-gradient-stops))] from-[#0a0a0a] via-[#050505] to-black z-0 pointer-events-none"></div>\n' +
    '    \n' +
    '    <!-- Navigation -->\n' +
    '    <header class="fixed top-0 left-0 w-full z-50 flex justify-between items-center px-10 py-8 mix-blend-difference">\n' +
    '        <div class="flex items-center gap-4">\n' +
    '            <a href="/" class="text-white/60 hover:text-white transition-all duration-700 ease-in-out font-label text-xs uppercase tracking-[0.3em] truncate">\n' +
    '                Sever Connection\n' +
    '            </a>\n' +
    '        </div>\n' +
    '    </header>\n' +
    '\n' +
    '    \n' +
    '\n' +
    '    <main class="relative z-20 pt-24 pb-24 px-6 md:px-12 lg:px-24 max-w-7xl mx-auto flex flex-col min-h-[90vh] justify-center">\n' +
    '        \n' +
    '        <!-- Header Information -->\n' +
    '        <div class="grid grid-cols-1 md:grid-cols-12 gap-8 mb-16 md:mb-24">\n' +
    '            <div class="md:col-span-8 flex flex-col justify-end">\n' +
    '                <p class="font-label uppercase text-[10px] tracking-[0.4em] text-on-surface-variant/60 mb-6">Echo Recovered</p>\n' +
    '                <h1 class="font-headline italic text-4xl sm:text-5xl md:text-7xl lg:text-8xl text-primary tracking-tight leading-none mb-4 break-words">\n' +
    '                    Oslo\n' +
    '                </h1>\n' +
    '                <div class="flex items-center gap-4 sm:gap-6 flex-wrap">\n' +
    '                    <span class="font-h1 text-2xl sm:text-3xl text-on-surface-variant/50">1987</span>\n' +
    '                    <div class="h-px w-12 sm:w-24 bg-white/10 hidden sm:block"></div>\n' +
    '                    <span class="font-label text-[10px] uppercase tracking-widest text-accent/70">Spectral Density: Unknown</span>\n' +
    '                </div>\n' +
    '            </div>\n' +
    '            \n' +
    '            <div class="md:col-span-4 flex flex-col justify-end">\n' +
    '                <p class="font-body text-sm text-on-surface-variant/70 leading-relaxed sm:text-right">\n' +
    '                    Reconstruction based on era-appropriate regional characteristics.\n' +
    '                    \n' +
    '                </p>\n' +
    '            </div>\n' +
    '        </div>\n' +
    '\n' +
    '        \n' +
    '        <!-- The Mixing Conduit (Vox Aeterna Player) -->\n' +
    '        <div class="mb-24 md:mb-32">\n' +
    '            <!-- Master Control -->\n' +
    '            <div class="flex justify-center mb-12 md:mb-16 relative">\n' +
    '                <!-- Decorative rings -->\n' +
    '                <div class="absolute inset-0 flex items-center justify-center pointer-events-none">\n' +
    '                    <div id="play-pulse-ring" class="w-20 h-20 md:w-24 md:h-24 rounded-full border border-white/5 scale-100 opacity-50 transition-all duration-1000"></div>\n' +
    '                </div>\n' +
    '                \n' +
    '                <button id="main-play-btn" class="group relative w-20 h-20 md:w-24 md:h-24 rounded-full shard-blur border border-white/10 flex items-center justify-center hover:bg-white/5 hover:border-white/20 transition-all duration-700 ease-out z-10 hover:scale-105 active:scale-95">\n' +
    '                    <span class="play-icon material-symbols-outlined text-3xl md:text-4xl text-white font-light group-hover:text-cyan-400 transition-colors">play_arrow</span>\n' +
    '                    <span class="pause-icon material-symbols-outlined text-3xl md:text-4xl text-white font-light group-hover:text-cyan-400 transition-colors hidden">pause</span>\n' +
    '                </button>\n' +
    '            </div>\n' +
    '            \n' +
    '            <!-- Progress Line -->\n' +
    '            <div class="w-full max-w-4xl mx-auto mb-12 md:mb-16 group cursor-pointer" id="progress-container">\n' +
    '                <div class="flex justify-between items-end mb-4 px-2">\n' +
    '                    <span class="font-mono text-xs text-on-surface-variant/50" id="time-display">00:00</span>\n' +
    '                    <span class="font-label text-[9px] uppercase tracking-[0.3em] text-on-surface-variant/30 hidden sm:block">Timeline</span>\n' +
    '                    <span class="font-mono text-xs text-on-surface-variant/50" id="duration-display">--:--</span>\n' +
    '                </div>\n' +
    '                <div class="h-1 w-full bg-white/5 rounded-full overflow-hidden relative">\n' +
    '                    <div id="main-progress" class="absolute top-0 left-0 h-full w-0 bg-gradient-to-r from-transparent via-cyan-900 to-cyan-400 transition-all duration-100 ease-linear"></div>\n' +
    '                </div>\n' +
    '                <div class="mt-4 h-8 w-full opacity-20 group-hover:opacity-60 transition-opacity duration-500 overflow-hidden rounded">\n' +
    '                    <!-- Simple waveform replacement -->\n' +
    '                    <canvas id="wave-canvas" class="w-full h-full"></canvas>\n' +
    '                </div>\n' +
    '            </div>\n' +
    '\n' +
    '            <!-- Light Rills (Sliders) -->\n' +
    '            <div class="grid grid-cols-1 md:grid-cols-3 gap-8 md:gap-12 w-full max-w-4xl mx-auto px-4">\n' +
    '                \n' +
    '                <!-- Rill: Bed -->\n' +
    '                <div class="flex flex-col gap-4 md:gap-6 group">\n' +
    '                    <div class="flex justify-between items-center">\n' +
    '                        <label class="font-headline italic text-lg md:text-xl text-on-surface group-hover:text-primary'... 14655 more characters
  
      at TestContext.<anonymous> (file:///home/srinivas/workspace/github.com/sivaratrisrinivas/seance/test/ritual-loading.test.js:108:10)
      at process.processTicksAndRejections (node:internal/process/task_queues:104:5)
      at async Test.run (node:internal/test_runner/test:1208:7)
      at async Test.processPendingSubtests (node:internal/test_runner/test:831:7) {
    generatedMessage: true,
    code: 'ERR_ASSERTION',
    actual: `<!doctype html>\n<html lang="en" class="dark">\n  <head>\n    <meta charset="utf-8" />\n    <meta name="viewport" content="width=device-width, initial-scale=1.0" />\n    <title>Séance - Vox Aeterna</title>\n    \n    <script src="https://cdn.tailwindcss.com?plugins=forms,container-queries"></script>\n    <link href="https://fonts.googleapis.com/css2?family=Noto+Serif:ital,wght@0,300;0,400;0,700;1,300;1,400;1,700&family=Space+Grotesk:wght@300;400;500;700&display=swap" rel="stylesheet" />\n    <link href="https://fonts.googleapis.com/css2?family=Material+Symbols+Outlined:wght,FILL@100..700,0..1&display=swap" rel="stylesheet" />\n    <script id="tailwind-config">\n      tailwind.config = {\n        darkMode: "class",\n        theme: {\n          extend: {\n            "colors": {\n              "primary-fixed": "#735a39",\n              "on-primary-container": "#000000",\n              "outline": "#919191",\n              "on-background": "#e5e2e1",\n              "inverse-surface": "#e5e2e1",\n              "error": "#ffb4ab",\n              "surface-dim": "#131313",\n              "on-secondary-fixed-variant": "#3c3b3b",\n              "secondary-fixed-dim": "#adabaa",\n              "surface-container-highest": "#353534",\n              "on-tertiary-container": "#000000",\n              "surface-container-low": "#1c1b1b",\n              "primary-container": "#f0cfa5",\n              "tertiary-fixed-dim": "#004b70",\n              "primary-fixed-dim": "#594323",\n              "on-primary-fixed-variant": "#ffddb2",\n              "outline-variant": "#474747",\n              "on-surface-variant": "#c6c6c6",\n              "inverse-on-surface": "#313030",\n              "tertiary-container": "#5997c4",\n              "surface-container-lowest": "#0e0e0e",\n              "on-tertiary": "#001e30",\n              "secondary-fixed": "#c9c6c5",\n              "surface-variant": "#353534",\n              "on-surface": "#e5e2e1",\n              "primary": "#ffffff",\n              "on-primary": "#291800",\n              "tertiary": "#cae6ff",\n              "surface-container": "#201f1f",\n              "on-secondary-container": "#e5e2e1",\n              "on-error-container": "#ffdad6",\n              "on-error": "#690005",\n              "tertiary-fixed": "#1c648e",\n              "surface-tint": "#e1c198",\n              "on-secondary-fixed": "#1c1b1b",\n              "on-tertiary-fixed": "#ffffff",\n              "on-secondary": "#1c1b1b",\n              "inverse-primary": "#735a39",\n              "on-primary-fixed": "#ffffff",\n              "secondary-container": "#474646",\n              "background": "#050505",\n              "surface-bright": "#3a3939",\n              "surface": "#131313",\n              "error-container": "#93000a",\n              "surface-container-high": "#2a2a2a",\n              "secondary": "#c9c6c5",\n              "on-tertiary-fixed-variant": "#cae6ff"\n            },\n            "fontFamily": {\n              "headline": ["Noto Serif", "serif"],\n              "body": ["Space Grotesk", "sans-serif"],\n              "label": ["Space Grotesk", "sans-serif"]\n            }\n          }\n        }\n      }\n    </script>\n    <style>\n      body {\n        min-height: max(884px, 100dvh);\n        overflow: hidden;\n      }\n      .material-symbols-outlined {\n        font-variation-settings: 'FILL' 0, 'wght' 200, 'GRAD' 0, 'opsz' 24;\n      }\n      .obsidian-void {\n        background: radial-gradient(circle at center, #1a1a1a 0%, #050505 100%);\n      }\n      .needle-line {\n        height: 0.5px;\n        background: linear-gradient(90deg, transparent 0%, rgba(255,255,255,0.2) 50%, transparent 100%);\n      }\n      .spectral-glow {\n        text-shadow: 0 0 15px rgba(255, 255, 255, 0.4);\n      }\n      .vertical-text {\n        writing-mode: vertical-rl;\n        text-orientation: mixed;\n      }\n      .smoke-blur {\n        filter: blur(40px);\n        background: radial-gradient(circle, rgba(202, 230, 255, 0.08) 0%, transparent 70%);\n      }\n      .grain-overlay {\n        background-image: url("https://lh3.googleusercontent.com/aida-public/AB6AXuDj3jyhb5qrY9ftxHnrNvrsFKao8TM0oQEN-ok12uccMAR-UKuMiR_cRE9gSPXoUXKQxFKd525138SuXUi4FNfPS3PFBUYRVSr2q10wsPN_lZRhicd6Nap5a6TZeIUApMMx5XJRJ6F2bUNeAvhXPhqtb04obGn3XcKxdVDiqWPgSAGT0gHeahJFX-o0Uw55m0dk_Xn0-rnFEVA7Oqys3EmmQ1QCXmqUG5UDo_x3jTRCJLYWbjn-UjdXofuwFD9Jx_83dpV0WB6GZWrq");\n        opacity: 0.03;\n        pointer-events: none;\n      }\n      .mote-blur {\n        filter: blur(80px);\n      }\n      .glow-pulse {\n        filter: drop-shadow(0 0 20px rgba(255, 255, 255, 0.1));\n      }\n      .light-rill {\n        background: linear-gradient(to bottom, transparent, rgba(202, 230, 255, 0.2), transparent);\n      }\n      .shard-blur {\n        backdrop-filter: blur(40px);\n        -webkit-backdrop-filter: blur(40px);\n      }\n    </style>\n  \n  </head>\n  <body class="bg-[#050505] text-on-background font-body selection:bg-tertiary/30 min-h-screen overflow-x-hidden relative">\n    \n    <!-- Fog and Grain Layers -->\n    <div class="fixed inset-0 grain-overlay z-10 pointer-events-none"></div>\n    <div class="fixed inset-0 bg-[radial-gradient(ellipse_at_center,_var(--tw-gradient-stops))] from-[#0a0a0a] via-[#050505] to-black z-0 pointer-events-none"></div>\n    \n    <!-- Navigation -->\n    <header class="fixed top-0 left-0 w-full z-50 flex justify-between items-center px-10 py-8 mix-blend-difference">\n        <div class="flex items-center gap-4">\n            <a href="/" class="text-white/60 hover:text-white transition-all duration-700 ease-in-out font-label text-xs uppercase tracking-[0.3em] truncate">\n                Sever Connection\n            </a>\n        </div>\n    </header>\n\n    \n\n    <main class="relative z-20 pt-24 pb-24 px-6 md:px-12 lg:px-24 max-w-7xl mx-auto flex flex-col min-h-[90vh] justify-center">\n        \n        <!-- Header Information -->\n        <div class="grid grid-cols-1 md:grid-cols-12 gap-8 mb-16 md:mb-24">\n            <div class="md:col-span-8 flex flex-col justify-end">\n                <p class="font-label uppercase text-[10px] tracking-[0.4em] text-on-surface-variant/60 mb-6">Echo Recovered</p>\n                <h1 class="font-headline italic text-4xl sm:text-5xl md:text-7xl lg:text-8xl text-primary tracking-tight leading-none mb-4 break-words">\n                    Oslo\n                </h1>\n                <div class="flex items-center gap-4 sm:gap-6 flex-wrap">\n                    <span class="font-h1 text-2xl sm:text-3xl text-on-surface-variant/50">1987</span>\n                    <div class="h-px w-12 sm:w-24 bg-white/10 hidden sm:block"></div>\n                    <span class="font-label text-[10px] uppercase tracking-widest text-accent/70">Spectral Density: Unknown</span>\n                </div>\n            </div>\n            \n            <div class="md:col-span-4 flex flex-col justify-end">\n                <p class="font-body text-sm text-on-surface-variant/70 leading-relaxed sm:text-right">\n                    Reconstruction based on era-appropriate regional characteristics.\n                    \n                </p>\n            </div>\n        </div>\n\n        \n        <!-- The Mixing Conduit (Vox Aeterna Player) -->\n        <div class="mb-24 md:mb-32">\n            <!-- Master Control -->\n            <div class="flex justify-center mb-12 md:mb-16 relative">\n                <!-- Decorative rings -->\n                <div class="absolute inset-0 flex items-center justify-center pointer-events-none">\n                    <div id="play-pulse-ring" class="w-20 h-20 md:w-24 md:h-24 rounded-full border border-white/5 scale-100 opacity-50 transition-all duration-1000"></div>\n                </div>\n                \n                <button id="main-play-btn" class="group relative w-20 h-20 md:w-24 md:h-24 rounded-full shard-blur border border-white/10 flex items-center justify-center hover:bg-white/5 hover:border-white/20 transition-all duration-700 ease-out z-10 hover:scale-105 active:scale-95">\n                    <span class="play-icon material-symbols-outlined text-3xl md:text-4xl text-white font-light group-hover:text-cyan-400 transition-colors">play_arrow</span>\n                    <span class="pause-icon material-symbols-outlined text-3xl md:text-4xl text-white font-light group-hover:text-cyan-400 transition-colors hidden">pause</span>\n                </button>\n            </div>\n            \n            <!-- Progress Line -->\n            <div class="w-full max-w-4xl mx-auto mb-12 md:mb-16 group cursor-pointer" id="progress-container">\n                <div class="flex justify-between items-end mb-4 px-2">\n                    <span class="font-mono text-xs text-on-surface-variant/50" id="time-display">00:00</span>\n                    <span class="font-label text-[9px] uppercase tracking-[0.3em] text-on-surface-variant/30 hidden sm:block">Timeline</span>\n                    <span class="font-mono text-xs text-on-surface-variant/50" id="duration-display">--:--</span>\n                </div>\n                <div class="h-1 w-full bg-white/5 rounded-full overflow-hidden relative">\n                    <div id="main-progress" class="absolute top-0 left-0 h-full w-0 bg-gradient-to-r from-transparent via-cyan-900 to-cyan-400 transition-all duration-100 ease-linear"></div>\n                </div>\n                <div class="mt-4 h-8 w-full opacity-20 group-hover:opacity-60 transition-opacity duration-500 overflow-hidden rounded">\n                    <!-- Simple waveform replacement -->\n                    <canvas id="wave-canvas" class="w-full h-full"></canvas>\n                </div>\n            </div>\n\n            <!-- Light Rills (Sliders) -->\n            <div class="grid grid-cols-1 md:grid-cols-3 gap-8 md:gap-12 w-full max-w-4xl mx-auto px-4">\n                \n                <!-- Rill: Bed -->\n                <div class="flex flex-col gap-4 md:gap-6 group">\n                    <div class="flex justify-between items-center">\n                        <label class="font-headline italic text-lg md:text-xl text-on-surface group-hover:text-primary`... 14655 more characters,
    expected: /New reconstruction/,
    operator: 'match',
    diff: 'simple'
  }

test at test/ritual-loading.test.js:111:1
✖ artifact route accepts opaque ID parameter (308.867595ms)
  AssertionError [ERR_ASSERTION]: The input did not match the regular expression /Your seance|From your archive|Freshly summoned|Recovered from/i. Input:
  
  '<!doctype html>\n' +
    '<html lang="en" class="dark">\n' +
    '  <head>\n' +
    '    <meta charset="utf-8" />\n' +
    '    <meta name="viewport" content="width=device-width, initial-scale=1.0" />\n' +
    '    <title>Séance - Vox Aeterna</title>\n' +
    '    \n' +
    '    <script src="https://cdn.tailwindcss.com?plugins=forms,container-queries"></script>\n' +
    '    <link href="https://fonts.googleapis.com/css2?family=Noto+Serif:ital,wght@0,300;0,400;0,700;1,300;1,400;1,700&family=Space+Grotesk:wght@300;400;500;700&display=swap" rel="stylesheet" />\n' +
    '    <link href="https://fonts.googleapis.com/css2?family=Material+Symbols+Outlined:wght,FILL@100..700,0..1&display=swap" rel="stylesheet" />\n' +
    '    <script id="tailwind-config">\n' +
    '      tailwind.config = {\n' +
    '        darkMode: "class",\n' +
    '        theme: {\n' +
    '          extend: {\n' +
    '            "colors": {\n' +
    '              "primary-fixed": "#735a39",\n' +
    '              "on-primary-container": "#000000",\n' +
    '              "outline": "#919191",\n' +
    '              "on-background": "#e5e2e1",\n' +
    '              "inverse-surface": "#e5e2e1",\n' +
    '              "error": "#ffb4ab",\n' +
    '              "surface-dim": "#131313",\n' +
    '              "on-secondary-fixed-variant": "#3c3b3b",\n' +
    '              "secondary-fixed-dim": "#adabaa",\n' +
    '              "surface-container-highest": "#353534",\n' +
    '              "on-tertiary-container": "#000000",\n' +
    '              "surface-container-low": "#1c1b1b",\n' +
    '              "primary-container": "#f0cfa5",\n' +
    '              "tertiary-fixed-dim": "#004b70",\n' +
    '              "primary-fixed-dim": "#594323",\n' +
    '              "on-primary-fixed-variant": "#ffddb2",\n' +
    '              "outline-variant": "#474747",\n' +
    '              "on-surface-variant": "#c6c6c6",\n' +
    '              "inverse-on-surface": "#313030",\n' +
    '              "tertiary-container": "#5997c4",\n' +
    '              "surface-container-lowest": "#0e0e0e",\n' +
    '              "on-tertiary": "#001e30",\n' +
    '              "secondary-fixed": "#c9c6c5",\n' +
    '              "surface-variant": "#353534",\n' +
    '              "on-surface": "#e5e2e1",\n' +
    '              "primary": "#ffffff",\n' +
    '              "on-primary": "#291800",\n' +
    '              "tertiary": "#cae6ff",\n' +
    '              "surface-container": "#201f1f",\n' +
    '              "on-secondary-container": "#e5e2e1",\n' +
    '              "on-error-container": "#ffdad6",\n' +
    '              "on-error": "#690005",\n' +
    '              "tertiary-fixed": "#1c648e",\n' +
    '              "surface-tint": "#e1c198",\n' +
    '              "on-secondary-fixed": "#1c1b1b",\n' +
    '              "on-tertiary-fixed": "#ffffff",\n' +
    '              "on-secondary": "#1c1b1b",\n' +
    '              "inverse-primary": "#735a39",\n' +
    '              "on-primary-fixed": "#ffffff",\n' +
    '              "secondary-container": "#474646",\n' +
    '              "background": "#050505",\n' +
    '              "surface-bright": "#3a3939",\n' +
    '              "surface": "#131313",\n' +
    '              "error-container": "#93000a",\n' +
    '              "surface-container-high": "#2a2a2a",\n' +
    '              "secondary": "#c9c6c5",\n' +
    '              "on-tertiary-fixed-variant": "#cae6ff"\n' +
    '            },\n' +
    '            "fontFamily": {\n' +
    '              "headline": ["Noto Serif", "serif"],\n' +
    '              "body": ["Space Grotesk", "sans-serif"],\n' +
    '              "label": ["Space Grotesk", "sans-serif"]\n' +
    '            }\n' +
    '          }\n' +
    '        }\n' +
    '      }\n' +
    '    </script>\n' +
    '    <style>\n' +
    '      body {\n' +
    '        min-height: max(884px, 100dvh);\n' +
    '        overflow: hidden;\n' +
    '      }\n' +
    '      .material-symbols-outlined {\n' +
    "        font-variation-settings: 'FILL' 0, 'wght' 200, 'GRAD' 0, 'opsz' 24;\n" +
    '      }\n' +
    '      .obsidian-void {\n' +
    '        background: radial-gradient(circle at center, #1a1a1a 0%, #050505 100%);\n' +
    '      }\n' +
    '      .needle-line {\n' +
    '        height: 0.5px;\n' +
    '        background: linear-gradient(90deg, transparent 0%, rgba(255,255,255,0.2) 50%, transparent 100%);\n' +
    '      }\n' +
    '      .spectral-glow {\n' +
    '        text-shadow: 0 0 15px rgba(255, 255, 255, 0.4);\n' +
    '      }\n' +
    '      .vertical-text {\n' +
    '        writing-mode: vertical-rl;\n' +
    '        text-orientation: mixed;\n' +
    '      }\n' +
    '      .smoke-blur {\n' +
    '        filter: blur(40px);\n' +
    '        background: radial-gradient(circle, rgba(202, 230, 255, 0.08) 0%, transparent 70%);\n' +
    '      }\n' +
    '      .grain-overlay {\n' +
    '        background-image: url("https://lh3.googleusercontent.com/aida-public/AB6AXuDj3jyhb5qrY9ftxHnrNvrsFKao8TM0oQEN-ok12uccMAR-UKuMiR_cRE9gSPXoUXKQxFKd525138SuXUi4FNfPS3PFBUYRVSr2q10wsPN_lZRhicd6Nap5a6TZeIUApMMx5XJRJ6F2bUNeAvhXPhqtb04obGn3XcKxdVDiqWPgSAGT0gHeahJFX-o0Uw55m0dk_Xn0-rnFEVA7Oqys3EmmQ1QCXmqUG5UDo_x3jTRCJLYWbjn-UjdXofuwFD9Jx_83dpV0WB6GZWrq");\n' +
    '        opacity: 0.03;\n' +
    '        pointer-events: none;\n' +
    '      }\n' +
    '      .mote-blur {\n' +
    '        filter: blur(80px);\n' +
    '      }\n' +
    '      .glow-pulse {\n' +
    '        filter: drop-shadow(0 0 20px rgba(255, 255, 255, 0.1));\n' +
    '      }\n' +
    '      .light-rill {\n' +
    '        background: linear-gradient(to bottom, transparent, rgba(202, 230, 255, 0.2), transparent);\n' +
    '      }\n' +
    '      .shard-blur {\n' +
    '        backdrop-filter: blur(40px);\n' +
    '        -webkit-backdrop-filter: blur(40px);\n' +
    '      }\n' +
    '    </style>\n' +
    '  \n' +
    '  </head>\n' +
    '  <body class="bg-[#050505] text-on-background font-body selection:bg-tertiary/30 min-h-screen overflow-x-hidden relative">\n' +
    '    \n' +
    '    <!-- Fog and Grain Layers -->\n' +
    '    <div class="fixed inset-0 grain-overlay z-10 pointer-events-none"></div>\n' +
    '    <div class="fixed inset-0 bg-[radial-gradient(ellipse_at_center,_var(--tw-gradient-stops))] from-[#0a0a0a] via-[#050505] to-black z-0 pointer-events-none"></div>\n' +
    '    \n' +
    '    <!-- Navigation -->\n' +
    '    <header class="fixed top-0 left-0 w-full z-50 flex justify-between items-center px-10 py-8 mix-blend-difference">\n' +
    '        <div class="flex items-center gap-4">\n' +
    '            <a href="/" class="text-white/60 hover:text-white transition-all duration-700 ease-in-out font-label text-xs uppercase tracking-[0.3em] truncate">\n' +
    '                Sever Connection\n' +
    '            </a>\n' +
    '        </div>\n' +
    '    </header>\n' +
    '\n' +
    '    \n' +
    '\n' +
    '    <main class="relative z-20 pt-24 pb-24 px-6 md:px-12 lg:px-24 max-w-7xl mx-auto flex flex-col min-h-[90vh] justify-center">\n' +
    '        \n' +
    '        <!-- Header Information -->\n' +
    '        <div class="grid grid-cols-1 md:grid-cols-12 gap-8 mb-16 md:mb-24">\n' +
    '            <div class="md:col-span-8 flex flex-col justify-end">\n' +
    '                <p class="font-label uppercase text-[10px] tracking-[0.4em] text-on-surface-variant/60 mb-6">Séance Active</p>\n' +
    '                <h1 class="font-headline italic text-4xl sm:text-5xl md:text-7xl lg:text-8xl text-primary tracking-tight leading-none mb-4 break-words">\n' +
    '                    Hyderabad\n' +
    '                </h1>\n' +
    '                <div class="flex items-center gap-4 sm:gap-6 flex-wrap">\n' +
    '                    <span class="font-h1 text-2xl sm:text-3xl text-on-surface-variant/50">1987</span>\n' +
    '                    <div class="h-px w-12 sm:w-24 bg-white/10 hidden sm:block"></div>\n' +
    '                    <span class="font-label text-[10px] uppercase tracking-widest text-accent/70">High Confidence — Archival Convergence</span>\n' +
    '                </div>\n' +
    '            </div>\n' +
    '            \n' +
    '            <div class="md:col-span-4 flex flex-col justify-end">\n' +
    '                <p class="font-body text-sm text-on-surface-variant/70 leading-relaxed sm:text-right">\n' +
    '                    Audio projection constructed from fragmentary archival evidence.\n' +
    '                    \n' +
    '                </p>\n' +
    '            </div>\n' +
    '        </div>\n' +
    '\n' +
    '        \n' +
    '        <div class="mb-32 flex flex-col items-center justify-center opacity-30">\n' +
    '            <div class="w-24 h-24 rounded-full border border-white/10 border-dashed flex items-center justify-center mb-6">\n' +
    '                <span class="material-symbols-outlined text-4xl font-light">mic_off</span>\n' +
    '            </div>\n' +
    '            <p class="font-label uppercase tracking-widest text-xs text-center">Acoustic Shadow<br/><span class="text-[9px] opacity-70 normal-case mt-2 block">No audio layers reconstructed</span></p>\n' +
    '        </div>\n' +
    '        \n' +
    '\n' +
    '        <!-- Floating Evidence Shards -->\n' +
    '        \n' +
    '    </main>\n' +
    '    \n' +
    '  </body>\n' +
    '</html>'
  
      at TestContext.<anonymous> (file:///home/srinivas/workspace/github.com/sivaratrisrinivas/seance/test/ritual-loading.test.js:119:10)
      at process.processTicksAndRejections (node:internal/process/task_queues:104:5)
      at async Test.run (node:internal/test_runner/test:1208:7)
      at async Test.processPendingSubtests (node:internal/test_runner/test:831:7) {
    generatedMessage: true,
    code: 'ERR_ASSERTION',
    actual: `<!doctype html>\n<html lang="en" class="dark">\n  <head>\n    <meta charset="utf-8" />\n    <meta name="viewport" content="width=device-width, initial-scale=1.0" />\n    <title>Séance - Vox Aeterna</title>\n    \n    <script src="https://cdn.tailwindcss.com?plugins=forms,container-queries"></script>\n    <link href="https://fonts.googleapis.com/css2?family=Noto+Serif:ital,wght@0,300;0,400;0,700;1,300;1,400;1,700&family=Space+Grotesk:wght@300;400;500;700&display=swap" rel="stylesheet" />\n    <link href="https://fonts.googleapis.com/css2?family=Material+Symbols+Outlined:wght,FILL@100..700,0..1&display=swap" rel="stylesheet" />\n    <script id="tailwind-config">\n      tailwind.config = {\n        darkMode: "class",\n        theme: {\n          extend: {\n            "colors": {\n              "primary-fixed": "#735a39",\n              "on-primary-container": "#000000",\n              "outline": "#919191",\n              "on-background": "#e5e2e1",\n              "inverse-surface": "#e5e2e1",\n              "error": "#ffb4ab",\n              "surface-dim": "#131313",\n              "on-secondary-fixed-variant": "#3c3b3b",\n              "secondary-fixed-dim": "#adabaa",\n              "surface-container-highest": "#353534",\n              "on-tertiary-container": "#000000",\n              "surface-container-low": "#1c1b1b",\n              "primary-container": "#f0cfa5",\n              "tertiary-fixed-dim": "#004b70",\n              "primary-fixed-dim": "#594323",\n              "on-primary-fixed-variant": "#ffddb2",\n              "outline-variant": "#474747",\n              "on-surface-variant": "#c6c6c6",\n              "inverse-on-surface": "#313030",\n              "tertiary-container": "#5997c4",\n              "surface-container-lowest": "#0e0e0e",\n              "on-tertiary": "#001e30",\n              "secondary-fixed": "#c9c6c5",\n              "surface-variant": "#353534",\n              "on-surface": "#e5e2e1",\n              "primary": "#ffffff",\n              "on-primary": "#291800",\n              "tertiary": "#cae6ff",\n              "surface-container": "#201f1f",\n              "on-secondary-container": "#e5e2e1",\n              "on-error-container": "#ffdad6",\n              "on-error": "#690005",\n              "tertiary-fixed": "#1c648e",\n              "surface-tint": "#e1c198",\n              "on-secondary-fixed": "#1c1b1b",\n              "on-tertiary-fixed": "#ffffff",\n              "on-secondary": "#1c1b1b",\n              "inverse-primary": "#735a39",\n              "on-primary-fixed": "#ffffff",\n              "secondary-container": "#474646",\n              "background": "#050505",\n              "surface-bright": "#3a3939",\n              "surface": "#131313",\n              "error-container": "#93000a",\n              "surface-container-high": "#2a2a2a",\n              "secondary": "#c9c6c5",\n              "on-tertiary-fixed-variant": "#cae6ff"\n            },\n            "fontFamily": {\n              "headline": ["Noto Serif", "serif"],\n              "body": ["Space Grotesk", "sans-serif"],\n              "label": ["Space Grotesk", "sans-serif"]\n            }\n          }\n        }\n      }\n    </script>\n    <style>\n      body {\n        min-height: max(884px, 100dvh);\n        overflow: hidden;\n      }\n      .material-symbols-outlined {\n        font-variation-settings: 'FILL' 0, 'wght' 200, 'GRAD' 0, 'opsz' 24;\n      }\n      .obsidian-void {\n        background: radial-gradient(circle at center, #1a1a1a 0%, #050505 100%);\n      }\n      .needle-line {\n        height: 0.5px;\n        background: linear-gradient(90deg, transparent 0%, rgba(255,255,255,0.2) 50%, transparent 100%);\n      }\n      .spectral-glow {\n        text-shadow: 0 0 15px rgba(255, 255, 255, 0.4);\n      }\n      .vertical-text {\n        writing-mode: vertical-rl;\n        text-orientation: mixed;\n      }\n      .smoke-blur {\n        filter: blur(40px);\n        background: radial-gradient(circle, rgba(202, 230, 255, 0.08) 0%, transparent 70%);\n      }\n      .grain-overlay {\n        background-image: url("https://lh3.googleusercontent.com/aida-public/AB6AXuDj3jyhb5qrY9ftxHnrNvrsFKao8TM0oQEN-ok12uccMAR-UKuMiR_cRE9gSPXoUXKQxFKd525138SuXUi4FNfPS3PFBUYRVSr2q10wsPN_lZRhicd6Nap5a6TZeIUApMMx5XJRJ6F2bUNeAvhXPhqtb04obGn3XcKxdVDiqWPgSAGT0gHeahJFX-o0Uw55m0dk_Xn0-rnFEVA7Oqys3EmmQ1QCXmqUG5UDo_x3jTRCJLYWbjn-UjdXofuwFD9Jx_83dpV0WB6GZWrq");\n        opacity: 0.03;\n        pointer-events: none;\n      }\n      .mote-blur {\n        filter: blur(80px);\n      }\n      .glow-pulse {\n        filter: drop-shadow(0 0 20px rgba(255, 255, 255, 0.1));\n      }\n      .light-rill {\n        background: linear-gradient(to bottom, transparent, rgba(202, 230, 255, 0.2), transparent);\n      }\n      .shard-blur {\n        backdrop-filter: blur(40px);\n        -webkit-backdrop-filter: blur(40px);\n      }\n    </style>\n  \n  </head>\n  <body class="bg-[#050505] text-on-background font-body selection:bg-tertiary/30 min-h-screen overflow-x-hidden relative">\n    \n    <!-- Fog and Grain Layers -->\n    <div class="fixed inset-0 grain-overlay z-10 pointer-events-none"></div>\n    <div class="fixed inset-0 bg-[radial-gradient(ellipse_at_center,_var(--tw-gradient-stops))] from-[#0a0a0a] via-[#050505] to-black z-0 pointer-events-none"></div>\n    \n    <!-- Navigation -->\n    <header class="fixed top-0 left-0 w-full z-50 flex justify-between items-center px-10 py-8 mix-blend-difference">\n        <div class="flex items-center gap-4">\n            <a href="/" class="text-white/60 hover:text-white transition-all duration-700 ease-in-out font-label text-xs uppercase tracking-[0.3em] truncate">\n                Sever Connection\n            </a>\n        </div>\n    </header>\n\n    \n\n    <main class="relative z-20 pt-24 pb-24 px-6 md:px-12 lg:px-24 max-w-7xl mx-auto flex flex-col min-h-[90vh] justify-center">\n        \n        <!-- Header Information -->\n        <div class="grid grid-cols-1 md:grid-cols-12 gap-8 mb-16 md:mb-24">\n            <div class="md:col-span-8 flex flex-col justify-end">\n                <p class="font-label uppercase text-[10px] tracking-[0.4em] text-on-surface-variant/60 mb-6">Séance Active</p>\n                <h1 class="font-headline italic text-4xl sm:text-5xl md:text-7xl lg:text-8xl text-primary tracking-tight leading-none mb-4 break-words">\n                    Hyderabad\n                </h1>\n                <div class="flex items-center gap-4 sm:gap-6 flex-wrap">\n                    <span class="font-h1 text-2xl sm:text-3xl text-on-surface-variant/50">1987</span>\n                    <div class="h-px w-12 sm:w-24 bg-white/10 hidden sm:block"></div>\n                    <span class="font-label text-[10px] uppercase tracking-widest text-accent/70">High Confidence — Archival Convergence</span>\n                </div>\n            </div>\n            \n            <div class="md:col-span-4 flex flex-col justify-end">\n                <p class="font-body text-sm text-on-surface-variant/70 leading-relaxed sm:text-right">\n                    Audio projection constructed from fragmentary archival evidence.\n                    \n                </p>\n            </div>\n        </div>\n\n        \n        <div class="mb-32 flex flex-col items-center justify-center opacity-30">\n            <div class="w-24 h-24 rounded-full border border-white/10 border-dashed flex items-center justify-center mb-6">\n                <span class="material-symbols-outlined text-4xl font-light">mic_off</span>\n            </div>\n            <p class="font-label uppercase tracking-widest text-xs text-center">Acoustic Shadow<br/><span class="text-[9px] opacity-70 normal-case mt-2 block">No audio layers reconstructed</span></p>\n        </div>\n        \n\n        <!-- Floating Evidence Shards -->\n        \n    </main>\n    \n  </body>\n</html>`,
    expected: /Your seance|From your archive|Freshly summoned|Recovered from/i,
    operator: 'match',
    diff: 'simple'
  }
